Archive member included to satisfy reference by file (symbol)

c:/nxp/mcuxpressoide_10.2.0_759/ide/tools/bin/../lib/gcc/arm-none-eabi/7.2.1/../../../../arm-none-eabi/lib/thumb/v7e-m/fpv4-sp/hard\libcr_semihost_nf.a(_cr__main.o)
                              ./source/startup/startup_mk64f12.o (__main)
c:/nxp/mcuxpressoide_10.2.0_759/ide/tools/bin/../lib/gcc/arm-none-eabi/7.2.1/../../../../arm-none-eabi/lib/thumb/v7e-m/fpv4-sp/hard\libcr_c.a(memcpy.o)
                              ./source/drivers/Led.o (memcpy)
c:/nxp/mcuxpressoide_10.2.0_759/ide/tools/bin/../lib/gcc/arm-none-eabi/7.2.1/../../../../arm-none-eabi/lib/thumb/v7e-m/fpv4-sp/hard\libcr_c.a(memset.o)
                              ./source/database/data_base.o (memset)
c:/nxp/mcuxpressoide_10.2.0_759/ide/tools/bin/../lib/gcc/arm-none-eabi/7.2.1/../../../../arm-none-eabi/lib/thumb/v7e-m/fpv4-sp/hard\libcr_c.a(initio.o)
                              c:/nxp/mcuxpressoide_10.2.0_759/ide/tools/bin/../lib/gcc/arm-none-eabi/7.2.1/../../../../arm-none-eabi/lib/thumb/v7e-m/fpv4-sp/hard\libcr_semihost_nf.a(_cr__main.o) (_initio)
c:/nxp/mcuxpressoide_10.2.0_759/ide/tools/bin/../lib/gcc/arm-none-eabi/7.2.1/../../../../arm-none-eabi/lib/thumb/v7e-m/fpv4-sp/hard\libcr_c.a(setvbuf.o)
                              c:/nxp/mcuxpressoide_10.2.0_759/ide/tools/bin/../lib/gcc/arm-none-eabi/7.2.1/../../../../arm-none-eabi/lib/thumb/v7e-m/fpv4-sp/hard\libcr_c.a(initio.o) (setvbuf)
c:/nxp/mcuxpressoide_10.2.0_759/ide/tools/bin/../lib/gcc/arm-none-eabi/7.2.1/../../../../arm-none-eabi/lib/thumb/v7e-m/fpv4-sp/hard\libcr_c.a(_fdopen.o)
                              c:/nxp/mcuxpressoide_10.2.0_759/ide/tools/bin/../lib/gcc/arm-none-eabi/7.2.1/../../../../arm-none-eabi/lib/thumb/v7e-m/fpv4-sp/hard\libcr_c.a(initio.o) (_fdopen)
c:/nxp/mcuxpressoide_10.2.0_759/ide/tools/bin/../lib/gcc/arm-none-eabi/7.2.1/../../../../arm-none-eabi/lib/thumb/v7e-m/fpv4-sp/hard\libcr_c.a(fclose.o)
                              c:/nxp/mcuxpressoide_10.2.0_759/ide/tools/bin/../lib/gcc/arm-none-eabi/7.2.1/../../../../arm-none-eabi/lib/thumb/v7e-m/fpv4-sp/hard\libcr_c.a(initio.o) (fclose)
c:/nxp/mcuxpressoide_10.2.0_759/ide/tools/bin/../lib/gcc/arm-none-eabi/7.2.1/../../../../arm-none-eabi/lib/thumb/v7e-m/fpv4-sp/hard\libcr_c.a(fflush.o)
                              c:/nxp/mcuxpressoide_10.2.0_759/ide/tools/bin/../lib/gcc/arm-none-eabi/7.2.1/../../../../arm-none-eabi/lib/thumb/v7e-m/fpv4-sp/hard\libcr_c.a(fclose.o) (fflush)
c:/nxp/mcuxpressoide_10.2.0_759/ide/tools/bin/../lib/gcc/arm-none-eabi/7.2.1/../../../../arm-none-eabi/lib/thumb/v7e-m/fpv4-sp/hard\libcr_c.a(fseek.o)
                              c:/nxp/mcuxpressoide_10.2.0_759/ide/tools/bin/../lib/gcc/arm-none-eabi/7.2.1/../../../../arm-none-eabi/lib/thumb/v7e-m/fpv4-sp/hard\libcr_c.a(_fdopen.o) (fseek)
c:/nxp/mcuxpressoide_10.2.0_759/ide/tools/bin/../lib/gcc/arm-none-eabi/7.2.1/../../../../arm-none-eabi/lib/thumb/v7e-m/fpv4-sp/hard\libcr_c.a(ftell.o)
                              c:/nxp/mcuxpressoide_10.2.0_759/ide/tools/bin/../lib/gcc/arm-none-eabi/7.2.1/../../../../arm-none-eabi/lib/thumb/v7e-m/fpv4-sp/hard\libcr_c.a(fseek.o) (ftell)
c:/nxp/mcuxpressoide_10.2.0_759/ide/tools/bin/../lib/gcc/arm-none-eabi/7.2.1/../../../../arm-none-eabi/lib/thumb/v7e-m/fpv4-sp/hard\libcr_c.a(remove.o)
                              c:/nxp/mcuxpressoide_10.2.0_759/ide/tools/bin/../lib/gcc/arm-none-eabi/7.2.1/../../../../arm-none-eabi/lib/thumb/v7e-m/fpv4-sp/hard\libcr_c.a(fclose.o) (remove)
c:/nxp/mcuxpressoide_10.2.0_759/ide/tools/bin/../lib/gcc/arm-none-eabi/7.2.1/../../../../arm-none-eabi/lib/thumb/v7e-m/fpv4-sp/hard\libcr_c.a(strlen.o)
                              c:/nxp/mcuxpressoide_10.2.0_759/ide/tools/bin/../lib/gcc/arm-none-eabi/7.2.1/../../../../arm-none-eabi/lib/thumb/v7e-m/fpv4-sp/hard\libcr_c.a(remove.o) (strlen)
c:/nxp/mcuxpressoide_10.2.0_759/ide/tools/bin/../lib/gcc/arm-none-eabi/7.2.1/../../../../arm-none-eabi/lib/thumb/v7e-m/fpv4-sp/hard\libcr_c.a(_do_fflush.o)
                              c:/nxp/mcuxpressoide_10.2.0_759/ide/tools/bin/../lib/gcc/arm-none-eabi/7.2.1/../../../../arm-none-eabi/lib/thumb/v7e-m/fpv4-sp/hard\libcr_c.a(fflush.o) (_do_fflush)
c:/nxp/mcuxpressoide_10.2.0_759/ide/tools/bin/../lib/gcc/arm-none-eabi/7.2.1/../../../../arm-none-eabi/lib/thumb/v7e-m/fpv4-sp/hard\libcr_c.a(_fflush.o)
                              c:/nxp/mcuxpressoide_10.2.0_759/ide/tools/bin/../lib/gcc/arm-none-eabi/7.2.1/../../../../arm-none-eabi/lib/thumb/v7e-m/fpv4-sp/hard\libcr_c.a(_do_fflush.o) (_fflush)
c:/nxp/mcuxpressoide_10.2.0_759/ide/tools/bin/../lib/gcc/arm-none-eabi/7.2.1/../../../../arm-none-eabi/lib/thumb/v7e-m/fpv4-sp/hard\libcr_c.a(_writebuf.o)
                              c:/nxp/mcuxpressoide_10.2.0_759/ide/tools/bin/../lib/gcc/arm-none-eabi/7.2.1/../../../../arm-none-eabi/lib/thumb/v7e-m/fpv4-sp/hard\libcr_c.a(_fflush.o) (_Cwritebuf)
[...]
Memory Configuration

Name             Origin             Length             Attributes
PROGRAM_FLASH    0x00000000         0x00100000         xr
SRAM_UPPER       0x20000000         0x00030000         xrw
SRAM_LOWER       0x1fff0000         0x00010000         xrw
FLEX_RAM         0x14000000         0x00001000         xrw
*default*        0x00000000         0xffffffff

Linker script and memory map

LOAD ./source/startup/hardware.o
LOAD ./source/startup/main.o
LOAD ./source/startup/semihost_hardfault.o
LOAD ./source/startup/startup_mk64f12.o
LOAD ./source/drivers/Led.o
LOAD ./source/drivers/MplxLed.o
LOAD ./source/drivers/Timer.o
LOAD ./source/drivers/button.o
LOAD ./source/drivers/encoder.o
LOAD ./source/drivers/lector.o
LOAD ./source/drivers/seven_seg_display.o
LOAD ./source/database/data_base.o
LOAD ./source/MCAL/SysTick.o
LOAD ./source/MCAL/gpio.o
LOAD ./source/FSM/States/add_user_state/substates/add_user_id_state.o
LOAD ./source/FSM/States/add_user_state/substates/add_user_main_state.o
LOAD ./source/FSM/States/add_user_state/substates/add_user_pin_state.o
LOAD ./source/FSM/States/add_user_state/add_user_fsm_table.o
LOAD ./source/FSM/States/add_user_state/add_user_state.o
LOAD ./source/FSM/States/config_device_state.o
LOAD ./source/FSM/States/config_me_state.o
LOAD ./source/FSM/States/delete_user_state.o
LOAD ./source/FSM/States/fail_state.o
LOAD ./source/FSM/States/id_state.o
LOAD ./source/FSM/States/menu_state.o
LOAD ./source/FSM/States/open_state.o
LOAD ./source/FSM/States/pin_state.o
LOAD ./source/FSM/States/user_input.o
LOAD ./source/FSM/States/welcome_state.o
LOAD ./source/FSM/fsm.o
LOAD ./source/FSM/fsm_table.o
LOAD ./source/App.o
LOAD ./source/queue.o
LOAD ./CMSIS/system_MK64F12.o
START GROUP
LOAD c:/nxp/mcuxpressoide_10.2.0_759/ide/tools/bin/../lib/gcc/arm-none-eabi/7.2.1/../../../../arm-none-eabi/lib/thumb/v7e-m/fpv4-sp/hard\libcr_semihost_nf.a
LOAD c:/nxp/mcuxpressoide_10.2.0_759/ide/tools/bin/../lib/gcc/arm-none-eabi/7.2.1/../../../../arm-none-eabi/lib/thumb/v7e-m/fpv4-sp/hard\libcr_c.a
LOAD c:/nxp/mcuxpressoide_10.2.0_759/ide/tools/bin/../lib/gcc/arm-none-eabi/7.2.1/thumb/v7e-m/fpv4-sp/hard\libcr_eabihelpers.a
END GROUP
                0x00000000                __base_PROGRAM_FLASH = 0x0
                0x00000000                __base_Flash = 0x0
                0x00100000                __top_PROGRAM_FLASH = 0x100000
                0x00100000                __top_Flash = 0x100000
                0x20000000                __base_SRAM_UPPER = 0x20000000
                0x20000000                __base_RAM = 0x20000000
                0x20030000                __top_SRAM_UPPER = 0x20030000
                0x20030000                __top_RAM = 0x20030000
                0x1fff0000                __base_SRAM_LOWER = 0x1fff0000
                0x1fff0000                __base_RAM2 = 0x1fff0000
                0x20000000                __top_SRAM_LOWER = 0x20000000
                0x20000000                __top_RAM2 = 0x20000000
                0x14000000                __base_FLEX_RAM = 0x14000000
                0x14000000                __base_RAM3 = 0x14000000
                0x14001000                __top_FLEX_RAM = 0x14001000
                0x14001000                __top_RAM3 = 0x14001000

.text           0x00000000     0x6200
 FILL mask 0xff
                0x00000000                __vectors_start__ = ABSOLUTE (.)
 *(SORT_BY_ALIGNMENT(.isr_vector))
 .isr_vector    0x00000000      0x198 ./source/startup/startup_mk64f12.o
                0x00000000                g_pfnVectors
                0x00000000                __Vectors
                0x00000198                . = ALIGN (0x4)
                0x00000198                __section_table_start = .
                0x00000198                __data_section_table = .
                0x00000198        0x4 LONG 0x6200 LOADADDR (.data)
                0x0000019c        0x4 LONG 0x20000000 ADDR (.data)
                0x000001a0        0x4 LONG 0x520 SIZEOF (.data)
                0x000001a4        0x4 LONG 0x6200 LOADADDR (.data_RAM2)
                0x000001a8        0x4 LONG 0x1fff0000 ADDR (.data_RAM2)
                0x000001ac        0x4 LONG 0x0 SIZEOF (.data_RAM2)
                0x000001b0        0x4 LONG 0x6200 LOADADDR (.data_RAM3)
                0x000001b4        0x4 LONG 0x14000000 ADDR (.data_RAM3)
                0x000001b8        0x4 LONG 0x0 SIZEOF (.data_RAM3)
                0x000001bc                __data_section_table_end = .
                0x000001bc                __bss_section_table = .
                0x000001bc        0x4 LONG 0x20000520 ADDR (.bss)
                0x000001c0        0x4 LONG 0x1370 SIZEOF (.bss)
                0x000001c4        0x4 LONG 0x1fff0000 ADDR (.bss_RAM2)
                0x000001c8        0x4 LONG 0x0 SIZEOF (.bss_RAM2)
                0x000001cc        0x4 LONG 0x14000000 ADDR (.bss_RAM3)
                0x000001d0        0x4 LONG 0x0 SIZEOF (.bss_RAM3)
                0x000001d4                __bss_section_table_end = .
                0x000001d4                __section_table_end = .
 *(SORT_BY_ALIGNMENT(.after_vectors*))
 .after_vectors.reset
                0x000001d4       0x4c ./source/startup/startup_mk64f12.o
                0x000001d4                ResetISR
 .after_vectors.init_data
                0x00000220       0x1e ./source/startup/startup_mk64f12.o
                0x00000220                data_init
 .after_vectors.init_bss
                0x0000023e       0x12 ./source/startup/startup_mk64f12.o
                0x0000023e                bss_init
 .after_vectors
                0x00000250       0x14 ./source/startup/startup_mk64f12.o
                0x00000250                NMI_Handler
                0x00000254                MemManage_Handler
                0x00000256                BusFault_Handler
                0x00000258                UsageFault_Handler
                0x0000025a                SVC_Handler
                0x0000025c                DebugMon_Handler
                0x0000025e                PendSV_Handler
                0x00000262                DMA_Error_DriverIRQHandler
                0x00000262                LPTMR0_DriverIRQHandler
                0x00000262                FTM1_DriverIRQHandler
                0x00000262                FTM2_DriverIRQHandler
                0x00000262                PIT2_DriverIRQHandler
                0x00000262                SDHC_DriverIRQHandler
                0x00000262                I2S0_Tx_DriverIRQHandler
                0x00000262                RTC_Seconds_DriverIRQHandler
                0x00000262                DMA6_DriverIRQHandler
                0x00000262                LLWU_DriverIRQHandler
                0x00000262                MCM_DriverIRQHandler
                0x00000262                MCG_DriverIRQHandler
                0x00000262                ENET_1588_Timer_DriverIRQHandler
                0x00000262                I2C2_DriverIRQHandler
                0x00000262                DAC1_DriverIRQHandler
                0x00000262                SPI1_DriverIRQHandler
                0x00000262                CMP1_DriverIRQHandler
                0x00000262                UART5_RX_TX_DriverIRQHandler
                0x00000262                FTM0_DriverIRQHandler
                0x00000262                IntDefaultHandler
                0x00000262                USB0_DriverIRQHandler
                0x00000262                UART5_ERR_DriverIRQHandler
                0x00000262                PORTC_DriverIRQHandler
                0x00000262                DMA11_DriverIRQHandler
                0x00000262                DAC0_DriverIRQHandler
                0x00000262                DMA10_DriverIRQHandler
                0x00000262                CMP2_DriverIRQHandler
                0x00000262                UART2_ERR_DriverIRQHandler
                0x00000262                SPI2_DriverIRQHandler
                0x00000262                LVD_LVW_DriverIRQHandler
                0x00000262                PIT0_DriverIRQHandler
                0x00000262                RNG_DriverIRQHandler
                0x00000262                DMA5_DriverIRQHandler
                0x00000262                DMA12_DriverIRQHandler
                0x00000262                UART2_RX_TX_DriverIRQHandler
                0x00000262                USBDCD_DriverIRQHandler
                0x00000262                UART3_ERR_DriverIRQHandler
                0x00000262                DMA3_DriverIRQHandler
                0x00000262                DMA8_DriverIRQHandler
                0x00000262                DMA9_DriverIRQHandler
                0x00000262                UART0_ERR_DriverIRQHandler
                0x00000262                CMT_DriverIRQHandler
                0x00000262                Reserved71_DriverIRQHandler
                0x00000262                ADC1_DriverIRQHandler
                0x00000262                PORTA_DriverIRQHandler
                0x00000262                DMA14_DriverIRQHandler
                0x00000262                PIT3_DriverIRQHandler
                0x00000262                PIT1_DriverIRQHandler
                0x00000262                WDOG_EWM_DriverIRQHandler
                0x00000262                PDB0_DriverIRQHandler
                0x00000262                RTC_DriverIRQHandler
                0x00000262                I2S0_Rx_DriverIRQHandler
                0x00000262                Read_Collision_DriverIRQHandler
                0x00000262                SWI_DriverIRQHandler
                0x00000262                UART4_RX_TX_DriverIRQHandler
                0x00000262                UART4_ERR_DriverIRQHandler
                0x00000262                PORTB_DriverIRQHandler
                0x00000262                UART0_LON_DriverIRQHandler
                0x00000262                DMA0_DriverIRQHandler
                0x00000262                DMA1_DriverIRQHandler
                0x00000262                I2C1_DriverIRQHandler
                0x00000262                UART3_RX_TX_DriverIRQHandler
                0x00000262                ENET_Receive_DriverIRQHandler
                0x00000262                DMA13_DriverIRQHandler
                0x00000262                ENET_Error_DriverIRQHandler
                0x00000262                DMA15_DriverIRQHandler
                0x00000262                UART0_RX_TX_DriverIRQHandler
                0x00000262                SPI0_DriverIRQHandler
                0x00000262                ADC0_DriverIRQHandler
                0x00000262                CMP0_DriverIRQHandler
                0x00000262                CAN0_DriverIRQHandler
                0x00000262                FTM3_DriverIRQHandler
                0x00000262                DMA4_DriverIRQHandler
                0x00000262                UART1_ERR_DriverIRQHandler
                0x00000262                DMA2_DriverIRQHandler
                0x00000262                ENET_Transmit_DriverIRQHandler
                0x00000262                PORTD_DriverIRQHandler
                0x00000262                PORTE_DriverIRQHandler
                0x00000262                FTFE_DriverIRQHandler
                0x00000262                I2C0_DriverIRQHandler
                0x00000262                DMA7_DriverIRQHandler
                0x00000262                UART1_RX_TX_DriverIRQHandler
                0x00000400                . = 0x400
 *fill*         0x00000264      0x19c ff
                0x00000400                PROVIDE (__FLASH_CONFIG_START__, .)
 *(SORT_BY_ALIGNMENT(.FlashConfig))
 .FlashConfig   0x00000400       0x10 ./source/startup/startup_mk64f12.o
                0x00000400                Flash_Config
                0x00000410                PROVIDE (__FLASH_CONFIG_END__, .)
                0x00000001                ASSERT (! ((__FLASH_CONFIG_START__ == __FLASH_CONFIG_END__)), Linker Flash Config Support Enabled, but no .FlashConfig section provided within application)
 *(SORT_BY_ALIGNMENT(.text*))
 .text.hw_Init  0x00000410      0x10c ./source/startup/hardware.o
                0x00000410                hw_Init
 .text.hw_EnableInterrupts
                0x0000051c       0x30 ./source/startup/hardware.o
                0x0000051c                hw_EnableInterrupts
 .text.hw_DisableInterrupts
                0x0000054c       0x20 ./source/startup/hardware.o
                0x0000054c                hw_DisableInterrupts
 .text.Led_Init
                0x0000056c      0x188 ./source/drivers/Led.o
                0x0000056c                Led_Init
 .text.Led_OnForDefinedTime
                0x000006f4       0xa4 ./source/drivers/Led.o
                0x000006f4                Led_OnForDefinedTime
 .text.Led_CustomBlink
                0x00000798       0xf0 ./source/drivers/Led.o
                0x00000798                Led_CustomBlink
 .text.findLedIndexByID
                0x00000888       0x4c ./source/drivers/Led.o
 .text.Led_PISR
                0x000008d4       0xcc ./source/drivers/Led.o
 .text.MplxLed_Init
                0x000009a0       0x9c ./source/drivers/MplxLed.o
                0x000009a0                MplxLed_Init
 .text.MplxLed_On
                0x00000a3c       0x58 ./source/drivers/MplxLed.o
                0x00000a3c                MplxLed_On
 .text.MplxLed_Off
                0x00000a94       0x58 ./source/drivers/MplxLed.o
                0x00000a94                MplxLed_Off
 .text.MplxLed_PISR
                0x00000aec      0x33c ./source/drivers/MplxLed.o
                0x00000aec                MplxLed_PISR
 .text.Timer_Init
                0x00000e28       0x2c ./source/drivers/Timer.o
                0x00000e28                Timer_Init
 .text.Timer_AddCallback
                0x00000e54       0x88 ./source/drivers/Timer.o
                0x00000e54                Timer_AddCallback
 .text.Timer_Delete
                0x00000edc      0x1b8 ./source/drivers/Timer.o
                0x00000edc                Timer_Delete
 .text.Timer_Reset
                0x00001094       0x80 ./source/drivers/Timer.o
                0x00001094                Timer_Reset
 .text.Timer_PISR
                0x00001114       0xec ./source/drivers/Timer.o
 .text.systick_callback
                0x00001200      0x278 ./source/drivers/button.o
 .text.buttonsInit
                0x00001478       0x14 ./source/drivers/button.o
                0x00001478                buttonsInit
 .text.wasTap   0x0000148c       0x74 ./source/drivers/button.o
                0x0000148c                wasTap
 .text.wasLkp   0x00001500       0x80 ./source/drivers/button.o
                0x00001500                wasLkp
 .text.buttonConfiguration
                0x00001580      0x120 ./source/drivers/button.o
                0x00001580                buttonConfiguration
 .text.Encoder_Init
                0x000016a0       0x60 ./source/drivers/encoder.o
                0x000016a0                Encoder_Init
 .text.Encoder_GetMove
                0x00001700       0x3c ./source/drivers/encoder.o
                0x00001700                Encoder_GetMove
 .text.lookForMoves
                0x0000173c       0xd0 ./source/drivers/encoder.o
                0x0000173c                lookForMoves
 .text.Lector_Init
                0x0000180c       0x3c ./source/drivers/lector.o
                0x0000180c                Lector_Init
 .text.Lector_Event
                0x00001848       0x18 ./source/drivers/lector.o
                0x00001848                Lector_Event
 .text.Lector_GetData
                0x00001860      0x328 ./source/drivers/lector.o
                0x00001860                Lector_GetData
 .text.EnableIRQcallback
                0x00001b88       0x48 ./source/drivers/lector.o
                0x00001b88                EnableIRQcallback
 .text.ClockIRQcallback
                0x00001bd0       0x4c ./source/drivers/lector.o
                0x00001bd0                ClockIRQcallback
 .text.find_ss_fs_es
                0x00001c1c       0xb8 ./source/drivers/lector.o
                0x00001c1c                find_ss_fs_es
 .text.find_fs  0x00001cd4       0x88 ./source/drivers/lector.o
                0x00001cd4                find_fs
 .text.find_es  0x00001d5c       0x88 ./source/drivers/lector.o
                0x00001d5c                find_es
 .text.SevenSegDisplay_Init
                0x00001de4       0xe4 ./source/drivers/seven_seg_display.o
                0x00001de4                SevenSegDisplay_Init
 .text.SevenSegDisplay_ChangeCharacter
                0x00001ec8       0x44 ./source/drivers/seven_seg_display.o
                0x00001ec8                SevenSegDisplay_ChangeCharacter
 .text.SevenSegDisplay_BlinkScreen
                0x00001f0c       0x54 ./source/drivers/seven_seg_display.o
                0x00001f0c                SevenSegDisplay_BlinkScreen
 .text.SevenSegDisplay_BlinkCharacter
                0x00001f60       0x8c ./source/drivers/seven_seg_display.o
                0x00001f60                SevenSegDisplay_BlinkCharacter
 .text.SevenSegDisplay_SetBright
                0x00001fec       0x20 ./source/drivers/seven_seg_display.o
                0x00001fec                SevenSegDisplay_SetBright
 .text.SevenSegDisplay_WriteBuffer
                0x0000200c       0x68 ./source/drivers/seven_seg_display.o
                0x0000200c                SevenSegDisplay_WriteBuffer
 .text.SevenSegDisplay_WriteBufferAndMove
                0x00002074       0x90 ./source/drivers/seven_seg_display.o
                0x00002074                SevenSegDisplay_WriteBufferAndMove
 .text.SevenSegDisplay_Swipe
                0x00002104       0x5c ./source/drivers/seven_seg_display.o
                0x00002104                SevenSegDisplay_Swipe
 .text.SevenSegDisplay_SetPos
                0x00002160       0x30 ./source/drivers/seven_seg_display.o
                0x00002160                SevenSegDisplay_SetPos
 .text.SevenSegDisplay_CursorOn
                0x00002190       0x3c ./source/drivers/seven_seg_display.o
                0x00002190                SevenSegDisplay_CursorOn
 .text.SevenSegDisplay_CursorOff
                0x000021cc       0x2c ./source/drivers/seven_seg_display.o
                0x000021cc                SevenSegDisplay_CursorOff
 .text.SevenSegDisplay_CursorInc
                0x000021f8       0x48 ./source/drivers/seven_seg_display.o
                0x000021f8                SevenSegDisplay_CursorInc
 .text.SevenSegDisplay_CursorDec
                0x00002240       0x48 ./source/drivers/seven_seg_display.o
                0x00002240                SevenSegDisplay_CursorDec
 .text.SevenSegDisplay_PrintCharacter
                0x00002288       0x50 ./source/drivers/seven_seg_display.o
                0x00002288                SevenSegDisplay_PrintCharacter
 .text.SevenSegDisplay_PISR
                0x000022d8      0x210 ./source/drivers/seven_seg_display.o
                0x000022d8                SevenSegDisplay_PISR
 .text.SevenSegDisplay_EraseScreen
                0x000024e8       0x3c ./source/drivers/seven_seg_display.o
                0x000024e8                SevenSegDisplay_EraseScreen
 .text.SevenSegDisplay_chat2sevseg
                0x00002524       0x7c ./source/drivers/seven_seg_display.o
                0x00002524                SevenSegDisplay_chat2sevseg
 .text.initializeDataBase
                0x000025a0      0x284 ./source/database/data_base.o
                0x000025a0                initializeDataBase
 .text.verifyID
                0x00002824       0xa8 ./source/database/data_base.o
                0x00002824                verifyID
 .text.verifyPIN
                0x000028cc       0xc4 ./source/database/data_base.o
                0x000028cc                verifyPIN
 .text.isCurrentUserBlocked
                0x00002990       0x38 ./source/database/data_base.o
                0x00002990                isCurrentUserBlocked
 .text.getIdByCardNumber
                0x000029c8       0x9c ./source/database/data_base.o
                0x000029c8                getIdByCardNumber
 .text.UnblockUser
                0x00002a64       0x64 ./source/database/data_base.o
                0x00002a64                UnblockUser
 .text.IsAdmin  0x00002ac8       0x38 ./source/database/data_base.o
                0x00002ac8                IsAdmin
 .text.checkAddUser
                0x00002b00      0x134 ./source/database/data_base.o
                0x00002b00                checkAddUser
 .text.validateAll
                0x00002c34       0x68 ./source/database/data_base.o
                0x00002c34                validateAll
 .text.changePin
                0x00002c9c       0x6c ./source/database/data_base.o
                0x00002c9c                changePin
 .text.verifyCardNumber
                0x00002d08       0xd0 ./source/database/data_base.o
                0x00002d08                verifyCardNumber
 .text.removeUser
                0x00002dd8       0x3c ./source/database/data_base.o
                0x00002dd8                removeUser
 .text.moveAllUsersOnePlace
                0x00002e14      0x18c ./source/database/data_base.o
 .text.SysTick_Init
                0x00002fa0       0x3c ./source/MCAL/SysTick.o
                0x00002fa0                SysTick_Init
 .text.SysTick_AddCallback
                0x00002fdc       0x88 ./source/MCAL/SysTick.o
                0x00002fdc                SysTick_AddCallback
 .text.SysTick_Handler
                0x00003064       0xcc ./source/MCAL/SysTick.o
                0x00003064                SysTick_Handler
 .text.__NVIC_EnableIRQ
                0x00003130       0x3c ./source/MCAL/gpio.o
 .text.__NVIC_GetEnableIRQ
                0x0000316c       0x40 ./source/MCAL/gpio.o
 .text.gpioMode
                0x000031ac      0x17c ./source/MCAL/gpio.o
                0x000031ac                gpioMode
 .text.gpioToggle
                0x00003328       0x48 ./source/MCAL/gpio.o
                0x00003328                gpioToggle
 .text.gpioRead
                0x00003370       0x48 ./source/MCAL/gpio.o
                0x00003370                gpioRead
 .text.gpioWrite
                0x000033b8       0x5c ./source/MCAL/gpio.o
                0x000033b8                gpioWrite
 .text.gpioIRQ  0x00003414       0x90 ./source/MCAL/gpio.o
                0x00003414                gpioIRQ
 .text.interruptHandler
                0x000034a4       0x90 ./source/MCAL/gpio.o
                0x000034a4                interruptHandler
 .text.addUserId_initLogin
                0x00003534       0x28 ./source/FSM/States/add_user_state/substates/add_user_id_state.o
                0x00003534                addUserId_initLogin
 .text.addUserId_increaseCurrent
                0x0000355c       0x40 ./source/FSM/States/add_user_state/substates/add_user_id_state.o
                0x0000355c                addUserId_increaseCurrent
 .text.addUserId_decreaseCurrent
                0x0000359c       0x40 ./source/FSM/States/add_user_state/substates/add_user_id_state.o
                0x0000359c                addUserId_decreaseCurrent
 .text.addUserId_confirmID
                0x000035dc       0x64 ./source/FSM/States/add_user_state/substates/add_user_id_state.o
                0x000035dc                addUserId_confirmID
 .text.addUserId_acceptNumber
                0x00003640       0x40 ./source/FSM/States/add_user_state/substates/add_user_id_state.o
                0x00003640                addUserId_acceptNumber
 .text.addUserId_getIDArray
                0x00003680       0x14 ./source/FSM/States/add_user_state/substates/add_user_id_state.o
                0x00003680                addUserId_getIDArray
 .text.showTitle
                0x00003694       0x48 ./source/FSM/States/add_user_state/substates/add_user_id_state.o
 .text.stopShowingTitle
                0x000036dc       0x30 ./source/FSM/States/add_user_state/substates/add_user_id_state.o
 .text.userInteractionStopsTitle
                0x0000370c       0x28 ./source/FSM/States/add_user_state/substates/add_user_id_state.o
 .text.userInteractionStopErrorIndication
                0x00003734       0x2c ./source/FSM/States/add_user_state/substates/add_user_id_state.o
 .text.idFail   0x00003760       0x4c ./source/FSM/States/add_user_state/substates/add_user_id_state.o
 .text.idAlreadyExists
                0x000037ac       0x4c ./source/FSM/States/add_user_state/substates/add_user_id_state.o
 .text.addUsr_initState
                0x000037f8       0x3c ./source/FSM/States/add_user_state/substates/add_user_main_state.o
                0x000037f8                addUsr_initState
 .text.addUsr_cardSwipe
                0x00003834       0xd8 ./source/FSM/States/add_user_state/substates/add_user_main_state.o
                0x00003834                addUsr_cardSwipe
 .text.addUsr_getCardNumber
                0x0000390c       0x14 ./source/FSM/States/add_user_state/substates/add_user_main_state.o
                0x0000390c                addUsr_getCardNumber
 .text.showTitle
                0x00003920       0x4c ./source/FSM/States/add_user_state/substates/add_user_main_state.o
 .text.stopShowingTitle
                0x0000396c       0x1c ./source/FSM/States/add_user_state/substates/add_user_main_state.o
 .text.userInteractionStopsTitle
                0x00003988       0x24 ./source/FSM/States/add_user_state/substates/add_user_main_state.o
 .text.userInteractionStopErrorIndication
                0x000039ac       0x2c ./source/FSM/States/add_user_state/substates/add_user_main_state.o
 .text.addCardFail
                0x000039d8       0x4c ./source/FSM/States/add_user_state/substates/add_user_main_state.o
 .text.cardIsUsed
                0x00003a24       0x4c ./source/FSM/States/add_user_state/substates/add_user_main_state.o
 .text.addUserPin_initPinInput
                0x00003a70       0x28 ./source/FSM/States/add_user_state/substates/add_user_pin_state.o
                0x00003a70                addUserPin_initPinInput
 .text.addUserPin_confirmPin
                0x00003a98       0x70 ./source/FSM/States/add_user_state/substates/add_user_pin_state.o
                0x00003a98                addUserPin_confirmPin
 .text.addUserPin_acceptNumber
                0x00003b08       0x5c ./source/FSM/States/add_user_state/substates/add_user_pin_state.o
                0x00003b08                addUserPin_acceptNumber
 .text.addUserPin_increaseCurrent
                0x00003b64       0x40 ./source/FSM/States/add_user_state/substates/add_user_pin_state.o
                0x00003b64                addUserPin_increaseCurrent
 .text.addUserPin_decreaseCurrent
                0x00003ba4       0x40 ./source/FSM/States/add_user_state/substates/add_user_pin_state.o
                0x00003ba4                addUserPin_decreaseCurrent
 .text.showTitle
                0x00003be4       0x48 ./source/FSM/States/add_user_state/substates/add_user_pin_state.o
 .text.stopShowingTitle
                0x00003c2c       0x30 ./source/FSM/States/add_user_state/substates/add_user_pin_state.o
 .text.userInteractionStopsTitle
                0x00003c5c       0x28 ./source/FSM/States/add_user_state/substates/add_user_pin_state.o
 .text.userInteractionStopErrorIndication
                0x00003c84       0x2c ./source/FSM/States/add_user_state/substates/add_user_pin_state.o
 .text.pinFail  0x00003cb0       0x4c ./source/FSM/States/add_user_state/substates/add_user_pin_state.o
 .text.subFSM_GetInitState
                0x00003cfc       0x14 ./source/FSM/States/add_user_state/add_user_fsm_table.o
                0x00003cfc                subFSM_GetInitState
 .text.addUser_initFSM
                0x00003d10       0x1c ./source/FSM/States/add_user_state/add_user_state.o
                0x00003d10                addUser_initFSM
 .text.addUser_onLKP
                0x00003d2c       0x20 ./source/FSM/States/add_user_state/add_user_state.o
                0x00003d2c                addUser_onLKP
 .text.addUser_onPress
                0x00003d4c       0x20 ./source/FSM/States/add_user_state/add_user_state.o
                0x00003d4c                addUser_onPress
 .text.addUser_onEncoderRight
                0x00003d6c       0x20 ./source/FSM/States/add_user_state/add_user_state.o
                0x00003d6c                addUser_onEncoderRight
 .text.addUser_onEncoderLeft
                0x00003d8c       0x20 ./source/FSM/States/add_user_state/add_user_state.o
                0x00003d8c                addUser_onEncoderLeft
 .text.addUser_onCardSwipe
                0x00003dac       0x20 ./source/FSM/States/add_user_state/add_user_state.o
                0x00003dac                addUser_onCardSwipe
 .text.addUser_onReturn
                0x00003dcc       0x20 ./source/FSM/States/add_user_state/add_user_state.o
                0x00003dcc                addUser_onReturn
 .text.addUser_onIdOk
                0x00003dec       0x20 ./source/FSM/States/add_user_state/add_user_state.o
                0x00003dec                addUser_onIdOk
 .text.addUser_onIdFail
                0x00003e0c       0x20 ./source/FSM/States/add_user_state/add_user_state.o
                0x00003e0c                addUser_onIdFail
 .text.addUser_onCardFail
                0x00003e2c       0x20 ./source/FSM/States/add_user_state/add_user_state.o
                0x00003e2c                addUser_onCardFail
 .text.initConfigDevice
                0x00003e4c       0x40 ./source/FSM/States/config_device_state.o
                0x00003e4c                initConfigDevice
 .text.configDev_nextOption
                0x00003e8c       0x2c ./source/FSM/States/config_device_state.o
                0x00003e8c                configDev_nextOption
 .text.configDev_previousOption
                0x00003eb8       0x2c ./source/FSM/States/config_device_state.o
                0x00003eb8                configDev_previousOption
 .text.showCurrentOption
                0x00003ee4       0x38 ./source/FSM/States/config_device_state.o
 .text.configMe_initState
                0x00003f1c       0x28 ./source/FSM/States/config_me_state.o
                0x00003f1c                configMe_initState
 .text.configMe_confirmPin
                0x00003f44       0x48 ./source/FSM/States/config_me_state.o
                0x00003f44                configMe_confirmPin
 .text.configMe_acceptNumber
                0x00003f8c       0x40 ./source/FSM/States/config_me_state.o
                0x00003f8c                configMe_acceptNumber
 .text.configMe_increaseCurrent
                0x00003fcc       0x40 ./source/FSM/States/config_me_state.o
                0x00003fcc                configMe_increaseCurrent
 .text.configMe_decreaseCurrent
                0x0000400c       0x40 ./source/FSM/States/config_me_state.o
                0x0000400c                configMe_decreaseCurrent
 .text.showTitle
                0x0000404c       0x4c ./source/FSM/States/config_me_state.o
 .text.stopShowingTitle
                0x00004098       0x30 ./source/FSM/States/config_me_state.o
 .text.userInteractionStopsTitle
                0x000040c8       0x28 ./source/FSM/States/config_me_state.o
 .text.userInteractionStopErrorIndication
                0x000040f0       0x2c ./source/FSM/States/config_me_state.o
 .text.pinFail  0x0000411c       0x4c ./source/FSM/States/config_me_state.o
 .text.deleteUser_initState
                0x00004168       0x28 ./source/FSM/States/delete_user_state.o
                0x00004168                deleteUser_initState
 .text.deleteUser_increaseCurrent
                0x00004190       0x40 ./source/FSM/States/delete_user_state.o
                0x00004190                deleteUser_increaseCurrent
 .text.deleteUser_decreaseCurrent
                0x000041d0       0x40 ./source/FSM/States/delete_user_state.o
                0x000041d0                deleteUser_decreaseCurrent
 .text.deleteUser_confirm
                0x00004210       0x48 ./source/FSM/States/delete_user_state.o
                0x00004210                deleteUser_confirm
 .text.deleteUser_acceptNumber
                0x00004258       0x40 ./source/FSM/States/delete_user_state.o
                0x00004258                deleteUser_acceptNumber
 .text.deleteUser_checkCardID
                0x00004298       0xbc ./source/FSM/States/delete_user_state.o
                0x00004298                deleteUser_checkCardID
 .text.showTitle
                0x00004354       0x48 ./source/FSM/States/delete_user_state.o
 .text.stopShowingTitle
                0x0000439c       0x30 ./source/FSM/States/delete_user_state.o
 .text.userInteractionStopsTitle
                0x000043cc       0x28 ./source/FSM/States/delete_user_state.o
 .text.userInteractionStopErrorIndication
                0x000043f4       0x2c ./source/FSM/States/delete_user_state.o
 .text.idFail   0x00004420       0x4c ./source/FSM/States/delete_user_state.o
 .text.idCardFail
                0x0000446c       0x4c ./source/FSM/States/delete_user_state.o
 .text.initFailState
                0x000044b8       0x64 ./source/FSM/States/fail_state.o
                0x000044b8                initFailState
 .text.finishFail
                0x0000451c       0x30 ./source/FSM/States/fail_state.o
                0x0000451c                finishFail
 .text.initLogin
                0x0000454c       0x28 ./source/FSM/States/id_state.o
                0x0000454c                initLogin
 .text.id_increaseCurrent
                0x00004574       0x40 ./source/FSM/States/id_state.o
                0x00004574                id_increaseCurrent
 .text.id_decreaseCurrent
                0x000045b4       0x40 ./source/FSM/States/id_state.o
                0x000045b4                id_decreaseCurrent
 .text.id_confirmID
                0x000045f4       0x50 ./source/FSM/States/id_state.o
                0x000045f4                id_confirmID
 .text.id_acceptNumber
                0x00004644       0x40 ./source/FSM/States/id_state.o
                0x00004644                id_acceptNumber
 .text.id_checkCardID
                0x00004684       0xb0 ./source/FSM/States/id_state.o
                0x00004684                id_checkCardID
 .text.showTitle
                0x00004734       0x48 ./source/FSM/States/id_state.o
 .text.stopShowingTitle
                0x0000477c       0x30 ./source/FSM/States/id_state.o
 .text.userInteractionStopsTitle
                0x000047ac       0x28 ./source/FSM/States/id_state.o
 .text.userInteractionStopErrorIndication
                0x000047d4       0x2c ./source/FSM/States/id_state.o
 .text.idFail   0x00004800       0x4c ./source/FSM/States/id_state.o
 .text.idCardFail
                0x0000484c       0x4c ./source/FSM/States/id_state.o
 .text.menu_initState
                0x00004898       0x30 ./source/FSM/States/menu_state.o
                0x00004898                menu_initState
 .text.menu_nextOption
                0x000048c8       0x60 ./source/FSM/States/menu_state.o
                0x000048c8                menu_nextOption
 .text.menu_previousOption
                0x00004928       0x5c ./source/FSM/States/menu_state.o
                0x00004928                menu_previousOption
 .text.menu_selectOption
                0x00004984       0x80 ./source/FSM/States/menu_state.o
                0x00004984                menu_selectOption
 .text.showTitle
                0x00004a04       0x5c ./source/FSM/States/menu_state.o
 .text.showCurrentOption
                0x00004a60       0xa8 ./source/FSM/States/menu_state.o
 .text.stopShowingTitle
                0x00004b08       0x1c ./source/FSM/States/menu_state.o
 .text.userInteractionStopsTitle
                0x00004b24       0x24 ./source/FSM/States/menu_state.o
 .text.openDoor
                0x00004b48       0x20 ./source/FSM/States/open_state.o
                0x00004b48                openDoor
 .text.initPinInput
                0x00004b68       0x20 ./source/FSM/States/pin_state.o
                0x00004b68                initPinInput
 .text.pin_confirmPin
                0x00004b88       0x40 ./source/FSM/States/pin_state.o
                0x00004b88                pin_confirmPin
 .text.pin_acceptNumber
                0x00004bc8       0x48 ./source/FSM/States/pin_state.o
                0x00004bc8                pin_acceptNumber
 .text.pin_increaseCurrent
                0x00004c10       0x30 ./source/FSM/States/pin_state.o
                0x00004c10                pin_increaseCurrent
 .text.pin_decreaseCurrent
                0x00004c40       0x30 ./source/FSM/States/pin_state.o
                0x00004c40                pin_decreaseCurrent
 .text.showTitle
                0x00004c70       0x48 ./source/FSM/States/pin_state.o
 .text.stopShowingTitle
                0x00004cb8       0x28 ./source/FSM/States/pin_state.o
 .text.userInteractionStopsTitle
                0x00004ce0       0x24 ./source/FSM/States/pin_state.o
 .text.showWelcomeAnimation
                0x00004d04       0x28 ./source/FSM/States/welcome_state.o
                0x00004d04                showWelcomeAnimation
 .text.FSM_GetInitState
                0x00004d2c       0x14 ./source/FSM/fsm_table.o
                0x00004d2c                FSM_GetInitState
 .text.App_Init
                0x00004d40       0x64 ./source/App.o
                0x00004d40                App_Init
 .text.App_Run  0x00004da4       0x38 ./source/App.o
                0x00004da4                App_Run
 .text.fillQueue
                0x00004ddc       0x94 ./source/App.o
 .text.initQueue
                0x00004e70       0x50 ./source/queue.o
                0x00004e70                initQueue
 .text.emitEvent
                0x00004ec0       0x70 ./source/queue.o
                0x00004ec0                emitEvent
 .text.getEvent
                0x00004f30       0x3c ./source/queue.o
                0x00004f30                getEvent
 .text.queueIsEmpty
                0x00004f6c       0x34 ./source/queue.o
                0x00004f6c                queueIsEmpty
 .text.SystemInit
                0x00004fa0       0x3c ./CMSIS/system_MK64F12.o
                0x00004fa0                SystemInit
 .text._initio  0x00004fdc       0x78 c:/nxp/mcuxpressoide_10.2.0_759/ide/tools/bin/../lib/gcc/arm-none-eabi/7.2.1/../../../../arm-none-eabi/lib/thumb/v7e-m/fpv4-sp/hard\libcr_c.a(initio.o)
                0x00004fdc                _initio
 .text.setvbuf  0x00005054       0x40 c:/nxp/mcuxpressoide_10.2.0_759/ide/tools/bin/../lib/gcc/arm-none-eabi/7.2.1/../../../../arm-none-eabi/lib/thumb/v7e-m/fpv4-sp/hard\libcr_c.a(setvbuf.o)
                0x00005054                setvbuf
 .text.fflush   0x00005094       0x44 c:/nxp/mcuxpressoide_10.2.0_759/ide/tools/bin/../lib/gcc/arm-none-eabi/7.2.1/../../../../arm-none-eabi/lib/thumb/v7e-m/fpv4-sp/hard\libcr_c.a(fflush.o)
                0x00005094                fflush
 .text.fseek    0x000050d8      0x100 c:/nxp/mcuxpressoide_10.2.0_759/ide/tools/bin/../lib/gcc/arm-none-eabi/7.2.1/../../../../arm-none-eabi/lib/thumb/v7e-m/fpv4-sp/hard\libcr_c.a(fseek.o)
                0x000050d8                fseek
 .text.ftell    0x000051d8       0x44 c:/nxp/mcuxpressoide_10.2.0_759/ide/tools/bin/../lib/gcc/arm-none-eabi/7.2.1/../../../../arm-none-eabi/lib/thumb/v7e-m/fpv4-sp/hard\libcr_c.a(ftell.o)
                0x000051d8                ftell
 .text._Cwritebuf
                0x0000521c       0x6c c:/nxp/mcuxpressoide_10.2.0_759/ide/tools/bin/../lib/gcc/arm-none-eabi/7.2.1/../../../../arm-none-eabi/lib/thumb/v7e-m/fpv4-sp/hard\libcr_c.a(_writebuf.o)
                0x0000521c                _Cwritebuf
 .text.main     0x00005288       0x1a ./source/startup/main.o
                0x00005288                main
 .text.HardFault_Handler
                0x000052a2       0x2c ./source/startup/semihost_hardfault.o
                0x000052a2                HardFault_Handler
 .text.DMA0_IRQHandler
                0x000052ce        0x8 ./source/startup/startup_mk64f12.o
                0x000052ce                DMA0_IRQHandler
 .text.DMA1_IRQHandler
                0x000052d6        0x8 ./source/startup/startup_mk64f12.o
                0x000052d6                DMA1_IRQHandler
 .text.DMA2_IRQHandler
                0x000052de        0x8 ./source/startup/startup_mk64f12.o
                0x000052de                DMA2_IRQHandler
 .text.DMA3_IRQHandler
                0x000052e6        0x8 ./source/startup/startup_mk64f12.o
                0x000052e6                DMA3_IRQHandler
 .text.DMA4_IRQHandler
                0x000052ee        0x8 ./source/startup/startup_mk64f12.o
                0x000052ee                DMA4_IRQHandler
 .text.DMA5_IRQHandler
                0x000052f6        0x8 ./source/startup/startup_mk64f12.o
                0x000052f6                DMA5_IRQHandler
 .text.DMA6_IRQHandler
                0x000052fe        0x8 ./source/startup/startup_mk64f12.o
                0x000052fe                DMA6_IRQHandler
 .text.DMA7_IRQHandler
                0x00005306        0x8 ./source/startup/startup_mk64f12.o
                0x00005306                DMA7_IRQHandler
 .text.DMA8_IRQHandler
                0x0000530e        0x8 ./source/startup/startup_mk64f12.o
                0x0000530e                DMA8_IRQHandler
 .text.DMA9_IRQHandler
                0x00005316        0x8 ./source/startup/startup_mk64f12.o
                0x00005316                DMA9_IRQHandler
 .text.DMA10_IRQHandler
                0x0000531e        0x8 ./source/startup/startup_mk64f12.o
                0x0000531e                DMA10_IRQHandler
 .text.DMA11_IRQHandler
                0x00005326        0x8 ./source/startup/startup_mk64f12.o
                0x00005326                DMA11_IRQHandler
 .text.DMA12_IRQHandler
                0x0000532e        0x8 ./source/startup/startup_mk64f12.o
                0x0000532e                DMA12_IRQHandler
 .text.DMA13_IRQHandler
                0x00005336        0x8 ./source/startup/startup_mk64f12.o
                0x00005336                DMA13_IRQHandler
 .text.DMA14_IRQHandler
                0x0000533e        0x8 ./source/startup/startup_mk64f12.o
                0x0000533e                DMA14_IRQHandler
 .text.DMA15_IRQHandler
                0x00005346        0x8 ./source/startup/startup_mk64f12.o
                0x00005346                DMA15_IRQHandler
 .text.DMA_Error_IRQHandler
                0x0000534e        0x8 ./source/startup/startup_mk64f12.o
                0x0000534e                DMA_Error_IRQHandler
 .text.MCM_IRQHandler
                0x00005356        0x8 ./source/startup/startup_mk64f12.o
                0x00005356                MCM_IRQHandler
 .text.FTFE_IRQHandler
                0x0000535e        0x8 ./source/startup/startup_mk64f12.o
                0x0000535e                FTFE_IRQHandler
 .text.Read_Collision_IRQHandler
                0x00005366        0x8 ./source/startup/startup_mk64f12.o
                0x00005366                Read_Collision_IRQHandler
 .text.LVD_LVW_IRQHandler
                0x0000536e        0x8 ./source/startup/startup_mk64f12.o
                0x0000536e                LVD_LVW_IRQHandler
 .text.LLWU_IRQHandler
                0x00005376        0x8 ./source/startup/startup_mk64f12.o
                0x00005376                LLWU_IRQHandler
 .text.WDOG_EWM_IRQHandler
                0x0000537e        0x8 ./source/startup/startup_mk64f12.o
                0x0000537e                WDOG_EWM_IRQHandler
 .text.RNG_IRQHandler
                0x00005386        0x8 ./source/startup/startup_mk64f12.o
                0x00005386                RNG_IRQHandler
 .text.I2C0_IRQHandler
                0x0000538e        0x8 ./source/startup/startup_mk64f12.o
                0x0000538e                I2C0_IRQHandler
 .text.I2C1_IRQHandler
                0x00005396        0x8 ./source/startup/startup_mk64f12.o
                0x00005396                I2C1_IRQHandler
 .text.SPI0_IRQHandler
                0x0000539e        0x8 ./source/startup/startup_mk64f12.o
                0x0000539e                SPI0_IRQHandler
 .text.SPI1_IRQHandler
                0x000053a6        0x8 ./source/startup/startup_mk64f12.o
                0x000053a6                SPI1_IRQHandler
 .text.I2S0_Tx_IRQHandler
                0x000053ae        0x8 ./source/startup/startup_mk64f12.o
                0x000053ae                I2S0_Tx_IRQHandler
 .text.I2S0_Rx_IRQHandler
                0x000053b6        0x8 ./source/startup/startup_mk64f12.o
                0x000053b6                I2S0_Rx_IRQHandler
 .text.UART0_LON_IRQHandler
                0x000053be        0x8 ./source/startup/startup_mk64f12.o
                0x000053be                UART0_LON_IRQHandler
 .text.UART0_RX_TX_IRQHandler
                0x000053c6        0x8 ./source/startup/startup_mk64f12.o
                0x000053c6                UART0_RX_TX_IRQHandler
 .text.UART0_ERR_IRQHandler
                0x000053ce        0x8 ./source/startup/startup_mk64f12.o
                0x000053ce                UART0_ERR_IRQHandler
 .text.UART1_RX_TX_IRQHandler
                0x000053d6        0x8 ./source/startup/startup_mk64f12.o
                0x000053d6                UART1_RX_TX_IRQHandler
 .text.UART1_ERR_IRQHandler
                0x000053de        0x8 ./source/startup/startup_mk64f12.o
                0x000053de                UART1_ERR_IRQHandler
 .text.UART2_RX_TX_IRQHandler
                0x000053e6        0x8 ./source/startup/startup_mk64f12.o
                0x000053e6                UART2_RX_TX_IRQHandler
 .text.UART2_ERR_IRQHandler
                0x000053ee        0x8 ./source/startup/startup_mk64f12.o
                0x000053ee                UART2_ERR_IRQHandler
 .text.UART3_RX_TX_IRQHandler
                0x000053f6        0x8 ./source/startup/startup_mk64f12.o
                0x000053f6                UART3_RX_TX_IRQHandler
 .text.UART3_ERR_IRQHandler
                0x000053fe        0x8 ./source/startup/startup_mk64f12.o
                0x000053fe                UART3_ERR_IRQHandler
 .text.ADC0_IRQHandler
                0x00005406        0x8 ./source/startup/startup_mk64f12.o
                0x00005406                ADC0_IRQHandler
 .text.CMP0_IRQHandler
                0x0000540e        0x8 ./source/startup/startup_mk64f12.o
                0x0000540e                CMP0_IRQHandler
 .text.CMP1_IRQHandler
                0x00005416        0x8 ./source/startup/startup_mk64f12.o
                0x00005416                CMP1_IRQHandler
 .text.FTM0_IRQHandler
                0x0000541e        0x8 ./source/startup/startup_mk64f12.o
                0x0000541e                FTM0_IRQHandler
 .text.FTM1_IRQHandler
                0x00005426        0x8 ./source/startup/startup_mk64f12.o
                0x00005426                FTM1_IRQHandler
 .text.FTM2_IRQHandler
                0x0000542e        0x8 ./source/startup/startup_mk64f12.o
                0x0000542e                FTM2_IRQHandler
 .text.CMT_IRQHandler
                0x00005436        0x8 ./source/startup/startup_mk64f12.o
                0x00005436                CMT_IRQHandler
 .text.RTC_IRQHandler
                0x0000543e        0x8 ./source/startup/startup_mk64f12.o
                0x0000543e                RTC_IRQHandler
 .text.RTC_Seconds_IRQHandler
                0x00005446        0x8 ./source/startup/startup_mk64f12.o
                0x00005446                RTC_Seconds_IRQHandler
 .text.PIT0_IRQHandler
                0x0000544e        0x8 ./source/startup/startup_mk64f12.o
                0x0000544e                PIT0_IRQHandler
 .text.PIT1_IRQHandler
                0x00005456        0x8 ./source/startup/startup_mk64f12.o
                0x00005456                PIT1_IRQHandler
 .text.PIT2_IRQHandler
                0x0000545e        0x8 ./source/startup/startup_mk64f12.o
                0x0000545e                PIT2_IRQHandler
 .text.PIT3_IRQHandler
                0x00005466        0x8 ./source/startup/startup_mk64f12.o
                0x00005466                PIT3_IRQHandler
 .text.PDB0_IRQHandler
                0x0000546e        0x8 ./source/startup/startup_mk64f12.o
                0x0000546e                PDB0_IRQHandler
 .text.USB0_IRQHandler
                0x00005476        0x8 ./source/startup/startup_mk64f12.o
                0x00005476                USB0_IRQHandler
 .text.USBDCD_IRQHandler
                0x0000547e        0x8 ./source/startup/startup_mk64f12.o
                0x0000547e                USBDCD_IRQHandler
 .text.Reserved71_IRQHandler
                0x00005486        0x8 ./source/startup/startup_mk64f12.o
                0x00005486                Reserved71_IRQHandler
 .text.DAC0_IRQHandler
                0x0000548e        0x8 ./source/startup/startup_mk64f12.o
                0x0000548e                DAC0_IRQHandler
 .text.MCG_IRQHandler
                0x00005496        0x8 ./source/startup/startup_mk64f12.o
                0x00005496                MCG_IRQHandler
 .text.LPTMR0_IRQHandler
                0x0000549e        0x8 ./source/startup/startup_mk64f12.o
                0x0000549e                LPTMR0_IRQHandler
 .text.SWI_IRQHandler
                0x000054a6        0x8 ./source/startup/startup_mk64f12.o
                0x000054a6                SWI_IRQHandler
 .text.SPI2_IRQHandler
                0x000054ae        0x8 ./source/startup/startup_mk64f12.o
                0x000054ae                SPI2_IRQHandler
 .text.UART4_RX_TX_IRQHandler
                0x000054b6        0x8 ./source/startup/startup_mk64f12.o
                0x000054b6                UART4_RX_TX_IRQHandler
 .text.UART4_ERR_IRQHandler
                0x000054be        0x8 ./source/startup/startup_mk64f12.o
                0x000054be                UART4_ERR_IRQHandler
 .text.UART5_RX_TX_IRQHandler
                0x000054c6        0x8 ./source/startup/startup_mk64f12.o
                0x000054c6                UART5_RX_TX_IRQHandler
 .text.UART5_ERR_IRQHandler
                0x000054ce        0x8 ./source/startup/startup_mk64f12.o
                0x000054ce                UART5_ERR_IRQHandler
 .text.CMP2_IRQHandler
                0x000054d6        0x8 ./source/startup/startup_mk64f12.o
                0x000054d6                CMP2_IRQHandler
 .text.FTM3_IRQHandler
                0x000054de        0x8 ./source/startup/startup_mk64f12.o
                0x000054de                FTM3_IRQHandler
 .text.DAC1_IRQHandler
                0x000054e6        0x8 ./source/startup/startup_mk64f12.o
                0x000054e6                DAC1_IRQHandler
 .text.ADC1_IRQHandler
                0x000054ee        0x8 ./source/startup/startup_mk64f12.o
                0x000054ee                ADC1_IRQHandler
 .text.I2C2_IRQHandler
                0x000054f6        0x8 ./source/startup/startup_mk64f12.o
                0x000054f6                I2C2_IRQHandler
 .text.CAN0_ORed_Message_buffer_IRQHandler
                0x000054fe        0x8 ./source/startup/startup_mk64f12.o
                0x000054fe                CAN0_ORed_Message_buffer_IRQHandler
 .text.CAN0_Bus_Off_IRQHandler
                0x00005506        0x8 ./source/startup/startup_mk64f12.o
                0x00005506                CAN0_Bus_Off_IRQHandler
 .text.CAN0_Error_IRQHandler
                0x0000550e        0x8 ./source/startup/startup_mk64f12.o
                0x0000550e                CAN0_Error_IRQHandler
 .text.CAN0_Tx_Warning_IRQHandler
                0x00005516        0x8 ./source/startup/startup_mk64f12.o
                0x00005516                CAN0_Tx_Warning_IRQHandler
 .text.CAN0_Rx_Warning_IRQHandler
                0x0000551e        0x8 ./source/startup/startup_mk64f12.o
                0x0000551e                CAN0_Rx_Warning_IRQHandler
 .text.CAN0_Wake_Up_IRQHandler
                0x00005526        0x8 ./source/startup/startup_mk64f12.o
                0x00005526                CAN0_Wake_Up_IRQHandler
 .text.SDHC_IRQHandler
                0x0000552e        0x8 ./source/startup/startup_mk64f12.o
                0x0000552e                SDHC_IRQHandler
 .text.ENET_1588_Timer_IRQHandler
                0x00005536        0x8 ./source/startup/startup_mk64f12.o
                0x00005536                ENET_1588_Timer_IRQHandler
 .text.ENET_Transmit_IRQHandler
                0x0000553e        0x8 ./source/startup/startup_mk64f12.o
                0x0000553e                ENET_Transmit_IRQHandler
 .text.ENET_Receive_IRQHandler
                0x00005546        0x8 ./source/startup/startup_mk64f12.o
                0x00005546                ENET_Receive_IRQHandler
 .text.ENET_Error_IRQHandler
                0x0000554e        0x8 ./source/startup/startup_mk64f12.o
                0x0000554e                ENET_Error_IRQHandler
 .text.Led_On   0x00005556       0x1c ./source/drivers/Led.o
                0x00005556                Led_On
 .text.Led_Off  0x00005572       0x1c ./source/drivers/Led.o
                0x00005572                Led_Off
 .text.Led_Toggle
                0x0000558e       0x1a ./source/drivers/Led.o
                0x0000558e                Led_Toggle
 .text.OnForDefinedTimeCalledFromPISR
                0x000055a8       0x4e ./source/drivers/Led.o
 .text.BlinkCalledFromPISR
                0x000055f6       0x74 ./source/drivers/Led.o
 .text.RepetitionBlinkCalledFromPISR
                0x0000566a       0x7c ./source/drivers/Led.o
 .text.InfiniteBlinkCalledFromPISR
                0x000056e6       0x4a ./source/drivers/Led.o
 .text.getArrayEffectiveLength
                0x00005730       0x54 ./source/drivers/Timer.o
 .text.checkIdArrayFormat
                0x00005784       0x26 ./source/database/data_base.o
 .text.getEffectiveArrayLength
                0x000057aa       0x48 ./source/database/data_base.o
 .text.validateNewId
                0x000057f2       0x38 ./source/database/data_base.o
                0x000057f2                validateNewId
 .text.checkPinArrayFormat
                0x0000582a       0x2c ./source/database/data_base.o
                0x0000582a                checkPinArrayFormat
 .text.getArrayEffectiveLength
                0x00005856       0x54 ./source/MCAL/SysTick.o
 .text.PORTA_IRQHandler
                0x000058aa       0x1e ./source/MCAL/gpio.o
                0x000058aa                PORTA_IRQHandler
 .text.PORTB_IRQHandler
                0x000058c8       0x1e ./source/MCAL/gpio.o
                0x000058c8                PORTB_IRQHandler
 .text.PORTC_IRQHandler
                0x000058e6       0x1e ./source/MCAL/gpio.o
                0x000058e6                PORTC_IRQHandler
 .text.PORTD_IRQHandler
                0x00005904       0x1e ./source/MCAL/gpio.o
                0x00005904                PORTD_IRQHandler
 .text.PORTE_IRQHandler
                0x00005922       0x1e ./source/MCAL/gpio.o
                0x00005922                PORTE_IRQHandler
 .text.userInteractionStopErrorIndicationAndRestart
                0x00005940       0x10 ./source/FSM/States/add_user_state/substates/add_user_id_state.o
 .text.userInteractionStopErrorIndicationAndRestart
                0x00005950       0x10 ./source/FSM/States/add_user_state/substates/add_user_main_state.o
 .text.userInteractionStopErrorIndicationAndRestart
                0x00005960       0x10 ./source/FSM/States/add_user_state/substates/add_user_pin_state.o
 .text.subFSM_StartInitState
                0x00005970        0xc ./source/FSM/States/add_user_state/add_user_fsm_table.o
                0x00005970                subFSM_StartInitState
 .text.do_nothing
                0x0000597c        0xe ./source/FSM/States/add_user_state/add_user_fsm_table.o
 .text.return_to_last
                0x0000598a        0xe ./source/FSM/States/add_user_state/add_user_fsm_table.o
 .text.configDev_selectOption
                0x00005998       0x12 ./source/FSM/States/config_device_state.o
                0x00005998                configDev_selectOption
 .text.userInteractionStopErrorIndicationAndRestart
                0x000059aa       0x10 ./source/FSM/States/config_me_state.o
 .text.userInteractionStopErrorIndicationAndRestart
                0x000059ba       0x10 ./source/FSM/States/delete_user_state.o
 .text.userInteractionStopErrorIndicationAndRestart
                0x000059ca       0x10 ./source/FSM/States/id_state.o
 .text.accessTimeOut
                0x000059da       0x14 ./source/FSM/States/open_state.o
                0x000059da                accessTimeOut
 .text.inputIncreaseCurrent
                0x000059ee       0x8a ./source/FSM/States/user_input.o
                0x000059ee                inputIncreaseCurrent
 .text.inputDecreaseCurrent
                0x00005a78       0x8c ./source/FSM/States/user_input.o
                0x00005a78                inputDecreaseCurrent
 .text.inputResetArray
                0x00005b04       0x3c ./source/FSM/States/user_input.o
                0x00005b04                inputResetArray
 .text.inputAcceptNumber
                0x00005b40       0xa8 ./source/FSM/States/user_input.o
                0x00005b40                inputAcceptNumber
 .text.getEffectiveArrayLength
                0x00005be8       0x60 ./source/FSM/States/user_input.o
 .text.deleteLastChar
                0x00005c48       0x52 ./source/FSM/States/user_input.o
 .text.cardSwipe
                0x00005c9a       0x92 ./source/FSM/States/welcome_state.o
                0x00005c9a                cardSwipe
 .text.fsm      0x00005d2c       0x3c ./source/FSM/fsm.o
                0x00005d2c                fsm
 .text.FSM_StartInitState
                0x00005d68        0xc ./source/FSM/fsm_table.o
                0x00005d68                FSM_StartInitState
 .text.do_nothing
                0x00005d74        0xe ./source/FSM/fsm_table.o
 .text.timeOutCallback
                0x00005d82        0xe ./source/App.o
 .text.SystemInitHook
                0x00005d90        0xe ./CMSIS/system_MK64F12.o
                0x00005d90                SystemInitHook
 .text.__main   0x00005d9e        0xe c:/nxp/mcuxpressoide_10.2.0_759/ide/tools/bin/../lib/gcc/arm-none-eabi/7.2.1/../../../../arm-none-eabi/lib/thumb/v7e-m/fpv4-sp/hard\libcr_semihost_nf.a(_cr__main.o)
                0x00005d9e                __CR_SEMIHOST
                0x00005d9e                __main
 .text.memcpy   0x00005dac        0x4 c:/nxp/mcuxpressoide_10.2.0_759/ide/tools/bin/../lib/gcc/arm-none-eabi/7.2.1/../../../../arm-none-eabi/lib/thumb/v7e-m/fpv4-sp/hard\libcr_c.a(memcpy.o)
                0x00005dac                memcpy
 .text.memset   0x00005db0        0x4 c:/nxp/mcuxpressoide_10.2.0_759/ide/tools/bin/../lib/gcc/arm-none-eabi/7.2.1/../../../../arm-none-eabi/lib/thumb/v7e-m/fpv4-sp/hard\libcr_c.a(memset.o)
                0x00005db0                memset
 .text._fdopen  0x00005db4       0x68 c:/nxp/mcuxpressoide_10.2.0_759/ide/tools/bin/../lib/gcc/arm-none-eabi/7.2.1/../../../../arm-none-eabi/lib/thumb/v7e-m/fpv4-sp/hard\libcr_c.a(_fdopen.o)
                0x00005db4                _fdopen
 .text.fclose   0x00005e1c       0x58 c:/nxp/mcuxpressoide_10.2.0_759/ide/tools/bin/../lib/gcc/arm-none-eabi/7.2.1/../../../../arm-none-eabi/lib/thumb/v7e-m/fpv4-sp/hard\libcr_c.a(fclose.o)
                0x00005e1c                fclose
 .text.remove   0x00005e74       0x14 c:/nxp/mcuxpressoide_10.2.0_759/ide/tools/bin/../lib/gcc/arm-none-eabi/7.2.1/../../../../arm-none-eabi/lib/thumb/v7e-m/fpv4-sp/hard\libcr_c.a(remove.o)
                0x00005e74                remove
 .text.strlen   0x00005e88       0x4a c:/nxp/mcuxpressoide_10.2.0_759/ide/tools/bin/../lib/gcc/arm-none-eabi/7.2.1/../../../../arm-none-eabi/lib/thumb/v7e-m/fpv4-sp/hard\libcr_c.a(strlen.o)
                0x00005e88                strlen
 .text._do_fflush
                0x00005ed2       0x40 c:/nxp/mcuxpressoide_10.2.0_759/ide/tools/bin/../lib/gcc/arm-none-eabi/7.2.1/../../../../arm-none-eabi/lib/thumb/v7e-m/fpv4-sp/hard\libcr_c.a(_do_fflush.o)
                0x00005ed2                _do_fflush
 .text._fflush  0x00005f12       0x52 c:/nxp/mcuxpressoide_10.2.0_759/ide/tools/bin/../lib/gcc/arm-none-eabi/7.2.1/../../../../arm-none-eabi/lib/thumb/v7e-m/fpv4-sp/hard\libcr_c.a(_fflush.o)
                0x00005f12                _fflush
 .text.free     0x00005f64       0x30 c:/nxp/mcuxpressoide_10.2.0_759/ide/tools/bin/../lib/gcc/arm-none-eabi/7.2.1/../../../../arm-none-eabi/lib/thumb/v7e-m/fpv4-sp/hard\libcr_c.a(alloc.o)
                0x00005f64                free
 .text._deferredlazyseek
                0x00005f94       0x40 c:/nxp/mcuxpressoide_10.2.0_759/ide/tools/bin/../lib/gcc/arm-none-eabi/7.2.1/../../../../arm-none-eabi/lib/thumb/v7e-m/fpv4-sp/hard\libcr_c.a(_deferredlazyseek.o)
                0x00005f94                _deferredlazyseek
 .text.__aeabi_memcpy
                0x00005fd4       0x34 c:/nxp/mcuxpressoide_10.2.0_759/ide/tools/bin/../lib/gcc/arm-none-eabi/7.2.1/thumb/v7e-m/fpv4-sp/hard\libcr_eabihelpers.a(memcpy.o)
                0x00005fd4                __aeabi_memcpy
                0x00005fde                __aeabi_memcpy8
                0x00005fde                __aeabi_memcpy4
 .text.__aeabi_memset_lowlevel
                0x00006008       0x32 c:/nxp/mcuxpressoide_10.2.0_759/ide/tools/bin/../lib/gcc/arm-none-eabi/7.2.1/thumb/v7e-m/fpv4-sp/hard\libcr_eabihelpers.a(memcpy.o)
                0x00006008                __aeabi_lowlevel_memset
 .text.__sys_close
                0x0000603a        0xc c:/nxp/mcuxpressoide_10.2.0_759/ide/tools/bin/../lib/gcc/arm-none-eabi/7.2.1/../../../../arm-none-eabi/lib/thumb/v7e-m/fpv4-sp/hard\libcr_semihost_nf.a(__sys_close.o)
                0x0000603a                __sys_close
 .text.__sys_flen
                0x00006046        0xc c:/nxp/mcuxpressoide_10.2.0_759/ide/tools/bin/../lib/gcc/arm-none-eabi/7.2.1/../../../../arm-none-eabi/lib/thumb/v7e-m/fpv4-sp/hard\libcr_semihost_nf.a(__sys_flen.o)
                0x00006046                __sys_flen
 .text.__sys_istty
                0x00006052        0xc c:/nxp/mcuxpressoide_10.2.0_759/ide/tools/bin/../lib/gcc/arm-none-eabi/7.2.1/../../../../arm-none-eabi/lib/thumb/v7e-m/fpv4-sp/hard\libcr_semihost_nf.a(__sys_istty.o)
                0x00006052                __sys_istty
 .text.__sys_remove
                0x0000605e        0xc c:/nxp/mcuxpressoide_10.2.0_759/ide/tools/bin/../lib/gcc/arm-none-eabi/7.2.1/../../../../arm-none-eabi/lib/thumb/v7e-m/fpv4-sp/hard\libcr_semihost_nf.a(__sys_remove.o)
                0x0000605e                __sys_remove
 .text.__sys_seek
                0x0000606a        0xc c:/nxp/mcuxpressoide_10.2.0_759/ide/tools/bin/../lib/gcc/arm-none-eabi/7.2.1/../../../../arm-none-eabi/lib/thumb/v7e-m/fpv4-sp/hard\libcr_semihost_nf.a(__sys_seek.o)
                0x0000606a                __sys_seek
 .text.__sys_tmpnam
                0x00006076        0xc c:/nxp/mcuxpressoide_10.2.0_759/ide/tools/bin/../lib/gcc/arm-none-eabi/7.2.1/../../../../arm-none-eabi/lib/thumb/v7e-m/fpv4-sp/hard\libcr_semihost_nf.a(__sys_tmpnam.o)
                0x00006076                __sys_tmpnam
 .text.__sys_write
                0x00006082        0xc c:/nxp/mcuxpressoide_10.2.0_759/ide/tools/bin/../lib/gcc/arm-none-eabi/7.2.1/../../../../arm-none-eabi/lib/thumb/v7e-m/fpv4-sp/hard\libcr_semihost_nf.a(__sys_write.o)
                0x00006082                __sys_write
 *(SORT_BY_ALIGNMENT(.rodata) SORT_BY_ALIGNMENT(.rodata.*) SORT_BY_ALIGNMENT(.constdata) SORT_BY_ALIGNMENT(.constdata.*))
 *fill*         0x0000608e        0x2 ff
 .rodata.numbers
                0x00006090        0xa ./source/drivers/seven_seg_display.o
 *fill*         0x0000609a        0x2 ff
 .rodata.letters
                0x0000609c       0x1a ./source/drivers/seven_seg_display.o
 *fill*         0x000060b6        0x2 ff
 .rodata.extras
                0x000060b8        0x4 ./source/drivers/seven_seg_display.o
 .rodata        0x000060bc       0x1f ./source/FSM/States/add_user_state/substates/add_user_id_state.o
 *fill*         0x000060db        0x1 ff
 .rodata        0x000060dc       0x25 ./source/FSM/States/add_user_state/substates/add_user_main_state.o
 *fill*         0x00006101        0x3 ff
 .rodata        0x00006104       0x13 ./source/FSM/States/add_user_state/substates/add_user_pin_state.o
 *fill*         0x00006117        0x1 ff
 .rodata        0x00006118       0x12 ./source/FSM/States/config_me_state.o
 *fill*         0x0000612a        0x2 ff
 .rodata        0x0000612c       0x2c ./source/FSM/States/delete_user_state.o
 .rodata        0x00006158       0x1b ./source/FSM/States/fail_state.o
 *fill*         0x00006173        0x1 ff
 .rodata        0x00006174       0x20 ./source/FSM/States/id_state.o
 .rodata        0x00006194       0x50 ./source/FSM/States/menu_state.o
 .rodata        0x000061e4        0x5 ./source/FSM/States/pin_state.o
 *fill*         0x000061e9        0x3 ff
 .rodata        0x000061ec        0x6 ./source/FSM/States/welcome_state.o
 *fill*         0x000061f2        0x2 ff
 .rodata.__num_Ciob_streams
                0x000061f4        0x4 c:/nxp/mcuxpressoide_10.2.0_759/ide/tools/bin/../lib/gcc/arm-none-eabi/7.2.1/../../../../arm-none-eabi/lib/thumb/v7e-m/fpv4-sp/hard\libcr_semihost_nf.a(__ciob.o)
                0x000061f4                __num_Ciob_streams
 .rodata._initio.str1.1
                0x000061f8        0x4 c:/nxp/mcuxpressoide_10.2.0_759/ide/tools/bin/../lib/gcc/arm-none-eabi/7.2.1/../../../../arm-none-eabi/lib/thumb/v7e-m/fpv4-sp/hard\libcr_c.a(initio.o)
                0x00006200                . = ALIGN (0x8)
 *fill*         0x000061fc        0x4 ff

.glue_7         0x00006200        0x0
 .glue_7        0x00006200        0x0 linker stubs

.glue_7t        0x00006200        0x0
 .glue_7t       0x00006200        0x0 linker stubs

.vfp11_veneer   0x00006200        0x0
 .vfp11_veneer  0x00006200        0x0 linker stubs

.v4_bx          0x00006200        0x0
 .v4_bx         0x00006200        0x0 linker stubs

.iplt           0x00006200        0x0
 .iplt          0x00006200        0x0 ./source/startup/hardware.o

.rel.dyn        0x00006200        0x0
 .rel.iplt      0x00006200        0x0 ./source/startup/hardware.o

.ARM.extab
 *(SORT_BY_ALIGNMENT(.ARM.extab*) SORT_BY_ALIGNMENT(.gnu.linkonce.armextab.*))
                0x00006200                __exidx_start = .

.ARM.exidx
 *(SORT_BY_ALIGNMENT(.ARM.exidx*) SORT_BY_ALIGNMENT(.gnu.linkonce.armexidx.*))
                0x00006200                __exidx_end = .
                0x00006200                _etext = .

.m_usb_data
 *(SORT_BY_ALIGNMENT(m_usb_bdt))

.data_RAM2      0x1fff0000        0x0 load address 0x00006200
 FILL mask 0xff
                [!provide]                PROVIDE (__start_data_RAM2, .)
 *(SORT_BY_ALIGNMENT(.ramfunc.$RAM2))
 *(SORT_BY_ALIGNMENT(.ramfunc.$SRAM_LOWER))
 *(SORT_BY_ALIGNMENT(.data.$RAM2*))
 *(SORT_BY_ALIGNMENT(.data.$SRAM_LOWER*))
                0x1fff0000                . = ALIGN (0x8)
                [!provide]                PROVIDE (__end_data_RAM2, .)

.data_RAM3      0x14000000        0x0 load address 0x00006200
 FILL mask 0xff
                [!provide]                PROVIDE (__start_data_RAM3, .)
 *(SORT_BY_ALIGNMENT(.ramfunc.$RAM3))
 *(SORT_BY_ALIGNMENT(.ramfunc.$FLEX_RAM))
 *(SORT_BY_ALIGNMENT(.data.$RAM3*))
 *(SORT_BY_ALIGNMENT(.data.$FLEX_RAM*))
                0x14000000                . = ALIGN (0x8)
                [!provide]                PROVIDE (__end_data_RAM3, .)

.uninit_RESERVED
                0x20000000        0x0
 *(SORT_BY_ALIGNMENT(.bss.$RESERVED*))
                0x20000000                . = ALIGN (0x4)
                0x20000000                _end_uninit_RESERVED = .

.data           0x20000000      0x520 load address 0x00006200
 FILL mask 0xff
                0x20000000                _data = .
 *(SORT_BY_ALIGNMENT(vtable))
 *(SORT_BY_ALIGNMENT(.ramfunc*))
 *(SORT_BY_ALIGNMENT(.data*))
 .data.displayPins
                0x20000000        0x8 ./source/drivers/seven_seg_display.o
 .data.selectPins
                0x20000008        0x2 ./source/drivers/seven_seg_display.o
 *fill*         0x2000000a        0x2 ff
 .data.ports    0x2000000c       0x14 ./source/MCAL/gpio.o
 .data.gpioPorts
                0x20000020       0x14 ./source/MCAL/gpio.o
 .data.titleTimerID
                0x20000034        0x4 ./source/FSM/States/add_user_state/substates/add_user_id_state.o
 .data.errorIndicationTimerID
                0x20000038        0x4 ./source/FSM/States/add_user_state/substates/add_user_id_state.o
 .data.titleTimerID
                0x2000003c        0x4 ./source/FSM/States/add_user_state/substates/add_user_main_state.o
 .data.errorIndicationTimerID
                0x20000040        0x4 ./source/FSM/States/add_user_state/substates/add_user_main_state.o
 .data.titleTimerID
                0x20000044        0x4 ./source/FSM/States/add_user_state/substates/add_user_pin_state.o
 .data.errorIndicationTimerID
                0x20000048        0x4 ./source/FSM/States/add_user_state/substates/add_user_pin_state.o
 .data.addUser_card
                0x2000004c       0x6c ./source/FSM/States/add_user_state/add_user_fsm_table.o
                0x2000004c                addUser_card
 .data.addUser_id
                0x200000b8       0x54 ./source/FSM/States/add_user_state/add_user_fsm_table.o
                0x200000b8                addUser_id
 .data.addUser_pin
                0x2000010c       0x48 ./source/FSM/States/add_user_state/add_user_fsm_table.o
                0x2000010c                addUser_pin
 .data.titleTimerID
                0x20000154        0x4 ./source/FSM/States/config_me_state.o
 .data.errorIndicationTimerID
                0x20000158        0x4 ./source/FSM/States/config_me_state.o
 .data.titleTimerID
                0x2000015c        0x4 ./source/FSM/States/delete_user_state.o
 .data.errorIndicationTimerID
                0x20000160        0x4 ./source/FSM/States/delete_user_state.o
 .data.titleTimerID
                0x20000164        0x4 ./source/FSM/States/id_state.o
 .data.errorIndicationTimerID
                0x20000168        0x4 ./source/FSM/States/id_state.o
 .data.titleTimerID
                0x2000016c        0x4 ./source/FSM/States/menu_state.o
 .data.titleTimerID
                0x20000170        0x4 ./source/FSM/States/pin_state.o
 .data.welcome  0x20000174       0x48 ./source/FSM/fsm_table.o
                0x20000174                welcome
 .data.id       0x200001bc       0x6c ./source/FSM/fsm_table.o
                0x200001bc                id
 .data.pin      0x20000228       0x6c ./source/FSM/fsm_table.o
                0x20000228                pin
 .data.fail     0x20000294       0x54 ./source/FSM/fsm_table.o
                0x20000294                fail
 .data.menu     0x200002e8       0x84 ./source/FSM/fsm_table.o
                0x200002e8                menu
 .data.open     0x2000036c       0x18 ./source/FSM/fsm_table.o
                0x2000036c                open
 .data.cfg_me   0x20000384       0x54 ./source/FSM/fsm_table.o
                0x20000384                cfg_me
 .data.add_user
                0x200003d8       0x90 ./source/FSM/fsm_table.o
                0x200003d8                add_user
 .data.cfg_device
                0x20000468       0x48 ./source/FSM/fsm_table.o
                0x20000468                cfg_device
 .data.delete_user
                0x200004b0       0x6c ./source/FSM/fsm_table.o
                0x200004b0                delete_user
 .data.brightness
                0x2000051c        0x1 ./source/drivers/seven_seg_display.o
 .data.currBright.5327
                0x2000051d        0x1 ./source/drivers/seven_seg_display.o
 .data.window.5328
                0x2000051e        0x1 ./source/drivers/seven_seg_display.o
 .data.currentIdIndex
                0x2000051f        0x1 ./source/database/data_base.o
                0x20000520                . = ALIGN (0x8)
                0x20000520                _edata = .

.igot.plt       0x20000520        0x0 load address 0x00006720
 .igot.plt      0x20000520        0x0 ./source/startup/hardware.o

.bss_RAM2       0x1fff0000        0x0
                [!provide]                PROVIDE (__start_bss_RAM2, .)
 *(SORT_BY_ALIGNMENT(.bss.$RAM2*))
 *(SORT_BY_ALIGNMENT(.bss.$SRAM_LOWER*))
                0x1fff0000                . = ALIGN ((. != 0x0)?0x8:0x1)
                [!provide]                PROVIDE (__end_bss_RAM2, .)

.bss_RAM3       0x14000000        0x0
                [!provide]                PROVIDE (__start_bss_RAM3, .)
 *(SORT_BY_ALIGNMENT(.bss.$RAM3*))
 *(SORT_BY_ALIGNMENT(.bss.$FLEX_RAM*))
                0x14000000                . = ALIGN ((. != 0x0)?0x8:0x1)
                [!provide]                PROVIDE (__end_bss_RAM3, .)

.bss            0x20000520     0x1370
                0x20000520                _bss = .
 *(SORT_BY_ALIGNMENT(.bss*))
 .bss.__LDM_interruptDisableCount
                0x20000520        0x4 ./source/startup/hardware.o
 .bss.ledElements
                0x20000524       0xd8 ./source/drivers/Led.o
 .bss.defaultOnForDefinedTimeProperties
                0x200005fc        0xc ./source/drivers/Led.o
 .bss.defaultBlinkProperties
                0x20000608       0x14 ./source/drivers/Led.o
 .bss.defaultInfiniteBlinkProperties
                0x2000061c        0xc ./source/drivers/Led.o
 .bss.defaultRepetitionBlinkProperties
                0x20000628       0x14 ./source/drivers/Led.o
 .bss.leds      0x2000063c       0x1e ./source/drivers/MplxLed.o
                0x2000063c                leds
 *fill*         0x2000065a        0x2 
 .bss.timerElements
                0x2000065c      0x190 ./source/drivers/Timer.o
 .bss.idCounter
                0x200007ec        0x4 ./source/drivers/Timer.o
 .bss.buttons   0x200007f0       0x14 ./source/drivers/button.o
 .bss.moves     0x20000804        0x4 ./source/drivers/encoder.o
 .bss.message   0x20000808      0x190 ./source/drivers/lector.o
 .bss.screen    0x20000998       0xf0 ./source/drivers/seven_seg_display.o
 .bss.dataBase  0x20000a88      0x2a9 ./source/database/data_base.o
 *fill*         0x20000d31        0x3 
 .bss.database  0x20000d34      0x2a9 ./source/database/data_base.o
 *fill*         0x20000fdd        0x3 
 .bss.validNumberArray
                0x20000fe0       0x13 ./source/database/data_base.o
 *fill*         0x20000ff3        0x1 
 .bss.blockedUsersIndexes
                0x20000ff4       0x1e ./source/database/data_base.o
 *fill*         0x20001012        0x2 
 .bss.sysTickElements
                0x20001014      0x190 ./source/MCAL/SysTick.o
 .bss.idCounter
                0x200011a4        0x4 ./source/MCAL/SysTick.o
 .bss.callbacks
                0x200011a8      0x280 ./source/MCAL/gpio.o
 .bss.id        0x20001428        0x8 ./source/FSM/States/add_user_state/substates/add_user_id_state.o
 .bss.cardNumber
                0x20001430       0x13 ./source/FSM/States/add_user_state/substates/add_user_main_state.o
 *fill*         0x20001443        0x1 
 .bss.pin       0x20001444        0x5 ./source/FSM/States/add_user_state/substates/add_user_pin_state.o
 *fill*         0x20001449        0x3 
 .bss.currentState
                0x2000144c        0x4 ./source/FSM/States/add_user_state/add_user_state.o
 .bss.newPin    0x20001450        0x5 ./source/FSM/States/config_me_state.o
 *fill*         0x20001455        0x3 
 .bss.id        0x20001458        0x8 ./source/FSM/States/delete_user_state.o
 .bss.errorIndicationTimerID
                0x20001460        0x4 ./source/FSM/States/fail_state.o
 .bss.id        0x20001464        0x8 ./source/FSM/States/id_state.o
 .bss.pin       0x2000146c        0x5 ./source/FSM/States/pin_state.o
 *fill*         0x20001471        0x3 
 .bss.currentState
                0x20001474        0x4 ./source/App.o
 .bss.userTimeOutTimerID
                0x20001478        0x4 ./source/App.o
 .bss.eventQueue
                0x2000147c        0xc ./source/queue.o
                0x2000147c                eventQueue
 .bss.queue     0x20001488      0x320 ./source/queue.o
                0x20001488                queue
 .bss.errno     0x200017a8        0x4 c:/nxp/mcuxpressoide_10.2.0_759/ide/tools/bin/../lib/gcc/arm-none-eabi/7.2.1/../../../../arm-none-eabi/lib/thumb/v7e-m/fpv4-sp/hard\libcr_c.a(errno.o)
                0x200017a8                errno
 .bss.__Ciob    0x200017ac       0xb4 c:/nxp/mcuxpressoide_10.2.0_759/ide/tools/bin/../lib/gcc/arm-none-eabi/7.2.1/../../../../arm-none-eabi/lib/thumb/v7e-m/fpv4-sp/hard\libcr_semihost_nf.a(__ciob.o)
                0x200017ac                __Ciob
 .bss.bit       0x20001860        0x2 ./source/drivers/lector.o
 .bss.moving_counter
                0x20001862        0x2 ./source/drivers/seven_seg_display.o
 .bss.isInit.5478
                0x20001864        0x1 ./source/drivers/MplxLed.o
 .bss.displayCounter.5537
                0x20001865        0x1 ./source/drivers/MplxLed.o
 .bss.var       0x20001866        0x1 ./source/drivers/button.o
                0x20001866                var
 .bss.existingEvent
                0x20001867        0x1 ./source/drivers/encoder.o
 .bss.statusA   0x20001868        0x1 ./source/drivers/encoder.o
 .bss.statusB   0x20001869        0x1 ./source/drivers/encoder.o
 .bss.init.5150
                0x2000186a        0x1 ./source/drivers/encoder.o
 .bss.enable    0x2000186b        0x1 ./source/drivers/lector.o
 .bss.event     0x2000186c        0x1 ./source/drivers/lector.o
 .bss.pos       0x2000186d        0x1 ./source/drivers/seven_seg_display.o
 .bss.moves_remainig
                0x2000186e        0x1 ./source/drivers/seven_seg_display.o
 .bss.bouncing  0x2000186f        0x1 ./source/drivers/seven_seg_display.o
 .bss.move_b    0x20001870        0x1 ./source/drivers/seven_seg_display.o
 .bss.cursor_pos
                0x20001871        0x1 ./source/drivers/seven_seg_display.o
 .bss.cursor    0x20001872        0x1 ./source/drivers/seven_seg_display.o
 .bss.isInit.5245
                0x20001873        0x1 ./source/drivers/seven_seg_display.o
 .bss.displayCounter.5326
                0x20001874        0x1 ./source/drivers/seven_seg_display.o
 .bss.currentPos
                0x20001875        0x1 ./source/FSM/States/add_user_state/substates/add_user_id_state.o
 .bss.showingTitle
                0x20001876        0x1 ./source/FSM/States/add_user_state/substates/add_user_id_state.o
 .bss.showingErrorIndication
                0x20001877        0x1 ./source/FSM/States/add_user_state/substates/add_user_id_state.o
 .bss.showingTitle
                0x20001878        0x1 ./source/FSM/States/add_user_state/substates/add_user_main_state.o
 .bss.showingErrorIndication
                0x20001879        0x1 ./source/FSM/States/add_user_state/substates/add_user_main_state.o
 .bss.currentPos
                0x2000187a        0x1 ./source/FSM/States/add_user_state/substates/add_user_pin_state.o
 .bss.showingTitle
                0x2000187b        0x1 ./source/FSM/States/add_user_state/substates/add_user_pin_state.o
 .bss.showingErrorIndication
                0x2000187c        0x1 ./source/FSM/States/add_user_state/substates/add_user_pin_state.o
 .bss.currentOptionIndex
                0x2000187d        0x1 ./source/FSM/States/config_device_state.o
 .bss.currentPos
                0x2000187e        0x1 ./source/FSM/States/config_me_state.o
 .bss.showingTitle
                0x2000187f        0x1 ./source/FSM/States/config_me_state.o
 .bss.showingErrorIndication
                0x20001880        0x1 ./source/FSM/States/config_me_state.o
 .bss.currentPos
                0x20001881        0x1 ./source/FSM/States/delete_user_state.o
 .bss.showingTitle
                0x20001882        0x1 ./source/FSM/States/delete_user_state.o
 .bss.showingErrorIndication
                0x20001883        0x1 ./source/FSM/States/delete_user_state.o
 .bss.currentPos
                0x20001884        0x1 ./source/FSM/States/id_state.o
 .bss.showingTitle
                0x20001885        0x1 ./source/FSM/States/id_state.o
 .bss.showingErrorIndication
                0x20001886        0x1 ./source/FSM/States/id_state.o
 .bss.currentOptionIndex
                0x20001887        0x1 ./source/FSM/States/menu_state.o
 .bss.showingTitle
                0x20001888        0x1 ./source/FSM/States/menu_state.o
 .bss.admin     0x20001889        0x1 ./source/FSM/States/menu_state.o
 .bss.currentPos
                0x2000188a        0x1 ./source/FSM/States/pin_state.o
 .bss.showingTitle
                0x2000188b        0x1 ./source/FSM/States/pin_state.o
 *(SORT_BY_ALIGNMENT(COMMON))
                0x20001890                . = ALIGN (0x8)
 *fill*         0x2000188c        0x4 
                0x20001890                _ebss = .
                [!provide]                PROVIDE (end, .)

.noinit_RAM2    0x1fff0000        0x0
 *(SORT_BY_ALIGNMENT(.noinit.$RAM2*))
 *(SORT_BY_ALIGNMENT(.noinit.$SRAM_LOWER*))
                0x1fff0000                . = ALIGN (0x8)

.noinit_RAM3    0x14000000        0x0
 *(SORT_BY_ALIGNMENT(.noinit.$RAM3*))
 *(SORT_BY_ALIGNMENT(.noinit.$FLEX_RAM*))
                0x14000000                . = ALIGN (0x8)

.noinit         0x20001890        0x0
                0x20001890                _noinit = .
 *(SORT_BY_ALIGNMENT(.noinit*))
                0x20001890                . = ALIGN (0x8)
                0x20001890                _end_noinit = .
                0x00001000                _HeapSize = 0x1000

.heap           0x20001890     0x1000
                0x20001890                _pvHeapStart = .
                0x20002890                . = (. + _HeapSize)
 *fill*         0x20001890     0x1000 
                0x20002890                . = ALIGN (0x8)
                0x20002890                _pvHeapLimit = .
                0x00001000                _StackSize = 0x1000

.heap2stackfill
                0x20002890     0x1000
                0x20003890                . = (. + _StackSize)
 *fill*         0x20002890     0x1000 

.stack          0x2002f000        0x0
                0x2002f000                _vStackBase = .
                0x2002f000                . = ALIGN (0x8)
                0x20030000                _vStackTop = (. + _StackSize)
                0x00000000                _image_start = LOADADDR (.text)
                0x00006720                _image_end = (LOADADDR (.data) + SIZEOF (.data))
                0x00006720                _image_size = (_image_end - _image_start)
OUTPUT(ControlDeAcceso.axf elf32-littlearm)

.debug_info     0x00000000     0x9880
 .debug_info    0x00000000      0x6aa ./source/startup/hardware.o
 .debug_info    0x000006aa       0xec ./source/startup/main.o
 .debug_info    0x00000796       0x3b ./source/startup/semihost_hardfault.o
 .debug_info    0x000007d1      0x8b0 ./source/startup/startup_mk64f12.o
 .debug_info    0x00001081      0x88f ./source/drivers/Led.o
 .debug_info    0x00001910      0x5ae ./source/drivers/MplxLed.o
 .debug_info    0x00001ebe      0x53a ./source/drivers/Timer.o
 .debug_info    0x000023f8      0x37f ./source/drivers/button.o
 .debug_info    0x00002777      0x1b3 ./source/drivers/encoder.o
 .debug_info    0x0000292a      0x441 ./source/drivers/lector.o
 .debug_info    0x00002d6b      0x659 ./source/drivers/seven_seg_display.o
 .debug_info    0x000033c4      0x769 ./source/database/data_base.o
 .debug_info    0x00003b2d      0x52b ./source/MCAL/SysTick.o
 .debug_info    0x00004058      0xa99 ./source/MCAL/gpio.o
 .debug_info    0x00004af1      0x473 ./source/FSM/States/add_user_state/substates/add_user_id_state.o
 .debug_info    0x00004f64      0x45b ./source/FSM/States/add_user_state/substates/add_user_main_state.o
 .debug_info    0x000053bf      0x4d4 ./source/FSM/States/add_user_state/substates/add_user_pin_state.o
 .debug_info    0x00005893      0x345 ./source/FSM/States/add_user_state/add_user_fsm_table.o
 .debug_info    0x00005bd8      0x3e5 ./source/FSM/States/add_user_state/add_user_state.o
 .debug_info    0x00005fbd      0x306 ./source/FSM/States/config_device_state.o
 .debug_info    0x000062c3      0x424 ./source/FSM/States/config_me_state.o
 .debug_info    0x000066e7      0x53a ./source/FSM/States/delete_user_state.o
 .debug_info    0x00006c21      0x2a8 ./source/FSM/States/fail_state.o
 .debug_info    0x00006ec9      0x4d2 ./source/FSM/States/id_state.o
 .debug_info    0x0000739b      0x3b8 ./source/FSM/States/menu_state.o
 .debug_info    0x00007753      0x297 ./source/FSM/States/open_state.o
 .debug_info    0x000079ea      0x3b6 ./source/FSM/States/pin_state.o
 .debug_info    0x00007da0      0x40d ./source/FSM/States/user_input.o
 .debug_info    0x000081ad      0x355 ./source/FSM/States/welcome_state.o
 .debug_info    0x00008502      0x22e ./source/FSM/fsm.o
 .debug_info    0x00008730      0x3df ./source/FSM/fsm_table.o
 .debug_info    0x00008b0f      0x38f ./source/App.o
 .debug_info    0x00008e9e      0x3b1 ./source/queue.o
 .debug_info    0x0000924f      0x631 ./CMSIS/system_MK64F12.o

.debug_abbrev   0x00000000     0x2cf5
 .debug_abbrev  0x00000000      0x14d ./source/startup/hardware.o
 .debug_abbrev  0x0000014d       0x9b ./source/startup/main.o
 .debug_abbrev  0x000001e8       0x2f ./source/startup/semihost_hardfault.o
 .debug_abbrev  0x00000217      0x15c ./source/startup/startup_mk64f12.o
 .debug_abbrev  0x00000373      0x1f9 ./source/drivers/Led.o
 .debug_abbrev  0x0000056c      0x166 ./source/drivers/MplxLed.o
 .debug_abbrev  0x000006d2      0x164 ./source/drivers/Timer.o
 .debug_abbrev  0x00000836      0x180 ./source/drivers/button.o
 .debug_abbrev  0x000009b6      0x109 ./source/drivers/encoder.o
 .debug_abbrev  0x00000abf      0x1b7 ./source/drivers/lector.o
 .debug_abbrev  0x00000c76      0x21a ./source/drivers/seven_seg_display.o
 .debug_abbrev  0x00000e90      0x231 ./source/database/data_base.o
 .debug_abbrev  0x000010c1      0x1bb ./source/MCAL/SysTick.o
 .debug_abbrev  0x0000127c      0x221 ./source/MCAL/gpio.o
 .debug_abbrev  0x0000149d      0x170 ./source/FSM/States/add_user_state/substates/add_user_id_state.o
 .debug_abbrev  0x0000160d      0x14f ./source/FSM/States/add_user_state/substates/add_user_main_state.o
 .debug_abbrev  0x0000175c      0x183 ./source/FSM/States/add_user_state/substates/add_user_pin_state.o
 .debug_abbrev  0x000018df      0x122 ./source/FSM/States/add_user_state/add_user_fsm_table.o
 .debug_abbrev  0x00001a01      0x137 ./source/FSM/States/add_user_state/add_user_state.o
 .debug_abbrev  0x00001b38      0x101 ./source/FSM/States/config_device_state.o
 .debug_abbrev  0x00001c39      0x126 ./source/FSM/States/config_me_state.o
 .debug_abbrev  0x00001d5f      0x18e ./source/FSM/States/delete_user_state.o
 .debug_abbrev  0x00001eed       0xe2 ./source/FSM/States/fail_state.o
 .debug_abbrev  0x00001fcf      0x160 ./source/FSM/States/id_state.o
 .debug_abbrev  0x0000212f      0x12a ./source/FSM/States/menu_state.o
 .debug_abbrev  0x00002259       0xd3 ./source/FSM/States/open_state.o
 .debug_abbrev  0x0000232c      0x155 ./source/FSM/States/pin_state.o
 .debug_abbrev  0x00002481      0x155 ./source/FSM/States/user_input.o
 .debug_abbrev  0x000025d6      0x11f ./source/FSM/States/welcome_state.o
 .debug_abbrev  0x000026f5       0xca ./source/FSM/fsm.o
 .debug_abbrev  0x000027bf      0x11d ./source/FSM/fsm_table.o
 .debug_abbrev  0x000028dc      0x146 ./source/App.o
 .debug_abbrev  0x00002a22      0x17f ./source/queue.o
 .debug_abbrev  0x00002ba1      0x154 ./CMSIS/system_MK64F12.o

.debug_aranges  0x00000000      0xe48
 .debug_aranges
                0x00000000       0x30 ./source/startup/hardware.o
 .debug_aranges
                0x00000030       0x20 ./source/startup/main.o
 .debug_aranges
                0x00000050       0x20 ./source/startup/semihost_hardfault.o
 .debug_aranges
                0x00000070      0x330 ./source/startup/startup_mk64f12.o
 .debug_aranges
                0x000003a0       0xa0 ./source/drivers/Led.o
 .debug_aranges
                0x00000440       0x70 ./source/drivers/MplxLed.o
 .debug_aranges
                0x000004b0       0x68 ./source/drivers/Timer.o
 .debug_aranges
                0x00000518       0x50 ./source/drivers/button.o
 .debug_aranges
                0x00000568       0x30 ./source/drivers/encoder.o
 .debug_aranges
                0x00000598       0x58 ./source/drivers/lector.o
 .debug_aranges
                0x000005f0       0xa0 ./source/drivers/seven_seg_display.o
 .debug_aranges
                0x00000690       0xa8 ./source/database/data_base.o
 .debug_aranges
                0x00000738       0x58 ./source/MCAL/SysTick.o
 .debug_aranges
                0x00000790       0x88 ./source/MCAL/gpio.o
 .debug_aranges
                0x00000818       0x80 ./source/FSM/States/add_user_state/substates/add_user_id_state.o
 .debug_aranges
                0x00000898       0x68 ./source/FSM/States/add_user_state/substates/add_user_main_state.o
 .debug_aranges
                0x00000900       0x78 ./source/FSM/States/add_user_state/substates/add_user_pin_state.o
 .debug_aranges
                0x00000978       0x38 ./source/FSM/States/add_user_state/add_user_fsm_table.o
 .debug_aranges
                0x000009b0       0x70 ./source/FSM/States/add_user_state/add_user_state.o
 .debug_aranges
                0x00000a20       0x40 ./source/FSM/States/config_device_state.o
 .debug_aranges
                0x00000a60       0x70 ./source/FSM/States/config_me_state.o
 .debug_aranges
                0x00000ad0       0x88 ./source/FSM/States/delete_user_state.o
 .debug_aranges
                0x00000b58       0x28 ./source/FSM/States/fail_state.o
 .debug_aranges
                0x00000b80       0x88 ./source/FSM/States/id_state.o
 .debug_aranges
                0x00000c08       0x58 ./source/FSM/States/menu_state.o
 .debug_aranges
                0x00000c60       0x28 ./source/FSM/States/open_state.o
 .debug_aranges
                0x00000c88       0x60 ./source/FSM/States/pin_state.o
 .debug_aranges
                0x00000ce8       0x48 ./source/FSM/States/user_input.o
 .debug_aranges
                0x00000d30       0x28 ./source/FSM/States/welcome_state.o
 .debug_aranges
                0x00000d58       0x20 ./source/FSM/fsm.o
 .debug_aranges
                0x00000d78       0x30 ./source/FSM/fsm_table.o
 .debug_aranges
                0x00000da8       0x38 ./source/App.o
 .debug_aranges
                0x00000de0       0x38 ./source/queue.o
 .debug_aranges
                0x00000e18       0x30 ./CMSIS/system_MK64F12.o

.debug_ranges   0x00000000      0xcc8
 .debug_ranges  0x00000000       0x20 ./source/startup/hardware.o
 .debug_ranges  0x00000020       0x10 ./source/startup/main.o
 .debug_ranges  0x00000030       0x10 ./source/startup/semihost_hardfault.o
 .debug_ranges  0x00000040      0x320 ./source/startup/startup_mk64f12.o
 .debug_ranges  0x00000360       0x90 ./source/drivers/Led.o
 .debug_ranges  0x000003f0       0x60 ./source/drivers/MplxLed.o
 .debug_ranges  0x00000450       0x58 ./source/drivers/Timer.o
 .debug_ranges  0x000004a8       0x40 ./source/drivers/button.o
 .debug_ranges  0x000004e8       0x20 ./source/drivers/encoder.o
 .debug_ranges  0x00000508       0x48 ./source/drivers/lector.o
 .debug_ranges  0x00000550       0x90 ./source/drivers/seven_seg_display.o
 .debug_ranges  0x000005e0       0x98 ./source/database/data_base.o
 .debug_ranges  0x00000678       0x48 ./source/MCAL/SysTick.o
 .debug_ranges  0x000006c0       0x78 ./source/MCAL/gpio.o
 .debug_ranges  0x00000738       0x90 ./source/FSM/States/add_user_state/substates/add_user_id_state.o
 .debug_ranges  0x000007c8       0x90 ./source/FSM/States/add_user_state/substates/add_user_main_state.o
 .debug_ranges  0x00000858       0x68 ./source/FSM/States/add_user_state/substates/add_user_pin_state.o
 .debug_ranges  0x000008c0       0x28 ./source/FSM/States/add_user_state/add_user_fsm_table.o
 .debug_ranges  0x000008e8       0x60 ./source/FSM/States/add_user_state/add_user_state.o
 .debug_ranges  0x00000948       0x30 ./source/FSM/States/config_device_state.o
 .debug_ranges  0x00000978       0x60 ./source/FSM/States/config_me_state.o
 .debug_ranges  0x000009d8       0x90 ./source/FSM/States/delete_user_state.o
 .debug_ranges  0x00000a68       0x18 ./source/FSM/States/fail_state.o
 .debug_ranges  0x00000a80       0x90 ./source/FSM/States/id_state.o
 .debug_ranges  0x00000b10       0x48 ./source/FSM/States/menu_state.o
 .debug_ranges  0x00000b58       0x18 ./source/FSM/States/open_state.o
 .debug_ranges  0x00000b70       0x50 ./source/FSM/States/pin_state.o
 .debug_ranges  0x00000bc0       0x38 ./source/FSM/States/user_input.o
 .debug_ranges  0x00000bf8       0x30 ./source/FSM/States/welcome_state.o
 .debug_ranges  0x00000c28       0x10 ./source/FSM/fsm.o
 .debug_ranges  0x00000c38       0x20 ./source/FSM/fsm_table.o
 .debug_ranges  0x00000c58       0x28 ./source/App.o
 .debug_ranges  0x00000c80       0x28 ./source/queue.o
 .debug_ranges  0x00000ca8       0x20 ./CMSIS/system_MK64F12.o

.debug_macro    0x00000000    0x13253
 .debug_macro   0x00000000       0xb4 ./source/startup/hardware.o
 .debug_macro   0x000000b4      0xa90 ./source/startup/hardware.o
 .debug_macro   0x00000b44       0x10 ./source/startup/hardware.o
 .debug_macro   0x00000b54      0x12d ./source/startup/hardware.o
 .debug_macro   0x00000c81      0x5b2 ./source/startup/hardware.o
 .debug_macro   0x00001233       0x22 ./source/startup/hardware.o
 .debug_macro   0x00001255       0x10 ./source/startup/hardware.o
 .debug_macro   0x00001265       0x5c ./source/startup/hardware.o
 .debug_macro   0x000012c1       0x1c ./source/startup/hardware.o
 .debug_macro   0x000012dd       0x22 ./source/startup/hardware.o
 .debug_macro   0x000012ff       0xdf ./source/startup/hardware.o
 .debug_macro   0x000013de      0xecf ./source/startup/hardware.o
 .debug_macro   0x000022ad       0x48 ./source/startup/hardware.o
 .debug_macro   0x000022f5     0xe07b ./source/startup/hardware.o
 .debug_macro   0x00010370     0x122b ./source/startup/hardware.o
 .debug_macro   0x0001159b       0x16 ./source/startup/hardware.o
 .debug_macro   0x000115b1       0xb4 ./source/startup/main.o
 .debug_macro   0x00011665       0x11 ./source/startup/semihost_hardfault.o
 .debug_macro   0x00011676       0x29 ./source/startup/startup_mk64f12.o
 .debug_macro   0x0001169f       0xb8 ./source/drivers/Led.o
 .debug_macro   0x00011757       0x3a ./source/drivers/Led.o
 .debug_macro   0x00011791       0xa6 ./source/drivers/Led.o
 .debug_macro   0x00011837       0x16 ./source/drivers/Led.o
 .debug_macro   0x0001184d       0x1c ./source/drivers/Led.o
 .debug_macro   0x00011869       0xd2 ./source/drivers/Led.o
 .debug_macro   0x0001193b       0x10 ./source/drivers/Led.o
 .debug_macro   0x0001194b       0x16 ./source/drivers/Led.o
 .debug_macro   0x00011961       0xc1 ./source/drivers/MplxLed.o