Archive member included to satisfy reference by file (symbol)

c:/nxp/mcuxpressoide_10.2.0_759/ide/tools/bin/../lib/gcc/arm-none-eabi/7.2.1/../../../../arm-none-eabi/lib/thumb/v7e-m/fpv4-sp/hard\libcr_semihost_nf.a(_cr__main.o)
                              ./source/startup/startup_mk64f12.o (__main)
c:/nxp/mcuxpressoide_10.2.0_759/ide/tools/bin/../lib/gcc/arm-none-eabi/7.2.1/../../../../arm-none-eabi/lib/thumb/v7e-m/fpv4-sp/hard\libcr_c.a(memcpy.o)
                              ./source/drivers/Led.o (memcpy)
c:/nxp/mcuxpressoide_10.2.0_759/ide/tools/bin/../lib/gcc/arm-none-eabi/7.2.1/../../../../arm-none-eabi/lib/thumb/v7e-m/fpv4-sp/hard\libcr_c.a(memset.o)
                              ./source/database/data_base.o (memset)
c:/nxp/mcuxpressoide_10.2.0_759/ide/tools/bin/../lib/gcc/arm-none-eabi/7.2.1/../../../../arm-none-eabi/lib/thumb/v7e-m/fpv4-sp/hard\libcr_c.a(initio.o)
                              c:/nxp/mcuxpressoide_10.2.0_759/ide/tools/bin/../lib/gcc/arm-none-eabi/7.2.1/../../../../arm-none-eabi/lib/thumb/v7e-m/fpv4-sp/hard\libcr_semihost_nf.a(_cr__main.o) (_initio)
c:/nxp/mcuxpressoide_10.2.0_759/ide/tools/bin/../lib/gcc/arm-none-eabi/7.2.1/../../../../arm-none-eabi/lib/thumb/v7e-m/fpv4-sp/hard\libcr_c.a(setvbuf.o)
                              c:/nxp/mcuxpressoide_10.2.0_759/ide/tools/bin/../lib/gcc/arm-none-eabi/7.2.1/../../../../arm-none-eabi/lib/thumb/v7e-m/fpv4-sp/hard\libcr_c.a(initio.o) (setvbuf)
c:/nxp/mcuxpressoide_10.2.0_759/ide/tools/bin/../lib/gcc/arm-none-eabi/7.2.1/../../../../arm-none-eabi/lib/thumb/v7e-m/fpv4-sp/hard\libcr_c.a(_fdopen.o)
                              c:/nxp/mcuxpressoide_10.2.0_759/ide/tools/bin/../lib/gcc/arm-none-eabi/7.2.1/../../../../arm-none-eabi/lib/thumb/v7e-m/fpv4-sp/hard\libcr_c.a(initio.o) (_fdopen)
c:/nxp/mcuxpressoide_10.2.0_759/ide/tools/bin/../lib/gcc/arm-none-eabi/7.2.1/../../../../arm-none-eabi/lib/thumb/v7e-m/fpv4-sp/hard\libcr_c.a(fclose.o)
                              c:/nxp/mcuxpressoide_10.2.0_759/ide/tools/bin/../lib/gcc/arm-none-eabi/7.2.1/../../../../arm-none-eabi/lib/thumb/v7e-m/fpv4-sp/hard\libcr_c.a(initio.o) (fclose)
c:/nxp/mcuxpressoide_10.2.0_759/ide/tools/bin/../lib/gcc/arm-none-eabi/7.2.1/../../../../arm-none-eabi/lib/thumb/v7e-m/fpv4-sp/hard\libcr_c.a(fflush.o)
                              c:/nxp/mcuxpressoide_10.2.0_759/ide/tools/bin/../lib/gcc/arm-none-eabi/7.2.1/../../../../arm-none-eabi/lib/thumb/v7e-m/fpv4-sp/hard\libcr_c.a(fclose.o) (fflush)
c:/nxp/mcuxpressoide_10.2.0_759/ide/tools/bin/../lib/gcc/arm-none-eabi/7.2.1/../../../../arm-none-eabi/lib/thumb/v7e-m/fpv4-sp/hard\libcr_c.a(fseek.o)
                              c:/nxp/mcuxpressoide_10.2.0_759/ide/tools/bin/../lib/gcc/arm-none-eabi/7.2.1/../../../../arm-none-eabi/lib/thumb/v7e-m/fpv4-sp/hard\libcr_c.a(_fdopen.o) (fseek)
c:/nxp/mcuxpressoide_10.2.0_759/ide/tools/bin/../lib/gcc/arm-none-eabi/7.2.1/../../../../arm-none-eabi/lib/thumb/v7e-m/fpv4-sp/hard\libcr_c.a(ftell.o)
                              c:/nxp/mcuxpressoide_10.2.0_759/ide/tools/bin/../lib/gcc/arm-none-eabi/7.2.1/../../../../arm-none-eabi/lib/thumb/v7e-m/fpv4-sp/hard\libcr_c.a(fseek.o) (ftell)
c:/nxp/mcuxpressoide_10.2.0_759/ide/tools/bin/../lib/gcc/arm-none-eabi/7.2.1/../../../../arm-none-eabi/lib/thumb/v7e-m/fpv4-sp/hard\libcr_c.a(remove.o)
                              c:/nxp/mcuxpressoide_10.2.0_759/ide/tools/bin/../lib/gcc/arm-none-eabi/7.2.1/../../../../arm-none-eabi/lib/thumb/v7e-m/fpv4-sp/hard\libcr_c.a(fclose.o) (remove)
c:/nxp/mcuxpressoide_10.2.0_759/ide/tools/bin/../lib/gcc/arm-none-eabi/7.2.1/../../../../arm-none-eabi/lib/thumb/v7e-m/fpv4-sp/hard\libcr_c.a(strlen.o)
                              c:/nxp/mcuxpressoide_10.2.0_759/ide/tools/bin/../lib/gcc/arm-none-eabi/7.2.1/../../../../arm-none-eabi/lib/thumb/v7e-m/fpv4-sp/hard\libcr_c.a(remove.o) (strlen)
c:/nxp/mcuxpressoide_10.2.0_759/ide/tools/bin/../lib/gcc/arm-none-eabi/7.2.1/../../../../arm-none-eabi/lib/thumb/v7e-m/fpv4-sp/hard\libcr_c.a(_do_fflush.o)
                              c:/nxp/mcuxpressoide_10.2.0_759/ide/tools/bin/../lib/gcc/arm-none-eabi/7.2.1/../../../../arm-none-eabi/lib/thumb/v7e-m/fpv4-sp/hard\libcr_c.a(fflush.o) (_do_fflush)
c:/nxp/mcuxpressoide_10.2.0_759/ide/tools/bin/../lib/gcc/arm-none-eabi/7.2.1/../../../../arm-none-eabi/lib/thumb/v7e-m/fpv4-sp/hard\libcr_c.a(_fflush.o)
                              c:/nxp/mcuxpressoide_10.2.0_759/ide/tools/bin/../lib/gcc/arm-none-eabi/7.2.1/../../../../arm-none-eabi/lib/thumb/v7e-m/fpv4-sp/hard\libcr_c.a(_do_fflush.o) (_fflush)
c:/nxp/mcuxpressoide_10.2.0_759/ide/tools/bin/../lib/gcc/arm-none-eabi/7.2.1/../../../../arm-none-eabi/lib/thumb/v7e-m/fpv4-sp/hard\libcr_c.a(_writebuf.o)
                              c:/nxp/mcuxpressoide_10.2.0_759/ide/tools/bin/../lib/gcc/arm-none-eabi/7.2.1/../../../../arm-none-eabi/lib/thumb/v7e-m/fpv4-sp/hard\libcr_c.a(_fflush.o) (_Cwritebuf)
[...]
Memory Configuration

Name             Origin             Length             Attributes
PROGRAM_FLASH    0x00000000         0x00100000         xr
SRAM_UPPER       0x20000000         0x00030000         xrw
SRAM_LOWER       0x1fff0000         0x00010000         xrw
FLEX_RAM         0x14000000         0x00001000         xrw
*default*        0x00000000         0xffffffff

Linker script and memory map

LOAD ./source/startup/hardware.o
LOAD ./source/startup/main.o
LOAD ./source/startup/semihost_hardfault.o
LOAD ./source/startup/startup_mk64f12.o
LOAD ./source/drivers/Led.o
LOAD ./source/drivers/MplxLed.o
LOAD ./source/drivers/Timer.o
LOAD ./source/drivers/button.o
LOAD ./source/drivers/encoder.o
LOAD ./source/drivers/lector.o
LOAD ./source/drivers/seven_seg_display.o
LOAD ./source/database/data_base.o
LOAD ./source/MCAL/SysTick.o
LOAD ./source/MCAL/gpio.o
LOAD ./source/FSM/States/add_user_state/substates/add_user_id_state.o
LOAD ./source/FSM/States/add_user_state/substates/add_user_main_state.o
LOAD ./source/FSM/States/add_user_state/substates/add_user_pin_state.o
LOAD ./source/FSM/States/add_user_state/add_user_fsm_table.o
LOAD ./source/FSM/States/add_user_state/add_user_state.o
LOAD ./source/FSM/States/config_device_state.o
LOAD ./source/FSM/States/config_me_state.o
LOAD ./source/FSM/States/delete_user_state.o
LOAD ./source/FSM/States/id_state.o
LOAD ./source/FSM/States/menu_state.o
LOAD ./source/FSM/States/open_state.o
LOAD ./source/FSM/States/pin_state.o
LOAD ./source/FSM/States/user_input.o
LOAD ./source/FSM/States/welcome_state.o
LOAD ./source/FSM/fsm.o
LOAD ./source/FSM/fsm_table.o
LOAD ./source/App.o
LOAD ./source/queue.o
LOAD ./CMSIS/system_MK64F12.o
START GROUP
LOAD c:/nxp/mcuxpressoide_10.2.0_759/ide/tools/bin/../lib/gcc/arm-none-eabi/7.2.1/../../../../arm-none-eabi/lib/thumb/v7e-m/fpv4-sp/hard\libcr_semihost_nf.a
LOAD c:/nxp/mcuxpressoide_10.2.0_759/ide/tools/bin/../lib/gcc/arm-none-eabi/7.2.1/../../../../arm-none-eabi/lib/thumb/v7e-m/fpv4-sp/hard\libcr_c.a
LOAD c:/nxp/mcuxpressoide_10.2.0_759/ide/tools/bin/../lib/gcc/arm-none-eabi/7.2.1/thumb/v7e-m/fpv4-sp/hard\libcr_eabihelpers.a
END GROUP
                0x00000000                __base_PROGRAM_FLASH = 0x0
                0x00000000                __base_Flash = 0x0
                0x00100000                __top_PROGRAM_FLASH = 0x100000
                0x00100000                __top_Flash = 0x100000
                0x20000000                __base_SRAM_UPPER = 0x20000000
                0x20000000                __base_RAM = 0x20000000
                0x20030000                __top_SRAM_UPPER = 0x20030000
                0x20030000                __top_RAM = 0x20030000
                0x1fff0000                __base_SRAM_LOWER = 0x1fff0000
                0x1fff0000                __base_RAM2 = 0x1fff0000
                0x20000000                __top_SRAM_LOWER = 0x20000000
                0x20000000                __top_RAM2 = 0x20000000
                0x14000000                __base_FLEX_RAM = 0x14000000
                0x14000000                __base_RAM3 = 0x14000000
                0x14001000                __top_FLEX_RAM = 0x14001000
                0x14001000                __top_RAM3 = 0x14001000

.text           0x00000000     0x6788
 FILL mask 0xff
                0x00000000                __vectors_start__ = ABSOLUTE (.)
 *(SORT_BY_ALIGNMENT(.isr_vector))
 .isr_vector    0x00000000      0x198 ./source/startup/startup_mk64f12.o
                0x00000000                g_pfnVectors
                0x00000000                __Vectors
                0x00000198                . = ALIGN (0x4)
                0x00000198                __section_table_start = .
                0x00000198                __data_section_table = .
                0x00000198        0x4 LONG 0x6788 LOADADDR (.data)
                0x0000019c        0x4 LONG 0x20000000 ADDR (.data)
                0x000001a0        0x4 LONG 0x4e8 SIZEOF (.data)
                0x000001a4        0x4 LONG 0x6788 LOADADDR (.data_RAM2)
                0x000001a8        0x4 LONG 0x1fff0000 ADDR (.data_RAM2)
                0x000001ac        0x4 LONG 0x0 SIZEOF (.data_RAM2)
                0x000001b0        0x4 LONG 0x6788 LOADADDR (.data_RAM3)
                0x000001b4        0x4 LONG 0x14000000 ADDR (.data_RAM3)
                0x000001b8        0x4 LONG 0x0 SIZEOF (.data_RAM3)
                0x000001bc                __data_section_table_end = .
                0x000001bc                __bss_section_table = .
                0x000001bc        0x4 LONG 0x200004e8 ADDR (.bss)
                0x000001c0        0x4 LONG 0x1370 SIZEOF (.bss)
                0x000001c4        0x4 LONG 0x1fff0000 ADDR (.bss_RAM2)
                0x000001c8        0x4 LONG 0x0 SIZEOF (.bss_RAM2)
                0x000001cc        0x4 LONG 0x14000000 ADDR (.bss_RAM3)
                0x000001d0        0x4 LONG 0x0 SIZEOF (.bss_RAM3)
                0x000001d4                __bss_section_table_end = .
                0x000001d4                __section_table_end = .
 *(SORT_BY_ALIGNMENT(.after_vectors*))
 .after_vectors.reset
                0x000001d4       0x4c ./source/startup/startup_mk64f12.o
                0x000001d4                ResetISR
 .after_vectors.init_data
                0x00000220       0x1e ./source/startup/startup_mk64f12.o
                0x00000220                data_init
 .after_vectors.init_bss
                0x0000023e       0x12 ./source/startup/startup_mk64f12.o
                0x0000023e                bss_init
 .after_vectors
                0x00000250       0x14 ./source/startup/startup_mk64f12.o
                0x00000250                NMI_Handler
                0x00000254                MemManage_Handler
                0x00000256                BusFault_Handler
                0x00000258                UsageFault_Handler
                0x0000025a                SVC_Handler
                0x0000025c                DebugMon_Handler
                0x0000025e                PendSV_Handler
                0x00000262                DMA_Error_DriverIRQHandler
                0x00000262                LPTMR0_DriverIRQHandler
                0x00000262                FTM1_DriverIRQHandler
                0x00000262                FTM2_DriverIRQHandler
                0x00000262                PIT2_DriverIRQHandler
                0x00000262                SDHC_DriverIRQHandler
                0x00000262                I2S0_Tx_DriverIRQHandler
                0x00000262                RTC_Seconds_DriverIRQHandler
                0x00000262                DMA6_DriverIRQHandler
                0x00000262                LLWU_DriverIRQHandler
                0x00000262                MCM_DriverIRQHandler
                0x00000262                MCG_DriverIRQHandler
                0x00000262                ENET_1588_Timer_DriverIRQHandler
                0x00000262                I2C2_DriverIRQHandler
                0x00000262                DAC1_DriverIRQHandler
                0x00000262                SPI1_DriverIRQHandler
                0x00000262                CMP1_DriverIRQHandler
                0x00000262                UART5_RX_TX_DriverIRQHandler
                0x00000262                FTM0_DriverIRQHandler
                0x00000262                IntDefaultHandler
                0x00000262                USB0_DriverIRQHandler
                0x00000262                UART5_ERR_DriverIRQHandler
                0x00000262                PORTC_DriverIRQHandler
                0x00000262                DMA11_DriverIRQHandler
                0x00000262                DAC0_DriverIRQHandler
                0x00000262                DMA10_DriverIRQHandler
                0x00000262                CMP2_DriverIRQHandler
                0x00000262                UART2_ERR_DriverIRQHandler
                0x00000262                SPI2_DriverIRQHandler
                0x00000262                LVD_LVW_DriverIRQHandler
                0x00000262                PIT0_DriverIRQHandler
                0x00000262                RNG_DriverIRQHandler
                0x00000262                DMA5_DriverIRQHandler
                0x00000262                DMA12_DriverIRQHandler
                0x00000262                UART2_RX_TX_DriverIRQHandler
                0x00000262                USBDCD_DriverIRQHandler
                0x00000262                UART3_ERR_DriverIRQHandler
                0x00000262                DMA3_DriverIRQHandler
                0x00000262                DMA8_DriverIRQHandler
                0x00000262                DMA9_DriverIRQHandler
                0x00000262                UART0_ERR_DriverIRQHandler
                0x00000262                CMT_DriverIRQHandler
                0x00000262                Reserved71_DriverIRQHandler
                0x00000262                ADC1_DriverIRQHandler
                0x00000262                PORTA_DriverIRQHandler
                0x00000262                DMA14_DriverIRQHandler
                0x00000262                PIT3_DriverIRQHandler
                0x00000262                PIT1_DriverIRQHandler
                0x00000262                WDOG_EWM_DriverIRQHandler
                0x00000262                PDB0_DriverIRQHandler
                0x00000262                RTC_DriverIRQHandler
                0x00000262                I2S0_Rx_DriverIRQHandler
                0x00000262                Read_Collision_DriverIRQHandler
                0x00000262                SWI_DriverIRQHandler
                0x00000262                UART4_RX_TX_DriverIRQHandler
                0x00000262                UART4_ERR_DriverIRQHandler
                0x00000262                PORTB_DriverIRQHandler
                0x00000262                UART0_LON_DriverIRQHandler
                0x00000262                DMA0_DriverIRQHandler
                0x00000262                DMA1_DriverIRQHandler
                0x00000262                I2C1_DriverIRQHandler
                0x00000262                UART3_RX_TX_DriverIRQHandler
                0x00000262                ENET_Receive_DriverIRQHandler
                0x00000262                DMA13_DriverIRQHandler
                0x00000262                ENET_Error_DriverIRQHandler
                0x00000262                DMA15_DriverIRQHandler
                0x00000262                UART0_RX_TX_DriverIRQHandler
                0x00000262                SPI0_DriverIRQHandler
                0x00000262                ADC0_DriverIRQHandler
                0x00000262                CMP0_DriverIRQHandler
                0x00000262                CAN0_DriverIRQHandler
                0x00000262                FTM3_DriverIRQHandler
                0x00000262                DMA4_DriverIRQHandler
                0x00000262                UART1_ERR_DriverIRQHandler
                0x00000262                DMA2_DriverIRQHandler
                0x00000262                ENET_Transmit_DriverIRQHandler
                0x00000262                PORTD_DriverIRQHandler
                0x00000262                PORTE_DriverIRQHandler
                0x00000262                FTFE_DriverIRQHandler
                0x00000262                I2C0_DriverIRQHandler
                0x00000262                DMA7_DriverIRQHandler
                0x00000262                UART1_RX_TX_DriverIRQHandler
                0x00000400                . = 0x400
 *fill*         0x00000264      0x19c ff
                0x00000400                PROVIDE (__FLASH_CONFIG_START__, .)
 *(SORT_BY_ALIGNMENT(.FlashConfig))
 .FlashConfig   0x00000400       0x10 ./source/startup/startup_mk64f12.o
                0x00000400                Flash_Config
                0x00000410                PROVIDE (__FLASH_CONFIG_END__, .)
                0x00000001                ASSERT (! ((__FLASH_CONFIG_START__ == __FLASH_CONFIG_END__)), Linker Flash Config Support Enabled, but no .FlashConfig section provided within application)
 *(SORT_BY_ALIGNMENT(.text*))
 .text.hw_Init  0x00000410      0x10c ./source/startup/hardware.o
                0x00000410                hw_Init
 .text.hw_EnableInterrupts
                0x0000051c       0x30 ./source/startup/hardware.o
                0x0000051c                hw_EnableInterrupts
 .text.hw_DisableInterrupts
                0x0000054c       0x20 ./source/startup/hardware.o
                0x0000054c                hw_DisableInterrupts
 .text.Led_Init
                0x0000056c      0x188 ./source/drivers/Led.o
                0x0000056c                Led_Init
 .text.Led_OnForDefinedTime
                0x000006f4       0xa4 ./source/drivers/Led.o
                0x000006f4                Led_OnForDefinedTime
 .text.Led_CustomBlink
                0x00000798       0xf0 ./source/drivers/Led.o
                0x00000798                Led_CustomBlink
 .text.Led_InfiniteBlink
                0x00000888       0x80 ./source/drivers/Led.o
                0x00000888                Led_InfiniteBlink
 .text.Led_StopInfiniteBlink
                0x00000908       0x6c ./source/drivers/Led.o
                0x00000908                Led_StopInfiniteBlink
 .text.Led_StopAllProcesses
                0x00000974      0x108 ./source/drivers/Led.o
                0x00000974                Led_StopAllProcesses
 .text.Led_StopAllProcessedFromAllLeds
                0x00000a7c       0x3c ./source/drivers/Led.o
                0x00000a7c                Led_StopAllProcessedFromAllLeds
 .text.findLedIndexByID
                0x00000ab8       0x4c ./source/drivers/Led.o
 .text.Led_PISR
                0x00000b04       0xcc ./source/drivers/Led.o
 .text.MplxLed_Init
                0x00000bd0       0x9c ./source/drivers/MplxLed.o
                0x00000bd0                MplxLed_Init
 .text.MplxLed_On
                0x00000c6c       0x58 ./source/drivers/MplxLed.o
                0x00000c6c                MplxLed_On
 .text.MplxLed_Off
                0x00000cc4       0x58 ./source/drivers/MplxLed.o
                0x00000cc4                MplxLed_Off
 .text.MplxLed_StopAllProcessedFromAllLeds
                0x00000d1c       0x50 ./source/drivers/MplxLed.o
                0x00000d1c                MplxLed_StopAllProcessedFromAllLeds
 .text.MplxLed_PISR
                0x00000d6c      0x33c ./source/drivers/MplxLed.o
                0x00000d6c                MplxLed_PISR
 .text.Timer_Init
                0x000010a8       0x24 ./source/drivers/Timer.o
                0x000010a8                Timer_Init
 .text.Timer_AddCallback
                0x000010cc       0x88 ./source/drivers/Timer.o
                0x000010cc                Timer_AddCallback
 .text.Timer_Delete
                0x00001154      0x1b8 ./source/drivers/Timer.o
                0x00001154                Timer_Delete
 .text.Timer_Reset
                0x0000130c       0x80 ./source/drivers/Timer.o
                0x0000130c                Timer_Reset
 .text.Timer_PISR
                0x0000138c       0xec ./source/drivers/Timer.o
 .text.systick_callback
                0x00001478      0x278 ./source/drivers/button.o
 .text.buttonsInit
                0x000016f0       0x14 ./source/drivers/button.o
                0x000016f0                buttonsInit
 .text.wasTap   0x00001704       0x78 ./source/drivers/button.o
                0x00001704                wasTap
 .text.wasLkp   0x0000177c       0x80 ./source/drivers/button.o
                0x0000177c                wasLkp
 .text.buttonConfiguration
                0x000017fc      0x120 ./source/drivers/button.o
                0x000017fc                buttonConfiguration
 .text.Encoder_Init
                0x0000191c       0x60 ./source/drivers/encoder.o
                0x0000191c                Encoder_Init
 .text.Encoder_GetMove
                0x0000197c       0x3c ./source/drivers/encoder.o
                0x0000197c                Encoder_GetMove
 .text.lookForMoves
                0x000019b8       0xd0 ./source/drivers/encoder.o
                0x000019b8                lookForMoves
 .text.Lector_Init
                0x00001a88       0x3c ./source/drivers/lector.o
                0x00001a88                Lector_Init
 .text.Lector_Event
                0x00001ac4       0x28 ./source/drivers/lector.o
                0x00001ac4                Lector_Event
 .text.Lector_GetData
                0x00001aec      0x328 ./source/drivers/lector.o
                0x00001aec                Lector_GetData
 .text.EnableIRQcallback
                0x00001e14       0x48 ./source/drivers/lector.o
                0x00001e14                EnableIRQcallback
 .text.ClockIRQcallback
                0x00001e5c       0x4c ./source/drivers/lector.o
                0x00001e5c                ClockIRQcallback
 .text.find_ss_fs_es
                0x00001ea8       0xb8 ./source/drivers/lector.o
                0x00001ea8                find_ss_fs_es
 .text.find_fs  0x00001f60       0x88 ./source/drivers/lector.o
                0x00001f60                find_fs
 .text.find_es  0x00001fe8       0x88 ./source/drivers/lector.o
                0x00001fe8                find_es
 .text.SevenSegDisplay_Init
                0x00002070       0xe4 ./source/drivers/seven_seg_display.o
                0x00002070                SevenSegDisplay_Init
 .text.SevenSegDisplay_ChangeCharacter
                0x00002154       0x44 ./source/drivers/seven_seg_display.o
                0x00002154                SevenSegDisplay_ChangeCharacter
 .text.SevenSegDisplay_BlinkScreen
                0x00002198       0x54 ./source/drivers/seven_seg_display.o
                0x00002198                SevenSegDisplay_BlinkScreen
 .text.SevenSegDisplay_BlinkCharacter
                0x000021ec       0x8c ./source/drivers/seven_seg_display.o
                0x000021ec                SevenSegDisplay_BlinkCharacter
 .text.SevenSegDisplay_SetBright
                0x00002278       0x20 ./source/drivers/seven_seg_display.o
                0x00002278                SevenSegDisplay_SetBright
 .text.SevenSegDisplay_WriteBuffer
                0x00002298       0x64 ./source/drivers/seven_seg_display.o
                0x00002298                SevenSegDisplay_WriteBuffer
 .text.SevenSegDisplay_WriteBufferAndMove
                0x000022fc       0x90 ./source/drivers/seven_seg_display.o
                0x000022fc                SevenSegDisplay_WriteBufferAndMove
 .text.SevenSegDisplay_Swipe
                0x0000238c       0x5c ./source/drivers/seven_seg_display.o
                0x0000238c                SevenSegDisplay_Swipe
 .text.SevenSegDisplay_SetPos
                0x000023e8       0x30 ./source/drivers/seven_seg_display.o
                0x000023e8                SevenSegDisplay_SetPos
 .text.SevenSegDisplay_CursorOn
                0x00002418       0x3c ./source/drivers/seven_seg_display.o
                0x00002418                SevenSegDisplay_CursorOn
 .text.SevenSegDisplay_CursorOff
                0x00002454       0x2c ./source/drivers/seven_seg_display.o
                0x00002454                SevenSegDisplay_CursorOff
 .text.SevenSegDisplay_CursorInc
                0x00002480       0x48 ./source/drivers/seven_seg_display.o
                0x00002480                SevenSegDisplay_CursorInc
 .text.SevenSegDisplay_CursorDec
                0x000024c8       0x48 ./source/drivers/seven_seg_display.o
                0x000024c8                SevenSegDisplay_CursorDec
 .text.SevenSegDisplay_PrintCharacter
                0x00002510       0x50 ./source/drivers/seven_seg_display.o
                0x00002510                SevenSegDisplay_PrintCharacter
 .text.SevenSegDisplay_PISR
                0x00002560      0x254 ./source/drivers/seven_seg_display.o
                0x00002560                SevenSegDisplay_PISR
 .text.SevenSegDisplay_EraseScreen
                0x000027b4       0x3c ./source/drivers/seven_seg_display.o
                0x000027b4                SevenSegDisplay_EraseScreen
 .text.SevenSegDisplay_chat2sevseg
                0x000027f0       0x7c ./source/drivers/seven_seg_display.o
                0x000027f0                SevenSegDisplay_chat2sevseg
 .text.SevenSegDisplay_AnimationCircles
                0x0000286c       0x3c ./source/drivers/seven_seg_display.o
                0x0000286c                SevenSegDisplay_AnimationCircles
 .text.SevenSegDisplay_StopAnimation
                0x000028a8       0x18 ./source/drivers/seven_seg_display.o
                0x000028a8                SevenSegDisplay_StopAnimation
 .text.initializeDataBase
                0x000028c0      0x284 ./source/database/data_base.o
                0x000028c0                initializeDataBase
 .text.verifyID
                0x00002b44       0xa8 ./source/database/data_base.o
                0x00002b44                verifyID
 .text.verifyPIN
                0x00002bec       0xdc ./source/database/data_base.o
                0x00002bec                verifyPIN
 .text.isCurrentUserBlocked
                0x00002cc8       0x38 ./source/database/data_base.o
                0x00002cc8                isCurrentUserBlocked
 .text.AttemptsOnCurrent
                0x00002d00       0x30 ./source/database/data_base.o
                0x00002d00                AttemptsOnCurrent
 .text.getIdByCardNumber
                0x00002d30       0x9c ./source/database/data_base.o
                0x00002d30                getIdByCardNumber
 .text.UnblockUser
                0x00002dcc       0x68 ./source/database/data_base.o
                0x00002dcc                UnblockUser
 .text.IsAdmin  0x00002e34       0x38 ./source/database/data_base.o
                0x00002e34                IsAdmin
 .text.checkAddUser
                0x00002e6c      0x134 ./source/database/data_base.o
                0x00002e6c                checkAddUser
 .text.validateAll
                0x00002fa0       0x68 ./source/database/data_base.o
                0x00002fa0                validateAll
 .text.changePin
                0x00003008       0x6c ./source/database/data_base.o
                0x00003008                changePin
 .text.verifyCardNumber
                0x00003074       0xe0 ./source/database/data_base.o
                0x00003074                verifyCardNumber
 .text.removeUser
                0x00003154       0x58 ./source/database/data_base.o
                0x00003154                removeUser
 .text.moveAllUsersOnePlace
                0x000031ac      0x18c ./source/database/data_base.o
 .text.SysTick_Init
                0x00003338       0x3c ./source/MCAL/SysTick.o
                0x00003338                SysTick_Init
 .text.SysTick_AddCallback
                0x00003374       0x88 ./source/MCAL/SysTick.o
                0x00003374                SysTick_AddCallback
 .text.SysTick_Handler
                0x000033fc       0xdc ./source/MCAL/SysTick.o
                0x000033fc                SysTick_Handler
 .text.__NVIC_EnableIRQ
                0x000034d8       0x3c ./source/MCAL/gpio.o
 .text.__NVIC_GetEnableIRQ
                0x00003514       0x40 ./source/MCAL/gpio.o
 .text.gpioMode
                0x00003554      0x17c ./source/MCAL/gpio.o
                0x00003554                gpioMode
 .text.gpioToggle
                0x000036d0       0x48 ./source/MCAL/gpio.o
                0x000036d0                gpioToggle
 .text.gpioRead
                0x00003718       0x48 ./source/MCAL/gpio.o
                0x00003718                gpioRead
 .text.gpioWrite
                0x00003760       0x5c ./source/MCAL/gpio.o
                0x00003760                gpioWrite
 .text.gpioIRQ  0x000037bc       0x90 ./source/MCAL/gpio.o
                0x000037bc                gpioIRQ
 .text.interruptHandler
                0x0000384c       0xa0 ./source/MCAL/gpio.o
                0x0000384c                interruptHandler
 .text.addUserId_initLogin
                0x000038ec       0x28 ./source/FSM/States/add_user_state/substates/add_user_id_state.o
                0x000038ec                addUserId_initLogin
 .text.addUserId_increaseCurrent
                0x00003914       0x40 ./source/FSM/States/add_user_state/substates/add_user_id_state.o
                0x00003914                addUserId_increaseCurrent
 .text.addUserId_decreaseCurrent
                0x00003954       0x40 ./source/FSM/States/add_user_state/substates/add_user_id_state.o
                0x00003954                addUserId_decreaseCurrent
 .text.addUserId_confirmID
                0x00003994       0x64 ./source/FSM/States/add_user_state/substates/add_user_id_state.o
                0x00003994                addUserId_confirmID
 .text.addUserId_acceptNumber
                0x000039f8       0x40 ./source/FSM/States/add_user_state/substates/add_user_id_state.o
                0x000039f8                addUserId_acceptNumber
 .text.addUserId_getIDArray
                0x00003a38       0x14 ./source/FSM/States/add_user_state/substates/add_user_id_state.o
                0x00003a38                addUserId_getIDArray
 .text.showTitle
                0x00003a4c       0x48 ./source/FSM/States/add_user_state/substates/add_user_id_state.o
 .text.stopShowingTitle
                0x00003a94       0x30 ./source/FSM/States/add_user_state/substates/add_user_id_state.o
 .text.userInteractionStopsTitle
                0x00003ac4       0x28 ./source/FSM/States/add_user_state/substates/add_user_id_state.o
 .text.userInteractionStopsErrorIndication
                0x00003aec       0x30 ./source/FSM/States/add_user_state/substates/add_user_id_state.o
 .text.idFail   0x00003b1c       0x4c ./source/FSM/States/add_user_state/substates/add_user_id_state.o
 .text.idAlreadyExists
                0x00003b68       0x4c ./source/FSM/States/add_user_state/substates/add_user_id_state.o
 .text.addUsr_initState
                0x00003bb4       0x30 ./source/FSM/States/add_user_state/substates/add_user_main_state.o
                0x00003bb4                addUsr_initState
 .text.addUsr_cardSwipe
                0x00003be4       0xb4 ./source/FSM/States/add_user_state/substates/add_user_main_state.o
                0x00003be4                addUsr_cardSwipe
 .text.addUsr_getCardNumber
                0x00003c98       0x14 ./source/FSM/States/add_user_state/substates/add_user_main_state.o
                0x00003c98                addUsr_getCardNumber
 .text.showTitle
                0x00003cac       0x28 ./source/FSM/States/add_user_state/substates/add_user_main_state.o
 .text.CardFail
                0x00003cd4       0x40 ./source/FSM/States/add_user_state/substates/add_user_main_state.o
 .text.cardIsUsed
                0x00003d14       0x40 ./source/FSM/States/add_user_state/substates/add_user_main_state.o
 .text.addUserPin_initPinInput
                0x00003d54       0x28 ./source/FSM/States/add_user_state/substates/add_user_pin_state.o
                0x00003d54                addUserPin_initPinInput
 .text.addUserPin_confirmPin
                0x00003d7c       0x70 ./source/FSM/States/add_user_state/substates/add_user_pin_state.o
                0x00003d7c                addUserPin_confirmPin
 .text.addUserPin_acceptNumber
                0x00003dec       0x5c ./source/FSM/States/add_user_state/substates/add_user_pin_state.o
                0x00003dec                addUserPin_acceptNumber
 .text.addUserPin_increaseCurrent
                0x00003e48       0x40 ./source/FSM/States/add_user_state/substates/add_user_pin_state.o
                0x00003e48                addUserPin_increaseCurrent
 .text.addUserPin_decreaseCurrent
                0x00003e88       0x40 ./source/FSM/States/add_user_state/substates/add_user_pin_state.o
                0x00003e88                addUserPin_decreaseCurrent
 .text.showTitle
                0x00003ec8       0x48 ./source/FSM/States/add_user_state/substates/add_user_pin_state.o
 .text.stopShowingTitle
                0x00003f10       0x30 ./source/FSM/States/add_user_state/substates/add_user_pin_state.o
 .text.userInteractionStopsTitle
                0x00003f40       0x28 ./source/FSM/States/add_user_state/substates/add_user_pin_state.o
 .text.userInteractionStopsErrorIndication
                0x00003f68       0x30 ./source/FSM/States/add_user_state/substates/add_user_pin_state.o
 .text.pinFail  0x00003f98       0x4c ./source/FSM/States/add_user_state/substates/add_user_pin_state.o
 .text.subFSM_GetInitState
                0x00003fe4       0x14 ./source/FSM/States/add_user_state/add_user_fsm_table.o
                0x00003fe4                subFSM_GetInitState
 .text.addUser_initFSM
                0x00003ff8       0x1c ./source/FSM/States/add_user_state/add_user_state.o
                0x00003ff8                addUser_initFSM
 .text.addUser_onLKP
                0x00004014       0x20 ./source/FSM/States/add_user_state/add_user_state.o
                0x00004014                addUser_onLKP
 .text.addUser_onPress
                0x00004034       0x20 ./source/FSM/States/add_user_state/add_user_state.o
                0x00004034                addUser_onPress
 .text.addUser_onEncoderRight
                0x00004054       0x20 ./source/FSM/States/add_user_state/add_user_state.o
                0x00004054                addUser_onEncoderRight
 .text.addUser_onEncoderLeft
                0x00004074       0x20 ./source/FSM/States/add_user_state/add_user_state.o
                0x00004074                addUser_onEncoderLeft
 .text.addUser_onCardSwipe
                0x00004094       0x20 ./source/FSM/States/add_user_state/add_user_state.o
                0x00004094                addUser_onCardSwipe
 .text.addUser_onReturn
                0x000040b4       0x20 ./source/FSM/States/add_user_state/add_user_state.o
                0x000040b4                addUser_onReturn
 .text.addUser_onIdOk
                0x000040d4       0x20 ./source/FSM/States/add_user_state/add_user_state.o
                0x000040d4                addUser_onIdOk
 .text.addUser_onIdFail
                0x000040f4       0x20 ./source/FSM/States/add_user_state/add_user_state.o
                0x000040f4                addUser_onIdFail
 .text.addUser_onCardFail
                0x00004114       0x20 ./source/FSM/States/add_user_state/add_user_state.o
                0x00004114                addUser_onCardFail
 .text.initConfigDevice
                0x00004134       0x40 ./source/FSM/States/config_device_state.o
                0x00004134                initConfigDevice
 .text.configDev_nextOption
                0x00004174       0x2c ./source/FSM/States/config_device_state.o
                0x00004174                configDev_nextOption
 .text.configDev_previousOption
                0x000041a0       0x2c ./source/FSM/States/config_device_state.o
                0x000041a0                configDev_previousOption
 .text.setCurrentOption
                0x000041cc       0x38 ./source/FSM/States/config_device_state.o
 .text.configMe_initState
                0x00004204       0x28 ./source/FSM/States/config_me_state.o
                0x00004204                configMe_initState
 .text.configMe_confirmPin
                0x0000422c       0x48 ./source/FSM/States/config_me_state.o
                0x0000422c                configMe_confirmPin
 .text.configMe_acceptNumber
                0x00004274       0x40 ./source/FSM/States/config_me_state.o
                0x00004274                configMe_acceptNumber
 .text.configMe_increaseCurrent
                0x000042b4       0x40 ./source/FSM/States/config_me_state.o
                0x000042b4                configMe_increaseCurrent
 .text.configMe_decreaseCurrent
                0x000042f4       0x40 ./source/FSM/States/config_me_state.o
                0x000042f4                configMe_decreaseCurrent
 .text.showTitle
                0x00004334       0x4c ./source/FSM/States/config_me_state.o
 .text.stopShowingTitle
                0x00004380       0x30 ./source/FSM/States/config_me_state.o
 .text.userInteractionStopsTitle
                0x000043b0       0x24 ./source/FSM/States/config_me_state.o
 .text.userInteractionStopsErrorIndication
                0x000043d4       0x30 ./source/FSM/States/config_me_state.o
 .text.pinFail  0x00004404       0x4c ./source/FSM/States/config_me_state.o
 .text.deleteUser_initState
                0x00004450       0x28 ./source/FSM/States/delete_user_state.o
                0x00004450                deleteUser_initState
 .text.deleteUser_increaseCurrent
                0x00004478       0x40 ./source/FSM/States/delete_user_state.o
                0x00004478                deleteUser_increaseCurrent
 .text.deleteUser_decreaseCurrent
                0x000044b8       0x40 ./source/FSM/States/delete_user_state.o
                0x000044b8                deleteUser_decreaseCurrent
 .text.deleteUser_confirm
                0x000044f8       0x48 ./source/FSM/States/delete_user_state.o
                0x000044f8                deleteUser_confirm
 .text.deleteUser_acceptNumber
                0x00004540       0x40 ./source/FSM/States/delete_user_state.o
                0x00004540                deleteUser_acceptNumber
 .text.deleteUser_checkCardID
                0x00004580       0xe0 ./source/FSM/States/delete_user_state.o
                0x00004580                deleteUser_checkCardID
 .text.showTitle
                0x00004660       0x4c ./source/FSM/States/delete_user_state.o
 .text.stopShowingTitle
                0x000046ac       0x30 ./source/FSM/States/delete_user_state.o
 .text.userInteractionStopsTitle
                0x000046dc       0x24 ./source/FSM/States/delete_user_state.o
 .text.userInteractionStopsErrorIndication
                0x00004700       0x2c ./source/FSM/States/delete_user_state.o
 .text.idFail   0x0000472c       0x4c ./source/FSM/States/delete_user_state.o
 .text.idCardFail
                0x00004778       0x4c ./source/FSM/States/delete_user_state.o
 .text.initLogin
                0x000047c4       0x34 ./source/FSM/States/id_state.o
                0x000047c4                initLogin
 .text.id_increaseCurrent
                0x000047f8       0x44 ./source/FSM/States/id_state.o
                0x000047f8                id_increaseCurrent
 .text.id_decreaseCurrent
                0x0000483c       0x44 ./source/FSM/States/id_state.o
                0x0000483c                id_decreaseCurrent
 .text.id_confirmID
                0x00004880       0x54 ./source/FSM/States/id_state.o
                0x00004880                id_confirmID
 .text.id_acceptNumber
                0x000048d4       0x44 ./source/FSM/States/id_state.o
                0x000048d4                id_acceptNumber
 .text.id_checkCardID
                0x00004918       0xb4 ./source/FSM/States/id_state.o
                0x00004918                id_checkCardID
 .text.showTitle
                0x000049cc       0x48 ./source/FSM/States/id_state.o
 .text.stopShowingTitle
                0x00004a14       0x30 ./source/FSM/States/id_state.o
 .text.userInteractionStopsTitle
                0x00004a44       0x28 ./source/FSM/States/id_state.o
 .text.userInteractionStopsErrorIndication
                0x00004a6c       0x38 ./source/FSM/States/id_state.o
 .text.idFail   0x00004aa4       0x58 ./source/FSM/States/id_state.o
 .text.id_fail_animate
                0x00004afc       0x4c ./source/FSM/States/id_state.o
 .text.idCardFail
                0x00004b48       0x58 ./source/FSM/States/id_state.o
 .text.menu_initState
                0x00004ba0       0x30 ./source/FSM/States/menu_state.o
                0x00004ba0                menu_initState
 .text.menu_nextOption
                0x00004bd0       0x60 ./source/FSM/States/menu_state.o
                0x00004bd0                menu_nextOption
 .text.menu_previousOption
                0x00004c30       0x5c ./source/FSM/States/menu_state.o
                0x00004c30                menu_previousOption
 .text.menu_selectOption
                0x00004c8c       0x80 ./source/FSM/States/menu_state.o
                0x00004c8c                menu_selectOption
 .text.showTitle
                0x00004d0c       0x68 ./source/FSM/States/menu_state.o
 .text.setCurrentOption
                0x00004d74       0xa8 ./source/FSM/States/menu_state.o
 .text.stopShowingTitle
                0x00004e1c       0x28 ./source/FSM/States/menu_state.o
 .text.userInteractionStopsTitle
                0x00004e44       0x24 ./source/FSM/States/menu_state.o
 .text.openDoor
                0x00004e68       0x20 ./source/FSM/States/open_state.o
                0x00004e68                openDoor
 .text.initPinInput
                0x00004e88       0x34 ./source/FSM/States/pin_state.o
                0x00004e88                initPinInput
 .text.pin_confirmPin
                0x00004ebc       0x64 ./source/FSM/States/pin_state.o
                0x00004ebc                pin_confirmPin
 .text.pin_acceptNumber
                0x00004f20       0x6c ./source/FSM/States/pin_state.o
                0x00004f20                pin_acceptNumber
 .text.pin_increaseCurrent
                0x00004f8c       0x54 ./source/FSM/States/pin_state.o
                0x00004f8c                pin_increaseCurrent
 .text.pin_decreaseCurrent
                0x00004fe0       0x54 ./source/FSM/States/pin_state.o
                0x00004fe0                pin_decreaseCurrent
 .text.showTitle
                0x00005034       0x5c ./source/FSM/States/pin_state.o
 .text.stopShowingTitle
                0x00005090       0x34 ./source/FSM/States/pin_state.o
 .text.userInteractionStopsTitle
                0x000050c4       0x30 ./source/FSM/States/pin_state.o
 .text.pinFail  0x000050f4       0xa0 ./source/FSM/States/pin_state.o
 .text.stopErrorIndication
                0x00005194       0x2c ./source/FSM/States/pin_state.o
 .text.userInteractionStopsErrorIndication
                0x000051c0       0x30 ./source/FSM/States/pin_state.o
 .text.startFailAnimation
                0x000051f0       0x40 ./source/FSM/States/pin_state.o
 .text.finishFailAnimation
                0x00005230       0x34 ./source/FSM/States/pin_state.o
 .text.userInteractionFinishesFailAnimation
                0x00005264       0x28 ./source/FSM/States/pin_state.o
 .text.showWelcomeAnimation
                0x0000528c       0x30 ./source/FSM/States/welcome_state.o
                0x0000528c                showWelcomeAnimation
 .text.FSM_GetInitState
                0x000052bc       0x14 ./source/FSM/fsm_table.o
                0x000052bc                FSM_GetInitState
 .text.App_Init
                0x000052d0       0x6c ./source/App.o
                0x000052d0                App_Init
 .text.App_Run  0x0000533c       0x38 ./source/App.o
                0x0000533c                App_Run
 .text.fillQueue
                0x00005374       0x94 ./source/App.o
 .text.initQueue
                0x00005408       0x50 ./source/queue.o
                0x00005408                initQueue
 .text.emitEvent
                0x00005458       0x70 ./source/queue.o
                0x00005458                emitEvent
 .text.getEvent
                0x000054c8       0x3c ./source/queue.o
                0x000054c8                getEvent
 .text.queueIsEmpty
                0x00005504       0x34 ./source/queue.o
                0x00005504                queueIsEmpty
 .text.SystemInit
                0x00005538       0x3c ./CMSIS/system_MK64F12.o
                0x00005538                SystemInit
 .text._initio  0x00005574       0x78 c:/nxp/mcuxpressoide_10.2.0_759/ide/tools/bin/../lib/gcc/arm-none-eabi/7.2.1/../../../../arm-none-eabi/lib/thumb/v7e-m/fpv4-sp/hard\libcr_c.a(initio.o)
                0x00005574                _initio
 .text.setvbuf  0x000055ec       0x40 c:/nxp/mcuxpressoide_10.2.0_759/ide/tools/bin/../lib/gcc/arm-none-eabi/7.2.1/../../../../arm-none-eabi/lib/thumb/v7e-m/fpv4-sp/hard\libcr_c.a(setvbuf.o)
                0x000055ec                setvbuf
 .text.fflush   0x0000562c       0x44 c:/nxp/mcuxpressoide_10.2.0_759/ide/tools/bin/../lib/gcc/arm-none-eabi/7.2.1/../../../../arm-none-eabi/lib/thumb/v7e-m/fpv4-sp/hard\libcr_c.a(fflush.o)
                0x0000562c                fflush
 .text.fseek    0x00005670      0x100 c:/nxp/mcuxpressoide_10.2.0_759/ide/tools/bin/../lib/gcc/arm-none-eabi/7.2.1/../../../../arm-none-eabi/lib/thumb/v7e-m/fpv4-sp/hard\libcr_c.a(fseek.o)
                0x00005670                fseek
 .text.ftell    0x00005770       0x44 c:/nxp/mcuxpressoide_10.2.0_759/ide/tools/bin/../lib/gcc/arm-none-eabi/7.2.1/../../../../arm-none-eabi/lib/thumb/v7e-m/fpv4-sp/hard\libcr_c.a(ftell.o)
                0x00005770                ftell
 .text._Cwritebuf
                0x000057b4       0x6c c:/nxp/mcuxpressoide_10.2.0_759/ide/tools/bin/../lib/gcc/arm-none-eabi/7.2.1/../../../../arm-none-eabi/lib/thumb/v7e-m/fpv4-sp/hard\libcr_c.a(_writebuf.o)
                0x000057b4                _Cwritebuf
 .text.main     0x00005820       0x1a ./source/startup/main.o
                0x00005820                main
 .text.HardFault_Handler
                0x0000583a       0x2c ./source/startup/semihost_hardfault.o
                0x0000583a                HardFault_Handler
 .text.DMA0_IRQHandler
                0x00005866        0x8 ./source/startup/startup_mk64f12.o
                0x00005866                DMA0_IRQHandler
 .text.DMA1_IRQHandler
                0x0000586e        0x8 ./source/startup/startup_mk64f12.o
                0x0000586e                DMA1_IRQHandler
 .text.DMA2_IRQHandler
                0x00005876        0x8 ./source/startup/startup_mk64f12.o
                0x00005876                DMA2_IRQHandler
 .text.DMA3_IRQHandler
                0x0000587e        0x8 ./source/startup/startup_mk64f12.o
                0x0000587e                DMA3_IRQHandler
 .text.DMA4_IRQHandler
                0x00005886        0x8 ./source/startup/startup_mk64f12.o
                0x00005886                DMA4_IRQHandler
 .text.DMA5_IRQHandler
                0x0000588e        0x8 ./source/startup/startup_mk64f12.o
                0x0000588e                DMA5_IRQHandler
 .text.DMA6_IRQHandler
                0x00005896        0x8 ./source/startup/startup_mk64f12.o
                0x00005896                DMA6_IRQHandler
 .text.DMA7_IRQHandler
                0x0000589e        0x8 ./source/startup/startup_mk64f12.o
                0x0000589e                DMA7_IRQHandler
 .text.DMA8_IRQHandler
                0x000058a6        0x8 ./source/startup/startup_mk64f12.o
                0x000058a6                DMA8_IRQHandler
 .text.DMA9_IRQHandler
                0x000058ae        0x8 ./source/startup/startup_mk64f12.o
                0x000058ae                DMA9_IRQHandler
 .text.DMA10_IRQHandler
                0x000058b6        0x8 ./source/startup/startup_mk64f12.o
                0x000058b6                DMA10_IRQHandler
 .text.DMA11_IRQHandler
                0x000058be        0x8 ./source/startup/startup_mk64f12.o
                0x000058be                DMA11_IRQHandler
 .text.DMA12_IRQHandler
                0x000058c6        0x8 ./source/startup/startup_mk64f12.o
                0x000058c6                DMA12_IRQHandler
 .text.DMA13_IRQHandler
                0x000058ce        0x8 ./source/startup/startup_mk64f12.o
                0x000058ce                DMA13_IRQHandler
 .text.DMA14_IRQHandler
                0x000058d6        0x8 ./source/startup/startup_mk64f12.o
                0x000058d6                DMA14_IRQHandler
 .text.DMA15_IRQHandler
                0x000058de        0x8 ./source/startup/startup_mk64f12.o
                0x000058de                DMA15_IRQHandler
 .text.DMA_Error_IRQHandler
                0x000058e6        0x8 ./source/startup/startup_mk64f12.o
                0x000058e6                DMA_Error_IRQHandler
 .text.MCM_IRQHandler
                0x000058ee        0x8 ./source/startup/startup_mk64f12.o
                0x000058ee                MCM_IRQHandler
 .text.FTFE_IRQHandler
                0x000058f6        0x8 ./source/startup/startup_mk64f12.o
                0x000058f6                FTFE_IRQHandler
 .text.Read_Collision_IRQHandler
                0x000058fe        0x8 ./source/startup/startup_mk64f12.o
                0x000058fe                Read_Collision_IRQHandler
 .text.LVD_LVW_IRQHandler
                0x00005906        0x8 ./source/startup/startup_mk64f12.o
                0x00005906                LVD_LVW_IRQHandler
 .text.LLWU_IRQHandler
                0x0000590e        0x8 ./source/startup/startup_mk64f12.o
                0x0000590e                LLWU_IRQHandler
 .text.WDOG_EWM_IRQHandler
                0x00005916        0x8 ./source/startup/startup_mk64f12.o
                0x00005916                WDOG_EWM_IRQHandler
 .text.RNG_IRQHandler
                0x0000591e        0x8 ./source/startup/startup_mk64f12.o
                0x0000591e                RNG_IRQHandler
 .text.I2C0_IRQHandler
                0x00005926        0x8 ./source/startup/startup_mk64f12.o
                0x00005926                I2C0_IRQHandler
 .text.I2C1_IRQHandler
                0x0000592e        0x8 ./source/startup/startup_mk64f12.o
                0x0000592e                I2C1_IRQHandler
 .text.SPI0_IRQHandler
                0x00005936        0x8 ./source/startup/startup_mk64f12.o
                0x00005936                SPI0_IRQHandler
 .text.SPI1_IRQHandler
                0x0000593e        0x8 ./source/startup/startup_mk64f12.o
                0x0000593e                SPI1_IRQHandler
 .text.I2S0_Tx_IRQHandler
                0x00005946        0x8 ./source/startup/startup_mk64f12.o
                0x00005946                I2S0_Tx_IRQHandler
 .text.I2S0_Rx_IRQHandler
                0x0000594e        0x8 ./source/startup/startup_mk64f12.o
                0x0000594e                I2S0_Rx_IRQHandler
 .text.UART0_LON_IRQHandler
                0x00005956        0x8 ./source/startup/startup_mk64f12.o
                0x00005956                UART0_LON_IRQHandler
 .text.UART0_RX_TX_IRQHandler
                0x0000595e        0x8 ./source/startup/startup_mk64f12.o
                0x0000595e                UART0_RX_TX_IRQHandler
 .text.UART0_ERR_IRQHandler
                0x00005966        0x8 ./source/startup/startup_mk64f12.o
                0x00005966                UART0_ERR_IRQHandler
 .text.UART1_RX_TX_IRQHandler
                0x0000596e        0x8 ./source/startup/startup_mk64f12.o
                0x0000596e                UART1_RX_TX_IRQHandler
 .text.UART1_ERR_IRQHandler
                0x00005976        0x8 ./source/startup/startup_mk64f12.o
                0x00005976                UART1_ERR_IRQHandler
 .text.UART2_RX_TX_IRQHandler
                0x0000597e        0x8 ./source/startup/startup_mk64f12.o
                0x0000597e                UART2_RX_TX_IRQHandler
 .text.UART2_ERR_IRQHandler
                0x00005986        0x8 ./source/startup/startup_mk64f12.o
                0x00005986                UART2_ERR_IRQHandler
 .text.UART3_RX_TX_IRQHandler
                0x0000598e        0x8 ./source/startup/startup_mk64f12.o
                0x0000598e                UART3_RX_TX_IRQHandler
 .text.UART3_ERR_IRQHandler
                0x00005996        0x8 ./source/startup/startup_mk64f12.o
                0x00005996                UART3_ERR_IRQHandler
 .text.ADC0_IRQHandler
                0x0000599e        0x8 ./source/startup/startup_mk64f12.o
                0x0000599e                ADC0_IRQHandler
 .text.CMP0_IRQHandler
                0x000059a6        0x8 ./source/startup/startup_mk64f12.o
                0x000059a6                CMP0_IRQHandler
 .text.CMP1_IRQHandler
                0x000059ae        0x8 ./source/startup/startup_mk64f12.o
                0x000059ae                CMP1_IRQHandler
 .text.FTM0_IRQHandler
                0x000059b6        0x8 ./source/startup/startup_mk64f12.o
                0x000059b6                FTM0_IRQHandler
 .text.FTM1_IRQHandler
                0x000059be        0x8 ./source/startup/startup_mk64f12.o
                0x000059be                FTM1_IRQHandler
 .text.FTM2_IRQHandler
                0x000059c6        0x8 ./source/startup/startup_mk64f12.o
                0x000059c6                FTM2_IRQHandler
 .text.CMT_IRQHandler
                0x000059ce        0x8 ./source/startup/startup_mk64f12.o
                0x000059ce                CMT_IRQHandler
 .text.RTC_IRQHandler
                0x000059d6        0x8 ./source/startup/startup_mk64f12.o
                0x000059d6                RTC_IRQHandler
 .text.RTC_Seconds_IRQHandler
                0x000059de        0x8 ./source/startup/startup_mk64f12.o
                0x000059de                RTC_Seconds_IRQHandler
 .text.PIT0_IRQHandler
                0x000059e6        0x8 ./source/startup/startup_mk64f12.o
                0x000059e6                PIT0_IRQHandler
 .text.PIT1_IRQHandler
                0x000059ee        0x8 ./source/startup/startup_mk64f12.o
                0x000059ee                PIT1_IRQHandler
 .text.PIT2_IRQHandler
                0x000059f6        0x8 ./source/startup/startup_mk64f12.o
                0x000059f6                PIT2_IRQHandler
 .text.PIT3_IRQHandler
                0x000059fe        0x8 ./source/startup/startup_mk64f12.o
                0x000059fe                PIT3_IRQHandler
 .text.PDB0_IRQHandler
                0x00005a06        0x8 ./source/startup/startup_mk64f12.o
                0x00005a06                PDB0_IRQHandler
 .text.USB0_IRQHandler
                0x00005a0e        0x8 ./source/startup/startup_mk64f12.o
                0x00005a0e                USB0_IRQHandler
 .text.USBDCD_IRQHandler
                0x00005a16        0x8 ./source/startup/startup_mk64f12.o
                0x00005a16                USBDCD_IRQHandler
 .text.Reserved71_IRQHandler
                0x00005a1e        0x8 ./source/startup/startup_mk64f12.o
                0x00005a1e                Reserved71_IRQHandler
 .text.DAC0_IRQHandler
                0x00005a26        0x8 ./source/startup/startup_mk64f12.o
                0x00005a26                DAC0_IRQHandler
 .text.MCG_IRQHandler
                0x00005a2e        0x8 ./source/startup/startup_mk64f12.o
                0x00005a2e                MCG_IRQHandler
 .text.LPTMR0_IRQHandler
                0x00005a36        0x8 ./source/startup/startup_mk64f12.o
                0x00005a36                LPTMR0_IRQHandler
 .text.SWI_IRQHandler
                0x00005a3e        0x8 ./source/startup/startup_mk64f12.o
                0x00005a3e                SWI_IRQHandler
 .text.SPI2_IRQHandler
                0x00005a46        0x8 ./source/startup/startup_mk64f12.o
                0x00005a46                SPI2_IRQHandler
 .text.UART4_RX_TX_IRQHandler
                0x00005a4e        0x8 ./source/startup/startup_mk64f12.o
                0x00005a4e                UART4_RX_TX_IRQHandler
 .text.UART4_ERR_IRQHandler
                0x00005a56        0x8 ./source/startup/startup_mk64f12.o
                0x00005a56                UART4_ERR_IRQHandler
 .text.UART5_RX_TX_IRQHandler
                0x00005a5e        0x8 ./source/startup/startup_mk64f12.o
                0x00005a5e                UART5_RX_TX_IRQHandler
 .text.UART5_ERR_IRQHandler
                0x00005a66        0x8 ./source/startup/startup_mk64f12.o
                0x00005a66                UART5_ERR_IRQHandler
 .text.CMP2_IRQHandler
                0x00005a6e        0x8 ./source/startup/startup_mk64f12.o
                0x00005a6e                CMP2_IRQHandler
 .text.FTM3_IRQHandler
                0x00005a76        0x8 ./source/startup/startup_mk64f12.o
                0x00005a76                FTM3_IRQHandler
 .text.DAC1_IRQHandler
                0x00005a7e        0x8 ./source/startup/startup_mk64f12.o
                0x00005a7e                DAC1_IRQHandler
 .text.ADC1_IRQHandler
                0x00005a86        0x8 ./source/startup/startup_mk64f12.o
                0x00005a86                ADC1_IRQHandler
 .text.I2C2_IRQHandler
                0x00005a8e        0x8 ./source/startup/startup_mk64f12.o
                0x00005a8e                I2C2_IRQHandler
 .text.CAN0_ORed_Message_buffer_IRQHandler
                0x00005a96        0x8 ./source/startup/startup_mk64f12.o
                0x00005a96                CAN0_ORed_Message_buffer_IRQHandler
 .text.CAN0_Bus_Off_IRQHandler
                0x00005a9e        0x8 ./source/startup/startup_mk64f12.o
                0x00005a9e                CAN0_Bus_Off_IRQHandler
 .text.CAN0_Error_IRQHandler
                0x00005aa6        0x8 ./source/startup/startup_mk64f12.o
                0x00005aa6                CAN0_Error_IRQHandler
 .text.CAN0_Tx_Warning_IRQHandler
                0x00005aae        0x8 ./source/startup/startup_mk64f12.o
                0x00005aae                CAN0_Tx_Warning_IRQHandler
 .text.CAN0_Rx_Warning_IRQHandler
                0x00005ab6        0x8 ./source/startup/startup_mk64f12.o
                0x00005ab6                CAN0_Rx_Warning_IRQHandler
 .text.CAN0_Wake_Up_IRQHandler
                0x00005abe        0x8 ./source/startup/startup_mk64f12.o
                0x00005abe                CAN0_Wake_Up_IRQHandler
 .text.SDHC_IRQHandler
                0x00005ac6        0x8 ./source/startup/startup_mk64f12.o
                0x00005ac6                SDHC_IRQHandler
 .text.ENET_1588_Timer_IRQHandler
                0x00005ace        0x8 ./source/startup/startup_mk64f12.o
                0x00005ace                ENET_1588_Timer_IRQHandler
 .text.ENET_Transmit_IRQHandler
                0x00005ad6        0x8 ./source/startup/startup_mk64f12.o
                0x00005ad6                ENET_Transmit_IRQHandler
 .text.ENET_Receive_IRQHandler
                0x00005ade        0x8 ./source/startup/startup_mk64f12.o
                0x00005ade                ENET_Receive_IRQHandler
 .text.ENET_Error_IRQHandler
                0x00005ae6        0x8 ./source/startup/startup_mk64f12.o
                0x00005ae6                ENET_Error_IRQHandler
 .text.Led_On   0x00005aee       0x1c ./source/drivers/Led.o
                0x00005aee                Led_On
 .text.Led_Off  0x00005b0a       0x1c ./source/drivers/Led.o
                0x00005b0a                Led_Off
 .text.Led_Toggle
                0x00005b26       0x1a ./source/drivers/Led.o
                0x00005b26                Led_Toggle
 .text.OnForDefinedTimeCalledFromPISR
                0x00005b40       0x4e ./source/drivers/Led.o
 .text.BlinkCalledFromPISR
                0x00005b8e       0x74 ./source/drivers/Led.o
 .text.RepetitionBlinkCalledFromPISR
                0x00005c02       0x7c ./source/drivers/Led.o
 .text.InfiniteBlinkCalledFromPISR
                0x00005c7e       0x4a ./source/drivers/Led.o
 .text.getArrayEffectiveLength
                0x00005cc8       0x54 ./source/drivers/Timer.o
 .text.checkIdArrayFormat
                0x00005d1c       0x26 ./source/database/data_base.o
 .text.getEffectiveArrayLength
                0x00005d42       0x6a ./source/database/data_base.o
 .text.validateNewId
                0x00005dac       0x38 ./source/database/data_base.o
                0x00005dac                validateNewId
 .text.checkPinArrayFormat
                0x00005de4       0x2c ./source/database/data_base.o
                0x00005de4                checkPinArrayFormat
 .text.getArrayEffectiveLength
                0x00005e10       0x54 ./source/MCAL/SysTick.o
 .text.PORTA_IRQHandler
                0x00005e64       0x1e ./source/MCAL/gpio.o
                0x00005e64                PORTA_IRQHandler
 .text.PORTB_IRQHandler
                0x00005e82       0x1e ./source/MCAL/gpio.o
                0x00005e82                PORTB_IRQHandler
 .text.PORTC_IRQHandler
                0x00005ea0       0x1e ./source/MCAL/gpio.o
                0x00005ea0                PORTC_IRQHandler
 .text.PORTD_IRQHandler
                0x00005ebe       0x1e ./source/MCAL/gpio.o
                0x00005ebe                PORTD_IRQHandler
 .text.PORTE_IRQHandler
                0x00005edc       0x1e ./source/MCAL/gpio.o
                0x00005edc                PORTE_IRQHandler
 .text.subFSM_StartInitState
                0x00005efa        0xc ./source/FSM/States/add_user_state/add_user_fsm_table.o
                0x00005efa                subFSM_StartInitState
 .text.do_nothing
                0x00005f06        0xe ./source/FSM/States/add_user_state/add_user_fsm_table.o
 .text.return_to_last
                0x00005f14        0xe ./source/FSM/States/add_user_state/add_user_fsm_table.o
 .text.configDev_selectOption
                0x00005f22       0x12 ./source/FSM/States/config_device_state.o
                0x00005f22                configDev_selectOption
 .text.userInteractionStopErrorIndicationAndRestart
                0x00005f34       0x10 ./source/FSM/States/delete_user_state.o
 .text.userInteractionStopErrorIndicationAndRestart
                0x00005f44       0x1c ./source/FSM/States/id_state.o
 .text.accessTimeOut
                0x00005f60       0x14 ./source/FSM/States/open_state.o
                0x00005f60                accessTimeOut
 .text.inputIncreaseCurrent
                0x00005f74       0x8a ./source/FSM/States/user_input.o
                0x00005f74                inputIncreaseCurrent
 .text.inputDecreaseCurrent
                0x00005ffe       0x8c ./source/FSM/States/user_input.o
                0x00005ffe                inputDecreaseCurrent
 .text.inputResetArray
                0x0000608a       0x3c ./source/FSM/States/user_input.o
                0x0000608a                inputResetArray
 .text.inputAcceptNumber
                0x000060c6       0xa8 ./source/FSM/States/user_input.o
                0x000060c6                inputAcceptNumber
 .text.getEffectiveArrayLength
                0x0000616e       0x60 ./source/FSM/States/user_input.o
                0x0000616e                getEffectiveArrayLength
 .text.deleteLastChar
                0x000061ce       0x52 ./source/FSM/States/user_input.o
 .text.cardSwipe
                0x00006220       0x94 ./source/FSM/States/welcome_state.o
                0x00006220                cardSwipe
 .text.fsm      0x000062b4       0x3c ./source/FSM/fsm.o
                0x000062b4                fsm
 .text.FSM_StartInitState
                0x000062f0        0xc ./source/FSM/fsm_table.o
                0x000062f0                FSM_StartInitState
 .text.do_nothing
                0x000062fc        0xe ./source/FSM/fsm_table.o
 .text.timeOutCallback
                0x0000630a        0xe ./source/App.o
 .text.SystemInitHook
                0x00006318        0xe ./CMSIS/system_MK64F12.o
                0x00006318                SystemInitHook
 .text.__main   0x00006326        0xe c:/nxp/mcuxpressoide_10.2.0_759/ide/tools/bin/../lib/gcc/arm-none-eabi/7.2.1/../../../../arm-none-eabi/lib/thumb/v7e-m/fpv4-sp/hard\libcr_semihost_nf.a(_cr__main.o)
                0x00006326                __CR_SEMIHOST
                0x00006326                __main
 .text.memcpy   0x00006334        0x4 c:/nxp/mcuxpressoide_10.2.0_759/ide/tools/bin/../lib/gcc/arm-none-eabi/7.2.1/../../../../arm-none-eabi/lib/thumb/v7e-m/fpv4-sp/hard\libcr_c.a(memcpy.o)
                0x00006334                memcpy
 .text.memset   0x00006338        0x4 c:/nxp/mcuxpressoide_10.2.0_759/ide/tools/bin/../lib/gcc/arm-none-eabi/7.2.1/../../../../arm-none-eabi/lib/thumb/v7e-m/fpv4-sp/hard\libcr_c.a(memset.o)
                0x00006338                memset
 .text._fdopen  0x0000633c       0x68 c:/nxp/mcuxpressoide_10.2.0_759/ide/tools/bin/../lib/gcc/arm-none-eabi/7.2.1/../../../../arm-none-eabi/lib/thumb/v7e-m/fpv4-sp/hard\libcr_c.a(_fdopen.o)
                0x0000633c                _fdopen
 .text.fclose   0x000063a4       0x58 c:/nxp/mcuxpressoide_10.2.0_759/ide/tools/bin/../lib/gcc/arm-none-eabi/7.2.1/../../../../arm-none-eabi/lib/thumb/v7e-m/fpv4-sp/hard\libcr_c.a(fclose.o)
                0x000063a4                fclose
 .text.remove   0x000063fc       0x14 c:/nxp/mcuxpressoide_10.2.0_759/ide/tools/bin/../lib/gcc/arm-none-eabi/7.2.1/../../../../arm-none-eabi/lib/thumb/v7e-m/fpv4-sp/hard\libcr_c.a(remove.o)
                0x000063fc                remove
 .text.strlen   0x00006410       0x4a c:/nxp/mcuxpressoide_10.2.0_759/ide/tools/bin/../lib/gcc/arm-none-eabi/7.2.1/../../../../arm-none-eabi/lib/thumb/v7e-m/fpv4-sp/hard\libcr_c.a(strlen.o)
                0x00006410                strlen
 .text._do_fflush
                0x0000645a       0x40 c:/nxp/mcuxpressoide_10.2.0_759/ide/tools/bin/../lib/gcc/arm-none-eabi/7.2.1/../../../../arm-none-eabi/lib/thumb/v7e-m/fpv4-sp/hard\libcr_c.a(_do_fflush.o)
                0x0000645a                _do_fflush
 .text._fflush  0x0000649a       0x52 c:/nxp/mcuxpressoide_10.2.0_759/ide/tools/bin/../lib/gcc/arm-none-eabi/7.2.1/../../../../arm-none-eabi/lib/thumb/v7e-m/fpv4-sp/hard\libcr_c.a(_fflush.o)
                0x0000649a                _fflush
 .text.free     0x000064ec       0x30 c:/nxp/mcuxpressoide_10.2.0_759/ide/tools/bin/../lib/gcc/arm-none-eabi/7.2.1/../../../../arm-none-eabi/lib/thumb/v7e-m/fpv4-sp/hard\libcr_c.a(alloc.o)
                0x000064ec                free
 .text._deferredlazyseek
                0x0000651c       0x40 c:/nxp/mcuxpressoide_10.2.0_759/ide/tools/bin/../lib/gcc/arm-none-eabi/7.2.1/../../../../arm-none-eabi/lib/thumb/v7e-m/fpv4-sp/hard\libcr_c.a(_deferredlazyseek.o)
                0x0000651c                _deferredlazyseek
 .text.__aeabi_memcpy
                0x0000655c       0x34 c:/nxp/mcuxpressoide_10.2.0_759/ide/tools/bin/../lib/gcc/arm-none-eabi/7.2.1/thumb/v7e-m/fpv4-sp/hard\libcr_eabihelpers.a(memcpy.o)
                0x0000655c                __aeabi_memcpy
                0x00006566                __aeabi_memcpy8
                0x00006566                __aeabi_memcpy4
 .text.__aeabi_memset_lowlevel
                0x00006590       0x32 c:/nxp/mcuxpressoide_10.2.0_759/ide/tools/bin/../lib/gcc/arm-none-eabi/7.2.1/thumb/v7e-m/fpv4-sp/hard\libcr_eabihelpers.a(memcpy.o)
                0x00006590                __aeabi_lowlevel_memset
 .text.__sys_close
                0x000065c2        0xc c:/nxp/mcuxpressoide_10.2.0_759/ide/tools/bin/../lib/gcc/arm-none-eabi/7.2.1/../../../../arm-none-eabi/lib/thumb/v7e-m/fpv4-sp/hard\libcr_semihost_nf.a(__sys_close.o)
                0x000065c2                __sys_close
 .text.__sys_flen
                0x000065ce        0xc c:/nxp/mcuxpressoide_10.2.0_759/ide/tools/bin/../lib/gcc/arm-none-eabi/7.2.1/../../../../arm-none-eabi/lib/thumb/v7e-m/fpv4-sp/hard\libcr_semihost_nf.a(__sys_flen.o)
                0x000065ce                __sys_flen
 .text.__sys_istty
                0x000065da        0xc c:/nxp/mcuxpressoide_10.2.0_759/ide/tools/bin/../lib/gcc/arm-none-eabi/7.2.1/../../../../arm-none-eabi/lib/thumb/v7e-m/fpv4-sp/hard\libcr_semihost_nf.a(__sys_istty.o)
                0x000065da                __sys_istty
 .text.__sys_remove
                0x000065e6        0xc c:/nxp/mcuxpressoide_10.2.0_759/ide/tools/bin/../lib/gcc/arm-none-eabi/7.2.1/../../../../arm-none-eabi/lib/thumb/v7e-m/fpv4-sp/hard\libcr_semihost_nf.a(__sys_remove.o)
                0x000065e6                __sys_remove
 .text.__sys_seek
                0x000065f2        0xc c:/nxp/mcuxpressoide_10.2.0_759/ide/tools/bin/../lib/gcc/arm-none-eabi/7.2.1/../../../../arm-none-eabi/lib/thumb/v7e-m/fpv4-sp/hard\libcr_semihost_nf.a(__sys_seek.o)
                0x000065f2                __sys_seek
 .text.__sys_tmpnam
                0x000065fe        0xc c:/nxp/mcuxpressoide_10.2.0_759/ide/tools/bin/../lib/gcc/arm-none-eabi/7.2.1/../../../../arm-none-eabi/lib/thumb/v7e-m/fpv4-sp/hard\libcr_semihost_nf.a(__sys_tmpnam.o)
                0x000065fe                __sys_tmpnam
 .text.__sys_write
                0x0000660a        0xc c:/nxp/mcuxpressoide_10.2.0_759/ide/tools/bin/../lib/gcc/arm-none-eabi/7.2.1/../../../../arm-none-eabi/lib/thumb/v7e-m/fpv4-sp/hard\libcr_semihost_nf.a(__sys_write.o)
                0x0000660a                __sys_write
 *(SORT_BY_ALIGNMENT(.rodata) SORT_BY_ALIGNMENT(.rodata.*) SORT_BY_ALIGNMENT(.constdata) SORT_BY_ALIGNMENT(.constdata.*))
 *fill*         0x00006616        0x2 ff
 .rodata.numbers
                0x00006618        0xa ./source/drivers/seven_seg_display.o
 *fill*         0x00006622        0x2 ff
 .rodata.letters
                0x00006624       0x1a ./source/drivers/seven_seg_display.o
 *fill*         0x0000663e        0x2 ff
 .rodata.extras
                0x00006640        0xa ./source/drivers/seven_seg_display.o
 *fill*         0x0000664a        0x2 ff
 .rodata        0x0000664c       0x1f ./source/FSM/States/add_user_state/substates/add_user_id_state.o
 *fill*         0x0000666b        0x1 ff
 .rodata        0x0000666c       0x25 ./source/FSM/States/add_user_state/substates/add_user_main_state.o
 *fill*         0x00006691        0x3 ff
 .rodata        0x00006694       0x13 ./source/FSM/States/add_user_state/substates/add_user_pin_state.o
 *fill*         0x000066a7        0x1 ff
 .rodata        0x000066a8       0x12 ./source/FSM/States/config_me_state.o
 *fill*         0x000066ba        0x2 ff
 .rodata        0x000066bc       0x2c ./source/FSM/States/delete_user_state.o
 .rodata        0x000066e8       0x20 ./source/FSM/States/id_state.o
 .rodata        0x00006708       0x4c ./source/FSM/States/menu_state.o
 .rodata        0x00006754       0x23 ./source/FSM/States/pin_state.o
 *fill*         0x00006777        0x1 ff
 .rodata        0x00006778        0x7 ./source/FSM/States/welcome_state.o
 *fill*         0x0000677f        0x1 ff
 .rodata.__num_Ciob_streams
                0x00006780        0x4 c:/nxp/mcuxpressoide_10.2.0_759/ide/tools/bin/../lib/gcc/arm-none-eabi/7.2.1/../../../../arm-none-eabi/lib/thumb/v7e-m/fpv4-sp/hard\libcr_semihost_nf.a(__ciob.o)
                0x00006780                __num_Ciob_streams
 .rodata._initio.str1.1
                0x00006784        0x4 c:/nxp/mcuxpressoide_10.2.0_759/ide/tools/bin/../lib/gcc/arm-none-eabi/7.2.1/../../../../arm-none-eabi/lib/thumb/v7e-m/fpv4-sp/hard\libcr_c.a(initio.o)
                0x00006788                . = ALIGN (0x8)

.glue_7         0x00006788        0x0
 .glue_7        0x00006788        0x0 linker stubs

.glue_7t        0x00006788        0x0
 .glue_7t       0x00006788        0x0 linker stubs

.vfp11_veneer   0x00006788        0x0
 .vfp11_veneer  0x00006788        0x0 linker stubs

.v4_bx          0x00006788        0x0
 .v4_bx         0x00006788        0x0 linker stubs

.iplt           0x00006788        0x0
 .iplt          0x00006788        0x0 ./source/startup/hardware.o

.rel.dyn        0x00006788        0x0
 .rel.iplt      0x00006788        0x0 ./source/startup/hardware.o

.ARM.extab
 *(SORT_BY_ALIGNMENT(.ARM.extab*) SORT_BY_ALIGNMENT(.gnu.linkonce.armextab.*))
                0x00006788                __exidx_start = .

.ARM.exidx
 *(SORT_BY_ALIGNMENT(.ARM.exidx*) SORT_BY_ALIGNMENT(.gnu.linkonce.armexidx.*))
                0x00006788                __exidx_end = .
                0x00006788                _etext = .

.m_usb_data
 *(SORT_BY_ALIGNMENT(m_usb_bdt))

.data_RAM2      0x1fff0000        0x0 load address 0x00006788
 FILL mask 0xff
                [!provide]                PROVIDE (__start_data_RAM2, .)
 *(SORT_BY_ALIGNMENT(.ramfunc.$RAM2))
 *(SORT_BY_ALIGNMENT(.ramfunc.$SRAM_LOWER))
 *(SORT_BY_ALIGNMENT(.data.$RAM2*))
 *(SORT_BY_ALIGNMENT(.data.$SRAM_LOWER*))
                0x1fff0000                . = ALIGN (0x8)
                [!provide]                PROVIDE (__end_data_RAM2, .)

.data_RAM3      0x14000000        0x0 load address 0x00006788
 FILL mask 0xff
                [!provide]                PROVIDE (__start_data_RAM3, .)
 *(SORT_BY_ALIGNMENT(.ramfunc.$RAM3))
 *(SORT_BY_ALIGNMENT(.ramfunc.$FLEX_RAM))
 *(SORT_BY_ALIGNMENT(.data.$RAM3*))
 *(SORT_BY_ALIGNMENT(.data.$FLEX_RAM*))
                0x14000000                . = ALIGN (0x8)
                [!provide]                PROVIDE (__end_data_RAM3, .)

.uninit_RESERVED
                0x20000000        0x0
 *(SORT_BY_ALIGNMENT(.bss.$RESERVED*))
                0x20000000                . = ALIGN (0x4)
                0x20000000                _end_uninit_RESERVED = .

.data           0x20000000      0x4e8 load address 0x00006788
 FILL mask 0xff
                0x20000000                _data = .
 *(SORT_BY_ALIGNMENT(vtable))
 *(SORT_BY_ALIGNMENT(.ramfunc*))
 *(SORT_BY_ALIGNMENT(.data*))
 .data.displayPins
                0x20000000        0x8 ./source/drivers/seven_seg_display.o
 .data.selectPins
                0x20000008        0x2 ./source/drivers/seven_seg_display.o
 *fill*         0x2000000a        0x2 ff
 .data.animation_word.5351
                0x2000000c       0x30 ./source/drivers/seven_seg_display.o
 .data.ports    0x2000003c       0x14 ./source/MCAL/gpio.o
 .data.gpioPorts
                0x20000050       0x14 ./source/MCAL/gpio.o
 .data.titleTimerID
                0x20000064        0x4 ./source/FSM/States/add_user_state/substates/add_user_id_state.o
 .data.errorIndicationTimerID
                0x20000068        0x4 ./source/FSM/States/add_user_state/substates/add_user_id_state.o
 .data.errorIndicationTimerID
                0x2000006c        0x4 ./source/FSM/States/add_user_state/substates/add_user_main_state.o
 .data.titleTimerID
                0x20000070        0x4 ./source/FSM/States/add_user_state/substates/add_user_pin_state.o
 .data.errorIndicationTimerID
                0x20000074        0x4 ./source/FSM/States/add_user_state/substates/add_user_pin_state.o
 .data.addUser_card
                0x20000078       0x54 ./source/FSM/States/add_user_state/add_user_fsm_table.o
                0x20000078                addUser_card
 .data.addUser_id
                0x200000cc       0x54 ./source/FSM/States/add_user_state/add_user_fsm_table.o
                0x200000cc                addUser_id
 .data.addUser_pin
                0x20000120       0x48 ./source/FSM/States/add_user_state/add_user_fsm_table.o
                0x20000120                addUser_pin
 .data.titleTimerID
                0x20000168        0x4 ./source/FSM/States/config_me_state.o
 .data.errorIndicationTimerID
                0x2000016c        0x4 ./source/FSM/States/config_me_state.o
 .data.titleTimerID
                0x20000170        0x4 ./source/FSM/States/delete_user_state.o
 .data.errorIndicationTimerID
                0x20000174        0x4 ./source/FSM/States/delete_user_state.o
 .data.titleTimerID
                0x20000178        0x4 ./source/FSM/States/id_state.o
 .data.errorIndicationTimerID
                0x2000017c        0x4 ./source/FSM/States/id_state.o
 .data.titleTimerID
                0x20000180        0x4 ./source/FSM/States/menu_state.o
 .data.titleTimerID
                0x20000184        0x4 ./source/FSM/States/pin_state.o
 .data.errorIndicationTimerID
                0x20000188        0x4 ./source/FSM/States/pin_state.o
 .data.animationTimerID
                0x2000018c        0x4 ./source/FSM/States/pin_state.o
 .data.welcome  0x20000190       0x48 ./source/FSM/fsm_table.o
                0x20000190                welcome
 .data.id       0x200001d8       0x6c ./source/FSM/fsm_table.o
                0x200001d8                id
 .data.pin      0x20000244       0x6c ./source/FSM/fsm_table.o
                0x20000244                pin
 .data.menu     0x200002b0       0x84 ./source/FSM/fsm_table.o
                0x200002b0                menu
 .data.open     0x20000334       0x18 ./source/FSM/fsm_table.o
                0x20000334                open
 .data.cfg_me   0x2000034c       0x54 ./source/FSM/fsm_table.o
                0x2000034c                cfg_me
 .data.add_user
                0x200003a0       0x90 ./source/FSM/fsm_table.o
                0x200003a0                add_user
 .data.cfg_device
                0x20000430       0x48 ./source/FSM/fsm_table.o
                0x20000430                cfg_device
 .data.delete_user
                0x20000478       0x6c ./source/FSM/fsm_table.o
                0x20000478                delete_user
 .data.brightness
                0x200004e4        0x1 ./source/drivers/seven_seg_display.o
 .data.currBright.5333
                0x200004e5        0x1 ./source/drivers/seven_seg_display.o
 .data.window.5334
                0x200004e6        0x1 ./source/drivers/seven_seg_display.o
 .data.currentIdIndex
                0x200004e7        0x1 ./source/database/data_base.o
                0x200004e8                . = ALIGN (0x8)
                0x200004e8                _edata = .

.igot.plt       0x200004e8        0x0 load address 0x00006c70
 .igot.plt      0x200004e8        0x0 ./source/startup/hardware.o

.bss_RAM2       0x1fff0000        0x0
                [!provide]                PROVIDE (__start_bss_RAM2, .)
 *(SORT_BY_ALIGNMENT(.bss.$RAM2*))
 *(SORT_BY_ALIGNMENT(.bss.$SRAM_LOWER*))
                0x1fff0000                . = ALIGN ((. != 0x0)?0x8:0x1)
                [!provide]                PROVIDE (__end_bss_RAM2, .)

.bss_RAM3       0x14000000        0x0
                [!provide]                PROVIDE (__start_bss_RAM3, .)
 *(SORT_BY_ALIGNMENT(.bss.$RAM3*))
 *(SORT_BY_ALIGNMENT(.bss.$FLEX_RAM*))
                0x14000000                . = ALIGN ((. != 0x0)?0x8:0x1)
                [!provide]                PROVIDE (__end_bss_RAM3, .)

.bss            0x200004e8     0x1370
                0x200004e8                _bss = .
 *(SORT_BY_ALIGNMENT(.bss*))
 .bss.__LDM_interruptDisableCount
                0x200004e8        0x4 ./source/startup/hardware.o
 .bss.ledElements
                0x200004ec       0xd8 ./source/drivers/Led.o
 .bss.defaultOnForDefinedTimeProperties
                0x200005c4        0xc ./source/drivers/Led.o
 .bss.defaultBlinkProperties
                0x200005d0       0x14 ./source/drivers/Led.o
 .bss.defaultInfiniteBlinkProperties
                0x200005e4        0xc ./source/drivers/Led.o
 .bss.defaultRepetitionBlinkProperties
                0x200005f0       0x14 ./source/drivers/Led.o
 .bss.leds      0x20000604       0x1e ./source/drivers/MplxLed.o
                0x20000604                leds
 *fill*         0x20000622        0x2 
 .bss.timerElements
                0x20000624      0x190 ./source/drivers/Timer.o
 .bss.idCounter
                0x200007b4        0x4 ./source/drivers/Timer.o
 .bss.buttons   0x200007b8       0x14 ./source/drivers/button.o
 .bss.moves     0x200007cc        0x4 ./source/drivers/encoder.o
 .bss.message   0x200007d0      0x190 ./source/drivers/lector.o
 .bss.screen    0x20000960       0xf0 ./source/drivers/seven_seg_display.o
 .bss.dataBase  0x20000a50      0x2a9 ./source/database/data_base.o
 *fill*         0x20000cf9        0x3 
 .bss.database  0x20000cfc      0x2a9 ./source/database/data_base.o
 *fill*         0x20000fa5        0x3 
 .bss.validNumberArray
                0x20000fa8       0x13 ./source/database/data_base.o
 *fill*         0x20000fbb        0x1 
 .bss.blockedUsersIndexes
                0x20000fbc       0x1e ./source/database/data_base.o
 *fill*         0x20000fda        0x2 
 .bss.sysTickElements
                0x20000fdc      0x190 ./source/MCAL/SysTick.o
 .bss.idCounter
                0x2000116c        0x4 ./source/MCAL/SysTick.o
 .bss.callbacks
                0x20001170      0x280 ./source/MCAL/gpio.o
 .bss.id        0x200013f0        0x8 ./source/FSM/States/add_user_state/substates/add_user_id_state.o
 .bss.cardNumber
                0x200013f8       0x13 ./source/FSM/States/add_user_state/substates/add_user_main_state.o
 *fill*         0x2000140b        0x1 
 .bss.pin       0x2000140c        0x5 ./source/FSM/States/add_user_state/substates/add_user_pin_state.o
 *fill*         0x20001411        0x3 
 .bss.currentState
                0x20001414        0x4 ./source/FSM/States/add_user_state/add_user_state.o
 .bss.newPin    0x20001418        0x5 ./source/FSM/States/config_me_state.o
 *fill*         0x2000141d        0x3 
 .bss.id        0x20001420        0x8 ./source/FSM/States/delete_user_state.o
 .bss.id        0x20001428        0x8 ./source/FSM/States/id_state.o
 .bss.pin       0x20001430        0x5 ./source/FSM/States/pin_state.o
 *fill*         0x20001435        0x3 
 .bss.currentState
                0x20001438        0x4 ./source/App.o
 .bss.userTimeOutTimerID
                0x2000143c        0x4 ./source/App.o
 .bss.eventQueue
                0x20001440        0xc ./source/queue.o
                0x20001440                eventQueue
 .bss.queue     0x2000144c      0x320 ./source/queue.o
                0x2000144c                queue
 .bss.errno     0x2000176c        0x4 c:/nxp/mcuxpressoide_10.2.0_759/ide/tools/bin/../lib/gcc/arm-none-eabi/7.2.1/../../../../arm-none-eabi/lib/thumb/v7e-m/fpv4-sp/hard\libcr_c.a(errno.o)
                0x2000176c                errno
 .bss.__Ciob    0x20001770       0xb4 c:/nxp/mcuxpressoide_10.2.0_759/ide/tools/bin/../lib/gcc/arm-none-eabi/7.2.1/../../../../arm-none-eabi/lib/thumb/v7e-m/fpv4-sp/hard\libcr_semihost_nf.a(__ciob.o)
                0x20001770                __Ciob
 .bss.bit       0x20001824        0x2 ./source/drivers/lector.o
 .bss.moving_counter
                0x20001826        0x2 ./source/drivers/seven_seg_display.o
 .bss.isInit.5478
                0x20001828        0x1 ./source/drivers/MplxLed.o
 .bss.displayCounter.5537
                0x20001829        0x1 ./source/drivers/MplxLed.o
 .bss.var       0x2000182a        0x1 ./source/drivers/button.o
                0x2000182a                var
 .bss.existingEvent
                0x2000182b        0x1 ./source/drivers/encoder.o
 .bss.statusA   0x2000182c        0x1 ./source/drivers/encoder.o
 .bss.statusB   0x2000182d        0x1 ./source/drivers/encoder.o
 .bss.init.5150
                0x2000182e        0x1 ./source/drivers/encoder.o
 .bss.enable    0x2000182f        0x1 ./source/drivers/lector.o
 .bss.event     0x20001830        0x1 ./source/drivers/lector.o
 .bss.pos       0x20001831        0x1 ./source/drivers/seven_seg_display.o
 .bss.moves_remainig
                0x20001832        0x1 ./source/drivers/seven_seg_display.o
 .bss.bouncing  0x20001833        0x1 ./source/drivers/seven_seg_display.o
 .bss.move_b    0x20001834        0x1 ./source/drivers/seven_seg_display.o
 .bss.animation
                0x20001835        0x1 ./source/drivers/seven_seg_display.o
 .bss.animation_counter
                0x20001836        0x1 ./source/drivers/seven_seg_display.o
 .bss.cursor_pos
                0x20001837        0x1 ./source/drivers/seven_seg_display.o
 .bss.cursor    0x20001838        0x1 ./source/drivers/seven_seg_display.o
 .bss.isInit.5251
                0x20001839        0x1 ./source/drivers/seven_seg_display.o
 .bss.displayCounter.5332
                0x2000183a        0x1 ./source/drivers/seven_seg_display.o
 .bss.currentPos
                0x2000183b        0x1 ./source/FSM/States/add_user_state/substates/add_user_id_state.o
 .bss.showingTitle
                0x2000183c        0x1 ./source/FSM/States/add_user_state/substates/add_user_id_state.o
 .bss.showingErrorIndication
                0x2000183d        0x1 ./source/FSM/States/add_user_state/substates/add_user_id_state.o
 .bss.currentPos
                0x2000183e        0x1 ./source/FSM/States/add_user_state/substates/add_user_pin_state.o
 .bss.showingTitle
                0x2000183f        0x1 ./source/FSM/States/add_user_state/substates/add_user_pin_state.o
 .bss.showingErrorIndication
                0x20001840        0x1 ./source/FSM/States/add_user_state/substates/add_user_pin_state.o
 .bss.currentOptionIndex
                0x20001841        0x1 ./source/FSM/States/config_device_state.o
 .bss.currentPos
                0x20001842        0x1 ./source/FSM/States/config_me_state.o
 .bss.showingTitle
                0x20001843        0x1 ./source/FSM/States/config_me_state.o
 .bss.showingErrorIndication
                0x20001844        0x1 ./source/FSM/States/config_me_state.o
 .bss.currentPos
                0x20001845        0x1 ./source/FSM/States/delete_user_state.o
 .bss.showingTitle
                0x20001846        0x1 ./source/FSM/States/delete_user_state.o
 .bss.showingErrorIndication
                0x20001847        0x1 ./source/FSM/States/delete_user_state.o
 .bss.currentPos
                0x20001848        0x1 ./source/FSM/States/id_state.o
 .bss.showingTitle
                0x20001849        0x1 ./source/FSM/States/id_state.o
 .bss.showingErrorIndication
                0x2000184a        0x1 ./source/FSM/States/id_state.o
 .bss.currentOptionIndex
                0x2000184b        0x1 ./source/FSM/States/menu_state.o
 .bss.showingTitle
                0x2000184c        0x1 ./source/FSM/States/menu_state.o
 .bss.admin     0x2000184d        0x1 ./source/FSM/States/menu_state.o
 .bss.currentPos
                0x2000184e        0x1 ./source/FSM/States/pin_state.o
 .bss.showingTitle
                0x2000184f        0x1 ./source/FSM/States/pin_state.o
 .bss.showingErrorIndication
                0x20001850        0x1 ./source/FSM/States/pin_state.o
 .bss.showingAnimation
                0x20001851        0x1 ./source/FSM/States/pin_state.o
 *(SORT_BY_ALIGNMENT(COMMON))
                0x20001858                . = ALIGN (0x8)
 *fill*         0x20001852        0x6 
                0x20001858                _ebss = .
                [!provide]                PROVIDE (end, .)

.noinit_RAM2    0x1fff0000        0x0
 *(SORT_BY_ALIGNMENT(.noinit.$RAM2*))
 *(SORT_BY_ALIGNMENT(.noinit.$SRAM_LOWER*))
                0x1fff0000                . = ALIGN (0x8)

.noinit_RAM3    0x14000000        0x0
 *(SORT_BY_ALIGNMENT(.noinit.$RAM3*))
 *(SORT_BY_ALIGNMENT(.noinit.$FLEX_RAM*))
                0x14000000                . = ALIGN (0x8)

.noinit         0x20001858        0x0
                0x20001858                _noinit = .
 *(SORT_BY_ALIGNMENT(.noinit*))
                0x20001858                . = ALIGN (0x8)
                0x20001858                _end_noinit = .
                0x00001000                _HeapSize = 0x1000

.heap           0x20001858     0x1000
                0x20001858                _pvHeapStart = .
                0x20002858                . = (. + _HeapSize)
 *fill*         0x20001858     0x1000 
                0x20002858                . = ALIGN (0x8)
                0x20002858                _pvHeapLimit = .
                0x00001000                _StackSize = 0x1000

.heap2stackfill
                0x20002858     0x1000
                0x20003858                . = (. + _StackSize)
 *fill*         0x20002858     0x1000 

.stack          0x2002f000        0x0
                0x2002f000                _vStackBase = .
                0x2002f000                . = ALIGN (0x8)
                0x20030000                _vStackTop = (. + _StackSize)
                0x00000000                _image_start = LOADADDR (.text)
                0x00006c70                _image_end = (LOADADDR (.data) + SIZEOF (.data))
                0x00006c70                _image_size = (_image_end - _image_start)
OUTPUT(ControlDeAcceso.axf elf32-littlearm)

.debug_info     0x00000000     0x9744
 .debug_info    0x00000000      0x6aa ./source/startup/hardware.o
 .debug_info    0x000006aa       0xec ./source/startup/main.o
 .debug_info    0x00000796       0x3b ./source/startup/semihost_hardfault.o
 .debug_info    0x000007d1      0x8b0 ./source/startup/startup_mk64f12.o
 .debug_info    0x00001081      0x88f ./source/drivers/Led.o
 .debug_info    0x00001910      0x5ae ./source/drivers/MplxLed.o
 .debug_info    0x00001ebe      0x52b ./source/drivers/Timer.o
 .debug_info    0x000023e9      0x37f ./source/drivers/button.o
 .debug_info    0x00002768      0x1b3 ./source/drivers/encoder.o
 .debug_info    0x0000291b      0x441 ./source/drivers/lector.o
 .debug_info    0x00002d5c      0x6b8 ./source/drivers/seven_seg_display.o
 .debug_info    0x00003414      0x757 ./source/database/data_base.o
 .debug_info    0x00003b6b      0x552 ./source/MCAL/SysTick.o
 .debug_info    0x000040bd      0xac0 ./source/MCAL/gpio.o
 .debug_info    0x00004b7d      0x44a ./source/FSM/States/add_user_state/substates/add_user_id_state.o
 .debug_info    0x00004fc7      0x3d8 ./source/FSM/States/add_user_state/substates/add_user_main_state.o
 .debug_info    0x0000539f      0x4b2 ./source/FSM/States/add_user_state/substates/add_user_pin_state.o
 .debug_info    0x00005851      0x33f ./source/FSM/States/add_user_state/add_user_fsm_table.o
 .debug_info    0x00005b90      0x373 ./source/FSM/States/add_user_state/add_user_state.o
 .debug_info    0x00005f03      0x300 ./source/FSM/States/config_device_state.o
 .debug_info    0x00006203      0x3fb ./source/FSM/States/config_me_state.o
 .debug_info    0x000065fe      0x541 ./source/FSM/States/delete_user_state.o
 .debug_info    0x00006b3f      0x564 ./source/FSM/States/id_state.o
 .debug_info    0x000070a3      0x427 ./source/FSM/States/menu_state.o
 .debug_info    0x000074ca      0x291 ./source/FSM/States/open_state.o
 .debug_info    0x0000775b      0x523 ./source/FSM/States/pin_state.o
 .debug_info    0x00007c7e      0x407 ./source/FSM/States/user_input.o
 .debug_info    0x00008085      0x36a ./source/FSM/States/welcome_state.o
 .debug_info    0x000083ef      0x22e ./source/FSM/fsm.o
 .debug_info    0x0000861d      0x3c2 ./source/FSM/fsm_table.o
 .debug_info    0x000089df      0x389 ./source/App.o
 .debug_info    0x00008d68      0x3ab ./source/queue.o
 .debug_info    0x00009113      0x631 ./CMSIS/system_MK64F12.o

.debug_abbrev   0x00000000     0x2be6
 .debug_abbrev  0x00000000      0x14d ./source/startup/hardware.o
 .debug_abbrev  0x0000014d       0x9b ./source/startup/main.o
 .debug_abbrev  0x000001e8       0x2f ./source/startup/semihost_hardfault.o
 .debug_abbrev  0x00000217      0x15c ./source/startup/startup_mk64f12.o
 .debug_abbrev  0x00000373      0x1f9 ./source/drivers/Led.o
 .debug_abbrev  0x0000056c      0x166 ./source/drivers/MplxLed.o
 .debug_abbrev  0x000006d2      0x164 ./source/drivers/Timer.o
 .debug_abbrev  0x00000836      0x180 ./source/drivers/button.o
 .debug_abbrev  0x000009b6      0x109 ./source/drivers/encoder.o
 .debug_abbrev  0x00000abf      0x1b7 ./source/drivers/lector.o
 .debug_abbrev  0x00000c76      0x24a ./source/drivers/seven_seg_display.o
 .debug_abbrev  0x00000ec0      0x1fb ./source/database/data_base.o
 .debug_abbrev  0x000010bb      0x1d5 ./source/MCAL/SysTick.o
 .debug_abbrev  0x00001290      0x23b ./source/MCAL/gpio.o
 .debug_abbrev  0x000014cb      0x142 ./source/FSM/States/add_user_state/substates/add_user_id_state.o
 .debug_abbrev  0x0000160d      0x14f ./source/FSM/States/add_user_state/substates/add_user_main_state.o
 .debug_abbrev  0x0000175c      0x155 ./source/FSM/States/add_user_state/substates/add_user_pin_state.o
 .debug_abbrev  0x000018b1      0x122 ./source/FSM/States/add_user_state/add_user_fsm_table.o
 .debug_abbrev  0x000019d3       0xfa ./source/FSM/States/add_user_state/add_user_state.o
 .debug_abbrev  0x00001acd      0x101 ./source/FSM/States/config_device_state.o
 .debug_abbrev  0x00001bce       0xf8 ./source/FSM/States/config_me_state.o
 .debug_abbrev  0x00001cc6      0x160 ./source/FSM/States/delete_user_state.o
 .debug_abbrev  0x00001e26      0x192 ./source/FSM/States/id_state.o
 .debug_abbrev  0x00001fb8      0x146 ./source/FSM/States/menu_state.o
 .debug_abbrev  0x000020fe       0xd3 ./source/FSM/States/open_state.o
 .debug_abbrev  0x000021d1      0x19f ./source/FSM/States/pin_state.o
 .debug_abbrev  0x00002370      0x157 ./source/FSM/States/user_input.o
 .debug_abbrev  0x000024c7      0x11f ./source/FSM/States/welcome_state.o
 .debug_abbrev  0x000025e6       0xca ./source/FSM/fsm.o
 .debug_abbrev  0x000026b0      0x11d ./source/FSM/fsm_table.o
 .debug_abbrev  0x000027cd      0x146 ./source/App.o
 .debug_abbrev  0x00002913      0x17f ./source/queue.o
 .debug_abbrev  0x00002a92      0x154 ./CMSIS/system_MK64F12.o

.debug_aranges  0x00000000      0xe30
 .debug_aranges
                0x00000000       0x30 ./source/startup/hardware.o
 .debug_aranges
                0x00000030       0x20 ./source/startup/main.o
 .debug_aranges
                0x00000050       0x20 ./source/startup/semihost_hardfault.o
 .debug_aranges
                0x00000070      0x330 ./source/startup/startup_mk64f12.o
 .debug_aranges
                0x000003a0       0xa0 ./source/drivers/Led.o
 .debug_aranges
                0x00000440       0x70 ./source/drivers/MplxLed.o
 .debug_aranges
                0x000004b0       0x68 ./source/drivers/Timer.o
 .debug_aranges
                0x00000518       0x50 ./source/drivers/button.o
 .debug_aranges
                0x00000568       0x30 ./source/drivers/encoder.o
 .debug_aranges
                0x00000598       0x58 ./source/drivers/lector.o
 .debug_aranges
                0x000005f0       0xb0 ./source/drivers/seven_seg_display.o
 .debug_aranges
                0x000006a0       0xa8 ./source/database/data_base.o
 .debug_aranges
                0x00000748       0x58 ./source/MCAL/SysTick.o
 .debug_aranges
                0x000007a0       0x88 ./source/MCAL/gpio.o
 .debug_aranges
                0x00000828       0x78 ./source/FSM/States/add_user_state/substates/add_user_id_state.o
 .debug_aranges
                0x000008a0       0x48 ./source/FSM/States/add_user_state/substates/add_user_main_state.o
 .debug_aranges
                0x000008e8       0x70 ./source/FSM/States/add_user_state/substates/add_user_pin_state.o
 .debug_aranges
                0x00000958       0x38 ./source/FSM/States/add_user_state/add_user_fsm_table.o
 .debug_aranges
                0x00000990       0x70 ./source/FSM/States/add_user_state/add_user_state.o
 .debug_aranges
                0x00000a00       0x40 ./source/FSM/States/config_device_state.o
 .debug_aranges
                0x00000a40       0x68 ./source/FSM/States/config_me_state.o
 .debug_aranges
                0x00000aa8       0x88 ./source/FSM/States/delete_user_state.o
 .debug_aranges
                0x00000b30       0x90 ./source/FSM/States/id_state.o
 .debug_aranges
                0x00000bc0       0x58 ./source/FSM/States/menu_state.o
 .debug_aranges
                0x00000c18       0x28 ./source/FSM/States/open_state.o
 .debug_aranges
                0x00000c40       0x90 ./source/FSM/States/pin_state.o
 .debug_aranges
                0x00000cd0       0x48 ./source/FSM/States/user_input.o
 .debug_aranges
                0x00000d18       0x28 ./source/FSM/States/welcome_state.o
 .debug_aranges
                0x00000d40       0x20 ./source/FSM/fsm.o
 .debug_aranges
                0x00000d60       0x30 ./source/FSM/fsm_table.o
 .debug_aranges
                0x00000d90       0x38 ./source/App.o
 .debug_aranges
                0x00000dc8       0x38 ./source/queue.o
 .debug_aranges
                0x00000e00       0x30 ./CMSIS/system_MK64F12.o

.debug_ranges   0x00000000      0xca0
 .debug_ranges  0x00000000       0x20 ./source/startup/hardware.o
 .debug_ranges  0x00000020       0x10 ./source/startup/main.o
 .debug_ranges  0x00000030       0x10 ./source/startup/semihost_hardfault.o
 .debug_ranges  0x00000040      0x320 ./source/startup/startup_mk64f12.o
 .debug_ranges  0x00000360       0x90 ./source/drivers/Led.o
 .debug_ranges  0x000003f0       0x60 ./source/drivers/MplxLed.o
 .debug_ranges  0x00000450       0x58 ./source/drivers/Timer.o
 .debug_ranges  0x000004a8       0x40 ./source/drivers/button.o
 .debug_ranges  0x000004e8       0x20 ./source/drivers/encoder.o
 .debug_ranges  0x00000508       0x48 ./source/drivers/lector.o
 .debug_ranges  0x00000550       0xa0 ./source/drivers/seven_seg_display.o
 .debug_ranges  0x000005f0       0x98 ./source/database/data_base.o
 .debug_ranges  0x00000688       0x48 ./source/MCAL/SysTick.o
 .debug_ranges  0x000006d0       0x78 ./source/MCAL/gpio.o
 .debug_ranges  0x00000748       0x88 ./source/FSM/States/add_user_state/substates/add_user_id_state.o
 .debug_ranges  0x000007d0       0x50 ./source/FSM/States/add_user_state/substates/add_user_main_state.o
 .debug_ranges  0x00000820       0x60 ./source/FSM/States/add_user_state/substates/add_user_pin_state.o
 .debug_ranges  0x00000880       0x28 ./source/FSM/States/add_user_state/add_user_fsm_table.o
 .debug_ranges  0x000008a8       0x60 ./source/FSM/States/add_user_state/add_user_state.o
 .debug_ranges  0x00000908       0x30 ./source/FSM/States/config_device_state.o
 .debug_ranges  0x00000938       0x58 ./source/FSM/States/config_me_state.o
 .debug_ranges  0x00000990       0x90 ./source/FSM/States/delete_user_state.o
 .debug_ranges  0x00000a20       0x98 ./source/FSM/States/id_state.o
 .debug_ranges  0x00000ab8       0x48 ./source/FSM/States/menu_state.o
 .debug_ranges  0x00000b00       0x18 ./source/FSM/States/open_state.o
 .debug_ranges  0x00000b18       0x80 ./source/FSM/States/pin_state.o
 .debug_ranges  0x00000b98       0x38 ./source/FSM/States/user_input.o
 .debug_ranges  0x00000bd0       0x30 ./source/FSM/States/welcome_state.o
 .debug_ranges  0x00000c00       0x10 ./source/FSM/fsm.o
 .debug_ranges  0x00000c10       0x20 ./source/FSM/fsm_table.o
 .debug_ranges  0x00000c30       0x28 ./source/App.o
 .debug_ranges  0x00000c58       0x28 ./source/queue.o
 .debug_ranges  0x00000c80       0x20 ./CMSIS/system_MK64F12.o

.debug_macro    0x00000000    0x13182
 .debug_macro   0x00000000       0xb4 ./source/startup/hardware.o
 .debug_macro   0x000000b4      0xa96 ./source/startup/hardware.o
 .debug_macro   0x00000b4a       0x10 ./source/startup/hardware.o
 .debug_macro   0x00000b5a      0x12d ./source/startup/hardware.o
 .debug_macro   0x00000c87      0x5b2 ./source/startup/hardware.o
 .debug_macro   0x00001239       0x22 ./source/startup/hardware.o
 .debug_macro   0x0000125b       0x10 ./source/startup/hardware.o
 .debug_macro   0x0000126b       0x5c ./source/startup/hardware.o
 .debug_macro   0x000012c7       0x1c ./source/startup/hardware.o
 .debug_macro   0x000012e3       0x22 ./source/startup/hardware.o
 .debug_macro   0x00001305       0xdf ./source/startup/hardware.o
 .debug_macro   0x000013e4      0xecf ./source/startup/hardware.o
 .debug_macro   0x000022b3       0x48 ./source/startup/hardware.o
 .debug_macro   0x000022fb     0xe07b ./source/startup/hardware.o
 .debug_macro   0x00010376     0x122b ./source/startup/hardware.o
 .debug_macro   0x000115a1       0x16 ./source/startup/hardware.o
 .debug_macro   0x000115b7       0xb4 ./source/startup/main.o
 .debug_macro   0x0001166b       0x11 ./source/startup/semihost_hardfault.o
 .debug_macro   0x0001167c       0x29 ./source/startup/startup_mk64f12.o
 .debug_macro   0x000116a5       0xb8 ./source/drivers/Led.o
 .debug_macro   0x0001175d       0x3a ./source/drivers/Led.o
 .debug_macro   0x00011797       0xa6 ./source/drivers/Led.o