Archive member included to satisfy reference by file (symbol)

c:/nxp/mcuxpressoide_10.2.0_759/ide/tools/bin/../lib/gcc/arm-none-eabi/7.2.1/../../../../arm-none-eabi/lib/thumb/v7e-m/fpv4-sp/hard\libcr_semihost_nf.a(_cr__main.o)
                              ./source/startup/startup_mk64f12.o (__main)
c:/nxp/mcuxpressoide_10.2.0_759/ide/tools/bin/../lib/gcc/arm-none-eabi/7.2.1/../../../../arm-none-eabi/lib/thumb/v7e-m/fpv4-sp/hard\libcr_c.a(memcpy.o)
                              ./source/drivers/Led.o (memcpy)
c:/nxp/mcuxpressoide_10.2.0_759/ide/tools/bin/../lib/gcc/arm-none-eabi/7.2.1/../../../../arm-none-eabi/lib/thumb/v7e-m/fpv4-sp/hard\libcr_c.a(memset.o)
                              ./source/database/data_base.o (memset)
c:/nxp/mcuxpressoide_10.2.0_759/ide/tools/bin/../lib/gcc/arm-none-eabi/7.2.1/../../../../arm-none-eabi/lib/thumb/v7e-m/fpv4-sp/hard\libcr_c.a(initio.o)
                              c:/nxp/mcuxpressoide_10.2.0_759/ide/tools/bin/../lib/gcc/arm-none-eabi/7.2.1/../../../../arm-none-eabi/lib/thumb/v7e-m/fpv4-sp/hard\libcr_semihost_nf.a(_cr__main.o) (_initio)
c:/nxp/mcuxpressoide_10.2.0_759/ide/tools/bin/../lib/gcc/arm-none-eabi/7.2.1/../../../../arm-none-eabi/lib/thumb/v7e-m/fpv4-sp/hard\libcr_c.a(setvbuf.o)
                              c:/nxp/mcuxpressoide_10.2.0_759/ide/tools/bin/../lib/gcc/arm-none-eabi/7.2.1/../../../../arm-none-eabi/lib/thumb/v7e-m/fpv4-sp/hard\libcr_c.a(initio.o) (setvbuf)
c:/nxp/mcuxpressoide_10.2.0_759/ide/tools/bin/../lib/gcc/arm-none-eabi/7.2.1/../../../../arm-none-eabi/lib/thumb/v7e-m/fpv4-sp/hard\libcr_c.a(_fdopen.o)
                              c:/nxp/mcuxpressoide_10.2.0_759/ide/tools/bin/../lib/gcc/arm-none-eabi/7.2.1/../../../../arm-none-eabi/lib/thumb/v7e-m/fpv4-sp/hard\libcr_c.a(initio.o) (_fdopen)
c:/nxp/mcuxpressoide_10.2.0_759/ide/tools/bin/../lib/gcc/arm-none-eabi/7.2.1/../../../../arm-none-eabi/lib/thumb/v7e-m/fpv4-sp/hard\libcr_c.a(fclose.o)
                              c:/nxp/mcuxpressoide_10.2.0_759/ide/tools/bin/../lib/gcc/arm-none-eabi/7.2.1/../../../../arm-none-eabi/lib/thumb/v7e-m/fpv4-sp/hard\libcr_c.a(initio.o) (fclose)
c:/nxp/mcuxpressoide_10.2.0_759/ide/tools/bin/../lib/gcc/arm-none-eabi/7.2.1/../../../../arm-none-eabi/lib/thumb/v7e-m/fpv4-sp/hard\libcr_c.a(fflush.o)
                              c:/nxp/mcuxpressoide_10.2.0_759/ide/tools/bin/../lib/gcc/arm-none-eabi/7.2.1/../../../../arm-none-eabi/lib/thumb/v7e-m/fpv4-sp/hard\libcr_c.a(fclose.o) (fflush)
c:/nxp/mcuxpressoide_10.2.0_759/ide/tools/bin/../lib/gcc/arm-none-eabi/7.2.1/../../../../arm-none-eabi/lib/thumb/v7e-m/fpv4-sp/hard\libcr_c.a(fseek.o)
                              c:/nxp/mcuxpressoide_10.2.0_759/ide/tools/bin/../lib/gcc/arm-none-eabi/7.2.1/../../../../arm-none-eabi/lib/thumb/v7e-m/fpv4-sp/hard\libcr_c.a(_fdopen.o) (fseek)
c:/nxp/mcuxpressoide_10.2.0_759/ide/tools/bin/../lib/gcc/arm-none-eabi/7.2.1/../../../../arm-none-eabi/lib/thumb/v7e-m/fpv4-sp/hard\libcr_c.a(ftell.o)
                              c:/nxp/mcuxpressoide_10.2.0_759/ide/tools/bin/../lib/gcc/arm-none-eabi/7.2.1/../../../../arm-none-eabi/lib/thumb/v7e-m/fpv4-sp/hard\libcr_c.a(fseek.o) (ftell)
c:/nxp/mcuxpressoide_10.2.0_759/ide/tools/bin/../lib/gcc/arm-none-eabi/7.2.1/../../../../arm-none-eabi/lib/thumb/v7e-m/fpv4-sp/hard\libcr_c.a(remove.o)
                              c:/nxp/mcuxpressoide_10.2.0_759/ide/tools/bin/../lib/gcc/arm-none-eabi/7.2.1/../../../../arm-none-eabi/lib/thumb/v7e-m/fpv4-sp/hard\libcr_c.a(fclose.o) (remove)
c:/nxp/mcuxpressoide_10.2.0_759/ide/tools/bin/../lib/gcc/arm-none-eabi/7.2.1/../../../../arm-none-eabi/lib/thumb/v7e-m/fpv4-sp/hard\libcr_c.a(strlen.o)
                              c:/nxp/mcuxpressoide_10.2.0_759/ide/tools/bin/../lib/gcc/arm-none-eabi/7.2.1/../../../../arm-none-eabi/lib/thumb/v7e-m/fpv4-sp/hard\libcr_c.a(remove.o) (strlen)
c:/nxp/mcuxpressoide_10.2.0_759/ide/tools/bin/../lib/gcc/arm-none-eabi/7.2.1/../../../../arm-none-eabi/lib/thumb/v7e-m/fpv4-sp/hard\libcr_c.a(_do_fflush.o)
                              c:/nxp/mcuxpressoide_10.2.0_759/ide/tools/bin/../lib/gcc/arm-none-eabi/7.2.1/../../../../arm-none-eabi/lib/thumb/v7e-m/fpv4-sp/hard\libcr_c.a(fflush.o) (_do_fflush)
c:/nxp/mcuxpressoide_10.2.0_759/ide/tools/bin/../lib/gcc/arm-none-eabi/7.2.1/../../../../arm-none-eabi/lib/thumb/v7e-m/fpv4-sp/hard\libcr_c.a(_fflush.o)
                              c:/nxp/mcuxpressoide_10.2.0_759/ide/tools/bin/../lib/gcc/arm-none-eabi/7.2.1/../../../../arm-none-eabi/lib/thumb/v7e-m/fpv4-sp/hard\libcr_c.a(_do_fflush.o) (_fflush)
c:/nxp/mcuxpressoide_10.2.0_759/ide/tools/bin/../lib/gcc/arm-none-eabi/7.2.1/../../../../arm-none-eabi/lib/thumb/v7e-m/fpv4-sp/hard\libcr_c.a(_writebuf.o)
                              c:/nxp/mcuxpressoide_10.2.0_759/ide/tools/bin/../lib/gcc/arm-none-eabi/7.2.1/../../../../arm-none-eabi/lib/thumb/v7e-m/fpv4-sp/hard\libcr_c.a(_fflush.o) (_Cwritebuf)
[...]
Memory Configuration

Name             Origin             Length             Attributes
PROGRAM_FLASH    0x00000000         0x00100000         xr
SRAM_UPPER       0x20000000         0x00030000         xrw
SRAM_LOWER       0x1fff0000         0x00010000         xrw
FLEX_RAM         0x14000000         0x00001000         xrw
*default*        0x00000000         0xffffffff

Linker script and memory map

LOAD ./source/startup/hardware.o
LOAD ./source/startup/main.o
LOAD ./source/startup/semihost_hardfault.o
LOAD ./source/startup/startup_mk64f12.o
LOAD ./source/drivers/Led.o
LOAD ./source/drivers/MplxLed.o
LOAD ./source/drivers/Timer.o
LOAD ./source/drivers/button.o
LOAD ./source/drivers/encoder.o
LOAD ./source/drivers/lector.o
LOAD ./source/drivers/seven_seg_display.o
LOAD ./source/database/data_base.o
LOAD ./source/MCAL/SysTick.o
LOAD ./source/MCAL/gpio.o
LOAD ./source/FSM/States/config_me_state/config_me_state.o
LOAD ./source/FSM/States/admin_state.o
LOAD ./source/FSM/States/config_device_state.o
LOAD ./source/FSM/States/config_usr_state.o
LOAD ./source/FSM/States/fail_state.o
LOAD ./source/FSM/States/id_state.o
LOAD ./source/FSM/States/main_menu_state.o
LOAD ./source/FSM/States/open_state.o
LOAD ./source/FSM/States/pin_state.o
LOAD ./source/FSM/States/user_input.o
LOAD ./source/FSM/States/usr_state.o
LOAD ./source/FSM/fsm.o
LOAD ./source/FSM/fsm_table.o
LOAD ./source/App.o
LOAD ./source/queue.o
LOAD ./CMSIS/system_MK64F12.o
START GROUP
LOAD c:/nxp/mcuxpressoide_10.2.0_759/ide/tools/bin/../lib/gcc/arm-none-eabi/7.2.1/../../../../arm-none-eabi/lib/thumb/v7e-m/fpv4-sp/hard\libcr_semihost_nf.a
LOAD c:/nxp/mcuxpressoide_10.2.0_759/ide/tools/bin/../lib/gcc/arm-none-eabi/7.2.1/../../../../arm-none-eabi/lib/thumb/v7e-m/fpv4-sp/hard\libcr_c.a
LOAD c:/nxp/mcuxpressoide_10.2.0_759/ide/tools/bin/../lib/gcc/arm-none-eabi/7.2.1/thumb/v7e-m/fpv4-sp/hard\libcr_eabihelpers.a
END GROUP
                0x00000000                __base_PROGRAM_FLASH = 0x0
                0x00000000                __base_Flash = 0x0
                0x00100000                __top_PROGRAM_FLASH = 0x100000
                0x00100000                __top_Flash = 0x100000
                0x20000000                __base_SRAM_UPPER = 0x20000000
                0x20000000                __base_RAM = 0x20000000
                0x20030000                __top_SRAM_UPPER = 0x20030000
                0x20030000                __top_RAM = 0x20030000
                0x1fff0000                __base_SRAM_LOWER = 0x1fff0000
                0x1fff0000                __base_RAM2 = 0x1fff0000
                0x20000000                __top_SRAM_LOWER = 0x20000000
                0x20000000                __top_RAM2 = 0x20000000
                0x14000000                __base_FLEX_RAM = 0x14000000
                0x14000000                __base_RAM3 = 0x14000000
                0x14001000                __top_FLEX_RAM = 0x14001000
                0x14001000                __top_RAM3 = 0x14001000

.text           0x00000000     0x4fe0
 FILL mask 0xff
                0x00000000                __vectors_start__ = ABSOLUTE (.)
 *(SORT_BY_ALIGNMENT(.isr_vector))
 .isr_vector    0x00000000      0x198 ./source/startup/startup_mk64f12.o
                0x00000000                g_pfnVectors
                0x00000000                __Vectors
                0x00000198                . = ALIGN (0x4)
                0x00000198                __section_table_start = .
                0x00000198                __data_section_table = .
                0x00000198        0x4 LONG 0x4fe0 LOADADDR (.data)
                0x0000019c        0x4 LONG 0x20000000 ADDR (.data)
                0x000001a0        0x4 LONG 0x2e0 SIZEOF (.data)
                0x000001a4        0x4 LONG 0x4fe0 LOADADDR (.data_RAM2)
                0x000001a8        0x4 LONG 0x1fff0000 ADDR (.data_RAM2)
                0x000001ac        0x4 LONG 0x0 SIZEOF (.data_RAM2)
                0x000001b0        0x4 LONG 0x4fe0 LOADADDR (.data_RAM3)
                0x000001b4        0x4 LONG 0x14000000 ADDR (.data_RAM3)
                0x000001b8        0x4 LONG 0x0 SIZEOF (.data_RAM3)
                0x000001bc                __data_section_table_end = .
                0x000001bc                __bss_section_table = .
                0x000001bc        0x4 LONG 0x200002e0 ADDR (.bss)
                0x000001c0        0x4 LONG 0x1328 SIZEOF (.bss)
                0x000001c4        0x4 LONG 0x1fff0000 ADDR (.bss_RAM2)
                0x000001c8        0x4 LONG 0x0 SIZEOF (.bss_RAM2)
                0x000001cc        0x4 LONG 0x14000000 ADDR (.bss_RAM3)
                0x000001d0        0x4 LONG 0x0 SIZEOF (.bss_RAM3)
                0x000001d4                __bss_section_table_end = .
                0x000001d4                __section_table_end = .
 *(SORT_BY_ALIGNMENT(.after_vectors*))
 .after_vectors.reset
                0x000001d4       0x4c ./source/startup/startup_mk64f12.o
                0x000001d4                ResetISR
 .after_vectors.init_data
                0x00000220       0x1e ./source/startup/startup_mk64f12.o
                0x00000220                data_init
 .after_vectors.init_bss
                0x0000023e       0x12 ./source/startup/startup_mk64f12.o
                0x0000023e                bss_init
 .after_vectors
                0x00000250       0x14 ./source/startup/startup_mk64f12.o
                0x00000250                NMI_Handler
                0x00000254                MemManage_Handler
                0x00000256                BusFault_Handler
                0x00000258                UsageFault_Handler
                0x0000025a                SVC_Handler
                0x0000025c                DebugMon_Handler
                0x0000025e                PendSV_Handler
                0x00000262                DMA_Error_DriverIRQHandler
                0x00000262                LPTMR0_DriverIRQHandler
                0x00000262                FTM1_DriverIRQHandler
                0x00000262                FTM2_DriverIRQHandler
                0x00000262                PIT2_DriverIRQHandler
                0x00000262                SDHC_DriverIRQHandler
                0x00000262                I2S0_Tx_DriverIRQHandler
                0x00000262                RTC_Seconds_DriverIRQHandler
                0x00000262                DMA6_DriverIRQHandler
                0x00000262                LLWU_DriverIRQHandler
                0x00000262                MCM_DriverIRQHandler
                0x00000262                MCG_DriverIRQHandler
                0x00000262                ENET_1588_Timer_DriverIRQHandler
                0x00000262                I2C2_DriverIRQHandler
                0x00000262                DAC1_DriverIRQHandler
                0x00000262                SPI1_DriverIRQHandler
                0x00000262                CMP1_DriverIRQHandler
                0x00000262                UART5_RX_TX_DriverIRQHandler
                0x00000262                FTM0_DriverIRQHandler
                0x00000262                IntDefaultHandler
                0x00000262                USB0_DriverIRQHandler
                0x00000262                UART5_ERR_DriverIRQHandler
                0x00000262                PORTC_DriverIRQHandler
                0x00000262                DMA11_DriverIRQHandler
                0x00000262                DAC0_DriverIRQHandler
                0x00000262                DMA10_DriverIRQHandler
                0x00000262                CMP2_DriverIRQHandler
                0x00000262                UART2_ERR_DriverIRQHandler
                0x00000262                SPI2_DriverIRQHandler
                0x00000262                LVD_LVW_DriverIRQHandler
                0x00000262                PIT0_DriverIRQHandler
                0x00000262                RNG_DriverIRQHandler
                0x00000262                DMA5_DriverIRQHandler
                0x00000262                DMA12_DriverIRQHandler
                0x00000262                UART2_RX_TX_DriverIRQHandler
                0x00000262                USBDCD_DriverIRQHandler
                0x00000262                UART3_ERR_DriverIRQHandler
                0x00000262                DMA3_DriverIRQHandler
                0x00000262                DMA8_DriverIRQHandler
                0x00000262                DMA9_DriverIRQHandler
                0x00000262                UART0_ERR_DriverIRQHandler
                0x00000262                CMT_DriverIRQHandler
                0x00000262                Reserved71_DriverIRQHandler
                0x00000262                ADC1_DriverIRQHandler
                0x00000262                PORTA_DriverIRQHandler
                0x00000262                DMA14_DriverIRQHandler
                0x00000262                PIT3_DriverIRQHandler
                0x00000262                PIT1_DriverIRQHandler
                0x00000262                WDOG_EWM_DriverIRQHandler
                0x00000262                PDB0_DriverIRQHandler
                0x00000262                RTC_DriverIRQHandler
                0x00000262                I2S0_Rx_DriverIRQHandler
                0x00000262                Read_Collision_DriverIRQHandler
                0x00000262                SWI_DriverIRQHandler
                0x00000262                UART4_RX_TX_DriverIRQHandler
                0x00000262                UART4_ERR_DriverIRQHandler
                0x00000262                PORTB_DriverIRQHandler
                0x00000262                UART0_LON_DriverIRQHandler
                0x00000262                DMA0_DriverIRQHandler
                0x00000262                DMA1_DriverIRQHandler
                0x00000262                I2C1_DriverIRQHandler
                0x00000262                UART3_RX_TX_DriverIRQHandler
                0x00000262                ENET_Receive_DriverIRQHandler
                0x00000262                DMA13_DriverIRQHandler
                0x00000262                ENET_Error_DriverIRQHandler
                0x00000262                DMA15_DriverIRQHandler
                0x00000262                UART0_RX_TX_DriverIRQHandler
                0x00000262                SPI0_DriverIRQHandler
                0x00000262                ADC0_DriverIRQHandler
                0x00000262                CMP0_DriverIRQHandler
                0x00000262                CAN0_DriverIRQHandler
                0x00000262                FTM3_DriverIRQHandler
                0x00000262                DMA4_DriverIRQHandler
                0x00000262                UART1_ERR_DriverIRQHandler
                0x00000262                DMA2_DriverIRQHandler
                0x00000262                ENET_Transmit_DriverIRQHandler
                0x00000262                PORTD_DriverIRQHandler
                0x00000262                PORTE_DriverIRQHandler
                0x00000262                FTFE_DriverIRQHandler
                0x00000262                I2C0_DriverIRQHandler
                0x00000262                DMA7_DriverIRQHandler
                0x00000262                UART1_RX_TX_DriverIRQHandler
                0x00000400                . = 0x400
 *fill*         0x00000264      0x19c ff
                0x00000400                PROVIDE (__FLASH_CONFIG_START__, .)
 *(SORT_BY_ALIGNMENT(.FlashConfig))
 .FlashConfig   0x00000400       0x10 ./source/startup/startup_mk64f12.o
                0x00000400                Flash_Config
                0x00000410                PROVIDE (__FLASH_CONFIG_END__, .)
                0x00000001                ASSERT (! ((__FLASH_CONFIG_START__ == __FLASH_CONFIG_END__)), Linker Flash Config Support Enabled, but no .FlashConfig section provided within application)
 *(SORT_BY_ALIGNMENT(.text*))
 .text.hw_Init  0x00000410      0x10c ./source/startup/hardware.o
                0x00000410                hw_Init
 .text.hw_EnableInterrupts
                0x0000051c       0x30 ./source/startup/hardware.o
                0x0000051c                hw_EnableInterrupts
 .text.hw_DisableInterrupts
                0x0000054c       0x20 ./source/startup/hardware.o
                0x0000054c                hw_DisableInterrupts
 .text.Led_Init
                0x0000056c      0x188 ./source/drivers/Led.o
                0x0000056c                Led_Init
 .text.Led_OnForDefinedTime
                0x000006f4       0xa4 ./source/drivers/Led.o
                0x000006f4                Led_OnForDefinedTime
 .text.Led_CustomBlink
                0x00000798       0xf0 ./source/drivers/Led.o
                0x00000798                Led_CustomBlink
 .text.findLedIndexByID
                0x00000888       0x4c ./source/drivers/Led.o
 .text.Led_PISR
                0x000008d4       0xcc ./source/drivers/Led.o
 .text.MplxLed_Init
                0x000009a0       0x9c ./source/drivers/MplxLed.o
                0x000009a0                MplxLed_Init
 .text.MplxLed_On
                0x00000a3c       0x58 ./source/drivers/MplxLed.o
                0x00000a3c                MplxLed_On
 .text.MplxLed_Off
                0x00000a94       0x58 ./source/drivers/MplxLed.o
                0x00000a94                MplxLed_Off
 .text.MplxLed_PISR
                0x00000aec      0x33c ./source/drivers/MplxLed.o
                0x00000aec                MplxLed_PISR
 .text.Timer_Init
                0x00000e28       0x2c ./source/drivers/Timer.o
                0x00000e28                Timer_Init
 .text.Timer_AddCallback
                0x00000e54       0x88 ./source/drivers/Timer.o
                0x00000e54                Timer_AddCallback
 .text.Timer_Delete
                0x00000edc      0x1b8 ./source/drivers/Timer.o
                0x00000edc                Timer_Delete
 .text.Timer_Reset
                0x00001094       0x80 ./source/drivers/Timer.o
                0x00001094                Timer_Reset
 .text.Timer_PISR
                0x00001114       0xec ./source/drivers/Timer.o
 .text.systick_callback
                0x00001200      0x278 ./source/drivers/button.o
 .text.buttonsInit
                0x00001478       0x14 ./source/drivers/button.o
                0x00001478                buttonsInit
 .text.wasTap   0x0000148c       0x74 ./source/drivers/button.o
                0x0000148c                wasTap
 .text.wasLkp   0x00001500       0x80 ./source/drivers/button.o
                0x00001500                wasLkp
 .text.buttonConfiguration
                0x00001580      0x120 ./source/drivers/button.o
                0x00001580                buttonConfiguration
 .text.Encoder_Init
                0x000016a0       0x60 ./source/drivers/encoder.o
                0x000016a0                Encoder_Init
 .text.Encoder_GetMove
                0x00001700       0x3c ./source/drivers/encoder.o
                0x00001700                Encoder_GetMove
 .text.lookForMoves
                0x0000173c       0xd0 ./source/drivers/encoder.o
                0x0000173c                lookForMoves
 .text.Lector_Init
                0x0000180c       0x3c ./source/drivers/lector.o
                0x0000180c                Lector_Init
 .text.Lector_Event
                0x00001848       0x18 ./source/drivers/lector.o
                0x00001848                Lector_Event
 .text.Lector_GetData
                0x00001860      0x328 ./source/drivers/lector.o
                0x00001860                Lector_GetData
 .text.EnableIRQcallback
                0x00001b88       0x48 ./source/drivers/lector.o
                0x00001b88                EnableIRQcallback
 .text.ClockIRQcallback
                0x00001bd0       0x4c ./source/drivers/lector.o
                0x00001bd0                ClockIRQcallback
 .text.find_ss_fs_es
                0x00001c1c       0xb8 ./source/drivers/lector.o
                0x00001c1c                find_ss_fs_es
 .text.find_fs  0x00001cd4       0x88 ./source/drivers/lector.o
                0x00001cd4                find_fs
 .text.find_es  0x00001d5c       0x88 ./source/drivers/lector.o
                0x00001d5c                find_es
 .text.SevenSegDisplay_Init
                0x00001de4       0xe4 ./source/drivers/seven_seg_display.o
                0x00001de4                SevenSegDisplay_Init
 .text.SevenSegDisplay_ChangeCharacter
                0x00001ec8       0x44 ./source/drivers/seven_seg_display.o
                0x00001ec8                SevenSegDisplay_ChangeCharacter
 .text.SevenSegDisplay_BlinkScreen
                0x00001f0c       0x54 ./source/drivers/seven_seg_display.o
                0x00001f0c                SevenSegDisplay_BlinkScreen
 .text.SevenSegDisplay_BlinkCharacter
                0x00001f60       0x8c ./source/drivers/seven_seg_display.o
                0x00001f60                SevenSegDisplay_BlinkCharacter
 .text.SevenSegDisplay_SetBright
                0x00001fec       0x20 ./source/drivers/seven_seg_display.o
                0x00001fec                SevenSegDisplay_SetBright
 .text.SevenSegDisplay_WriteBuffer
                0x0000200c       0x68 ./source/drivers/seven_seg_display.o
                0x0000200c                SevenSegDisplay_WriteBuffer
 .text.SevenSegDisplay_WriteBufferAndMove
                0x00002074       0x90 ./source/drivers/seven_seg_display.o
                0x00002074                SevenSegDisplay_WriteBufferAndMove
 .text.SevenSegDisplay_Swipe
                0x00002104       0x5c ./source/drivers/seven_seg_display.o
                0x00002104                SevenSegDisplay_Swipe
 .text.SevenSegDisplay_SetPos
                0x00002160       0x30 ./source/drivers/seven_seg_display.o
                0x00002160                SevenSegDisplay_SetPos
 .text.SevenSegDisplay_CursorOn
                0x00002190       0x3c ./source/drivers/seven_seg_display.o
                0x00002190                SevenSegDisplay_CursorOn
 .text.SevenSegDisplay_CursorOff
                0x000021cc       0x2c ./source/drivers/seven_seg_display.o
                0x000021cc                SevenSegDisplay_CursorOff
 .text.SevenSegDisplay_CursorInc
                0x000021f8       0x48 ./source/drivers/seven_seg_display.o
                0x000021f8                SevenSegDisplay_CursorInc
 .text.SevenSegDisplay_CursorDec
                0x00002240       0x48 ./source/drivers/seven_seg_display.o
                0x00002240                SevenSegDisplay_CursorDec
 .text.SevenSegDisplay_PrintCharacter
                0x00002288       0x50 ./source/drivers/seven_seg_display.o
                0x00002288                SevenSegDisplay_PrintCharacter
 .text.SevenSegDisplay_PISR
                0x000022d8      0x210 ./source/drivers/seven_seg_display.o
                0x000022d8                SevenSegDisplay_PISR
 .text.SevenSegDisplay_EraseScreen
                0x000024e8       0x3c ./source/drivers/seven_seg_display.o
                0x000024e8                SevenSegDisplay_EraseScreen
 .text.SevenSegDisplay_chat2sevseg
                0x00002524       0x7c ./source/drivers/seven_seg_display.o
                0x00002524                SevenSegDisplay_chat2sevseg
 .text.initializeDataBase
                0x000025a0      0x284 ./source/database/data_base.o
                0x000025a0                initializeDataBase
 .text.verifyID
                0x00002824       0xa4 ./source/database/data_base.o
                0x00002824                verifyID
 .text.verifyPIN
                0x000028c8       0xc4 ./source/database/data_base.o
                0x000028c8                verifyPIN
 .text.isCurrentUserBlocked
                0x0000298c       0x38 ./source/database/data_base.o
                0x0000298c                isCurrentUserBlocked
 .text.UnblockUser
                0x000029c4       0x64 ./source/database/data_base.o
                0x000029c4                UnblockUser
 .text.IsAdmin  0x00002a28       0x38 ./source/database/data_base.o
                0x00002a28                IsAdmin
 .text.checkAddUser
                0x00002a60      0x134 ./source/database/data_base.o
                0x00002a60                checkAddUser
 .text.validateAll
                0x00002b94       0x7c ./source/database/data_base.o
                0x00002b94                validateAll
 .text.verifyCardNumber
                0x00002c10       0xd0 ./source/database/data_base.o
                0x00002c10                verifyCardNumber
 .text.SysTick_Init
                0x00002ce0       0x3c ./source/MCAL/SysTick.o
                0x00002ce0                SysTick_Init
 .text.SysTick_AddCallback
                0x00002d1c       0x88 ./source/MCAL/SysTick.o
                0x00002d1c                SysTick_AddCallback
 .text.SysTick_Handler
                0x00002da4       0xcc ./source/MCAL/SysTick.o
                0x00002da4                SysTick_Handler
 .text.__NVIC_EnableIRQ
                0x00002e70       0x3c ./source/MCAL/gpio.o
 .text.__NVIC_GetEnableIRQ
                0x00002eac       0x40 ./source/MCAL/gpio.o
 .text.gpioMode
                0x00002eec      0x17c ./source/MCAL/gpio.o
                0x00002eec                gpioMode
 .text.gpioToggle
                0x00003068       0x48 ./source/MCAL/gpio.o
                0x00003068                gpioToggle
 .text.gpioRead
                0x000030b0       0x48 ./source/MCAL/gpio.o
                0x000030b0                gpioRead
 .text.gpioWrite
                0x000030f8       0x5c ./source/MCAL/gpio.o
                0x000030f8                gpioWrite
 .text.gpioIRQ  0x00003154       0x90 ./source/MCAL/gpio.o
                0x00003154                gpioIRQ
 .text.interruptHandler
                0x000031e4       0x90 ./source/MCAL/gpio.o
                0x000031e4                interruptHandler
 .text.admin_initAdminMenu
                0x00003274       0x20 ./source/FSM/States/admin_state.o
                0x00003274                admin_initAdminMenu
 .text.admin_nextOption
                0x00003294       0x40 ./source/FSM/States/admin_state.o
                0x00003294                admin_nextOption
 .text.admin_previousOption
                0x000032d4       0x40 ./source/FSM/States/admin_state.o
                0x000032d4                admin_previousOption
 .text.admin_selectOption
                0x00003314       0x6c ./source/FSM/States/admin_state.o
                0x00003314                admin_selectOption
 .text.showTitle
                0x00003380       0x4c ./source/FSM/States/admin_state.o
 .text.stopShowingTitle
                0x000033cc       0x1c ./source/FSM/States/admin_state.o
 .text.userInteractionStopsTitle
                0x000033e8       0x24 ./source/FSM/States/admin_state.o
 .text.showCurrentOption
                0x0000340c       0x90 ./source/FSM/States/admin_state.o
 .text.initConfigDevice
                0x0000349c       0x40 ./source/FSM/States/config_device_state.o
                0x0000349c                initConfigDevice
 .text.configDev_nextOption
                0x000034dc       0x2c ./source/FSM/States/config_device_state.o
                0x000034dc                configDev_nextOption
 .text.configDev_previousOption
                0x00003508       0x2c ./source/FSM/States/config_device_state.o
                0x00003508                configDev_previousOption
 .text.showCurrentOption
                0x00003534       0x38 ./source/FSM/States/config_device_state.o
 .text.initFailState
                0x0000356c       0x64 ./source/FSM/States/fail_state.o
                0x0000356c                initFailState
 .text.finishFail
                0x000035d0       0x30 ./source/FSM/States/fail_state.o
                0x000035d0                finishFail
 .text.initLogin
                0x00003600       0x28 ./source/FSM/States/id_state.o
                0x00003600                initLogin
 .text.id_increaseCurrent
                0x00003628       0x40 ./source/FSM/States/id_state.o
                0x00003628                id_increaseCurrent
 .text.id_decreaseCurrent
                0x00003668       0x40 ./source/FSM/States/id_state.o
                0x00003668                id_decreaseCurrent
 .text.id_confirmID
                0x000036a8       0x50 ./source/FSM/States/id_state.o
                0x000036a8                id_confirmID
 .text.id_acceptNumber
                0x000036f8       0x40 ./source/FSM/States/id_state.o
                0x000036f8                id_acceptNumber
 .text.id_checkCardID
                0x00003738       0xb0 ./source/FSM/States/id_state.o
                0x00003738                id_checkCardID
 .text.showTitle
                0x000037e8       0x48 ./source/FSM/States/id_state.o
 .text.stopShowingTitle
                0x00003830       0x30 ./source/FSM/States/id_state.o
 .text.userInteractionStopsTitle
                0x00003860       0x28 ./source/FSM/States/id_state.o
 .text.userInteractionStopErrorIndication
                0x00003888       0x28 ./source/FSM/States/id_state.o
 .text.showWelcomeAnimation
                0x000038b0       0x28 ./source/FSM/States/main_menu_state.o
                0x000038b0                showWelcomeAnimation
 .text.openDoor
                0x000038d8       0x20 ./source/FSM/States/open_state.o
                0x000038d8                openDoor
 .text.initPinInput
                0x000038f8       0x20 ./source/FSM/States/pin_state.o
                0x000038f8                initPinInput
 .text.pin_confirmPin
                0x00003918       0x50 ./source/FSM/States/pin_state.o
                0x00003918                pin_confirmPin
 .text.pin_acceptNumber
                0x00003968       0x2c ./source/FSM/States/pin_state.o
                0x00003968                pin_acceptNumber
 .text.pin_increaseCurrent
                0x00003994       0x30 ./source/FSM/States/pin_state.o
                0x00003994                pin_increaseCurrent
 .text.pin_decreaseCurrent
                0x000039c4       0x30 ./source/FSM/States/pin_state.o
                0x000039c4                pin_decreaseCurrent
 .text.showTitle
                0x000039f4       0x48 ./source/FSM/States/pin_state.o
 .text.stopShowingTitle
                0x00003a3c       0x28 ./source/FSM/States/pin_state.o
 .text.userInteractionStopsTitle
                0x00003a64       0x24 ./source/FSM/States/pin_state.o
 .text.initUserMenu
                0x00003a88       0x20 ./source/FSM/States/usr_state.o
                0x00003a88                initUserMenu
 .text.usr_nextOption
                0x00003aa8       0x40 ./source/FSM/States/usr_state.o
                0x00003aa8                usr_nextOption
 .text.usr_previousOption
                0x00003ae8       0x40 ./source/FSM/States/usr_state.o
                0x00003ae8                usr_previousOption
 .text.usr_selectOption
                0x00003b28       0x40 ./source/FSM/States/usr_state.o
                0x00003b28                usr_selectOption
 .text.showTitle
                0x00003b68       0x4c ./source/FSM/States/usr_state.o
 .text.stopShowingTitle
                0x00003bb4       0x1c ./source/FSM/States/usr_state.o
 .text.userInteractionStopsTitle
                0x00003bd0       0x24 ./source/FSM/States/usr_state.o
 .text.showCurrentOption
                0x00003bf4       0x48 ./source/FSM/States/usr_state.o
 .text.FSM_GetInitState
                0x00003c3c       0x14 ./source/FSM/fsm_table.o
                0x00003c3c                FSM_GetInitState
 .text.App_Init
                0x00003c50       0x64 ./source/App.o
                0x00003c50                App_Init
 .text.App_Run  0x00003cb4       0x38 ./source/App.o
                0x00003cb4                App_Run
 .text.fillQueue
                0x00003cec       0x94 ./source/App.o
 .text.initQueue
                0x00003d80       0x50 ./source/queue.o
                0x00003d80                initQueue
 .text.emitEvent
                0x00003dd0       0x70 ./source/queue.o
                0x00003dd0                emitEvent
 .text.getEvent
                0x00003e40       0x3c ./source/queue.o
                0x00003e40                getEvent
 .text.queueIsEmpty
                0x00003e7c       0x34 ./source/queue.o
                0x00003e7c                queueIsEmpty
 .text.SystemInit
                0x00003eb0       0x3c ./CMSIS/system_MK64F12.o
                0x00003eb0                SystemInit
 .text._initio  0x00003eec       0x78 c:/nxp/mcuxpressoide_10.2.0_759/ide/tools/bin/../lib/gcc/arm-none-eabi/7.2.1/../../../../arm-none-eabi/lib/thumb/v7e-m/fpv4-sp/hard\libcr_c.a(initio.o)
                0x00003eec                _initio
 .text.setvbuf  0x00003f64       0x40 c:/nxp/mcuxpressoide_10.2.0_759/ide/tools/bin/../lib/gcc/arm-none-eabi/7.2.1/../../../../arm-none-eabi/lib/thumb/v7e-m/fpv4-sp/hard\libcr_c.a(setvbuf.o)
                0x00003f64                setvbuf
 .text.fflush   0x00003fa4       0x44 c:/nxp/mcuxpressoide_10.2.0_759/ide/tools/bin/../lib/gcc/arm-none-eabi/7.2.1/../../../../arm-none-eabi/lib/thumb/v7e-m/fpv4-sp/hard\libcr_c.a(fflush.o)
                0x00003fa4                fflush
 .text.fseek    0x00003fe8      0x100 c:/nxp/mcuxpressoide_10.2.0_759/ide/tools/bin/../lib/gcc/arm-none-eabi/7.2.1/../../../../arm-none-eabi/lib/thumb/v7e-m/fpv4-sp/hard\libcr_c.a(fseek.o)
                0x00003fe8                fseek
 .text.ftell    0x000040e8       0x44 c:/nxp/mcuxpressoide_10.2.0_759/ide/tools/bin/../lib/gcc/arm-none-eabi/7.2.1/../../../../arm-none-eabi/lib/thumb/v7e-m/fpv4-sp/hard\libcr_c.a(ftell.o)
                0x000040e8                ftell
 .text._Cwritebuf
                0x0000412c       0x6c c:/nxp/mcuxpressoide_10.2.0_759/ide/tools/bin/../lib/gcc/arm-none-eabi/7.2.1/../../../../arm-none-eabi/lib/thumb/v7e-m/fpv4-sp/hard\libcr_c.a(_writebuf.o)
                0x0000412c                _Cwritebuf
 .text.main     0x00004198       0x1a ./source/startup/main.o
                0x00004198                main
 .text.HardFault_Handler
                0x000041b2       0x2c ./source/startup/semihost_hardfault.o
                0x000041b2                HardFault_Handler
 .text.DMA0_IRQHandler
                0x000041de        0x8 ./source/startup/startup_mk64f12.o
                0x000041de                DMA0_IRQHandler
 .text.DMA1_IRQHandler
                0x000041e6        0x8 ./source/startup/startup_mk64f12.o
                0x000041e6                DMA1_IRQHandler
 .text.DMA2_IRQHandler
                0x000041ee        0x8 ./source/startup/startup_mk64f12.o
                0x000041ee                DMA2_IRQHandler
 .text.DMA3_IRQHandler
                0x000041f6        0x8 ./source/startup/startup_mk64f12.o
                0x000041f6                DMA3_IRQHandler
 .text.DMA4_IRQHandler
                0x000041fe        0x8 ./source/startup/startup_mk64f12.o
                0x000041fe                DMA4_IRQHandler
 .text.DMA5_IRQHandler
                0x00004206        0x8 ./source/startup/startup_mk64f12.o
                0x00004206                DMA5_IRQHandler
 .text.DMA6_IRQHandler
                0x0000420e        0x8 ./source/startup/startup_mk64f12.o
                0x0000420e                DMA6_IRQHandler
 .text.DMA7_IRQHandler
                0x00004216        0x8 ./source/startup/startup_mk64f12.o
                0x00004216                DMA7_IRQHandler
 .text.DMA8_IRQHandler
                0x0000421e        0x8 ./source/startup/startup_mk64f12.o
                0x0000421e                DMA8_IRQHandler
 .text.DMA9_IRQHandler
                0x00004226        0x8 ./source/startup/startup_mk64f12.o
                0x00004226                DMA9_IRQHandler
 .text.DMA10_IRQHandler
                0x0000422e        0x8 ./source/startup/startup_mk64f12.o
                0x0000422e                DMA10_IRQHandler
 .text.DMA11_IRQHandler
                0x00004236        0x8 ./source/startup/startup_mk64f12.o
                0x00004236                DMA11_IRQHandler
 .text.DMA12_IRQHandler
                0x0000423e        0x8 ./source/startup/startup_mk64f12.o
                0x0000423e                DMA12_IRQHandler
 .text.DMA13_IRQHandler
                0x00004246        0x8 ./source/startup/startup_mk64f12.o
                0x00004246                DMA13_IRQHandler
 .text.DMA14_IRQHandler
                0x0000424e        0x8 ./source/startup/startup_mk64f12.o
                0x0000424e                DMA14_IRQHandler
 .text.DMA15_IRQHandler
                0x00004256        0x8 ./source/startup/startup_mk64f12.o
                0x00004256                DMA15_IRQHandler
 .text.DMA_Error_IRQHandler
                0x0000425e        0x8 ./source/startup/startup_mk64f12.o
                0x0000425e                DMA_Error_IRQHandler
 .text.MCM_IRQHandler
                0x00004266        0x8 ./source/startup/startup_mk64f12.o
                0x00004266                MCM_IRQHandler
 .text.FTFE_IRQHandler
                0x0000426e        0x8 ./source/startup/startup_mk64f12.o
                0x0000426e                FTFE_IRQHandler
 .text.Read_Collision_IRQHandler
                0x00004276        0x8 ./source/startup/startup_mk64f12.o
                0x00004276                Read_Collision_IRQHandler
 .text.LVD_LVW_IRQHandler
                0x0000427e        0x8 ./source/startup/startup_mk64f12.o
                0x0000427e                LVD_LVW_IRQHandler
 .text.LLWU_IRQHandler
                0x00004286        0x8 ./source/startup/startup_mk64f12.o
                0x00004286                LLWU_IRQHandler
 .text.WDOG_EWM_IRQHandler
                0x0000428e        0x8 ./source/startup/startup_mk64f12.o
                0x0000428e                WDOG_EWM_IRQHandler
 .text.RNG_IRQHandler
                0x00004296        0x8 ./source/startup/startup_mk64f12.o
                0x00004296                RNG_IRQHandler
 .text.I2C0_IRQHandler
                0x0000429e        0x8 ./source/startup/startup_mk64f12.o
                0x0000429e                I2C0_IRQHandler
 .text.I2C1_IRQHandler
                0x000042a6        0x8 ./source/startup/startup_mk64f12.o
                0x000042a6                I2C1_IRQHandler
 .text.SPI0_IRQHandler
                0x000042ae        0x8 ./source/startup/startup_mk64f12.o
                0x000042ae                SPI0_IRQHandler
 .text.SPI1_IRQHandler
                0x000042b6        0x8 ./source/startup/startup_mk64f12.o
                0x000042b6                SPI1_IRQHandler
 .text.I2S0_Tx_IRQHandler
                0x000042be        0x8 ./source/startup/startup_mk64f12.o
                0x000042be                I2S0_Tx_IRQHandler
 .text.I2S0_Rx_IRQHandler
                0x000042c6        0x8 ./source/startup/startup_mk64f12.o
                0x000042c6                I2S0_Rx_IRQHandler
 .text.UART0_LON_IRQHandler
                0x000042ce        0x8 ./source/startup/startup_mk64f12.o
                0x000042ce                UART0_LON_IRQHandler
 .text.UART0_RX_TX_IRQHandler
                0x000042d6        0x8 ./source/startup/startup_mk64f12.o
                0x000042d6                UART0_RX_TX_IRQHandler
 .text.UART0_ERR_IRQHandler
                0x000042de        0x8 ./source/startup/startup_mk64f12.o
                0x000042de                UART0_ERR_IRQHandler
 .text.UART1_RX_TX_IRQHandler
                0x000042e6        0x8 ./source/startup/startup_mk64f12.o
                0x000042e6                UART1_RX_TX_IRQHandler
 .text.UART1_ERR_IRQHandler
                0x000042ee        0x8 ./source/startup/startup_mk64f12.o
                0x000042ee                UART1_ERR_IRQHandler
 .text.UART2_RX_TX_IRQHandler
                0x000042f6        0x8 ./source/startup/startup_mk64f12.o
                0x000042f6                UART2_RX_TX_IRQHandler
 .text.UART2_ERR_IRQHandler
                0x000042fe        0x8 ./source/startup/startup_mk64f12.o
                0x000042fe                UART2_ERR_IRQHandler
 .text.UART3_RX_TX_IRQHandler
                0x00004306        0x8 ./source/startup/startup_mk64f12.o
                0x00004306                UART3_RX_TX_IRQHandler
 .text.UART3_ERR_IRQHandler
                0x0000430e        0x8 ./source/startup/startup_mk64f12.o
                0x0000430e                UART3_ERR_IRQHandler
 .text.ADC0_IRQHandler
                0x00004316        0x8 ./source/startup/startup_mk64f12.o
                0x00004316                ADC0_IRQHandler
 .text.CMP0_IRQHandler
                0x0000431e        0x8 ./source/startup/startup_mk64f12.o
                0x0000431e                CMP0_IRQHandler
 .text.CMP1_IRQHandler
                0x00004326        0x8 ./source/startup/startup_mk64f12.o
                0x00004326                CMP1_IRQHandler
 .text.FTM0_IRQHandler
                0x0000432e        0x8 ./source/startup/startup_mk64f12.o
                0x0000432e                FTM0_IRQHandler
 .text.FTM1_IRQHandler
                0x00004336        0x8 ./source/startup/startup_mk64f12.o
                0x00004336                FTM1_IRQHandler
 .text.FTM2_IRQHandler
                0x0000433e        0x8 ./source/startup/startup_mk64f12.o
                0x0000433e                FTM2_IRQHandler
 .text.CMT_IRQHandler
                0x00004346        0x8 ./source/startup/startup_mk64f12.o
                0x00004346                CMT_IRQHandler
 .text.RTC_IRQHandler
                0x0000434e        0x8 ./source/startup/startup_mk64f12.o
                0x0000434e                RTC_IRQHandler
 .text.RTC_Seconds_IRQHandler
                0x00004356        0x8 ./source/startup/startup_mk64f12.o
                0x00004356                RTC_Seconds_IRQHandler
 .text.PIT0_IRQHandler
                0x0000435e        0x8 ./source/startup/startup_mk64f12.o
                0x0000435e                PIT0_IRQHandler
 .text.PIT1_IRQHandler
                0x00004366        0x8 ./source/startup/startup_mk64f12.o
                0x00004366                PIT1_IRQHandler
 .text.PIT2_IRQHandler
                0x0000436e        0x8 ./source/startup/startup_mk64f12.o
                0x0000436e                PIT2_IRQHandler
 .text.PIT3_IRQHandler
                0x00004376        0x8 ./source/startup/startup_mk64f12.o
                0x00004376                PIT3_IRQHandler
 .text.PDB0_IRQHandler
                0x0000437e        0x8 ./source/startup/startup_mk64f12.o
                0x0000437e                PDB0_IRQHandler
 .text.USB0_IRQHandler
                0x00004386        0x8 ./source/startup/startup_mk64f12.o
                0x00004386                USB0_IRQHandler
 .text.USBDCD_IRQHandler
                0x0000438e        0x8 ./source/startup/startup_mk64f12.o
                0x0000438e                USBDCD_IRQHandler
 .text.Reserved71_IRQHandler
                0x00004396        0x8 ./source/startup/startup_mk64f12.o
                0x00004396                Reserved71_IRQHandler
 .text.DAC0_IRQHandler
                0x0000439e        0x8 ./source/startup/startup_mk64f12.o
                0x0000439e                DAC0_IRQHandler
 .text.MCG_IRQHandler
                0x000043a6        0x8 ./source/startup/startup_mk64f12.o
                0x000043a6                MCG_IRQHandler
 .text.LPTMR0_IRQHandler
                0x000043ae        0x8 ./source/startup/startup_mk64f12.o
                0x000043ae                LPTMR0_IRQHandler
 .text.SWI_IRQHandler
                0x000043b6        0x8 ./source/startup/startup_mk64f12.o
                0x000043b6                SWI_IRQHandler
 .text.SPI2_IRQHandler
                0x000043be        0x8 ./source/startup/startup_mk64f12.o
                0x000043be                SPI2_IRQHandler
 .text.UART4_RX_TX_IRQHandler
                0x000043c6        0x8 ./source/startup/startup_mk64f12.o
                0x000043c6                UART4_RX_TX_IRQHandler
 .text.UART4_ERR_IRQHandler
                0x000043ce        0x8 ./source/startup/startup_mk64f12.o
                0x000043ce                UART4_ERR_IRQHandler
 .text.UART5_RX_TX_IRQHandler
                0x000043d6        0x8 ./source/startup/startup_mk64f12.o
                0x000043d6                UART5_RX_TX_IRQHandler
 .text.UART5_ERR_IRQHandler
                0x000043de        0x8 ./source/startup/startup_mk64f12.o
                0x000043de                UART5_ERR_IRQHandler
 .text.CMP2_IRQHandler
                0x000043e6        0x8 ./source/startup/startup_mk64f12.o
                0x000043e6                CMP2_IRQHandler
 .text.FTM3_IRQHandler
                0x000043ee        0x8 ./source/startup/startup_mk64f12.o
                0x000043ee                FTM3_IRQHandler
 .text.DAC1_IRQHandler
                0x000043f6        0x8 ./source/startup/startup_mk64f12.o
                0x000043f6                DAC1_IRQHandler
 .text.ADC1_IRQHandler
                0x000043fe        0x8 ./source/startup/startup_mk64f12.o
                0x000043fe                ADC1_IRQHandler
 .text.I2C2_IRQHandler
                0x00004406        0x8 ./source/startup/startup_mk64f12.o
                0x00004406                I2C2_IRQHandler
 .text.CAN0_ORed_Message_buffer_IRQHandler
                0x0000440e        0x8 ./source/startup/startup_mk64f12.o
                0x0000440e                CAN0_ORed_Message_buffer_IRQHandler
 .text.CAN0_Bus_Off_IRQHandler
                0x00004416        0x8 ./source/startup/startup_mk64f12.o
                0x00004416                CAN0_Bus_Off_IRQHandler
 .text.CAN0_Error_IRQHandler
                0x0000441e        0x8 ./source/startup/startup_mk64f12.o
                0x0000441e                CAN0_Error_IRQHandler
 .text.CAN0_Tx_Warning_IRQHandler
                0x00004426        0x8 ./source/startup/startup_mk64f12.o
                0x00004426                CAN0_Tx_Warning_IRQHandler
 .text.CAN0_Rx_Warning_IRQHandler
                0x0000442e        0x8 ./source/startup/startup_mk64f12.o
                0x0000442e                CAN0_Rx_Warning_IRQHandler
 .text.CAN0_Wake_Up_IRQHandler
                0x00004436        0x8 ./source/startup/startup_mk64f12.o
                0x00004436                CAN0_Wake_Up_IRQHandler
 .text.SDHC_IRQHandler
                0x0000443e        0x8 ./source/startup/startup_mk64f12.o
                0x0000443e                SDHC_IRQHandler
 .text.ENET_1588_Timer_IRQHandler
                0x00004446        0x8 ./source/startup/startup_mk64f12.o
                0x00004446                ENET_1588_Timer_IRQHandler
 .text.ENET_Transmit_IRQHandler
                0x0000444e        0x8 ./source/startup/startup_mk64f12.o
                0x0000444e                ENET_Transmit_IRQHandler
 .text.ENET_Receive_IRQHandler
                0x00004456        0x8 ./source/startup/startup_mk64f12.o
                0x00004456                ENET_Receive_IRQHandler
 .text.ENET_Error_IRQHandler
                0x0000445e        0x8 ./source/startup/startup_mk64f12.o
                0x0000445e                ENET_Error_IRQHandler
 .text.Led_On   0x00004466       0x1c ./source/drivers/Led.o
                0x00004466                Led_On
 .text.Led_Off  0x00004482       0x1c ./source/drivers/Led.o
                0x00004482                Led_Off
 .text.Led_Toggle
                0x0000449e       0x1a ./source/drivers/Led.o
                0x0000449e                Led_Toggle
 .text.OnForDefinedTimeCalledFromPISR
                0x000044b8       0x4e ./source/drivers/Led.o
 .text.BlinkCalledFromPISR
                0x00004506       0x74 ./source/drivers/Led.o
 .text.RepetitionBlinkCalledFromPISR
                0x0000457a       0x7c ./source/drivers/Led.o
 .text.InfiniteBlinkCalledFromPISR
                0x000045f6       0x4a ./source/drivers/Led.o
 .text.getArrayEffectiveLength
                0x00004640       0x54 ./source/drivers/Timer.o
 .text.checkIdArrayFormat
                0x00004694       0x26 ./source/database/data_base.o
 .text.checkPinArrayFormat
                0x000046ba       0x2c ./source/database/data_base.o
 .text.getEffectiveArrayLength
                0x000046e6       0x46 ./source/database/data_base.o
 .text.getArrayEffectiveLength
                0x0000472c       0x54 ./source/MCAL/SysTick.o
 .text.PORTA_IRQHandler
                0x00004780       0x1e ./source/MCAL/gpio.o
                0x00004780                PORTA_IRQHandler
 .text.PORTB_IRQHandler
                0x0000479e       0x1e ./source/MCAL/gpio.o
                0x0000479e                PORTB_IRQHandler
 .text.PORTC_IRQHandler
                0x000047bc       0x1e ./source/MCAL/gpio.o
                0x000047bc                PORTC_IRQHandler
 .text.PORTD_IRQHandler
                0x000047da       0x1e ./source/MCAL/gpio.o
                0x000047da                PORTD_IRQHandler
 .text.PORTE_IRQHandler
                0x000047f8       0x1e ./source/MCAL/gpio.o
                0x000047f8                PORTE_IRQHandler
 .text.configDev_selectOption
                0x00004816       0x12 ./source/FSM/States/config_device_state.o
                0x00004816                configDev_selectOption
 .text.userInteractionStopErrorIndicationAndRestart
                0x00004828       0x10 ./source/FSM/States/id_state.o
 .text.id_fail  0x00004838       0x14 ./source/FSM/States/id_state.o
 .text.id_cardFail
                0x0000484c       0x10 ./source/FSM/States/id_state.o
 .text.cardSwipe
                0x0000485c       0x92 ./source/FSM/States/main_menu_state.o
                0x0000485c                cardSwipe
 .text.accessTimeOut
                0x000048ee       0x14 ./source/FSM/States/open_state.o
                0x000048ee                accessTimeOut
 .text.inputIncreaseCurrent
                0x00004902       0x8a ./source/FSM/States/user_input.o
                0x00004902                inputIncreaseCurrent
 .text.inputDecreaseCurrent
                0x0000498c       0x8c ./source/FSM/States/user_input.o
                0x0000498c                inputDecreaseCurrent
 .text.inputResetArray
                0x00004a18       0x3c ./source/FSM/States/user_input.o
                0x00004a18                inputResetArray
 .text.inputAcceptNumber
                0x00004a54       0xa8 ./source/FSM/States/user_input.o
                0x00004a54                inputAcceptNumber
 .text.getEffectiveArrayLength
                0x00004afc       0x60 ./source/FSM/States/user_input.o
 .text.deleteLastChar
                0x00004b5c       0x52 ./source/FSM/States/user_input.o
 .text.fsm      0x00004bae       0x3c ./source/FSM/fsm.o
                0x00004bae                fsm
 .text.FMS_StartInitState
                0x00004bea        0xc ./source/FSM/fsm_table.o
                0x00004bea                FMS_StartInitState
 .text.do_nothing
                0x00004bf6        0xe ./source/FSM/fsm_table.o
 .text.timeOutCallback
                0x00004c04        0xe ./source/App.o
 .text.SystemInitHook
                0x00004c12        0xe ./CMSIS/system_MK64F12.o
                0x00004c12                SystemInitHook
 .text.__main   0x00004c20        0xe c:/nxp/mcuxpressoide_10.2.0_759/ide/tools/bin/../lib/gcc/arm-none-eabi/7.2.1/../../../../arm-none-eabi/lib/thumb/v7e-m/fpv4-sp/hard\libcr_semihost_nf.a(_cr__main.o)
                0x00004c20                __CR_SEMIHOST
                0x00004c20                __main
 .text.memcpy   0x00004c2e        0x4 c:/nxp/mcuxpressoide_10.2.0_759/ide/tools/bin/../lib/gcc/arm-none-eabi/7.2.1/../../../../arm-none-eabi/lib/thumb/v7e-m/fpv4-sp/hard\libcr_c.a(memcpy.o)
                0x00004c2e                memcpy
 .text.memset   0x00004c32        0x4 c:/nxp/mcuxpressoide_10.2.0_759/ide/tools/bin/../lib/gcc/arm-none-eabi/7.2.1/../../../../arm-none-eabi/lib/thumb/v7e-m/fpv4-sp/hard\libcr_c.a(memset.o)
                0x00004c32                memset
 .text._fdopen  0x00004c36       0x68 c:/nxp/mcuxpressoide_10.2.0_759/ide/tools/bin/../lib/gcc/arm-none-eabi/7.2.1/../../../../arm-none-eabi/lib/thumb/v7e-m/fpv4-sp/hard\libcr_c.a(_fdopen.o)
                0x00004c36                _fdopen
 .text.fclose   0x00004c9e       0x58 c:/nxp/mcuxpressoide_10.2.0_759/ide/tools/bin/../lib/gcc/arm-none-eabi/7.2.1/../../../../arm-none-eabi/lib/thumb/v7e-m/fpv4-sp/hard\libcr_c.a(fclose.o)
                0x00004c9e                fclose
 .text.remove   0x00004cf6       0x14 c:/nxp/mcuxpressoide_10.2.0_759/ide/tools/bin/../lib/gcc/arm-none-eabi/7.2.1/../../../../arm-none-eabi/lib/thumb/v7e-m/fpv4-sp/hard\libcr_c.a(remove.o)
                0x00004cf6                remove
 .text.strlen   0x00004d0a       0x4a c:/nxp/mcuxpressoide_10.2.0_759/ide/tools/bin/../lib/gcc/arm-none-eabi/7.2.1/../../../../arm-none-eabi/lib/thumb/v7e-m/fpv4-sp/hard\libcr_c.a(strlen.o)
                0x00004d0a                strlen
 .text._do_fflush
                0x00004d54       0x40 c:/nxp/mcuxpressoide_10.2.0_759/ide/tools/bin/../lib/gcc/arm-none-eabi/7.2.1/../../../../arm-none-eabi/lib/thumb/v7e-m/fpv4-sp/hard\libcr_c.a(_do_fflush.o)
                0x00004d54                _do_fflush
 .text._fflush  0x00004d94       0x52 c:/nxp/mcuxpressoide_10.2.0_759/ide/tools/bin/../lib/gcc/arm-none-eabi/7.2.1/../../../../arm-none-eabi/lib/thumb/v7e-m/fpv4-sp/hard\libcr_c.a(_fflush.o)
                0x00004d94                _fflush
 .text.free     0x00004de6       0x30 c:/nxp/mcuxpressoide_10.2.0_759/ide/tools/bin/../lib/gcc/arm-none-eabi/7.2.1/../../../../arm-none-eabi/lib/thumb/v7e-m/fpv4-sp/hard\libcr_c.a(alloc.o)
                0x00004de6                free
 .text._deferredlazyseek
                0x00004e16       0x40 c:/nxp/mcuxpressoide_10.2.0_759/ide/tools/bin/../lib/gcc/arm-none-eabi/7.2.1/../../../../arm-none-eabi/lib/thumb/v7e-m/fpv4-sp/hard\libcr_c.a(_deferredlazyseek.o)
                0x00004e16                _deferredlazyseek
 .text.__aeabi_memcpy
                0x00004e56       0x34 c:/nxp/mcuxpressoide_10.2.0_759/ide/tools/bin/../lib/gcc/arm-none-eabi/7.2.1/thumb/v7e-m/fpv4-sp/hard\libcr_eabihelpers.a(memcpy.o)
                0x00004e56                __aeabi_memcpy
                0x00004e60                __aeabi_memcpy8
                0x00004e60                __aeabi_memcpy4
 .text.__aeabi_memset_lowlevel
                0x00004e8a       0x32 c:/nxp/mcuxpressoide_10.2.0_759/ide/tools/bin/../lib/gcc/arm-none-eabi/7.2.1/thumb/v7e-m/fpv4-sp/hard\libcr_eabihelpers.a(memcpy.o)
                0x00004e8a                __aeabi_lowlevel_memset
 .text.__sys_close
                0x00004ebc        0xc c:/nxp/mcuxpressoide_10.2.0_759/ide/tools/bin/../lib/gcc/arm-none-eabi/7.2.1/../../../../arm-none-eabi/lib/thumb/v7e-m/fpv4-sp/hard\libcr_semihost_nf.a(__sys_close.o)
                0x00004ebc                __sys_close
 .text.__sys_flen
                0x00004ec8        0xc c:/nxp/mcuxpressoide_10.2.0_759/ide/tools/bin/../lib/gcc/arm-none-eabi/7.2.1/../../../../arm-none-eabi/lib/thumb/v7e-m/fpv4-sp/hard\libcr_semihost_nf.a(__sys_flen.o)
                0x00004ec8                __sys_flen
 .text.__sys_istty
                0x00004ed4        0xc c:/nxp/mcuxpressoide_10.2.0_759/ide/tools/bin/../lib/gcc/arm-none-eabi/7.2.1/../../../../arm-none-eabi/lib/thumb/v7e-m/fpv4-sp/hard\libcr_semihost_nf.a(__sys_istty.o)
                0x00004ed4                __sys_istty
 .text.__sys_remove
                0x00004ee0        0xc c:/nxp/mcuxpressoide_10.2.0_759/ide/tools/bin/../lib/gcc/arm-none-eabi/7.2.1/../../../../arm-none-eabi/lib/thumb/v7e-m/fpv4-sp/hard\libcr_semihost_nf.a(__sys_remove.o)
                0x00004ee0                __sys_remove
 .text.__sys_seek
                0x00004eec        0xc c:/nxp/mcuxpressoide_10.2.0_759/ide/tools/bin/../lib/gcc/arm-none-eabi/7.2.1/../../../../arm-none-eabi/lib/thumb/v7e-m/fpv4-sp/hard\libcr_semihost_nf.a(__sys_seek.o)
                0x00004eec                __sys_seek
 .text.__sys_tmpnam
                0x00004ef8        0xc c:/nxp/mcuxpressoide_10.2.0_759/ide/tools/bin/../lib/gcc/arm-none-eabi/7.2.1/../../../../arm-none-eabi/lib/thumb/v7e-m/fpv4-sp/hard\libcr_semihost_nf.a(__sys_tmpnam.o)
                0x00004ef8                __sys_tmpnam
 .text.__sys_write
                0x00004f04        0xc c:/nxp/mcuxpressoide_10.2.0_759/ide/tools/bin/../lib/gcc/arm-none-eabi/7.2.1/../../../../arm-none-eabi/lib/thumb/v7e-m/fpv4-sp/hard\libcr_semihost_nf.a(__sys_write.o)
                0x00004f04                __sys_write
 *(SORT_BY_ALIGNMENT(.rodata) SORT_BY_ALIGNMENT(.rodata.*) SORT_BY_ALIGNMENT(.constdata) SORT_BY_ALIGNMENT(.constdata.*))
 .rodata.numbers
                0x00004f10        0xa ./source/drivers/seven_seg_display.o
 *fill*         0x00004f1a        0x2 ff
 .rodata.letters
                0x00004f1c       0x1a ./source/drivers/seven_seg_display.o
 *fill*         0x00004f36        0x2 ff
 .rodata.extras
                0x00004f38        0x3 ./source/drivers/seven_seg_display.o
 *fill*         0x00004f3b        0x1 ff
 .rodata        0x00004f3c       0x42 ./source/FSM/States/admin_state.o
 *fill*         0x00004f7e        0x2 ff
 .rodata        0x00004f80       0x1b ./source/FSM/States/fail_state.o
 *fill*         0x00004f9b        0x1 ff
 .rodata        0x00004f9c        0x5 ./source/FSM/States/id_state.o
 *fill*         0x00004fa1        0x3 ff
 .rodata        0x00004fa4        0x6 ./source/FSM/States/main_menu_state.o
 *fill*         0x00004faa        0x2 ff
 .rodata        0x00004fac        0x5 ./source/FSM/States/pin_state.o
 *fill*         0x00004fb1        0x3 ff
 .rodata        0x00004fb4       0x1e ./source/FSM/States/usr_state.o
 *fill*         0x00004fd2        0x2 ff
 .rodata.__num_Ciob_streams
                0x00004fd4        0x4 c:/nxp/mcuxpressoide_10.2.0_759/ide/tools/bin/../lib/gcc/arm-none-eabi/7.2.1/../../../../arm-none-eabi/lib/thumb/v7e-m/fpv4-sp/hard\libcr_semihost_nf.a(__ciob.o)
                0x00004fd4                __num_Ciob_streams
 .rodata._initio.str1.1
                0x00004fd8        0x4 c:/nxp/mcuxpressoide_10.2.0_759/ide/tools/bin/../lib/gcc/arm-none-eabi/7.2.1/../../../../arm-none-eabi/lib/thumb/v7e-m/fpv4-sp/hard\libcr_c.a(initio.o)
                0x00004fe0                . = ALIGN (0x8)
 *fill*         0x00004fdc        0x4 ff

.glue_7         0x00004fe0        0x0
 .glue_7        0x00004fe0        0x0 linker stubs

.glue_7t        0x00004fe0        0x0
 .glue_7t       0x00004fe0        0x0 linker stubs

.vfp11_veneer   0x00004fe0        0x0
 .vfp11_veneer  0x00004fe0        0x0 linker stubs

.v4_bx          0x00004fe0        0x0
 .v4_bx         0x00004fe0        0x0 linker stubs

.iplt           0x00004fe0        0x0
 .iplt          0x00004fe0        0x0 ./source/startup/hardware.o

.rel.dyn        0x00004fe0        0x0
 .rel.iplt      0x00004fe0        0x0 ./source/startup/hardware.o

.ARM.extab
 *(SORT_BY_ALIGNMENT(.ARM.extab*) SORT_BY_ALIGNMENT(.gnu.linkonce.armextab.*))
                0x00004fe0                __exidx_start = .

.ARM.exidx
 *(SORT_BY_ALIGNMENT(.ARM.exidx*) SORT_BY_ALIGNMENT(.gnu.linkonce.armexidx.*))
                0x00004fe0                __exidx_end = .
                0x00004fe0                _etext = .

.m_usb_data
 *(SORT_BY_ALIGNMENT(m_usb_bdt))

.data_RAM2      0x1fff0000        0x0 load address 0x00004fe0
 FILL mask 0xff
                [!provide]                PROVIDE (__start_data_RAM2, .)
 *(SORT_BY_ALIGNMENT(.ramfunc.$RAM2))
 *(SORT_BY_ALIGNMENT(.ramfunc.$SRAM_LOWER))
 *(SORT_BY_ALIGNMENT(.data.$RAM2*))
 *(SORT_BY_ALIGNMENT(.data.$SRAM_LOWER*))
                0x1fff0000                . = ALIGN (0x8)
                [!provide]                PROVIDE (__end_data_RAM2, .)

.data_RAM3      0x14000000        0x0 load address 0x00004fe0
 FILL mask 0xff
                [!provide]                PROVIDE (__start_data_RAM3, .)
 *(SORT_BY_ALIGNMENT(.ramfunc.$RAM3))
 *(SORT_BY_ALIGNMENT(.ramfunc.$FLEX_RAM))
 *(SORT_BY_ALIGNMENT(.data.$RAM3*))
 *(SORT_BY_ALIGNMENT(.data.$FLEX_RAM*))
                0x14000000                . = ALIGN (0x8)
                [!provide]                PROVIDE (__end_data_RAM3, .)

.uninit_RESERVED
                0x20000000        0x0
 *(SORT_BY_ALIGNMENT(.bss.$RESERVED*))
                0x20000000                . = ALIGN (0x4)
                0x20000000                _end_uninit_RESERVED = .

.data           0x20000000      0x2e0 load address 0x00004fe0
 FILL mask 0xff
                0x20000000                _data = .
 *(SORT_BY_ALIGNMENT(vtable))
 *(SORT_BY_ALIGNMENT(.ramfunc*))
 *(SORT_BY_ALIGNMENT(.data*))
 .data.displayPins
                0x20000000        0x8 ./source/drivers/seven_seg_display.o
 .data.selectPins
                0x20000008        0x2 ./source/drivers/seven_seg_display.o
 *fill*         0x2000000a        0x2 ff
 .data.ports    0x2000000c       0x14 ./source/MCAL/gpio.o
 .data.gpioPorts
                0x20000020       0x14 ./source/MCAL/gpio.o
 .data.titleTimerID
                0x20000034        0x4 ./source/FSM/States/admin_state.o
 .data.titleTimerID
                0x20000038        0x4 ./source/FSM/States/id_state.o
 .data.errorIndicationTimerID
                0x2000003c        0x4 ./source/FSM/States/id_state.o
 .data.titleTimerID
                0x20000040        0x4 ./source/FSM/States/pin_state.o
 .data.titleTimerID
                0x20000044        0x4 ./source/FSM/States/usr_state.o
 .data.menu     0x20000048       0x48 ./source/FSM/fsm_table.o
                0x20000048                menu
 .data.id       0x20000090       0x6c ./source/FSM/fsm_table.o
                0x20000090                id
 .data.pin      0x200000fc       0x78 ./source/FSM/fsm_table.o
                0x200000fc                pin
 .data.fail     0x20000174       0x3c ./source/FSM/fsm_table.o
                0x20000174                fail
 .data.usr      0x200001b0       0x54 ./source/FSM/fsm_table.o
                0x200001b0                usr
 .data.admin    0x20000204       0x54 ./source/FSM/fsm_table.o
                0x20000204                admin
 .data.open     0x20000258       0x18 ./source/FSM/fsm_table.o
                0x20000258                open
 .data.cfg_me   0x20000270       0x24 ./source/FSM/fsm_table.o
                0x20000270                cfg_me
 .data.cfg_device
                0x20000294       0x48 ./source/FSM/fsm_table.o
                0x20000294                cfg_device
 .data.brightness
                0x200002dc        0x1 ./source/drivers/seven_seg_display.o
 .data.currBright.5327
                0x200002dd        0x1 ./source/drivers/seven_seg_display.o
 .data.window.5328
                0x200002de        0x1 ./source/drivers/seven_seg_display.o
 .data.currentIdIndex
                0x200002df        0x1 ./source/database/data_base.o
                0x200002e0                . = ALIGN (0x8)
                0x200002e0                _edata = .

.igot.plt       0x200002e0        0x0 load address 0x000052c0
 .igot.plt      0x200002e0        0x0 ./source/startup/hardware.o

.bss_RAM2       0x1fff0000        0x0
                [!provide]                PROVIDE (__start_bss_RAM2, .)
 *(SORT_BY_ALIGNMENT(.bss.$RAM2*))
 *(SORT_BY_ALIGNMENT(.bss.$SRAM_LOWER*))
                0x1fff0000                . = ALIGN ((. != 0x0)?0x8:0x1)
                [!provide]                PROVIDE (__end_bss_RAM2, .)

.bss_RAM3       0x14000000        0x0
                [!provide]                PROVIDE (__start_bss_RAM3, .)
 *(SORT_BY_ALIGNMENT(.bss.$RAM3*))
 *(SORT_BY_ALIGNMENT(.bss.$FLEX_RAM*))
                0x14000000                . = ALIGN ((. != 0x0)?0x8:0x1)
                [!provide]                PROVIDE (__end_bss_RAM3, .)

.bss            0x200002e0     0x1328
                0x200002e0                _bss = .
 *(SORT_BY_ALIGNMENT(.bss*))
 .bss.__LDM_interruptDisableCount
                0x200002e0        0x4 ./source/startup/hardware.o
 .bss.ledElements
                0x200002e4       0xd8 ./source/drivers/Led.o
 .bss.defaultOnForDefinedTimeProperties
                0x200003bc        0xc ./source/drivers/Led.o
 .bss.defaultBlinkProperties
                0x200003c8       0x14 ./source/drivers/Led.o
 .bss.defaultInfiniteBlinkProperties
                0x200003dc        0xc ./source/drivers/Led.o
 .bss.defaultRepetitionBlinkProperties
                0x200003e8       0x14 ./source/drivers/Led.o
 .bss.leds      0x200003fc       0x1e ./source/drivers/MplxLed.o
                0x200003fc                leds
 *fill*         0x2000041a        0x2 
 .bss.timerElements
                0x2000041c      0x190 ./source/drivers/Timer.o
 .bss.idCounter
                0x200005ac        0x4 ./source/drivers/Timer.o
 .bss.buttons   0x200005b0       0x14 ./source/drivers/button.o
 .bss.moves     0x200005c4        0x4 ./source/drivers/encoder.o
 .bss.message   0x200005c8      0x190 ./source/drivers/lector.o
 .bss.screen    0x20000758       0xf0 ./source/drivers/seven_seg_display.o
 .bss.dataBase  0x20000848      0x2a9 ./source/database/data_base.o
 *fill*         0x20000af1        0x3 
 .bss.database  0x20000af4      0x2a9 ./source/database/data_base.o
 *fill*         0x20000d9d        0x3 
 .bss.validNumberArray
                0x20000da0       0x13 ./source/database/data_base.o
 *fill*         0x20000db3        0x1 
 .bss.blockedUsersIndexes
                0x20000db4       0x1e ./source/database/data_base.o
 *fill*         0x20000dd2        0x2 
 .bss.sysTickElements
                0x20000dd4      0x190 ./source/MCAL/SysTick.o
 .bss.idCounter
                0x20000f64        0x4 ./source/MCAL/SysTick.o
 .bss.callbacks
                0x20000f68      0x280 ./source/MCAL/gpio.o
 .bss.errorIndicationTimerID
                0x200011e8        0x4 ./source/FSM/States/fail_state.o
 .bss.id        0x200011ec        0x8 ./source/FSM/States/id_state.o
 .bss.pin       0x200011f4        0x5 ./source/FSM/States/pin_state.o
 *fill*         0x200011f9        0x3 
 .bss.currentState
                0x200011fc        0x4 ./source/App.o
 .bss.userTimeOutTimerID
                0x20001200        0x4 ./source/App.o
 .bss.eventQueue
                0x20001204        0xc ./source/queue.o
                0x20001204                eventQueue
 .bss.queue     0x20001210      0x320 ./source/queue.o
                0x20001210                queue
 .bss.errno     0x20001530        0x4 c:/nxp/mcuxpressoide_10.2.0_759/ide/tools/bin/../lib/gcc/arm-none-eabi/7.2.1/../../../../arm-none-eabi/lib/thumb/v7e-m/fpv4-sp/hard\libcr_c.a(errno.o)
                0x20001530                errno
 .bss.__Ciob    0x20001534       0xb4 c:/nxp/mcuxpressoide_10.2.0_759/ide/tools/bin/../lib/gcc/arm-none-eabi/7.2.1/../../../../arm-none-eabi/lib/thumb/v7e-m/fpv4-sp/hard\libcr_semihost_nf.a(__ciob.o)
                0x20001534                __Ciob
 .bss.bit       0x200015e8        0x2 ./source/drivers/lector.o
 .bss.moving_counter
                0x200015ea        0x2 ./source/drivers/seven_seg_display.o
 .bss.isInit.5478
                0x200015ec        0x1 ./source/drivers/MplxLed.o
 .bss.displayCounter.5537
                0x200015ed        0x1 ./source/drivers/MplxLed.o
 .bss.var       0x200015ee        0x1 ./source/drivers/button.o
                0x200015ee                var
 .bss.existingEvent
                0x200015ef        0x1 ./source/drivers/encoder.o
 .bss.statusA   0x200015f0        0x1 ./source/drivers/encoder.o
 .bss.statusB   0x200015f1        0x1 ./source/drivers/encoder.o
 .bss.init.5150
                0x200015f2        0x1 ./source/drivers/encoder.o
 .bss.enable    0x200015f3        0x1 ./source/drivers/lector.o
 .bss.event     0x200015f4        0x1 ./source/drivers/lector.o
 .bss.pos       0x200015f5        0x1 ./source/drivers/seven_seg_display.o
 .bss.moves_remainig
                0x200015f6        0x1 ./source/drivers/seven_seg_display.o
 .bss.bouncing  0x200015f7        0x1 ./source/drivers/seven_seg_display.o
 .bss.move_b    0x200015f8        0x1 ./source/drivers/seven_seg_display.o
 .bss.cursor_pos
                0x200015f9        0x1 ./source/drivers/seven_seg_display.o
 .bss.cursor    0x200015fa        0x1 ./source/drivers/seven_seg_display.o
 .bss.isInit.5245
                0x200015fb        0x1 ./source/drivers/seven_seg_display.o
 .bss.displayCounter.5326
                0x200015fc        0x1 ./source/drivers/seven_seg_display.o
 .bss.currentOptionIndex
                0x200015fd        0x1 ./source/FSM/States/admin_state.o
 .bss.showingTitle
                0x200015fe        0x1 ./source/FSM/States/admin_state.o
 .bss.currentOptionIndex
                0x200015ff        0x1 ./source/FSM/States/config_device_state.o
 .bss.currentPos
                0x20001600        0x1 ./source/FSM/States/id_state.o
 .bss.showingTitle
                0x20001601        0x1 ./source/FSM/States/id_state.o
 .bss.showingErrorIndication
                0x20001602        0x1 ./source/FSM/States/id_state.o
 .bss.currentPos
                0x20001603        0x1 ./source/FSM/States/pin_state.o
 .bss.showingTitle
                0x20001604        0x1 ./source/FSM/States/pin_state.o
 .bss.currentOptionIndex
                0x20001605        0x1 ./source/FSM/States/usr_state.o
 .bss.showingTitle
                0x20001606        0x1 ./source/FSM/States/usr_state.o
 *(SORT_BY_ALIGNMENT(COMMON))
                0x20001608                . = ALIGN (0x8)
 *fill*         0x20001607        0x1 
                0x20001608                _ebss = .
                [!provide]                PROVIDE (end, .)

.noinit_RAM2    0x1fff0000        0x0
 *(SORT_BY_ALIGNMENT(.noinit.$RAM2*))
 *(SORT_BY_ALIGNMENT(.noinit.$SRAM_LOWER*))
                0x1fff0000                . = ALIGN (0x8)

.noinit_RAM3    0x14000000        0x0
 *(SORT_BY_ALIGNMENT(.noinit.$RAM3*))
 *(SORT_BY_ALIGNMENT(.noinit.$FLEX_RAM*))
                0x14000000                . = ALIGN (0x8)

.noinit         0x20001608        0x0
                0x20001608                _noinit = .
 *(SORT_BY_ALIGNMENT(.noinit*))
                0x20001608                . = ALIGN (0x8)
                0x20001608                _end_noinit = .
                0x00001000                _HeapSize = 0x1000

.heap           0x20001608     0x1000
                0x20001608                _pvHeapStart = .
                0x20002608                . = (. + _HeapSize)
 *fill*         0x20001608     0x1000 
                0x20002608                . = ALIGN (0x8)
                0x20002608                _pvHeapLimit = .
                0x00001000                _StackSize = 0x1000

.heap2stackfill
                0x20002608     0x1000
                0x20003608                . = (. + _StackSize)
 *fill*         0x20002608     0x1000 

.stack          0x2002f000        0x0
                0x2002f000                _vStackBase = .
                0x2002f000                . = ALIGN (0x8)
                0x20030000                _vStackTop = (. + _StackSize)
                0x00000000                _image_start = LOADADDR (.text)
                0x000052c0                _image_end = (LOADADDR (.data) + SIZEOF (.data))
                0x000052c0                _image_size = (_image_end - _image_start)
OUTPUT(ControlDeAcceso.axf elf32-littlearm)

.debug_info     0x00000000     0x7d50
 .debug_info    0x00000000      0x6aa ./source/startup/hardware.o
 .debug_info    0x000006aa       0xec ./source/startup/main.o
 .debug_info    0x00000796       0x3b ./source/startup/semihost_hardfault.o
 .debug_info    0x000007d1      0x8b0 ./source/startup/startup_mk64f12.o
 .debug_info    0x00001081      0x88f ./source/drivers/Led.o
 .debug_info    0x00001910      0x5ae ./source/drivers/MplxLed.o
 .debug_info    0x00001ebe      0x53a ./source/drivers/Timer.o
 .debug_info    0x000023f8      0x37f ./source/drivers/button.o
 .debug_info    0x00002777      0x1b3 ./source/drivers/encoder.o
 .debug_info    0x0000292a      0x441 ./source/drivers/lector.o
 .debug_info    0x00002d6b      0x659 ./source/drivers/seven_seg_display.o
 .debug_info    0x000033c4      0x6d4 ./source/database/data_base.o
 .debug_info    0x00003a98      0x52b ./source/MCAL/SysTick.o
 .debug_info    0x00003fc3      0xa99 ./source/MCAL/gpio.o
 .debug_info    0x00004a5c      0x379 ./source/FSM/States/admin_state.o
 .debug_info    0x00004dd5      0x318 ./source/FSM/States/config_device_state.o
 .debug_info    0x000050ed      0x2ba ./source/FSM/States/fail_state.o
 .debug_info    0x000053a7      0x4c4 ./source/FSM/States/id_state.o
 .debug_info    0x0000586b      0x367 ./source/FSM/States/main_menu_state.o
 .debug_info    0x00005bd2      0x2a9 ./source/FSM/States/open_state.o
 .debug_info    0x00005e7b      0x39b ./source/FSM/States/pin_state.o
 .debug_info    0x00006216      0x41f ./source/FSM/States/user_input.o
 .debug_info    0x00006635      0x367 ./source/FSM/States/usr_state.o
 .debug_info    0x0000699c      0x22e ./source/FSM/fsm.o
 .debug_info    0x00006bca      0x3f1 ./source/FSM/fsm_table.o
 .debug_info    0x00006fbb      0x3a1 ./source/App.o
 .debug_info    0x0000735c      0x3c3 ./source/queue.o
 .debug_info    0x0000771f      0x631 ./CMSIS/system_MK64F12.o

.debug_abbrev   0x00000000     0x242d
 .debug_abbrev  0x00000000      0x14d ./source/startup/hardware.o
 .debug_abbrev  0x0000014d       0x9b ./source/startup/main.o
 .debug_abbrev  0x000001e8       0x2f ./source/startup/semihost_hardfault.o
 .debug_abbrev  0x00000217      0x15c ./source/startup/startup_mk64f12.o
 .debug_abbrev  0x00000373      0x1f9 ./source/drivers/Led.o
 .debug_abbrev  0x0000056c      0x166 ./source/drivers/MplxLed.o
 .debug_abbrev  0x000006d2      0x164 ./source/drivers/Timer.o
 .debug_abbrev  0x00000836      0x180 ./source/drivers/button.o
 .debug_abbrev  0x000009b6      0x109 ./source/drivers/encoder.o
 .debug_abbrev  0x00000abf      0x1b7 ./source/drivers/lector.o
 .debug_abbrev  0x00000c76      0x21a ./source/drivers/seven_seg_display.o
 .debug_abbrev  0x00000e90      0x215 ./source/database/data_base.o
 .debug_abbrev  0x000010a5      0x1bb ./source/MCAL/SysTick.o
 .debug_abbrev  0x00001260      0x221 ./source/MCAL/gpio.o
 .debug_abbrev  0x00001481       0xf8 ./source/FSM/States/admin_state.o
 .debug_abbrev  0x00001579      0x101 ./source/FSM/States/config_device_state.o
 .debug_abbrev  0x0000167a       0xe2 ./source/FSM/States/fail_state.o
 .debug_abbrev  0x0000175c      0x160 ./source/FSM/States/id_state.o
 .debug_abbrev  0x000018bc      0x11f ./source/FSM/States/main_menu_state.o
 .debug_abbrev  0x000019db       0xd3 ./source/FSM/States/open_state.o
 .debug_abbrev  0x00001aae      0x132 ./source/FSM/States/pin_state.o
 .debug_abbrev  0x00001be0      0x155 ./source/FSM/States/user_input.o
 .debug_abbrev  0x00001d35       0xf8 ./source/FSM/States/usr_state.o
 .debug_abbrev  0x00001e2d       0xca ./source/FSM/fsm.o
 .debug_abbrev  0x00001ef7      0x11d ./source/FSM/fsm_table.o
 .debug_abbrev  0x00002014      0x146 ./source/App.o
 .debug_abbrev  0x0000215a      0x17f ./source/queue.o
 .debug_abbrev  0x000022d9      0x154 ./CMSIS/system_MK64F12.o

.debug_aranges  0x00000000      0xb90
 .debug_aranges
                0x00000000       0x30 ./source/startup/hardware.o
 .debug_aranges
                0x00000030       0x20 ./source/startup/main.o
 .debug_aranges
                0x00000050       0x20 ./source/startup/semihost_hardfault.o
 .debug_aranges
                0x00000070      0x330 ./source/startup/startup_mk64f12.o
 .debug_aranges
                0x000003a0       0xa0 ./source/drivers/Led.o
 .debug_aranges
                0x00000440       0x70 ./source/drivers/MplxLed.o
 .debug_aranges
                0x000004b0       0x68 ./source/drivers/Timer.o
 .debug_aranges
                0x00000518       0x50 ./source/drivers/button.o
 .debug_aranges
                0x00000568       0x30 ./source/drivers/encoder.o
 .debug_aranges
                0x00000598       0x58 ./source/drivers/lector.o
 .debug_aranges
                0x000005f0       0xa0 ./source/drivers/seven_seg_display.o
 .debug_aranges
                0x00000690       0x98 ./source/database/data_base.o
 .debug_aranges
                0x00000728       0x58 ./source/MCAL/SysTick.o
 .debug_aranges
                0x00000780       0x88 ./source/MCAL/gpio.o
 .debug_aranges
                0x00000808       0x58 ./source/FSM/States/admin_state.o
 .debug_aranges
                0x00000860       0x40 ./source/FSM/States/config_device_state.o
 .debug_aranges
                0x000008a0       0x28 ./source/FSM/States/fail_state.o
 .debug_aranges
                0x000008c8       0x88 ./source/FSM/States/id_state.o
 .debug_aranges
                0x00000950       0x28 ./source/FSM/States/main_menu_state.o
 .debug_aranges
                0x00000978       0x28 ./source/FSM/States/open_state.o
 .debug_aranges
                0x000009a0       0x60 ./source/FSM/States/pin_state.o
 .debug_aranges
                0x00000a00       0x48 ./source/FSM/States/user_input.o
 .debug_aranges
                0x00000a48       0x58 ./source/FSM/States/usr_state.o
 .debug_aranges
                0x00000aa0       0x20 ./source/FSM/fsm.o
 .debug_aranges
                0x00000ac0       0x30 ./source/FSM/fsm_table.o
 .debug_aranges
                0x00000af0       0x38 ./source/App.o
 .debug_aranges
                0x00000b28       0x38 ./source/queue.o
 .debug_aranges
                0x00000b60       0x30 ./CMSIS/system_MK64F12.o

.debug_ranges   0x00000000      0xa00
 .debug_ranges  0x00000000       0x20 ./source/startup/hardware.o
 .debug_ranges  0x00000020       0x10 ./source/startup/main.o
 .debug_ranges  0x00000030       0x10 ./source/startup/semihost_hardfault.o
 .debug_ranges  0x00000040      0x320 ./source/startup/startup_mk64f12.o
 .debug_ranges  0x00000360       0x90 ./source/drivers/Led.o
 .debug_ranges  0x000003f0       0x60 ./source/drivers/MplxLed.o
 .debug_ranges  0x00000450       0x58 ./source/drivers/Timer.o
 .debug_ranges  0x000004a8       0x40 ./source/drivers/button.o
 .debug_ranges  0x000004e8       0x20 ./source/drivers/encoder.o
 .debug_ranges  0x00000508       0x48 ./source/drivers/lector.o
 .debug_ranges  0x00000550       0x90 ./source/drivers/seven_seg_display.o
 .debug_ranges  0x000005e0       0x88 ./source/database/data_base.o
 .debug_ranges  0x00000668       0x48 ./source/MCAL/SysTick.o
 .debug_ranges  0x000006b0       0x78 ./source/MCAL/gpio.o
 .debug_ranges  0x00000728       0x48 ./source/FSM/States/admin_state.o
 .debug_ranges  0x00000770       0x30 ./source/FSM/States/config_device_state.o
 .debug_ranges  0x000007a0       0x18 ./source/FSM/States/fail_state.o
 .debug_ranges  0x000007b8       0x90 ./source/FSM/States/id_state.o
 .debug_ranges  0x00000848       0x30 ./source/FSM/States/main_menu_state.o
 .debug_ranges  0x00000878       0x18 ./source/FSM/States/open_state.o
 .debug_ranges  0x00000890       0x50 ./source/FSM/States/pin_state.o
 .debug_ranges  0x000008e0       0x38 ./source/FSM/States/user_input.o
 .debug_ranges  0x00000918       0x48 ./source/FSM/States/usr_state.o
 .debug_ranges  0x00000960       0x10 ./source/FSM/fsm.o
 .debug_ranges  0x00000970       0x20 ./source/FSM/fsm_table.o
 .debug_ranges  0x00000990       0x28 ./source/App.o
 .debug_ranges  0x000009b8       0x28 ./source/queue.o
 .debug_ranges  0x000009e0       0x20 ./CMSIS/system_MK64F12.o

.debug_macro    0x00000000    0x12cf1
 .debug_macro   0x00000000       0xb4 ./source/startup/hardware.o
 .debug_macro   0x000000b4      0xa90 ./source/startup/hardware.o
 .debug_macro   0x00000b44       0x10 ./source/startup/hardware.o
 .debug_macro   0x00000b54      0x12d ./source/startup/hardware.o
 .debug_macro   0x00000c81      0x5b2 ./source/startup/hardware.o
 .debug_macro   0x00001233       0x22 ./source/startup/hardware.o
 .debug_macro   0x00001255       0x10 ./source/startup/hardware.o
 .debug_macro   0x00001265       0x5c ./source/startup/hardware.o
 .debug_macro   0x000012c1       0x1c ./source/startup/hardware.o
 .debug_macro   0x000012dd       0x22 ./source/startup/hardware.o
 .debug_macro   0x000012ff       0xdf ./source/startup/hardware.o
 .debug_macro   0x000013de      0xecf ./source/startup/hardware.o
 .debug_macro   0x000022ad       0x48 ./source/startup/hardware.o
 .debug_macro   0x000022f5     0xe07b ./source/startup/hardware.o
 .debug_macro   0x00010370     0x122b ./source/startup/hardware.o
 .debug_macro   0x0001159b       0x16 ./source/startup/hardware.o
 .debug_macro   0x000115b1       0xb4 ./source/startup/main.o
 .debug_macro   0x00011665       0x11 ./source/startup/semihost_hardfault.o
 .debug_macro   0x00011676       0x29 ./source/startup/startup_mk64f12.o
 .debug_macro   0x0001169f       0xb8 ./source/drivers/Led.o
 .debug_macro   0x00011757       0x3a ./source/drivers/Led.o
 .debug_macro   0x00011791       0xa6 ./source/drivers/Led.o
 .debug_macro   0x00011837       0x16 ./source/drivers/Led.o
 .debug_macro   0x0001184d       0x1c ./source/drivers/Led.o
 .debug_macro   0x00011869       0xd2 ./source/drivers/Led.o
 .debug_macro   0x0001193b       0x10 ./source/drivers/Led.o
 .debug_macro   0x0001194b       0x16 ./source/drivers/Led.o
 .debug_macro   0x00011961       0xc1 ./source/drivers/MplxLed.o
 .debug_macro   0x00011a22       0x1c ./source/drivers/MplxLed.o
 .debug_macro   0x00011a3e       0x7d ./source/drivers/Timer.o
 .debug_macro   0x00011abb       0x60 ./source/drivers/button.o
 .debug_macro   0x00011b1b       0x16 ./source/drivers/button.o
 .debug_macro   0x00011b31       0x40 ./source/drivers/button.o
 .debug_macro   0x00011b71       0x6a ./source/drivers/encoder.o
 .debug_macro   0x00011bdb       0xac ./source/drivers/encoder.o
 .debug_macro   0x00011c87       0x7e ./source/drivers/lector.o
 .debug_macro   0x00011d05       0x10 ./source/drivers/lector.o
 .debug_macro   0x00011d15       0x96 ./source/drivers/seven_seg_display.o
 .debug_macro   0x00011dab       0x94 ./source/drivers/seven_seg_display.o
 .debug_macro   0x00011e3f       0x16 ./source/drivers/seven_seg_display.o
 .debug_macro   0x00011e55       0x83 ./source/database/data_base.o
 .debug_macro   0x00011ed8       0x34 ./source/database/data_base.o
 .debug_macro   0x00011f0c       0xf6 ./source/MCAL/SysTick.o
 .debug_macro   0x00012002       0xd1 ./source/MCAL/gpio.o
 .debug_macro   0x000120d3       0xa3 ./source/FSM/States/admin_state.o
 .debug_macro   0x00012176       0xd8 ./source/FSM/States/admin_state.o
 .debug_macro   0x0001224e       0x9a ./source/FSM/States/admin_state.o
 .debug_macro   0x000122e8       0x94 ./source/FSM/States/config_device_state.o
 .debug_macro   0x0001237c       0xc4 ./source/FSM/States/fail_state.o
 .debug_macro   0x00012440       0xd2 ./source/FSM/States/id_state.o
 .debug_macro   0x00012512       0x16 ./source/FSM/States/id_state.o
 .debug_macro   0x00012528       0x16 ./source/FSM/States/id_state.o
 .debug_macro   0x0001253e       0xc0 ./source/FSM/States/main_menu_state.o
 .debug_macro   0x000125fe       0x9e ./source/FSM/States/open_state.o
 .debug_macro   0x0001269c       0xc9 ./source/FSM/States/pin_state.o
 .debug_macro   0x00012765       0x9c ./source/FSM/States/user_input.o
 .debug_macro   0x00012801       0x10 ./source/FSM/States/user_input.o
 .debug_macro   0x00012811       0x9a ./source/FSM/States/user_input.o
 .debug_macro   0x000128ab       0xa3 ./source/FSM/States/usr_state.o
 .debug_macro   0x0001294e       0x5f ./source/FSM/fsm.o
 .debug_macro   0x000129ad       0xe5 ./source/FSM/fsm_table.o
 .debug_macro   0x00012a92      0x12c ./source/App.o
 .debug_macro   0x00012bbe       0x10 ./source/App.o
 .debug_macro   0x00012bce       0x10 ./source/App.o
 .debug_macro   0x00012bde       0x7b ./source/queue.o
 .debug_macro   0x00012c59       0x98 ./CMSIS/system_MK64F12.o

.debug_line     0x00000000     0x4714
 .debug_line    0x00000000      0x221 ./source/startup/hardware.o
 .debug_line    0x00000221      0x1c2 ./source/startup/main.o
 .debug_line    0x000003e3       0x5c ./source/startup/semihost_hardfault.o
 .debug_line    0x0000043f      0x6db ./source/startup/startup_mk64f12.o
 .debug_line    0x00000b1a      0x36b ./source/drivers/Led.o
 .debug_line    0x00000e85      0x2ef ./source/drivers/MplxLed.o
 .debug_line    0x00001174      0x2dc ./source/drivers/Timer.o
 .debug_line    0x00001450      0x273 ./source/drivers/button.o
 .debug_line    0x000016c3      0x1d2 ./source/drivers/encoder.o
 .debug_line    0x00001895      0x2fe ./source/drivers/lector.o
 .debug_line    0x00001b93      0x408 ./source/drivers/seven_seg_display.o
 .debug_line    0x00001f9b      0x3e5 ./source/database/data_base.o
 .debug_line    0x00002380      0x33c ./source/MCAL/SysTick.o
 .debug_line    0x000026bc      0x322 ./source/MCAL/gpio.o
 .debug_line    0x000029de      0x248 ./source/FSM/States/admin_state.o
 .debug_line    0x00002c26      0x1ef ./source/FSM/States/config_device_state.o
 .debug_line    0x00002e15      0x1e0 ./source/FSM/States/fail_state.o
 .debug_line    0x00002ff5      0x312 ./source/FSM/States/id_state.o
 .debug_line    0x00003307      0x1f3 ./source/FSM/States/main_menu_state.o
 .debug_line    0x000034fa      0x191 ./source/FSM/States/open_state.o
 .debug_line    0x0000368b      0x27a ./source/FSM/States/pin_state.o
 .debug_line    0x00003905      0x23e ./source/FSM/States/user_input.o
 .debug_line    0x00003b43      0x23f ./source/FSM/States/usr_state.o
 .debug_line    0x00003d82      0x117 ./source/FSM/fsm.o
 .debug_line    0x00003e99      0x218 ./source/FSM/fsm_table.o
 .debug_line    0x000040b1      0x2b7 ./source/App.o
 .debug_line    0x00004368      0x19b ./source/queue.o
 .debug_line    0x00004503      0x211 ./CMSIS/system_MK64F12.o

.debug_str      0x00000000    0x7b703
 .debug_str     0x00000000    0x77e1c ./source/startup/hardware.o
                              0x77eaa (size before relaxing)
 .debug_str     0x00077e1c       0x1e ./source/startup/main.o
                              0x77c7e (size before relaxing)
 .debug_str     0x00077e3a       0x39 ./source/startup/semihost_hardfault.o
                               0x2da3 (size before relaxing)
 .debug_str     0x00077e73      0x83d ./source/startup/startup_mk64f12.o
                               0x3611 (size before relaxing)
 .debug_str     0x000786b0      0xc54 ./source/drivers/Led.o
                               0x524f (size before relaxing)
 .debug_str     0x00079304      0x288 ./source/drivers/MplxLed.o
                               0x4f96 (size before relaxing)
 .debug_str     0x0007958c      0x19d ./source/drivers/Timer.o
                               0x3a71 (size before relaxing)
 .debug_str     0x00079729      0x10a ./source/drivers/button.o
                               0x46da (size before relaxing)
 .debug_str     0x00079833       0x80 ./source/drivers/encoder.o
                               0x493c (size before relaxing)
 .debug_str     0x000798b3      0x261 ./source/drivers/lector.o
                               0x4ac0 (size before relaxing)
 .debug_str     0x00079b14      0x519 ./source/drivers/seven_seg_display.o
                               0x4e81 (size before relaxing)
 .debug_str     0x0007a02d      0x455 ./source/database/data_base.o
                               0x498a (size before relaxing)
 .debug_str     0x0007a482      0x126 ./source/MCAL/SysTick.o
                              0x78310 (size before relaxing)
 .debug_str     0x0007a5a8      0x666 ./source/MCAL/gpio.o
                              0x784ef (size before relaxing)
 .debug_str     0x0007ac0e      0x373 ./source/FSM/States/admin_state.o
                               0x4e23 (size before relaxing)
 .debug_str     0x0007af81       0xce ./source/FSM/States/config_device_state.o
                               0x4d6f (size before relaxing)
 .debug_str     0x0007b04f       0x68 ./source/FSM/States/fail_state.o
                               0x4dfb (size before relaxing)
 .debug_str     0x0007b0b7      0x170 ./source/FSM/States/id_state.o
                               0x4fec (size before relaxing)
 .debug_str     0x0007b227       0x59 ./source/FSM/States/main_menu_state.o
                               0x4e1d (size before relaxing)
 .debug_str     0x0007b280       0x57 ./source/FSM/States/open_state.o
                               0x4b89 (size before relaxing)
 .debug_str     0x0007b2d7       0x8e ./source/FSM/States/pin_state.o
                               0x4ed8 (size before relaxing)
 .debug_str     0x0007b365       0x96 ./source/FSM/States/user_input.o
                               0x4df2 (size before relaxing)
 .debug_str     0x0007b3fb       0x8b ./source/FSM/States/usr_state.o
                               0x4ded (size before relaxing)
 .debug_str     0x0007b486       0x84 ./source/FSM/fsm.o
                               0x4864 (size before relaxing)
 .debug_str     0x0007b50a       0x89 ./source/FSM/fsm_table.o
                               0x4c29 (size before relaxing)
 .debug_str     0x0007b593       0x7e ./source/App.o
                               0x5321 (size before relaxing)
 .debug_str     0x0007b611       0x94 ./source/queue.o
                               0x4b69 (size before relaxing)
 .debug_str     0x0007b6a5       0x5e ./CMSIS/system_MK64F12.o
                              0x77db2 (size before relaxing)

.comment        0x00000000       0x7e
 .comment       0x00000000       0x7e ./source/startup/hardware.o
                                 0x7f (size before relaxing)
 .comment       0x0000007e       0x7f ./source/startup/main.o
 .comment       0x0000007e       0x7f ./source/startup/semihost_hardfault.o
 .comment       0x0000007e       0x7f ./source/startup/startup_mk64f12.o
 .comment       0x0000007e       0x7f ./source/drivers/Led.o
 .comment       0x0000007e       0x7f ./source/drivers/MplxLed.o
 .comment       0x0000007e       0x7f ./source/drivers/Timer.o
 .comment       0x0000007e       0x7f ./source/drivers/button.o
 .comment       0x0000007e       0x7f ./source/drivers/encoder.o
 .comment       0x0000007e       0x7f ./source/drivers/lector.o
 .comment       0x0000007e       0x7f ./source/drivers/seven_seg_display.o
 .comment       0x0000007e       0x7f ./source/database/data_base.o
 .comment       0x0000007e       0x7f ./source/MCAL/SysTick.o
 .comment       0x0000007e       0x7f ./source/MCAL/gpio.o
 .comment       0x0000007e       0x7f ./source/FSM/States/admin_state.o
 .comment       0x0000007e       0x7f ./source/FSM/States/config_device_state.o
 .comment       0x0000007e       0x7f ./source/FSM/States/fail_state.o
 .comment       0x0000007e       0x7f ./source/FSM/States/id_state.o
 .comment       0x0000007e       0x7f ./source/FSM/States/main_menu_state.o
 .comment       0x0000007e       0x7f ./source/FSM/States/open_state.o
 .comment       0x0000007e       0x7f ./source/FSM/States/pin_state.o
 .comment       0x0000007e       0x7f ./source/FSM/States/user_input.o
 .comment       0x0000007e       0x7f ./source/FSM/States/usr_state.o
 .comment       0x0000007e       0x7f ./source/FSM/fsm.o
 .comment       0x0000007e       0x7f ./source/FSM/fsm_table.o
 .comment       0x0000007e       0x7f ./source/App.o
 .comment       0x0000007e       0x7f ./source/queue.o
 .comment       0x0000007e       0x7f ./CMSIS/system_MK64F12.o
 .comment       0x0000007e       0x7f c:/nxp/mcuxpressoide_10.2.0_759/ide/tools/bin/../lib/gcc/arm-none-eabi/7.2.1/../../../../arm-none-eabi/lib/thumb/v7e-m/fpv4-sp/hard\libcr_semihost_nf.a(_cr__main.o)
 .comment       0x0000007e       0x7f c:/nxp/mcuxpressoide_10.2.0_759/ide/tools/bin/../lib/gcc/arm-none-eabi/7.2.1/../../../../arm-none-eabi/lib/thumb/v7e-m/fpv4-sp/hard\libcr_c.a(memcpy.o)
 .comment       0x0000007e       0x7f c:/nxp/mcuxpressoide_10.2.0_759/ide/tools/bin/../lib/gcc/arm-none-eabi/7.2.1/../../../../arm-none-eabi/lib/thumb/v7e-m/fpv4-sp/hard\libcr_c.a(memset.o)
 .comment       0x0000007e       0x7f c:/nxp/mcuxpressoide_10.2.0_759/ide/tools/bin/../lib/gcc/arm-none-eabi/7.2.1/../../../../arm-none-eabi/lib/thumb/v7e-m/fpv4-sp/hard\libcr_c.a(initio.o)
 .comment       0x0000007e       0x7f c:/nxp/mcuxpressoide_10.2.0_759/ide/tools/bin/../lib/gcc/arm-none-eabi/7.2.1/../../../../arm-none-eabi/lib/thumb/v7e-m/fpv4-sp/hard\libcr_c.a(setvbuf.o)
 .comment       0x0000007e       0x7f c:/nxp/mcuxpressoide_10.2.0_759/ide/tools/bin/../lib/gcc/arm-none-eabi/7.2.1/../../../../arm-none-eabi/lib/thumb/v7e-m/fpv4-sp/hard\libcr_c.a(_fdopen.o)
 .comment       0x0000007e       0x7f c:/nxp/mcuxpressoide_10.2.0_759/ide/tools/bin/../lib/gcc/arm-none-eabi/7.2.1/../../../../arm-none-eabi/lib/thumb/v7e-m/fpv4-sp/hard\libcr_c.a(fclose.o)
 .comment       0x0000007e       0x7f c:/nxp/mcuxpressoide_10.2.0_759/ide/tools/bin/../lib/gcc/arm-none-eabi/7.2.1/../../../../arm-none-eabi/lib/thumb/v7e-m/fpv4-sp/hard\libcr_c.a(fflush.o)
 .comment       0x0000007e       0x7f c:/nxp/mcuxpressoide_10.2.0_759/ide/tools/bin/../lib/gcc/arm-none-eabi/7.2.1/../../../../arm-none-eabi/lib/thumb/v7e-m/fpv4-sp/hard\libcr_c.a(fseek.o)
 .comment       0x0000007e       0x7f c:/nxp/mcuxpressoide_10.2.0_759/ide/tools/bin/../lib/gcc/arm-none-eabi/7.2.1/../../../../arm-none-eabi/lib/thumb/v7e-m/fpv4-sp/hard\libcr_c.a(ftell.o)
 .comment       0x0000007e       0x7f c:/nxp/mcuxpressoide_10.2.0_759/ide/tools/bin/../lib/gcc/arm-none-eabi/7.2.1/../../../../arm-none-eabi/lib/thumb/v7e-m/fpv4-sp/hard\libcr_c.a(remove.o)
 .comment       0x0000007e       0x7f c:/nxp/mcuxpressoide_10.2.0_759/ide/tools/bin/../lib/gcc/arm-none-eabi/7.2.1/../../../../arm-none-eabi/lib/thumb/v7e-m/fpv4-sp/hard\libcr_c.a(strlen.o)
 .comment       0x0000007e       0x7f c:/nxp/mcuxpressoide_10.2.0_759/ide/tools/bin/../lib/gcc/arm-none-eabi/7.2.1/../../../../arm-none-eabi/lib/thumb/v7e-m/fpv4-sp/hard\libcr_c.a(_do_fflush.o)
 .comment       0x0000007e       0x7f c:/nxp/mcuxpressoide_10.2.0_759/ide/tools/bin/../lib/gcc/arm-none-eabi/7.2.1/../../../../arm-none-eabi/lib/thumb/v7e-m/fpv4-sp/hard\libcr_c.a(_fflush.o)
 .comment       0x0000007e       0x7f c:/nxp/mcuxpressoide_10.2.0_759/ide/tools/bin/../lib/gcc/arm-none-eabi/7.2.1/../../../../arm-none-eabi/lib/thumb/v7e-m/fpv4-sp/hard\libcr_c.a(_writebuf.o)
 .comment       0x0000007e       0x7f c:/nxp/mcuxpressoide_10.2.0_759/ide/tools/bin/../lib/gcc/arm-none-eabi/7.2.1/../../../../arm-none-eabi/lib/thumb/v7e-m/fpv4-sp/hard\libcr_c.a(alloc.o)
 .comment       0x0000007e       0x7f c:/nxp/mcuxpressoide_10.2.0_759/ide/tools/bin/../lib/gcc/arm-none-eabi/7.2.1/../../../../arm-none-eabi/lib/thumb/v7e-m/fpv4-sp/hard\libcr_c.a(errno.o)
 .comment       0x0000007e       0x7f c:/nxp/mcuxpressoide_10.2.0_759/ide/tools/bin/../lib/gcc/arm-none-eabi/7.2.1/../../../../arm-none-eabi/lib/thumb/v7e-m/fpv4-sp/hard\libcr_c.a(_deferredlazyseek.o)
 .comment       0x0000007e       0x7f c:/nxp/mcuxpressoide_10.2.0_759/ide/tools/bin/../lib/gcc/arm-none-eabi/7.2.1/../../../../arm-none-eabi/lib/thumb/v7e-m/fpv4-sp/hard\libcr_semihost_nf.a(__ciob.o)

.ARM.attributes
                0x00000000       0x37
 .ARM.attributes
                0x00000000       0x39 ./source/startup/hardware.o
 .ARM.attributes
                0x00000039       0x39 ./source/startup/main.o
 .ARM.attributes
                0x00000072       0x39 ./source/startup/semihost_hardfault.o
 .ARM.attributes
                0x000000ab       0x39 ./source/startup/startup_mk64f12.o
 .ARM.attributes
                0x000000e4       0x39 ./source/drivers/Led.o
 .ARM.attributes
                0x0000011d       0x39 ./source/drivers/MplxLed.o
 .ARM.attributes
                0x00000156       0x39 ./source/drivers/Timer.o
 .ARM.attributes
                0x0000018f       0x39 ./source/drivers/button.o
 .ARM.attributes
                0x000001c8       0x39 ./source/drivers/encoder.o
 .ARM.attributes
                0x00000201       0x39 ./source/drivers/lector.o
 .ARM.attributes
                0x0000023a       0x39 ./source/drivers/seven_seg_display.o
 .ARM.attributes
                0x00000273       0x39 ./source/database/data_base.o
 .ARM.attributes
                0x000002ac       0x39 ./source/MCAL/SysTick.o
 .ARM.attributes
                0x000002e5       0x39 ./source/MCAL/gpio.o
 .ARM.attributes
                0x0000031e       0x39 ./source/FSM/States/admin_state.o
 .ARM.attributes
                0x00000357       0x39 ./source/FSM/States/config_device_state.o
 .ARM.attributes
                0x00000390       0x39 ./source/FSM/States/fail_state.o
 .ARM.attributes
                0x000003c9       0x39 ./source/FSM/States/id_state.o
 .ARM.attributes
                0x00000402       0x39 ./source/FSM/States/main_menu_state.o
 .ARM.attributes
                0x0000043b       0x39 ./source/FSM/States/open_state.o
 .ARM.attributes
                0x00000474       0x39 ./source/FSM/States/pin_state.o
 .ARM.attributes
                0x000004ad       0x39 ./source/FSM/States/user_input.o
 .ARM.attributes
                0x000004e6       0x39 ./source/FSM/States/usr_state.o
 .ARM.attributes
                0x0000051f       0x39 ./source/FSM/fsm.o
 .ARM.attributes
                0x00000558       0x39 ./source/FSM/fsm_table.o
 .ARM.attributes
                0x00000591       0x39 ./source/App.o
 .ARM.attributes
                0x000005ca       0x39 ./source/queue.o
 .ARM.attributes
                0x00000603       0x39 ./CMSIS/system_MK64F12.o
 .ARM.attributes
                0x0000063c       0x39 c:/nxp/mcuxpressoide_10.2.0_759/ide/tools/bin/../lib/gcc/arm-none-eabi/7.2.1/../../../../arm-none-eabi/lib/thumb/v7e-m/fpv4-sp/hard\libcr_semihost_nf.a(_cr__main.o)
 .ARM.attributes
                0x00000675       0x39 c:/nxp/mcuxpressoide_10.2.0_759/ide/tools/bin/../lib/gcc/arm-none-eabi/7.2.1/../../../../arm-none-eabi/lib/thumb/v7e-m/fpv4-sp/hard\libcr_c.a(memcpy.o)
 .ARM.attributes
                0x000006ae       0x39 c:/nxp/mcuxpressoide_10.2.0_759/ide/tools/bin/../lib/gcc/arm-none-eabi/7.2.1/../../../../arm-none-eabi/lib/thumb/v7e-m/fpv4-sp/hard\libcr_c.a(memset.o)
 .ARM.attributes
                0x000006e7       0x39 c:/nxp/mcuxpressoide_10.2.0_759/ide/tools/bin/../lib/gcc/arm-none-eabi/7.2.1/../../../../arm-none-eabi/lib/thumb/v7e-m/fpv4-sp/hard\libcr_c.a(initio.o)
 .ARM.attributes
                0x00000720       0x39 c:/nxp/mcuxpressoide_10.2.0_759/ide/tools/bin/../lib/gcc/arm-none-eabi/7.2.1/../../../../arm-none-eabi/lib/thumb/v7e-m/fpv4-sp/hard\libcr_c.a(setvbuf.o)
 .ARM.attributes
                0x00000759       0x39 c:/nxp/mcuxpressoide_10.2.0_759/ide/tools/bin/../lib/gcc/arm-none-eabi/7.2.1/../../../../arm-none-eabi/lib/thumb/v7e-m/fpv4-sp/hard\libcr_c.a(_fdopen.o)
 .ARM.attributes
                0x00000792       0x39 c:/nxp/mcuxpressoide_10.2.0_759/ide/tools/bin/../lib/gcc/arm-none-eabi/7.2.1/../../../../arm-none-eabi/lib/thumb/v7e-m/fpv4-sp/hard\libcr_c.a(fclose.o)
 .ARM.attributes
                0x000007cb       0x39 c:/nxp/mcuxpressoide_10.2.0_759/ide/tools/bin/../lib/gcc/arm-none-eabi/7.2.1/../../../../arm-none-eabi/lib/thumb/v7e-m/fpv4-sp/hard\libcr_c.a(fflush.o)
 .ARM.attributes