Archive member included to satisfy reference by file (symbol)

c:/nxp/mcuxpressoide_10.2.0_759/ide/tools/bin/../lib/gcc/arm-none-eabi/7.2.1/../../../../arm-none-eabi/lib/thumb/v7e-m/fpv4-sp/hard\libcr_semihost_nf.a(_cr__main.o)
                              ./source/startup/startup_mk64f12.o (__main)
c:/nxp/mcuxpressoide_10.2.0_759/ide/tools/bin/../lib/gcc/arm-none-eabi/7.2.1/../../../../arm-none-eabi/lib/thumb/v7e-m/fpv4-sp/hard\libcr_c.a(memcpy.o)
                              ./source/drivers/Led.o (memcpy)
c:/nxp/mcuxpressoide_10.2.0_759/ide/tools/bin/../lib/gcc/arm-none-eabi/7.2.1/../../../../arm-none-eabi/lib/thumb/v7e-m/fpv4-sp/hard\libcr_c.a(memset.o)
                              ./source/database/data_base.o (memset)
c:/nxp/mcuxpressoide_10.2.0_759/ide/tools/bin/../lib/gcc/arm-none-eabi/7.2.1/../../../../arm-none-eabi/lib/thumb/v7e-m/fpv4-sp/hard\libcr_c.a(initio.o)
                              c:/nxp/mcuxpressoide_10.2.0_759/ide/tools/bin/../lib/gcc/arm-none-eabi/7.2.1/../../../../arm-none-eabi/lib/thumb/v7e-m/fpv4-sp/hard\libcr_semihost_nf.a(_cr__main.o) (_initio)
c:/nxp/mcuxpressoide_10.2.0_759/ide/tools/bin/../lib/gcc/arm-none-eabi/7.2.1/../../../../arm-none-eabi/lib/thumb/v7e-m/fpv4-sp/hard\libcr_c.a(setvbuf.o)
                              c:/nxp/mcuxpressoide_10.2.0_759/ide/tools/bin/../lib/gcc/arm-none-eabi/7.2.1/../../../../arm-none-eabi/lib/thumb/v7e-m/fpv4-sp/hard\libcr_c.a(initio.o) (setvbuf)
c:/nxp/mcuxpressoide_10.2.0_759/ide/tools/bin/../lib/gcc/arm-none-eabi/7.2.1/../../../../arm-none-eabi/lib/thumb/v7e-m/fpv4-sp/hard\libcr_c.a(_fdopen.o)
                              c:/nxp/mcuxpressoide_10.2.0_759/ide/tools/bin/../lib/gcc/arm-none-eabi/7.2.1/../../../../arm-none-eabi/lib/thumb/v7e-m/fpv4-sp/hard\libcr_c.a(initio.o) (_fdopen)
c:/nxp/mcuxpressoide_10.2.0_759/ide/tools/bin/../lib/gcc/arm-none-eabi/7.2.1/../../../../arm-none-eabi/lib/thumb/v7e-m/fpv4-sp/hard\libcr_c.a(fclose.o)
                              c:/nxp/mcuxpressoide_10.2.0_759/ide/tools/bin/../lib/gcc/arm-none-eabi/7.2.1/../../../../arm-none-eabi/lib/thumb/v7e-m/fpv4-sp/hard\libcr_c.a(initio.o) (fclose)
c:/nxp/mcuxpressoide_10.2.0_759/ide/tools/bin/../lib/gcc/arm-none-eabi/7.2.1/../../../../arm-none-eabi/lib/thumb/v7e-m/fpv4-sp/hard\libcr_c.a(fflush.o)
                              c:/nxp/mcuxpressoide_10.2.0_759/ide/tools/bin/../lib/gcc/arm-none-eabi/7.2.1/../../../../arm-none-eabi/lib/thumb/v7e-m/fpv4-sp/hard\libcr_c.a(fclose.o) (fflush)
c:/nxp/mcuxpressoide_10.2.0_759/ide/tools/bin/../lib/gcc/arm-none-eabi/7.2.1/../../../../arm-none-eabi/lib/thumb/v7e-m/fpv4-sp/hard\libcr_c.a(fseek.o)
                              c:/nxp/mcuxpressoide_10.2.0_759/ide/tools/bin/../lib/gcc/arm-none-eabi/7.2.1/../../../../arm-none-eabi/lib/thumb/v7e-m/fpv4-sp/hard\libcr_c.a(_fdopen.o) (fseek)
c:/nxp/mcuxpressoide_10.2.0_759/ide/tools/bin/../lib/gcc/arm-none-eabi/7.2.1/../../../../arm-none-eabi/lib/thumb/v7e-m/fpv4-sp/hard\libcr_c.a(ftell.o)
                              c:/nxp/mcuxpressoide_10.2.0_759/ide/tools/bin/../lib/gcc/arm-none-eabi/7.2.1/../../../../arm-none-eabi/lib/thumb/v7e-m/fpv4-sp/hard\libcr_c.a(fseek.o) (ftell)
c:/nxp/mcuxpressoide_10.2.0_759/ide/tools/bin/../lib/gcc/arm-none-eabi/7.2.1/../../../../arm-none-eabi/lib/thumb/v7e-m/fpv4-sp/hard\libcr_c.a(remove.o)
                              c:/nxp/mcuxpressoide_10.2.0_759/ide/tools/bin/../lib/gcc/arm-none-eabi/7.2.1/../../../../arm-none-eabi/lib/thumb/v7e-m/fpv4-sp/hard\libcr_c.a(fclose.o) (remove)
c:/nxp/mcuxpressoide_10.2.0_759/ide/tools/bin/../lib/gcc/arm-none-eabi/7.2.1/../../../../arm-none-eabi/lib/thumb/v7e-m/fpv4-sp/hard\libcr_c.a(strlen.o)
                              c:/nxp/mcuxpressoide_10.2.0_759/ide/tools/bin/../lib/gcc/arm-none-eabi/7.2.1/../../../../arm-none-eabi/lib/thumb/v7e-m/fpv4-sp/hard\libcr_c.a(remove.o) (strlen)
c:/nxp/mcuxpressoide_10.2.0_759/ide/tools/bin/../lib/gcc/arm-none-eabi/7.2.1/../../../../arm-none-eabi/lib/thumb/v7e-m/fpv4-sp/hard\libcr_c.a(_do_fflush.o)
                              c:/nxp/mcuxpressoide_10.2.0_759/ide/tools/bin/../lib/gcc/arm-none-eabi/7.2.1/../../../../arm-none-eabi/lib/thumb/v7e-m/fpv4-sp/hard\libcr_c.a(fflush.o) (_do_fflush)
c:/nxp/mcuxpressoide_10.2.0_759/ide/tools/bin/../lib/gcc/arm-none-eabi/7.2.1/../../../../arm-none-eabi/lib/thumb/v7e-m/fpv4-sp/hard\libcr_c.a(_fflush.o)
                              c:/nxp/mcuxpressoide_10.2.0_759/ide/tools/bin/../lib/gcc/arm-none-eabi/7.2.1/../../../../arm-none-eabi/lib/thumb/v7e-m/fpv4-sp/hard\libcr_c.a(_do_fflush.o) (_fflush)
c:/nxp/mcuxpressoide_10.2.0_759/ide/tools/bin/../lib/gcc/arm-none-eabi/7.2.1/../../../../arm-none-eabi/lib/thumb/v7e-m/fpv4-sp/hard\libcr_c.a(_writebuf.o)
                              c:/nxp/mcuxpressoide_10.2.0_759/ide/tools/bin/../lib/gcc/arm-none-eabi/7.2.1/../../../../arm-none-eabi/lib/thumb/v7e-m/fpv4-sp/hard\libcr_c.a(_fflush.o) (_Cwritebuf)
[...]
Memory Configuration

Name             Origin             Length             Attributes
PROGRAM_FLASH    0x00000000         0x00100000         xr
SRAM_UPPER       0x20000000         0x00030000         xrw
SRAM_LOWER       0x1fff0000         0x00010000         xrw
FLEX_RAM         0x14000000         0x00001000         xrw
*default*        0x00000000         0xffffffff

Linker script and memory map

LOAD ./source/startup/hardware.o
LOAD ./source/startup/main.o
LOAD ./source/startup/semihost_hardfault.o
LOAD ./source/startup/startup_mk64f12.o
LOAD ./source/drivers/Led.o
LOAD ./source/drivers/MplxLed.o
LOAD ./source/drivers/Timer.o
LOAD ./source/drivers/button.o
LOAD ./source/drivers/encoder.o
LOAD ./source/drivers/lector.o
LOAD ./source/drivers/seven_seg_display.o
LOAD ./source/database/data_base.o
LOAD ./source/MCAL/SysTick.o
LOAD ./source/MCAL/gpio.o
LOAD ./source/FSM/States/add_user_state/substates/add_user_id_state.o
LOAD ./source/FSM/States/add_user_state/substates/add_user_main_state.o
LOAD ./source/FSM/States/add_user_state/substates/add_user_pin_state.o
LOAD ./source/FSM/States/add_user_state/add_user_fsm_table.o
LOAD ./source/FSM/States/add_user_state/add_user_state.o
LOAD ./source/FSM/States/config_device_state.o
LOAD ./source/FSM/States/config_me_state.o
LOAD ./source/FSM/States/delete_user_state.o
LOAD ./source/FSM/States/id_state.o
LOAD ./source/FSM/States/menu_state.o
LOAD ./source/FSM/States/open_state.o
LOAD ./source/FSM/States/pin_state.o
LOAD ./source/FSM/States/user_input.o
LOAD ./source/FSM/States/welcome_state.o
LOAD ./source/FSM/fsm.o
LOAD ./source/FSM/fsm_table.o
LOAD ./source/App.o
LOAD ./source/queue.o
LOAD ./CMSIS/system_MK64F12.o
START GROUP
LOAD c:/nxp/mcuxpressoide_10.2.0_759/ide/tools/bin/../lib/gcc/arm-none-eabi/7.2.1/../../../../arm-none-eabi/lib/thumb/v7e-m/fpv4-sp/hard\libcr_semihost_nf.a
LOAD c:/nxp/mcuxpressoide_10.2.0_759/ide/tools/bin/../lib/gcc/arm-none-eabi/7.2.1/../../../../arm-none-eabi/lib/thumb/v7e-m/fpv4-sp/hard\libcr_c.a
LOAD c:/nxp/mcuxpressoide_10.2.0_759/ide/tools/bin/../lib/gcc/arm-none-eabi/7.2.1/thumb/v7e-m/fpv4-sp/hard\libcr_eabihelpers.a
END GROUP
                0x00000000                __base_PROGRAM_FLASH = 0x0
                0x00000000                __base_Flash = 0x0
                0x00100000                __top_PROGRAM_FLASH = 0x100000
                0x00100000                __top_Flash = 0x100000
                0x20000000                __base_SRAM_UPPER = 0x20000000
                0x20000000                __base_RAM = 0x20000000
                0x20030000                __top_SRAM_UPPER = 0x20030000
                0x20030000                __top_RAM = 0x20030000
                0x1fff0000                __base_SRAM_LOWER = 0x1fff0000
                0x1fff0000                __base_RAM2 = 0x1fff0000
                0x20000000                __top_SRAM_LOWER = 0x20000000
                0x20000000                __top_RAM2 = 0x20000000
                0x14000000                __base_FLEX_RAM = 0x14000000
                0x14000000                __base_RAM3 = 0x14000000
                0x14001000                __top_FLEX_RAM = 0x14001000
                0x14001000                __top_RAM3 = 0x14001000

.text           0x00000000     0x6518
 FILL mask 0xff
                0x00000000                __vectors_start__ = ABSOLUTE (.)
 *(SORT_BY_ALIGNMENT(.isr_vector))
 .isr_vector    0x00000000      0x198 ./source/startup/startup_mk64f12.o
                0x00000000                g_pfnVectors
                0x00000000                __Vectors
                0x00000198                . = ALIGN (0x4)
                0x00000198                __section_table_start = .
                0x00000198                __data_section_table = .
                0x00000198        0x4 LONG 0x6518 LOADADDR (.data)
                0x0000019c        0x4 LONG 0x20000000 ADDR (.data)
                0x000001a0        0x4 LONG 0x4e8 SIZEOF (.data)
                0x000001a4        0x4 LONG 0x6518 LOADADDR (.data_RAM2)
                0x000001a8        0x4 LONG 0x1fff0000 ADDR (.data_RAM2)
                0x000001ac        0x4 LONG 0x0 SIZEOF (.data_RAM2)
                0x000001b0        0x4 LONG 0x6518 LOADADDR (.data_RAM3)
                0x000001b4        0x4 LONG 0x14000000 ADDR (.data_RAM3)
                0x000001b8        0x4 LONG 0x0 SIZEOF (.data_RAM3)
                0x000001bc                __data_section_table_end = .
                0x000001bc                __bss_section_table = .
                0x000001bc        0x4 LONG 0x200004e8 ADDR (.bss)
                0x000001c0        0x4 LONG 0x1370 SIZEOF (.bss)
                0x000001c4        0x4 LONG 0x1fff0000 ADDR (.bss_RAM2)
                0x000001c8        0x4 LONG 0x0 SIZEOF (.bss_RAM2)
                0x000001cc        0x4 LONG 0x14000000 ADDR (.bss_RAM3)
                0x000001d0        0x4 LONG 0x0 SIZEOF (.bss_RAM3)
                0x000001d4                __bss_section_table_end = .
                0x000001d4                __section_table_end = .
 *(SORT_BY_ALIGNMENT(.after_vectors*))
 .after_vectors.reset
                0x000001d4       0x4c ./source/startup/startup_mk64f12.o
                0x000001d4                ResetISR
 .after_vectors.init_data
                0x00000220       0x1e ./source/startup/startup_mk64f12.o
                0x00000220                data_init
 .after_vectors.init_bss
                0x0000023e       0x12 ./source/startup/startup_mk64f12.o
                0x0000023e                bss_init
 .after_vectors
                0x00000250       0x14 ./source/startup/startup_mk64f12.o
                0x00000250                NMI_Handler
                0x00000254                MemManage_Handler
                0x00000256                BusFault_Handler
                0x00000258                UsageFault_Handler
                0x0000025a                SVC_Handler
                0x0000025c                DebugMon_Handler
                0x0000025e                PendSV_Handler
                0x00000262                DMA_Error_DriverIRQHandler
                0x00000262                LPTMR0_DriverIRQHandler
                0x00000262                FTM1_DriverIRQHandler
                0x00000262                FTM2_DriverIRQHandler
                0x00000262                PIT2_DriverIRQHandler
                0x00000262                SDHC_DriverIRQHandler
                0x00000262                I2S0_Tx_DriverIRQHandler
                0x00000262                RTC_Seconds_DriverIRQHandler
                0x00000262                DMA6_DriverIRQHandler
                0x00000262                LLWU_DriverIRQHandler
                0x00000262                MCM_DriverIRQHandler
                0x00000262                MCG_DriverIRQHandler
                0x00000262                ENET_1588_Timer_DriverIRQHandler
                0x00000262                I2C2_DriverIRQHandler
                0x00000262                DAC1_DriverIRQHandler
                0x00000262                SPI1_DriverIRQHandler
                0x00000262                CMP1_DriverIRQHandler
                0x00000262                UART5_RX_TX_DriverIRQHandler
                0x00000262                FTM0_DriverIRQHandler
                0x00000262                IntDefaultHandler
                0x00000262                USB0_DriverIRQHandler
                0x00000262                UART5_ERR_DriverIRQHandler
                0x00000262                PORTC_DriverIRQHandler
                0x00000262                DMA11_DriverIRQHandler
                0x00000262                DAC0_DriverIRQHandler
                0x00000262                DMA10_DriverIRQHandler
                0x00000262                CMP2_DriverIRQHandler
                0x00000262                UART2_ERR_DriverIRQHandler
                0x00000262                SPI2_DriverIRQHandler
                0x00000262                LVD_LVW_DriverIRQHandler
                0x00000262                PIT0_DriverIRQHandler
                0x00000262                RNG_DriverIRQHandler
                0x00000262                DMA5_DriverIRQHandler
                0x00000262                DMA12_DriverIRQHandler
                0x00000262                UART2_RX_TX_DriverIRQHandler
                0x00000262                USBDCD_DriverIRQHandler
                0x00000262                UART3_ERR_DriverIRQHandler
                0x00000262                DMA3_DriverIRQHandler
                0x00000262                DMA8_DriverIRQHandler
                0x00000262                DMA9_DriverIRQHandler
                0x00000262                UART0_ERR_DriverIRQHandler
                0x00000262                CMT_DriverIRQHandler
                0x00000262                Reserved71_DriverIRQHandler
                0x00000262                ADC1_DriverIRQHandler
                0x00000262                PORTA_DriverIRQHandler
                0x00000262                DMA14_DriverIRQHandler
                0x00000262                PIT3_DriverIRQHandler
                0x00000262                PIT1_DriverIRQHandler
                0x00000262                WDOG_EWM_DriverIRQHandler
                0x00000262                PDB0_DriverIRQHandler
                0x00000262                RTC_DriverIRQHandler
                0x00000262                I2S0_Rx_DriverIRQHandler
                0x00000262                Read_Collision_DriverIRQHandler
                0x00000262                SWI_DriverIRQHandler
                0x00000262                UART4_RX_TX_DriverIRQHandler
                0x00000262                UART4_ERR_DriverIRQHandler
                0x00000262                PORTB_DriverIRQHandler
                0x00000262                UART0_LON_DriverIRQHandler
                0x00000262                DMA0_DriverIRQHandler
                0x00000262                DMA1_DriverIRQHandler
                0x00000262                I2C1_DriverIRQHandler
                0x00000262                UART3_RX_TX_DriverIRQHandler
                0x00000262                ENET_Receive_DriverIRQHandler
                0x00000262                DMA13_DriverIRQHandler
                0x00000262                ENET_Error_DriverIRQHandler
                0x00000262                DMA15_DriverIRQHandler
                0x00000262                UART0_RX_TX_DriverIRQHandler
                0x00000262                SPI0_DriverIRQHandler
                0x00000262                ADC0_DriverIRQHandler
                0x00000262                CMP0_DriverIRQHandler
                0x00000262                CAN0_DriverIRQHandler
                0x00000262                FTM3_DriverIRQHandler
                0x00000262                DMA4_DriverIRQHandler
                0x00000262                UART1_ERR_DriverIRQHandler
                0x00000262                DMA2_DriverIRQHandler
                0x00000262                ENET_Transmit_DriverIRQHandler
                0x00000262                PORTD_DriverIRQHandler
                0x00000262                PORTE_DriverIRQHandler
                0x00000262                FTFE_DriverIRQHandler
                0x00000262                I2C0_DriverIRQHandler
                0x00000262                DMA7_DriverIRQHandler
                0x00000262                UART1_RX_TX_DriverIRQHandler
                0x00000400                . = 0x400
 *fill*         0x00000264      0x19c ff
                0x00000400                PROVIDE (__FLASH_CONFIG_START__, .)
 *(SORT_BY_ALIGNMENT(.FlashConfig))
 .FlashConfig   0x00000400       0x10 ./source/startup/startup_mk64f12.o
                0x00000400                Flash_Config
                0x00000410                PROVIDE (__FLASH_CONFIG_END__, .)
                0x00000001                ASSERT (! ((__FLASH_CONFIG_START__ == __FLASH_CONFIG_END__)), Linker Flash Config Support Enabled, but no .FlashConfig section provided within application)
 *(SORT_BY_ALIGNMENT(.text*))
 .text.hw_Init  0x00000410      0x10c ./source/startup/hardware.o
                0x00000410                hw_Init
 .text.hw_EnableInterrupts
                0x0000051c       0x30 ./source/startup/hardware.o
                0x0000051c                hw_EnableInterrupts
 .text.hw_DisableInterrupts
                0x0000054c       0x20 ./source/startup/hardware.o
                0x0000054c                hw_DisableInterrupts
 .text.Led_Init
                0x0000056c      0x188 ./source/drivers/Led.o
                0x0000056c                Led_Init
 .text.Led_OnForDefinedTime
                0x000006f4       0xa4 ./source/drivers/Led.o
                0x000006f4                Led_OnForDefinedTime
 .text.Led_CustomBlink
                0x00000798       0xf0 ./source/drivers/Led.o
                0x00000798                Led_CustomBlink
 .text.Led_InfiniteBlink
                0x00000888       0x80 ./source/drivers/Led.o
                0x00000888                Led_InfiniteBlink
 .text.Led_StopInfiniteBlink
                0x00000908       0x6c ./source/drivers/Led.o
                0x00000908                Led_StopInfiniteBlink
 .text.findLedIndexByID
                0x00000974       0x4c ./source/drivers/Led.o
 .text.Led_PISR
                0x000009c0       0xcc ./source/drivers/Led.o
 .text.MplxLed_Init
                0x00000a8c       0x9c ./source/drivers/MplxLed.o
                0x00000a8c                MplxLed_Init
 .text.MplxLed_On
                0x00000b28       0x58 ./source/drivers/MplxLed.o
                0x00000b28                MplxLed_On
 .text.MplxLed_Off
                0x00000b80       0x58 ./source/drivers/MplxLed.o
                0x00000b80                MplxLed_Off
 .text.MplxLed_PISR
                0x00000bd8      0x33c ./source/drivers/MplxLed.o
                0x00000bd8                MplxLed_PISR
 .text.Timer_Init
                0x00000f14       0x2c ./source/drivers/Timer.o
                0x00000f14                Timer_Init
 .text.Timer_AddCallback
                0x00000f40       0x88 ./source/drivers/Timer.o
                0x00000f40                Timer_AddCallback
 .text.Timer_Delete
                0x00000fc8      0x1b8 ./source/drivers/Timer.o
                0x00000fc8                Timer_Delete
 .text.Timer_Reset
                0x00001180       0x80 ./source/drivers/Timer.o
                0x00001180                Timer_Reset
 .text.Timer_PISR
                0x00001200       0xec ./source/drivers/Timer.o
 .text.systick_callback
                0x000012ec      0x278 ./source/drivers/button.o
 .text.buttonsInit
                0x00001564       0x14 ./source/drivers/button.o
                0x00001564                buttonsInit
 .text.wasTap   0x00001578       0x74 ./source/drivers/button.o
                0x00001578                wasTap
 .text.wasLkp   0x000015ec       0x80 ./source/drivers/button.o
                0x000015ec                wasLkp
 .text.buttonConfiguration
                0x0000166c      0x120 ./source/drivers/button.o
                0x0000166c                buttonConfiguration
 .text.Encoder_Init
                0x0000178c       0x60 ./source/drivers/encoder.o
                0x0000178c                Encoder_Init
 .text.Encoder_GetMove
                0x000017ec       0x3c ./source/drivers/encoder.o
                0x000017ec                Encoder_GetMove
 .text.lookForMoves
                0x00001828       0xd0 ./source/drivers/encoder.o
                0x00001828                lookForMoves
 .text.Lector_Init
                0x000018f8       0x3c ./source/drivers/lector.o
                0x000018f8                Lector_Init
 .text.Lector_Event
                0x00001934       0x28 ./source/drivers/lector.o
                0x00001934                Lector_Event
 .text.Lector_GetData
                0x0000195c      0x328 ./source/drivers/lector.o
                0x0000195c                Lector_GetData
 .text.EnableIRQcallback
                0x00001c84       0x48 ./source/drivers/lector.o
                0x00001c84                EnableIRQcallback
 .text.ClockIRQcallback
                0x00001ccc       0x4c ./source/drivers/lector.o
                0x00001ccc                ClockIRQcallback
 .text.find_ss_fs_es
                0x00001d18       0xb8 ./source/drivers/lector.o
                0x00001d18                find_ss_fs_es
 .text.find_fs  0x00001dd0       0x88 ./source/drivers/lector.o
                0x00001dd0                find_fs
 .text.find_es  0x00001e58       0x88 ./source/drivers/lector.o
                0x00001e58                find_es
 .text.SevenSegDisplay_Init
                0x00001ee0       0xe4 ./source/drivers/seven_seg_display.o
                0x00001ee0                SevenSegDisplay_Init
 .text.SevenSegDisplay_ChangeCharacter
                0x00001fc4       0x44 ./source/drivers/seven_seg_display.o
                0x00001fc4                SevenSegDisplay_ChangeCharacter
 .text.SevenSegDisplay_BlinkScreen
                0x00002008       0x54 ./source/drivers/seven_seg_display.o
                0x00002008                SevenSegDisplay_BlinkScreen
 .text.SevenSegDisplay_BlinkCharacter
                0x0000205c       0x8c ./source/drivers/seven_seg_display.o
                0x0000205c                SevenSegDisplay_BlinkCharacter
 .text.SevenSegDisplay_SetBright
                0x000020e8       0x20 ./source/drivers/seven_seg_display.o
                0x000020e8                SevenSegDisplay_SetBright
 .text.SevenSegDisplay_WriteBuffer
                0x00002108       0x64 ./source/drivers/seven_seg_display.o
                0x00002108                SevenSegDisplay_WriteBuffer
 .text.SevenSegDisplay_WriteBufferAndMove
                0x0000216c       0x90 ./source/drivers/seven_seg_display.o
                0x0000216c                SevenSegDisplay_WriteBufferAndMove
 .text.SevenSegDisplay_Swipe
                0x000021fc       0x5c ./source/drivers/seven_seg_display.o
                0x000021fc                SevenSegDisplay_Swipe
 .text.SevenSegDisplay_SetPos
                0x00002258       0x30 ./source/drivers/seven_seg_display.o
                0x00002258                SevenSegDisplay_SetPos
 .text.SevenSegDisplay_CursorOn
                0x00002288       0x3c ./source/drivers/seven_seg_display.o
                0x00002288                SevenSegDisplay_CursorOn
 .text.SevenSegDisplay_CursorOff
                0x000022c4       0x2c ./source/drivers/seven_seg_display.o
                0x000022c4                SevenSegDisplay_CursorOff
 .text.SevenSegDisplay_CursorInc
                0x000022f0       0x48 ./source/drivers/seven_seg_display.o
                0x000022f0                SevenSegDisplay_CursorInc
 .text.SevenSegDisplay_CursorDec
                0x00002338       0x48 ./source/drivers/seven_seg_display.o
                0x00002338                SevenSegDisplay_CursorDec
 .text.SevenSegDisplay_PrintCharacter
                0x00002380       0x50 ./source/drivers/seven_seg_display.o
                0x00002380                SevenSegDisplay_PrintCharacter
 .text.SevenSegDisplay_PISR
                0x000023d0      0x254 ./source/drivers/seven_seg_display.o
                0x000023d0                SevenSegDisplay_PISR
 .text.SevenSegDisplay_EraseScreen
                0x00002624       0x3c ./source/drivers/seven_seg_display.o
                0x00002624                SevenSegDisplay_EraseScreen
 .text.SevenSegDisplay_chat2sevseg
                0x00002660       0x7c ./source/drivers/seven_seg_display.o
                0x00002660                SevenSegDisplay_chat2sevseg
 .text.SevenSegDisplay_AnimationCircles
                0x000026dc       0x3c ./source/drivers/seven_seg_display.o
                0x000026dc                SevenSegDisplay_AnimationCircles
 .text.SevenSegDisplay_StopAnimation
                0x00002718       0x18 ./source/drivers/seven_seg_display.o
                0x00002718                SevenSegDisplay_StopAnimation
 .text.initializeDataBase
                0x00002730      0x284 ./source/database/data_base.o
                0x00002730                initializeDataBase
 .text.verifyID
                0x000029b4       0xa8 ./source/database/data_base.o
                0x000029b4                verifyID
 .text.verifyPIN
                0x00002a5c       0xc4 ./source/database/data_base.o
                0x00002a5c                verifyPIN
 .text.isCurrentUserBlocked
                0x00002b20       0x38 ./source/database/data_base.o
                0x00002b20                isCurrentUserBlocked
 .text.getIdByCardNumber
                0x00002b58       0x9c ./source/database/data_base.o
                0x00002b58                getIdByCardNumber
 .text.UnblockUser
                0x00002bf4       0x68 ./source/database/data_base.o
                0x00002bf4                UnblockUser
 .text.IsAdmin  0x00002c5c       0x38 ./source/database/data_base.o
                0x00002c5c                IsAdmin
 .text.checkAddUser
                0x00002c94      0x134 ./source/database/data_base.o
                0x00002c94                checkAddUser
 .text.validateAll
                0x00002dc8       0x68 ./source/database/data_base.o
                0x00002dc8                validateAll
 .text.changePin
                0x00002e30       0x6c ./source/database/data_base.o
                0x00002e30                changePin
 .text.verifyCardNumber
                0x00002e9c       0xe0 ./source/database/data_base.o
                0x00002e9c                verifyCardNumber
 .text.removeUser
                0x00002f7c       0x58 ./source/database/data_base.o
                0x00002f7c                removeUser
 .text.moveAllUsersOnePlace
                0x00002fd4      0x18c ./source/database/data_base.o
 .text.SysTick_Init
                0x00003160       0x3c ./source/MCAL/SysTick.o
                0x00003160                SysTick_Init
 .text.SysTick_AddCallback
                0x0000319c       0x88 ./source/MCAL/SysTick.o
                0x0000319c                SysTick_AddCallback
 .text.SysTick_Handler
                0x00003224       0xdc ./source/MCAL/SysTick.o
                0x00003224                SysTick_Handler
 .text.__NVIC_EnableIRQ
                0x00003300       0x3c ./source/MCAL/gpio.o
 .text.__NVIC_GetEnableIRQ
                0x0000333c       0x40 ./source/MCAL/gpio.o
 .text.gpioMode
                0x0000337c      0x17c ./source/MCAL/gpio.o
                0x0000337c                gpioMode
 .text.gpioToggle
                0x000034f8       0x48 ./source/MCAL/gpio.o
                0x000034f8                gpioToggle
 .text.gpioRead
                0x00003540       0x48 ./source/MCAL/gpio.o
                0x00003540                gpioRead
 .text.gpioWrite
                0x00003588       0x5c ./source/MCAL/gpio.o
                0x00003588                gpioWrite
 .text.gpioIRQ  0x000035e4       0x90 ./source/MCAL/gpio.o
                0x000035e4                gpioIRQ
 .text.interruptHandler
                0x00003674       0xa0 ./source/MCAL/gpio.o
                0x00003674                interruptHandler
 .text.addUserId_initLogin
                0x00003714       0x28 ./source/FSM/States/add_user_state/substates/add_user_id_state.o
                0x00003714                addUserId_initLogin
 .text.addUserId_increaseCurrent
                0x0000373c       0x40 ./source/FSM/States/add_user_state/substates/add_user_id_state.o
                0x0000373c                addUserId_increaseCurrent
 .text.addUserId_decreaseCurrent
                0x0000377c       0x40 ./source/FSM/States/add_user_state/substates/add_user_id_state.o
                0x0000377c                addUserId_decreaseCurrent
 .text.addUserId_confirmID
                0x000037bc       0x64 ./source/FSM/States/add_user_state/substates/add_user_id_state.o
                0x000037bc                addUserId_confirmID
 .text.addUserId_acceptNumber
                0x00003820       0x40 ./source/FSM/States/add_user_state/substates/add_user_id_state.o
                0x00003820                addUserId_acceptNumber
 .text.addUserId_getIDArray
                0x00003860       0x14 ./source/FSM/States/add_user_state/substates/add_user_id_state.o
                0x00003860                addUserId_getIDArray
 .text.showTitle
                0x00003874       0x48 ./source/FSM/States/add_user_state/substates/add_user_id_state.o
 .text.stopShowingTitle
                0x000038bc       0x30 ./source/FSM/States/add_user_state/substates/add_user_id_state.o
 .text.userInteractionStopsTitle
                0x000038ec       0x28 ./source/FSM/States/add_user_state/substates/add_user_id_state.o
 .text.userInteractionStopsErrorIndication
                0x00003914       0x30 ./source/FSM/States/add_user_state/substates/add_user_id_state.o
 .text.idFail   0x00003944       0x4c ./source/FSM/States/add_user_state/substates/add_user_id_state.o
 .text.idAlreadyExists
                0x00003990       0x4c ./source/FSM/States/add_user_state/substates/add_user_id_state.o
 .text.addUsr_initState
                0x000039dc       0x30 ./source/FSM/States/add_user_state/substates/add_user_main_state.o
                0x000039dc                addUsr_initState
 .text.addUsr_cardSwipe
                0x00003a0c       0xb4 ./source/FSM/States/add_user_state/substates/add_user_main_state.o
                0x00003a0c                addUsr_cardSwipe
 .text.addUsr_getCardNumber
                0x00003ac0       0x14 ./source/FSM/States/add_user_state/substates/add_user_main_state.o
                0x00003ac0                addUsr_getCardNumber
 .text.showTitle
                0x00003ad4       0x28 ./source/FSM/States/add_user_state/substates/add_user_main_state.o
 .text.CardFail
                0x00003afc       0x40 ./source/FSM/States/add_user_state/substates/add_user_main_state.o
 .text.cardIsUsed
                0x00003b3c       0x40 ./source/FSM/States/add_user_state/substates/add_user_main_state.o
 .text.addUserPin_initPinInput
                0x00003b7c       0x28 ./source/FSM/States/add_user_state/substates/add_user_pin_state.o
                0x00003b7c                addUserPin_initPinInput
 .text.addUserPin_confirmPin
                0x00003ba4       0x70 ./source/FSM/States/add_user_state/substates/add_user_pin_state.o
                0x00003ba4                addUserPin_confirmPin
 .text.addUserPin_acceptNumber
                0x00003c14       0x5c ./source/FSM/States/add_user_state/substates/add_user_pin_state.o
                0x00003c14                addUserPin_acceptNumber
 .text.addUserPin_increaseCurrent
                0x00003c70       0x40 ./source/FSM/States/add_user_state/substates/add_user_pin_state.o
                0x00003c70                addUserPin_increaseCurrent
 .text.addUserPin_decreaseCurrent
                0x00003cb0       0x40 ./source/FSM/States/add_user_state/substates/add_user_pin_state.o
                0x00003cb0                addUserPin_decreaseCurrent
 .text.showTitle
                0x00003cf0       0x48 ./source/FSM/States/add_user_state/substates/add_user_pin_state.o
 .text.stopShowingTitle
                0x00003d38       0x30 ./source/FSM/States/add_user_state/substates/add_user_pin_state.o
 .text.userInteractionStopsTitle
                0x00003d68       0x28 ./source/FSM/States/add_user_state/substates/add_user_pin_state.o
 .text.userInteractionStopsErrorIndication
                0x00003d90       0x30 ./source/FSM/States/add_user_state/substates/add_user_pin_state.o
 .text.pinFail  0x00003dc0       0x4c ./source/FSM/States/add_user_state/substates/add_user_pin_state.o
 .text.subFSM_GetInitState
                0x00003e0c       0x14 ./source/FSM/States/add_user_state/add_user_fsm_table.o
                0x00003e0c                subFSM_GetInitState
 .text.addUser_initFSM
                0x00003e20       0x1c ./source/FSM/States/add_user_state/add_user_state.o
                0x00003e20                addUser_initFSM
 .text.addUser_onLKP
                0x00003e3c       0x20 ./source/FSM/States/add_user_state/add_user_state.o
                0x00003e3c                addUser_onLKP
 .text.addUser_onPress
                0x00003e5c       0x20 ./source/FSM/States/add_user_state/add_user_state.o
                0x00003e5c                addUser_onPress
 .text.addUser_onEncoderRight
                0x00003e7c       0x20 ./source/FSM/States/add_user_state/add_user_state.o
                0x00003e7c                addUser_onEncoderRight
 .text.addUser_onEncoderLeft
                0x00003e9c       0x20 ./source/FSM/States/add_user_state/add_user_state.o
                0x00003e9c                addUser_onEncoderLeft
 .text.addUser_onCardSwipe
                0x00003ebc       0x20 ./source/FSM/States/add_user_state/add_user_state.o
                0x00003ebc                addUser_onCardSwipe
 .text.addUser_onReturn
                0x00003edc       0x20 ./source/FSM/States/add_user_state/add_user_state.o
                0x00003edc                addUser_onReturn
 .text.addUser_onIdOk
                0x00003efc       0x20 ./source/FSM/States/add_user_state/add_user_state.o
                0x00003efc                addUser_onIdOk
 .text.addUser_onIdFail
                0x00003f1c       0x20 ./source/FSM/States/add_user_state/add_user_state.o
                0x00003f1c                addUser_onIdFail
 .text.addUser_onCardFail
                0x00003f3c       0x20 ./source/FSM/States/add_user_state/add_user_state.o
                0x00003f3c                addUser_onCardFail
 .text.initConfigDevice
                0x00003f5c       0x40 ./source/FSM/States/config_device_state.o
                0x00003f5c                initConfigDevice
 .text.configDev_nextOption
                0x00003f9c       0x2c ./source/FSM/States/config_device_state.o
                0x00003f9c                configDev_nextOption
 .text.configDev_previousOption
                0x00003fc8       0x2c ./source/FSM/States/config_device_state.o
                0x00003fc8                configDev_previousOption
 .text.setCurrentOption
                0x00003ff4       0x38 ./source/FSM/States/config_device_state.o
 .text.configMe_initState
                0x0000402c       0x28 ./source/FSM/States/config_me_state.o
                0x0000402c                configMe_initState
 .text.configMe_confirmPin
                0x00004054       0x48 ./source/FSM/States/config_me_state.o
                0x00004054                configMe_confirmPin
 .text.configMe_acceptNumber
                0x0000409c       0x40 ./source/FSM/States/config_me_state.o
                0x0000409c                configMe_acceptNumber
 .text.configMe_increaseCurrent
                0x000040dc       0x40 ./source/FSM/States/config_me_state.o
                0x000040dc                configMe_increaseCurrent
 .text.configMe_decreaseCurrent
                0x0000411c       0x40 ./source/FSM/States/config_me_state.o
                0x0000411c                configMe_decreaseCurrent
 .text.showTitle
                0x0000415c       0x4c ./source/FSM/States/config_me_state.o
 .text.stopShowingTitle
                0x000041a8       0x30 ./source/FSM/States/config_me_state.o
 .text.userInteractionStopsTitle
                0x000041d8       0x24 ./source/FSM/States/config_me_state.o
 .text.userInteractionStopsErrorIndication
                0x000041fc       0x30 ./source/FSM/States/config_me_state.o
 .text.pinFail  0x0000422c       0x4c ./source/FSM/States/config_me_state.o
 .text.deleteUser_initState
                0x00004278       0x28 ./source/FSM/States/delete_user_state.o
                0x00004278                deleteUser_initState
 .text.deleteUser_increaseCurrent
                0x000042a0       0x40 ./source/FSM/States/delete_user_state.o
                0x000042a0                deleteUser_increaseCurrent
 .text.deleteUser_decreaseCurrent
                0x000042e0       0x40 ./source/FSM/States/delete_user_state.o
                0x000042e0                deleteUser_decreaseCurrent
 .text.deleteUser_confirm
                0x00004320       0x48 ./source/FSM/States/delete_user_state.o
                0x00004320                deleteUser_confirm
 .text.deleteUser_acceptNumber
                0x00004368       0x40 ./source/FSM/States/delete_user_state.o
                0x00004368                deleteUser_acceptNumber
 .text.deleteUser_checkCardID
                0x000043a8       0xdc ./source/FSM/States/delete_user_state.o
                0x000043a8                deleteUser_checkCardID
 .text.showTitle
                0x00004484       0x4c ./source/FSM/States/delete_user_state.o
 .text.stopShowingTitle
                0x000044d0       0x30 ./source/FSM/States/delete_user_state.o
 .text.userInteractionStopsTitle
                0x00004500       0x24 ./source/FSM/States/delete_user_state.o
 .text.userInteractionStopsErrorIndication
                0x00004524       0x2c ./source/FSM/States/delete_user_state.o
 .text.idFail   0x00004550       0x4c ./source/FSM/States/delete_user_state.o
 .text.idCardFail
                0x0000459c       0x4c ./source/FSM/States/delete_user_state.o
 .text.initLogin
                0x000045e8       0x2c ./source/FSM/States/id_state.o
                0x000045e8                initLogin
 .text.id_increaseCurrent
                0x00004614       0x44 ./source/FSM/States/id_state.o
                0x00004614                id_increaseCurrent
 .text.id_decreaseCurrent
                0x00004658       0x44 ./source/FSM/States/id_state.o
                0x00004658                id_decreaseCurrent
 .text.id_confirmID
                0x0000469c       0x54 ./source/FSM/States/id_state.o
                0x0000469c                id_confirmID
 .text.id_acceptNumber
                0x000046f0       0x44 ./source/FSM/States/id_state.o
                0x000046f0                id_acceptNumber
 .text.id_checkCardID
                0x00004734       0xb0 ./source/FSM/States/id_state.o
                0x00004734                id_checkCardID
 .text.showTitle
                0x000047e4       0x50 ./source/FSM/States/id_state.o
 .text.stopShowingTitle
                0x00004834       0x34 ./source/FSM/States/id_state.o
 .text.userInteractionStopsTitle
                0x00004868       0x2c ./source/FSM/States/id_state.o
 .text.userInteractionStopsErrorIndication
                0x00004894       0x34 ./source/FSM/States/id_state.o
 .text.idFail   0x000048c8       0x54 ./source/FSM/States/id_state.o
 .text.id_fail_animate
                0x0000491c       0x48 ./source/FSM/States/id_state.o
 .text.idCardFail
                0x00004964       0x54 ./source/FSM/States/id_state.o
 .text.menu_initState
                0x000049b8       0x30 ./source/FSM/States/menu_state.o
                0x000049b8                menu_initState
 .text.menu_nextOption
                0x000049e8       0x60 ./source/FSM/States/menu_state.o
                0x000049e8                menu_nextOption
 .text.menu_previousOption
                0x00004a48       0x5c ./source/FSM/States/menu_state.o
                0x00004a48                menu_previousOption
 .text.menu_selectOption
                0x00004aa4       0x80 ./source/FSM/States/menu_state.o
                0x00004aa4                menu_selectOption
 .text.showTitle
                0x00004b24       0x5c ./source/FSM/States/menu_state.o
 .text.setCurrentOption
                0x00004b80       0xa8 ./source/FSM/States/menu_state.o
 .text.stopShowingTitle
                0x00004c28       0x1c ./source/FSM/States/menu_state.o
 .text.userInteractionStopsTitle
                0x00004c44       0x24 ./source/FSM/States/menu_state.o
 .text.openDoor
                0x00004c68       0x20 ./source/FSM/States/open_state.o
                0x00004c68                openDoor
 .text.initPinInput
                0x00004c88       0x34 ./source/FSM/States/pin_state.o
                0x00004c88                initPinInput
 .text.pin_confirmPin
                0x00004cbc       0x60 ./source/FSM/States/pin_state.o
                0x00004cbc                pin_confirmPin
 .text.pin_acceptNumber
                0x00004d1c       0x6c ./source/FSM/States/pin_state.o
                0x00004d1c                pin_acceptNumber
 .text.pin_increaseCurrent
                0x00004d88       0x54 ./source/FSM/States/pin_state.o
                0x00004d88                pin_increaseCurrent
 .text.pin_decreaseCurrent
                0x00004ddc       0x54 ./source/FSM/States/pin_state.o
                0x00004ddc                pin_decreaseCurrent
 .text.showTitle
                0x00004e30       0x50 ./source/FSM/States/pin_state.o
 .text.stopShowingTitle
                0x00004e80       0x30 ./source/FSM/States/pin_state.o
 .text.userInteractionStopsTitle
                0x00004eb0       0x28 ./source/FSM/States/pin_state.o
 .text.pinFail  0x00004ed8       0x70 ./source/FSM/States/pin_state.o
 .text.stopErrorIndication
                0x00004f48       0x28 ./source/FSM/States/pin_state.o
 .text.userInteractionStopsErrorIndication
                0x00004f70       0x28 ./source/FSM/States/pin_state.o
 .text.startFailAnimation
                0x00004f98       0x38 ./source/FSM/States/pin_state.o
 .text.finishFailAnimation
                0x00004fd0       0x34 ./source/FSM/States/pin_state.o
 .text.userInteractionFinishesFailAnimation
                0x00005004       0x28 ./source/FSM/States/pin_state.o
 .text.showWelcomeAnimation
                0x0000502c       0x28 ./source/FSM/States/welcome_state.o
                0x0000502c                showWelcomeAnimation
 .text.FSM_GetInitState
                0x00005054       0x14 ./source/FSM/fsm_table.o
                0x00005054                FSM_GetInitState
 .text.App_Init
                0x00005068       0x6c ./source/App.o
                0x00005068                App_Init
 .text.App_Run  0x000050d4       0x38 ./source/App.o
                0x000050d4                App_Run
 .text.fillQueue
                0x0000510c       0x94 ./source/App.o
 .text.initQueue
                0x000051a0       0x50 ./source/queue.o
                0x000051a0                initQueue
 .text.emitEvent
                0x000051f0       0x70 ./source/queue.o
                0x000051f0                emitEvent
 .text.getEvent
                0x00005260       0x3c ./source/queue.o
                0x00005260                getEvent
 .text.queueIsEmpty
                0x0000529c       0x34 ./source/queue.o
                0x0000529c                queueIsEmpty
 .text.SystemInit
                0x000052d0       0x3c ./CMSIS/system_MK64F12.o
                0x000052d0                SystemInit
 .text._initio  0x0000530c       0x78 c:/nxp/mcuxpressoide_10.2.0_759/ide/tools/bin/../lib/gcc/arm-none-eabi/7.2.1/../../../../arm-none-eabi/lib/thumb/v7e-m/fpv4-sp/hard\libcr_c.a(initio.o)
                0x0000530c                _initio
 .text.setvbuf  0x00005384       0x40 c:/nxp/mcuxpressoide_10.2.0_759/ide/tools/bin/../lib/gcc/arm-none-eabi/7.2.1/../../../../arm-none-eabi/lib/thumb/v7e-m/fpv4-sp/hard\libcr_c.a(setvbuf.o)
                0x00005384                setvbuf
 .text.fflush   0x000053c4       0x44 c:/nxp/mcuxpressoide_10.2.0_759/ide/tools/bin/../lib/gcc/arm-none-eabi/7.2.1/../../../../arm-none-eabi/lib/thumb/v7e-m/fpv4-sp/hard\libcr_c.a(fflush.o)
                0x000053c4                fflush
 .text.fseek    0x00005408      0x100 c:/nxp/mcuxpressoide_10.2.0_759/ide/tools/bin/../lib/gcc/arm-none-eabi/7.2.1/../../../../arm-none-eabi/lib/thumb/v7e-m/fpv4-sp/hard\libcr_c.a(fseek.o)
                0x00005408                fseek
 .text.ftell    0x00005508       0x44 c:/nxp/mcuxpressoide_10.2.0_759/ide/tools/bin/../lib/gcc/arm-none-eabi/7.2.1/../../../../arm-none-eabi/lib/thumb/v7e-m/fpv4-sp/hard\libcr_c.a(ftell.o)
                0x00005508                ftell
 .text._Cwritebuf
                0x0000554c       0x6c c:/nxp/mcuxpressoide_10.2.0_759/ide/tools/bin/../lib/gcc/arm-none-eabi/7.2.1/../../../../arm-none-eabi/lib/thumb/v7e-m/fpv4-sp/hard\libcr_c.a(_writebuf.o)
                0x0000554c                _Cwritebuf
 .text.main     0x000055b8       0x1a ./source/startup/main.o
                0x000055b8                main
 .text.HardFault_Handler
                0x000055d2       0x2c ./source/startup/semihost_hardfault.o
                0x000055d2                HardFault_Handler
 .text.DMA0_IRQHandler
                0x000055fe        0x8 ./source/startup/startup_mk64f12.o
                0x000055fe                DMA0_IRQHandler
 .text.DMA1_IRQHandler
                0x00005606        0x8 ./source/startup/startup_mk64f12.o
                0x00005606                DMA1_IRQHandler
 .text.DMA2_IRQHandler
                0x0000560e        0x8 ./source/startup/startup_mk64f12.o
                0x0000560e                DMA2_IRQHandler
 .text.DMA3_IRQHandler
                0x00005616        0x8 ./source/startup/startup_mk64f12.o
                0x00005616                DMA3_IRQHandler
 .text.DMA4_IRQHandler
                0x0000561e        0x8 ./source/startup/startup_mk64f12.o
                0x0000561e                DMA4_IRQHandler
 .text.DMA5_IRQHandler
                0x00005626        0x8 ./source/startup/startup_mk64f12.o
                0x00005626                DMA5_IRQHandler
 .text.DMA6_IRQHandler
                0x0000562e        0x8 ./source/startup/startup_mk64f12.o
                0x0000562e                DMA6_IRQHandler
 .text.DMA7_IRQHandler
                0x00005636        0x8 ./source/startup/startup_mk64f12.o
                0x00005636                DMA7_IRQHandler
 .text.DMA8_IRQHandler
                0x0000563e        0x8 ./source/startup/startup_mk64f12.o
                0x0000563e                DMA8_IRQHandler
 .text.DMA9_IRQHandler
                0x00005646        0x8 ./source/startup/startup_mk64f12.o
                0x00005646                DMA9_IRQHandler
 .text.DMA10_IRQHandler
                0x0000564e        0x8 ./source/startup/startup_mk64f12.o
                0x0000564e                DMA10_IRQHandler
 .text.DMA11_IRQHandler
                0x00005656        0x8 ./source/startup/startup_mk64f12.o
                0x00005656                DMA11_IRQHandler
 .text.DMA12_IRQHandler
                0x0000565e        0x8 ./source/startup/startup_mk64f12.o
                0x0000565e                DMA12_IRQHandler
 .text.DMA13_IRQHandler
                0x00005666        0x8 ./source/startup/startup_mk64f12.o
                0x00005666                DMA13_IRQHandler
 .text.DMA14_IRQHandler
                0x0000566e        0x8 ./source/startup/startup_mk64f12.o
                0x0000566e                DMA14_IRQHandler
 .text.DMA15_IRQHandler
                0x00005676        0x8 ./source/startup/startup_mk64f12.o
                0x00005676                DMA15_IRQHandler
 .text.DMA_Error_IRQHandler
                0x0000567e        0x8 ./source/startup/startup_mk64f12.o
                0x0000567e                DMA_Error_IRQHandler
 .text.MCM_IRQHandler
                0x00005686        0x8 ./source/startup/startup_mk64f12.o
                0x00005686                MCM_IRQHandler
 .text.FTFE_IRQHandler
                0x0000568e        0x8 ./source/startup/startup_mk64f12.o
                0x0000568e                FTFE_IRQHandler
 .text.Read_Collision_IRQHandler
                0x00005696        0x8 ./source/startup/startup_mk64f12.o
                0x00005696                Read_Collision_IRQHandler
 .text.LVD_LVW_IRQHandler
                0x0000569e        0x8 ./source/startup/startup_mk64f12.o
                0x0000569e                LVD_LVW_IRQHandler
 .text.LLWU_IRQHandler
                0x000056a6        0x8 ./source/startup/startup_mk64f12.o
                0x000056a6                LLWU_IRQHandler
 .text.WDOG_EWM_IRQHandler
                0x000056ae        0x8 ./source/startup/startup_mk64f12.o
                0x000056ae                WDOG_EWM_IRQHandler
 .text.RNG_IRQHandler
                0x000056b6        0x8 ./source/startup/startup_mk64f12.o
                0x000056b6                RNG_IRQHandler
 .text.I2C0_IRQHandler
                0x000056be        0x8 ./source/startup/startup_mk64f12.o
                0x000056be                I2C0_IRQHandler
 .text.I2C1_IRQHandler
                0x000056c6        0x8 ./source/startup/startup_mk64f12.o
                0x000056c6                I2C1_IRQHandler
 .text.SPI0_IRQHandler
                0x000056ce        0x8 ./source/startup/startup_mk64f12.o
                0x000056ce                SPI0_IRQHandler
 .text.SPI1_IRQHandler
                0x000056d6        0x8 ./source/startup/startup_mk64f12.o
                0x000056d6                SPI1_IRQHandler
 .text.I2S0_Tx_IRQHandler
                0x000056de        0x8 ./source/startup/startup_mk64f12.o
                0x000056de                I2S0_Tx_IRQHandler
 .text.I2S0_Rx_IRQHandler
                0x000056e6        0x8 ./source/startup/startup_mk64f12.o
                0x000056e6                I2S0_Rx_IRQHandler
 .text.UART0_LON_IRQHandler
                0x000056ee        0x8 ./source/startup/startup_mk64f12.o
                0x000056ee                UART0_LON_IRQHandler
 .text.UART0_RX_TX_IRQHandler
                0x000056f6        0x8 ./source/startup/startup_mk64f12.o
                0x000056f6                UART0_RX_TX_IRQHandler
 .text.UART0_ERR_IRQHandler
                0x000056fe        0x8 ./source/startup/startup_mk64f12.o
                0x000056fe                UART0_ERR_IRQHandler
 .text.UART1_RX_TX_IRQHandler
                0x00005706        0x8 ./source/startup/startup_mk64f12.o
                0x00005706                UART1_RX_TX_IRQHandler
 .text.UART1_ERR_IRQHandler
                0x0000570e        0x8 ./source/startup/startup_mk64f12.o
                0x0000570e                UART1_ERR_IRQHandler
 .text.UART2_RX_TX_IRQHandler
                0x00005716        0x8 ./source/startup/startup_mk64f12.o
                0x00005716                UART2_RX_TX_IRQHandler
 .text.UART2_ERR_IRQHandler
                0x0000571e        0x8 ./source/startup/startup_mk64f12.o
                0x0000571e                UART2_ERR_IRQHandler
 .text.UART3_RX_TX_IRQHandler
                0x00005726        0x8 ./source/startup/startup_mk64f12.o
                0x00005726                UART3_RX_TX_IRQHandler
 .text.UART3_ERR_IRQHandler
                0x0000572e        0x8 ./source/startup/startup_mk64f12.o
                0x0000572e                UART3_ERR_IRQHandler
 .text.ADC0_IRQHandler
                0x00005736        0x8 ./source/startup/startup_mk64f12.o
                0x00005736                ADC0_IRQHandler
 .text.CMP0_IRQHandler
                0x0000573e        0x8 ./source/startup/startup_mk64f12.o
                0x0000573e                CMP0_IRQHandler
 .text.CMP1_IRQHandler
                0x00005746        0x8 ./source/startup/startup_mk64f12.o
                0x00005746                CMP1_IRQHandler
 .text.FTM0_IRQHandler
                0x0000574e        0x8 ./source/startup/startup_mk64f12.o
                0x0000574e                FTM0_IRQHandler
 .text.FTM1_IRQHandler
                0x00005756        0x8 ./source/startup/startup_mk64f12.o
                0x00005756                FTM1_IRQHandler
 .text.FTM2_IRQHandler
                0x0000575e        0x8 ./source/startup/startup_mk64f12.o
                0x0000575e                FTM2_IRQHandler
 .text.CMT_IRQHandler
                0x00005766        0x8 ./source/startup/startup_mk64f12.o
                0x00005766                CMT_IRQHandler
 .text.RTC_IRQHandler
                0x0000576e        0x8 ./source/startup/startup_mk64f12.o
                0x0000576e                RTC_IRQHandler
 .text.RTC_Seconds_IRQHandler
                0x00005776        0x8 ./source/startup/startup_mk64f12.o
                0x00005776                RTC_Seconds_IRQHandler
 .text.PIT0_IRQHandler
                0x0000577e        0x8 ./source/startup/startup_mk64f12.o
                0x0000577e                PIT0_IRQHandler
 .text.PIT1_IRQHandler
                0x00005786        0x8 ./source/startup/startup_mk64f12.o
                0x00005786                PIT1_IRQHandler
 .text.PIT2_IRQHandler
                0x0000578e        0x8 ./source/startup/startup_mk64f12.o
                0x0000578e                PIT2_IRQHandler
 .text.PIT3_IRQHandler
                0x00005796        0x8 ./source/startup/startup_mk64f12.o
                0x00005796                PIT3_IRQHandler
 .text.PDB0_IRQHandler
                0x0000579e        0x8 ./source/startup/startup_mk64f12.o
                0x0000579e                PDB0_IRQHandler
 .text.USB0_IRQHandler
                0x000057a6        0x8 ./source/startup/startup_mk64f12.o
                0x000057a6                USB0_IRQHandler
 .text.USBDCD_IRQHandler
                0x000057ae        0x8 ./source/startup/startup_mk64f12.o
                0x000057ae                USBDCD_IRQHandler
 .text.Reserved71_IRQHandler
                0x000057b6        0x8 ./source/startup/startup_mk64f12.o
                0x000057b6                Reserved71_IRQHandler
 .text.DAC0_IRQHandler
                0x000057be        0x8 ./source/startup/startup_mk64f12.o
                0x000057be                DAC0_IRQHandler
 .text.MCG_IRQHandler
                0x000057c6        0x8 ./source/startup/startup_mk64f12.o
                0x000057c6                MCG_IRQHandler
 .text.LPTMR0_IRQHandler
                0x000057ce        0x8 ./source/startup/startup_mk64f12.o
                0x000057ce                LPTMR0_IRQHandler
 .text.SWI_IRQHandler
                0x000057d6        0x8 ./source/startup/startup_mk64f12.o
                0x000057d6                SWI_IRQHandler
 .text.SPI2_IRQHandler
                0x000057de        0x8 ./source/startup/startup_mk64f12.o
                0x000057de                SPI2_IRQHandler
 .text.UART4_RX_TX_IRQHandler
                0x000057e6        0x8 ./source/startup/startup_mk64f12.o
                0x000057e6                UART4_RX_TX_IRQHandler
 .text.UART4_ERR_IRQHandler
                0x000057ee        0x8 ./source/startup/startup_mk64f12.o
                0x000057ee                UART4_ERR_IRQHandler
 .text.UART5_RX_TX_IRQHandler
                0x000057f6        0x8 ./source/startup/startup_mk64f12.o
                0x000057f6                UART5_RX_TX_IRQHandler
 .text.UART5_ERR_IRQHandler
                0x000057fe        0x8 ./source/startup/startup_mk64f12.o
                0x000057fe                UART5_ERR_IRQHandler
 .text.CMP2_IRQHandler
                0x00005806        0x8 ./source/startup/startup_mk64f12.o
                0x00005806                CMP2_IRQHandler
 .text.FTM3_IRQHandler
                0x0000580e        0x8 ./source/startup/startup_mk64f12.o
                0x0000580e                FTM3_IRQHandler
 .text.DAC1_IRQHandler
                0x00005816        0x8 ./source/startup/startup_mk64f12.o
                0x00005816                DAC1_IRQHandler
 .text.ADC1_IRQHandler
                0x0000581e        0x8 ./source/startup/startup_mk64f12.o
                0x0000581e                ADC1_IRQHandler
 .text.I2C2_IRQHandler
                0x00005826        0x8 ./source/startup/startup_mk64f12.o
                0x00005826                I2C2_IRQHandler
 .text.CAN0_ORed_Message_buffer_IRQHandler
                0x0000582e        0x8 ./source/startup/startup_mk64f12.o
                0x0000582e                CAN0_ORed_Message_buffer_IRQHandler
 .text.CAN0_Bus_Off_IRQHandler
                0x00005836        0x8 ./source/startup/startup_mk64f12.o
                0x00005836                CAN0_Bus_Off_IRQHandler
 .text.CAN0_Error_IRQHandler
                0x0000583e        0x8 ./source/startup/startup_mk64f12.o
                0x0000583e                CAN0_Error_IRQHandler
 .text.CAN0_Tx_Warning_IRQHandler
                0x00005846        0x8 ./source/startup/startup_mk64f12.o
                0x00005846                CAN0_Tx_Warning_IRQHandler
 .text.CAN0_Rx_Warning_IRQHandler
                0x0000584e        0x8 ./source/startup/startup_mk64f12.o
                0x0000584e                CAN0_Rx_Warning_IRQHandler
 .text.CAN0_Wake_Up_IRQHandler
                0x00005856        0x8 ./source/startup/startup_mk64f12.o
                0x00005856                CAN0_Wake_Up_IRQHandler
 .text.SDHC_IRQHandler
                0x0000585e        0x8 ./source/startup/startup_mk64f12.o
                0x0000585e                SDHC_IRQHandler
 .text.ENET_1588_Timer_IRQHandler
                0x00005866        0x8 ./source/startup/startup_mk64f12.o
                0x00005866                ENET_1588_Timer_IRQHandler
 .text.ENET_Transmit_IRQHandler
                0x0000586e        0x8 ./source/startup/startup_mk64f12.o
                0x0000586e                ENET_Transmit_IRQHandler
 .text.ENET_Receive_IRQHandler
                0x00005876        0x8 ./source/startup/startup_mk64f12.o
                0x00005876                ENET_Receive_IRQHandler
 .text.ENET_Error_IRQHandler
                0x0000587e        0x8 ./source/startup/startup_mk64f12.o
                0x0000587e                ENET_Error_IRQHandler
 .text.Led_On   0x00005886       0x1c ./source/drivers/Led.o
                0x00005886                Led_On
 .text.Led_Off  0x000058a2       0x1c ./source/drivers/Led.o
                0x000058a2                Led_Off
 .text.Led_Toggle
                0x000058be       0x1a ./source/drivers/Led.o
                0x000058be                Led_Toggle
 .text.OnForDefinedTimeCalledFromPISR
                0x000058d8       0x4e ./source/drivers/Led.o
 .text.BlinkCalledFromPISR
                0x00005926       0x74 ./source/drivers/Led.o
 .text.RepetitionBlinkCalledFromPISR
                0x0000599a       0x7c ./source/drivers/Led.o
 .text.InfiniteBlinkCalledFromPISR
                0x00005a16       0x4a ./source/drivers/Led.o
 .text.getArrayEffectiveLength
                0x00005a60       0x54 ./source/drivers/Timer.o
 .text.checkIdArrayFormat
                0x00005ab4       0x26 ./source/database/data_base.o
 .text.getEffectiveArrayLength
                0x00005ada       0x6a ./source/database/data_base.o
 .text.validateNewId
                0x00005b44       0x38 ./source/database/data_base.o
                0x00005b44                validateNewId
 .text.checkPinArrayFormat
                0x00005b7c       0x2c ./source/database/data_base.o
                0x00005b7c                checkPinArrayFormat
 .text.getArrayEffectiveLength
                0x00005ba8       0x54 ./source/MCAL/SysTick.o
 .text.PORTA_IRQHandler
                0x00005bfc       0x1e ./source/MCAL/gpio.o
                0x00005bfc                PORTA_IRQHandler
 .text.PORTB_IRQHandler
                0x00005c1a       0x1e ./source/MCAL/gpio.o
                0x00005c1a                PORTB_IRQHandler
 .text.PORTC_IRQHandler
                0x00005c38       0x1e ./source/MCAL/gpio.o
                0x00005c38                PORTC_IRQHandler
 .text.PORTD_IRQHandler
                0x00005c56       0x1e ./source/MCAL/gpio.o
                0x00005c56                PORTD_IRQHandler
 .text.PORTE_IRQHandler
                0x00005c74       0x1e ./source/MCAL/gpio.o
                0x00005c74                PORTE_IRQHandler
 .text.subFSM_StartInitState
                0x00005c92        0xc ./source/FSM/States/add_user_state/add_user_fsm_table.o
                0x00005c92                subFSM_StartInitState
 .text.do_nothing
                0x00005c9e        0xe ./source/FSM/States/add_user_state/add_user_fsm_table.o
 .text.return_to_last
                0x00005cac        0xe ./source/FSM/States/add_user_state/add_user_fsm_table.o
 .text.configDev_selectOption
                0x00005cba       0x12 ./source/FSM/States/config_device_state.o
                0x00005cba                configDev_selectOption
 .text.userInteractionStopErrorIndicationAndRestart
                0x00005ccc       0x10 ./source/FSM/States/delete_user_state.o
 .text.userInteractionStopErrorIndicationAndRestart
                0x00005cdc       0x10 ./source/FSM/States/id_state.o
 .text.accessTimeOut
                0x00005cec       0x14 ./source/FSM/States/open_state.o
                0x00005cec                accessTimeOut
 .text.inputIncreaseCurrent
                0x00005d00       0x8a ./source/FSM/States/user_input.o
                0x00005d00                inputIncreaseCurrent
 .text.inputDecreaseCurrent
                0x00005d8a       0x8c ./source/FSM/States/user_input.o
                0x00005d8a                inputDecreaseCurrent
 .text.inputResetArray
                0x00005e16       0x3c ./source/FSM/States/user_input.o
                0x00005e16                inputResetArray
 .text.inputAcceptNumber
                0x00005e52       0xa8 ./source/FSM/States/user_input.o
                0x00005e52                inputAcceptNumber
 .text.getEffectiveArrayLength
                0x00005efa       0x60 ./source/FSM/States/user_input.o
                0x00005efa                getEffectiveArrayLength
 .text.deleteLastChar
                0x00005f5a       0x52 ./source/FSM/States/user_input.o
 .text.cardSwipe
                0x00005fac       0x94 ./source/FSM/States/welcome_state.o
                0x00005fac                cardSwipe
 .text.fsm      0x00006040       0x3c ./source/FSM/fsm.o
                0x00006040                fsm
 .text.FSM_StartInitState
                0x0000607c        0xc ./source/FSM/fsm_table.o
                0x0000607c                FSM_StartInitState
 .text.do_nothing
                0x00006088        0xe ./source/FSM/fsm_table.o
 .text.timeOutCallback
                0x00006096        0xe ./source/App.o
 .text.SystemInitHook
                0x000060a4        0xe ./CMSIS/system_MK64F12.o
                0x000060a4                SystemInitHook
 .text.__main   0x000060b2        0xe c:/nxp/mcuxpressoide_10.2.0_759/ide/tools/bin/../lib/gcc/arm-none-eabi/7.2.1/../../../../arm-none-eabi/lib/thumb/v7e-m/fpv4-sp/hard\libcr_semihost_nf.a(_cr__main.o)
                0x000060b2                __CR_SEMIHOST
                0x000060b2                __main
 .text.memcpy   0x000060c0        0x4 c:/nxp/mcuxpressoide_10.2.0_759/ide/tools/bin/../lib/gcc/arm-none-eabi/7.2.1/../../../../arm-none-eabi/lib/thumb/v7e-m/fpv4-sp/hard\libcr_c.a(memcpy.o)
                0x000060c0                memcpy
 .text.memset   0x000060c4        0x4 c:/nxp/mcuxpressoide_10.2.0_759/ide/tools/bin/../lib/gcc/arm-none-eabi/7.2.1/../../../../arm-none-eabi/lib/thumb/v7e-m/fpv4-sp/hard\libcr_c.a(memset.o)
                0x000060c4                memset
 .text._fdopen  0x000060c8       0x68 c:/nxp/mcuxpressoide_10.2.0_759/ide/tools/bin/../lib/gcc/arm-none-eabi/7.2.1/../../../../arm-none-eabi/lib/thumb/v7e-m/fpv4-sp/hard\libcr_c.a(_fdopen.o)
                0x000060c8                _fdopen
 .text.fclose   0x00006130       0x58 c:/nxp/mcuxpressoide_10.2.0_759/ide/tools/bin/../lib/gcc/arm-none-eabi/7.2.1/../../../../arm-none-eabi/lib/thumb/v7e-m/fpv4-sp/hard\libcr_c.a(fclose.o)
                0x00006130                fclose
 .text.remove   0x00006188       0x14 c:/nxp/mcuxpressoide_10.2.0_759/ide/tools/bin/../lib/gcc/arm-none-eabi/7.2.1/../../../../arm-none-eabi/lib/thumb/v7e-m/fpv4-sp/hard\libcr_c.a(remove.o)
                0x00006188                remove
 .text.strlen   0x0000619c       0x4a c:/nxp/mcuxpressoide_10.2.0_759/ide/tools/bin/../lib/gcc/arm-none-eabi/7.2.1/../../../../arm-none-eabi/lib/thumb/v7e-m/fpv4-sp/hard\libcr_c.a(strlen.o)
                0x0000619c                strlen
 .text._do_fflush
                0x000061e6       0x40 c:/nxp/mcuxpressoide_10.2.0_759/ide/tools/bin/../lib/gcc/arm-none-eabi/7.2.1/../../../../arm-none-eabi/lib/thumb/v7e-m/fpv4-sp/hard\libcr_c.a(_do_fflush.o)
                0x000061e6                _do_fflush
 .text._fflush  0x00006226       0x52 c:/nxp/mcuxpressoide_10.2.0_759/ide/tools/bin/../lib/gcc/arm-none-eabi/7.2.1/../../../../arm-none-eabi/lib/thumb/v7e-m/fpv4-sp/hard\libcr_c.a(_fflush.o)
                0x00006226                _fflush
 .text.free     0x00006278       0x30 c:/nxp/mcuxpressoide_10.2.0_759/ide/tools/bin/../lib/gcc/arm-none-eabi/7.2.1/../../../../arm-none-eabi/lib/thumb/v7e-m/fpv4-sp/hard\libcr_c.a(alloc.o)
                0x00006278                free
 .text._deferredlazyseek
                0x000062a8       0x40 c:/nxp/mcuxpressoide_10.2.0_759/ide/tools/bin/../lib/gcc/arm-none-eabi/7.2.1/../../../../arm-none-eabi/lib/thumb/v7e-m/fpv4-sp/hard\libcr_c.a(_deferredlazyseek.o)
                0x000062a8                _deferredlazyseek
 .text.__aeabi_memcpy
                0x000062e8       0x34 c:/nxp/mcuxpressoide_10.2.0_759/ide/tools/bin/../lib/gcc/arm-none-eabi/7.2.1/thumb/v7e-m/fpv4-sp/hard\libcr_eabihelpers.a(memcpy.o)
                0x000062e8                __aeabi_memcpy
                0x000062f2                __aeabi_memcpy8
                0x000062f2                __aeabi_memcpy4
 .text.__aeabi_memset_lowlevel
                0x0000631c       0x32 c:/nxp/mcuxpressoide_10.2.0_759/ide/tools/bin/../lib/gcc/arm-none-eabi/7.2.1/thumb/v7e-m/fpv4-sp/hard\libcr_eabihelpers.a(memcpy.o)
                0x0000631c                __aeabi_lowlevel_memset
 .text.__sys_close
                0x0000634e        0xc c:/nxp/mcuxpressoide_10.2.0_759/ide/tools/bin/../lib/gcc/arm-none-eabi/7.2.1/../../../../arm-none-eabi/lib/thumb/v7e-m/fpv4-sp/hard\libcr_semihost_nf.a(__sys_close.o)
                0x0000634e                __sys_close
 .text.__sys_flen
                0x0000635a        0xc c:/nxp/mcuxpressoide_10.2.0_759/ide/tools/bin/../lib/gcc/arm-none-eabi/7.2.1/../../../../arm-none-eabi/lib/thumb/v7e-m/fpv4-sp/hard\libcr_semihost_nf.a(__sys_flen.o)
                0x0000635a                __sys_flen
 .text.__sys_istty
                0x00006366        0xc c:/nxp/mcuxpressoide_10.2.0_759/ide/tools/bin/../lib/gcc/arm-none-eabi/7.2.1/../../../../arm-none-eabi/lib/thumb/v7e-m/fpv4-sp/hard\libcr_semihost_nf.a(__sys_istty.o)
                0x00006366                __sys_istty
 .text.__sys_remove
                0x00006372        0xc c:/nxp/mcuxpressoide_10.2.0_759/ide/tools/bin/../lib/gcc/arm-none-eabi/7.2.1/../../../../arm-none-eabi/lib/thumb/v7e-m/fpv4-sp/hard\libcr_semihost_nf.a(__sys_remove.o)
                0x00006372                __sys_remove
 .text.__sys_seek
                0x0000637e        0xc c:/nxp/mcuxpressoide_10.2.0_759/ide/tools/bin/../lib/gcc/arm-none-eabi/7.2.1/../../../../arm-none-eabi/lib/thumb/v7e-m/fpv4-sp/hard\libcr_semihost_nf.a(__sys_seek.o)
                0x0000637e                __sys_seek
 .text.__sys_tmpnam
                0x0000638a        0xc c:/nxp/mcuxpressoide_10.2.0_759/ide/tools/bin/../lib/gcc/arm-none-eabi/7.2.1/../../../../arm-none-eabi/lib/thumb/v7e-m/fpv4-sp/hard\libcr_semihost_nf.a(__sys_tmpnam.o)
                0x0000638a                __sys_tmpnam
 .text.__sys_write
                0x00006396        0xc c:/nxp/mcuxpressoide_10.2.0_759/ide/tools/bin/../lib/gcc/arm-none-eabi/7.2.1/../../../../arm-none-eabi/lib/thumb/v7e-m/fpv4-sp/hard\libcr_semihost_nf.a(__sys_write.o)
                0x00006396                __sys_write
 *(SORT_BY_ALIGNMENT(.rodata) SORT_BY_ALIGNMENT(.rodata.*) SORT_BY_ALIGNMENT(.constdata) SORT_BY_ALIGNMENT(.constdata.*))
 *fill*         0x000063a2        0x2 ff
 .rodata.numbers
                0x000063a4        0xa ./source/drivers/seven_seg_display.o
 *fill*         0x000063ae        0x2 ff
 .rodata.letters
                0x000063b0       0x1a ./source/drivers/seven_seg_display.o
 *fill*         0x000063ca        0x2 ff
 .rodata.extras
                0x000063cc        0xa ./source/drivers/seven_seg_display.o
 *fill*         0x000063d6        0x2 ff
 .rodata        0x000063d8       0x1f ./source/FSM/States/add_user_state/substates/add_user_id_state.o
 *fill*         0x000063f7        0x1 ff
 .rodata        0x000063f8       0x25 ./source/FSM/States/add_user_state/substates/add_user_main_state.o
 *fill*         0x0000641d        0x3 ff
 .rodata        0x00006420       0x13 ./source/FSM/States/add_user_state/substates/add_user_pin_state.o
 *fill*         0x00006433        0x1 ff
 .rodata        0x00006434       0x12 ./source/FSM/States/config_me_state.o
 *fill*         0x00006446        0x2 ff
 .rodata        0x00006448       0x2c ./source/FSM/States/delete_user_state.o
 .rodata        0x00006474       0x20 ./source/FSM/States/id_state.o
 .rodata        0x00006494       0x4c ./source/FSM/States/menu_state.o
 .rodata        0x000064e0       0x23 ./source/FSM/States/pin_state.o
 *fill*         0x00006503        0x1 ff
 .rodata        0x00006504        0x7 ./source/FSM/States/welcome_state.o
 *fill*         0x0000650b        0x1 ff
 .rodata.__num_Ciob_streams
                0x0000650c        0x4 c:/nxp/mcuxpressoide_10.2.0_759/ide/tools/bin/../lib/gcc/arm-none-eabi/7.2.1/../../../../arm-none-eabi/lib/thumb/v7e-m/fpv4-sp/hard\libcr_semihost_nf.a(__ciob.o)
                0x0000650c                __num_Ciob_streams
 .rodata._initio.str1.1
                0x00006510        0x4 c:/nxp/mcuxpressoide_10.2.0_759/ide/tools/bin/../lib/gcc/arm-none-eabi/7.2.1/../../../../arm-none-eabi/lib/thumb/v7e-m/fpv4-sp/hard\libcr_c.a(initio.o)
                0x00006518                . = ALIGN (0x8)
 *fill*         0x00006514        0x4 ff

.glue_7         0x00006518        0x0
 .glue_7        0x00006518        0x0 linker stubs

.glue_7t        0x00006518        0x0
 .glue_7t       0x00006518        0x0 linker stubs

.vfp11_veneer   0x00006518        0x0
 .vfp11_veneer  0x00006518        0x0 linker stubs

.v4_bx          0x00006518        0x0
 .v4_bx         0x00006518        0x0 linker stubs

.iplt           0x00006518        0x0
 .iplt          0x00006518        0x0 ./source/startup/hardware.o

.rel.dyn        0x00006518        0x0
 .rel.iplt      0x00006518        0x0 ./source/startup/hardware.o

.ARM.extab
 *(SORT_BY_ALIGNMENT(.ARM.extab*) SORT_BY_ALIGNMENT(.gnu.linkonce.armextab.*))
                0x00006518                __exidx_start = .

.ARM.exidx
 *(SORT_BY_ALIGNMENT(.ARM.exidx*) SORT_BY_ALIGNMENT(.gnu.linkonce.armexidx.*))
                0x00006518                __exidx_end = .
                0x00006518                _etext = .

.m_usb_data
 *(SORT_BY_ALIGNMENT(m_usb_bdt))

.data_RAM2      0x1fff0000        0x0 load address 0x00006518
 FILL mask 0xff
                [!provide]                PROVIDE (__start_data_RAM2, .)
 *(SORT_BY_ALIGNMENT(.ramfunc.$RAM2))
 *(SORT_BY_ALIGNMENT(.ramfunc.$SRAM_LOWER))
 *(SORT_BY_ALIGNMENT(.data.$RAM2*))
 *(SORT_BY_ALIGNMENT(.data.$SRAM_LOWER*))
                0x1fff0000                . = ALIGN (0x8)
                [!provide]                PROVIDE (__end_data_RAM2, .)

.data_RAM3      0x14000000        0x0 load address 0x00006518
 FILL mask 0xff
                [!provide]                PROVIDE (__start_data_RAM3, .)
 *(SORT_BY_ALIGNMENT(.ramfunc.$RAM3))
 *(SORT_BY_ALIGNMENT(.ramfunc.$FLEX_RAM))
 *(SORT_BY_ALIGNMENT(.data.$RAM3*))
 *(SORT_BY_ALIGNMENT(.data.$FLEX_RAM*))
                0x14000000                . = ALIGN (0x8)
                [!provide]                PROVIDE (__end_data_RAM3, .)

.uninit_RESERVED
                0x20000000        0x0
 *(SORT_BY_ALIGNMENT(.bss.$RESERVED*))
                0x20000000                . = ALIGN (0x4)
                0x20000000                _end_uninit_RESERVED = .

.data           0x20000000      0x4e8 load address 0x00006518
 FILL mask 0xff
                0x20000000                _data = .
 *(SORT_BY_ALIGNMENT(vtable))
 *(SORT_BY_ALIGNMENT(.ramfunc*))
 *(SORT_BY_ALIGNMENT(.data*))
 .data.displayPins
                0x20000000        0x8 ./source/drivers/seven_seg_display.o
 .data.selectPins
                0x20000008        0x2 ./source/drivers/seven_seg_display.o
 *fill*         0x2000000a        0x2 ff
 .data.animation_word.5351
                0x2000000c       0x30 ./source/drivers/seven_seg_display.o
 .data.ports    0x2000003c       0x14 ./source/MCAL/gpio.o
 .data.gpioPorts
                0x20000050       0x14 ./source/MCAL/gpio.o
 .data.titleTimerID
                0x20000064        0x4 ./source/FSM/States/add_user_state/substates/add_user_id_state.o
 .data.errorIndicationTimerID
                0x20000068        0x4 ./source/FSM/States/add_user_state/substates/add_user_id_state.o
 .data.errorIndicationTimerID
                0x2000006c        0x4 ./source/FSM/States/add_user_state/substates/add_user_main_state.o
 .data.titleTimerID
                0x20000070        0x4 ./source/FSM/States/add_user_state/substates/add_user_pin_state.o
 .data.errorIndicationTimerID
                0x20000074        0x4 ./source/FSM/States/add_user_state/substates/add_user_pin_state.o
 .data.addUser_card
                0x20000078       0x54 ./source/FSM/States/add_user_state/add_user_fsm_table.o
                0x20000078                addUser_card
 .data.addUser_id
                0x200000cc       0x54 ./source/FSM/States/add_user_state/add_user_fsm_table.o
                0x200000cc                addUser_id
 .data.addUser_pin
                0x20000120       0x48 ./source/FSM/States/add_user_state/add_user_fsm_table.o
                0x20000120                addUser_pin
 .data.titleTimerID
                0x20000168        0x4 ./source/FSM/States/config_me_state.o
 .data.errorIndicationTimerID
                0x2000016c        0x4 ./source/FSM/States/config_me_state.o
 .data.titleTimerID
                0x20000170        0x4 ./source/FSM/States/delete_user_state.o
 .data.errorIndicationTimerID
                0x20000174        0x4 ./source/FSM/States/delete_user_state.o
 .data.titleTimerID
                0x20000178        0x4 ./source/FSM/States/id_state.o
 .data.errorIndicationTimerID
                0x2000017c        0x4 ./source/FSM/States/id_state.o
 .data.titleTimerID
                0x20000180        0x4 ./source/FSM/States/menu_state.o
 .data.titleTimerID
                0x20000184        0x4 ./source/FSM/States/pin_state.o
 .data.errorIndicationTimerID
                0x20000188        0x4 ./source/FSM/States/pin_state.o
 .data.animationTimerID
                0x2000018c        0x4 ./source/FSM/States/pin_state.o
 .data.welcome  0x20000190       0x48 ./source/FSM/fsm_table.o
                0x20000190                welcome
 .data.id       0x200001d8       0x6c ./source/FSM/fsm_table.o
                0x200001d8                id
 .data.pin      0x20000244       0x6c ./source/FSM/fsm_table.o
                0x20000244                pin
 .data.menu     0x200002b0       0x84 ./source/FSM/fsm_table.o
                0x200002b0                menu
 .data.open     0x20000334       0x18 ./source/FSM/fsm_table.o
                0x20000334                open
 .data.cfg_me   0x2000034c       0x54 ./source/FSM/fsm_table.o
                0x2000034c                cfg_me
 .data.add_user
                0x200003a0       0x90 ./source/FSM/fsm_table.o
                0x200003a0                add_user
 .data.cfg_device
                0x20000430       0x48 ./source/FSM/fsm_table.o
                0x20000430                cfg_device
 .data.delete_user
                0x20000478       0x6c ./source/FSM/fsm_table.o
                0x20000478                delete_user
 .data.brightness
                0x200004e4        0x1 ./source/drivers/seven_seg_display.o
 .data.currBright.5333
                0x200004e5        0x1 ./source/drivers/seven_seg_display.o
 .data.window.5334
                0x200004e6        0x1 ./source/drivers/seven_seg_display.o
 .data.currentIdIndex
                0x200004e7        0x1 ./source/database/data_base.o
                0x200004e8                . = ALIGN (0x8)
                0x200004e8                _edata = .

.igot.plt       0x200004e8        0x0 load address 0x00006a00
 .igot.plt      0x200004e8        0x0 ./source/startup/hardware.o

.bss_RAM2       0x1fff0000        0x0
                [!provide]                PROVIDE (__start_bss_RAM2, .)
 *(SORT_BY_ALIGNMENT(.bss.$RAM2*))
 *(SORT_BY_ALIGNMENT(.bss.$SRAM_LOWER*))
                0x1fff0000                . = ALIGN ((. != 0x0)?0x8:0x1)
                [!provide]                PROVIDE (__end_bss_RAM2, .)

.bss_RAM3       0x14000000        0x0
                [!provide]                PROVIDE (__start_bss_RAM3, .)
 *(SORT_BY_ALIGNMENT(.bss.$RAM3*))
 *(SORT_BY_ALIGNMENT(.bss.$FLEX_RAM*))
                0x14000000                . = ALIGN ((. != 0x0)?0x8:0x1)
                [!provide]                PROVIDE (__end_bss_RAM3, .)

.bss            0x200004e8     0x1370
                0x200004e8                _bss = .
 *(SORT_BY_ALIGNMENT(.bss*))
 .bss.__LDM_interruptDisableCount
                0x200004e8        0x4 ./source/startup/hardware.o
 .bss.ledElements
                0x200004ec       0xd8 ./source/drivers/Led.o
 .bss.defaultOnForDefinedTimeProperties
                0x200005c4        0xc ./source/drivers/Led.o
 .bss.defaultBlinkProperties
                0x200005d0       0x14 ./source/drivers/Led.o
 .bss.defaultInfiniteBlinkProperties
                0x200005e4        0xc ./source/drivers/Led.o
 .bss.defaultRepetitionBlinkProperties
                0x200005f0       0x14 ./source/drivers/Led.o
 .bss.leds      0x20000604       0x1e ./source/drivers/MplxLed.o
                0x20000604                leds
 *fill*         0x20000622        0x2 
 .bss.timerElements
                0x20000624      0x190 ./source/drivers/Timer.o
 .bss.idCounter
                0x200007b4        0x4 ./source/drivers/Timer.o
 .bss.buttons   0x200007b8       0x14 ./source/drivers/button.o
 .bss.moves     0x200007cc        0x4 ./source/drivers/encoder.o
 .bss.message   0x200007d0      0x190 ./source/drivers/lector.o
 .bss.screen    0x20000960       0xf0 ./source/drivers/seven_seg_display.o
 .bss.dataBase  0x20000a50      0x2a9 ./source/database/data_base.o
 *fill*         0x20000cf9        0x3 
 .bss.database  0x20000cfc      0x2a9 ./source/database/data_base.o
 *fill*         0x20000fa5        0x3 
 .bss.validNumberArray
                0x20000fa8       0x13 ./source/database/data_base.o
 *fill*         0x20000fbb        0x1 
 .bss.blockedUsersIndexes
                0x20000fbc       0x1e ./source/database/data_base.o
 *fill*         0x20000fda        0x2 
 .bss.sysTickElements
                0x20000fdc      0x190 ./source/MCAL/SysTick.o
 .bss.idCounter
                0x2000116c        0x4 ./source/MCAL/SysTick.o
 .bss.callbacks
                0x20001170      0x280 ./source/MCAL/gpio.o
 .bss.id        0x200013f0        0x8 ./source/FSM/States/add_user_state/substates/add_user_id_state.o
 .bss.cardNumber
                0x200013f8       0x13 ./source/FSM/States/add_user_state/substates/add_user_main_state.o
 *fill*         0x2000140b        0x1 
 .bss.pin       0x2000140c        0x5 ./source/FSM/States/add_user_state/substates/add_user_pin_state.o
 *fill*         0x20001411        0x3 
 .bss.currentState
                0x20001414        0x4 ./source/FSM/States/add_user_state/add_user_state.o
 .bss.newPin    0x20001418        0x5 ./source/FSM/States/config_me_state.o
 *fill*         0x2000141d        0x3 
 .bss.id        0x20001420        0x8 ./source/FSM/States/delete_user_state.o
 .bss.id        0x20001428        0x8 ./source/FSM/States/id_state.o
 .bss.pin       0x20001430        0x5 ./source/FSM/States/pin_state.o
 *fill*         0x20001435        0x3 
 .bss.currentState
                0x20001438        0x4 ./source/App.o
 .bss.userTimeOutTimerID
                0x2000143c        0x4 ./source/App.o
 .bss.eventQueue
                0x20001440        0xc ./source/queue.o
                0x20001440                eventQueue
 .bss.queue     0x2000144c      0x320 ./source/queue.o
                0x2000144c                queue
 .bss.errno     0x2000176c        0x4 c:/nxp/mcuxpressoide_10.2.0_759/ide/tools/bin/../lib/gcc/arm-none-eabi/7.2.1/../../../../arm-none-eabi/lib/thumb/v7e-m/fpv4-sp/hard\libcr_c.a(errno.o)
                0x2000176c                errno
 .bss.__Ciob    0x20001770       0xb4 c:/nxp/mcuxpressoide_10.2.0_759/ide/tools/bin/../lib/gcc/arm-none-eabi/7.2.1/../../../../arm-none-eabi/lib/thumb/v7e-m/fpv4-sp/hard\libcr_semihost_nf.a(__ciob.o)
                0x20001770                __Ciob
 .bss.bit       0x20001824        0x2 ./source/drivers/lector.o
 .bss.moving_counter
                0x20001826        0x2 ./source/drivers/seven_seg_display.o
 .bss.isInit.5478
                0x20001828        0x1 ./source/drivers/MplxLed.o
 .bss.displayCounter.5537
                0x20001829        0x1 ./source/drivers/MplxLed.o
 .bss.var       0x2000182a        0x1 ./source/drivers/button.o
                0x2000182a                var
 .bss.existingEvent
                0x2000182b        0x1 ./source/drivers/encoder.o
 .bss.statusA   0x2000182c        0x1 ./source/drivers/encoder.o
 .bss.statusB   0x2000182d        0x1 ./source/drivers/encoder.o
 .bss.init.5150
                0x2000182e        0x1 ./source/drivers/encoder.o
 .bss.enable    0x2000182f        0x1 ./source/drivers/lector.o
 .bss.event     0x20001830        0x1 ./source/drivers/lector.o
 .bss.pos       0x20001831        0x1 ./source/drivers/seven_seg_display.o
 .bss.moves_remainig
                0x20001832        0x1 ./source/drivers/seven_seg_display.o
 .bss.bouncing  0x20001833        0x1 ./source/drivers/seven_seg_display.o
 .bss.move_b    0x20001834        0x1 ./source/drivers/seven_seg_display.o
 .bss.animation
                0x20001835        0x1 ./source/drivers/seven_seg_display.o
 .bss.animation_counter
                0x20001836        0x1 ./source/drivers/seven_seg_display.o
 .bss.cursor_pos
                0x20001837        0x1 ./source/drivers/seven_seg_display.o
 .bss.cursor    0x20001838        0x1 ./source/drivers/seven_seg_display.o
 .bss.isInit.5251
                0x20001839        0x1 ./source/drivers/seven_seg_display.o
 .bss.displayCounter.5332
                0x2000183a        0x1 ./source/drivers/seven_seg_display.o
 .bss.currentPos
                0x2000183b        0x1 ./source/FSM/States/add_user_state/substates/add_user_id_state.o
 .bss.showingTitle
                0x2000183c        0x1 ./source/FSM/States/add_user_state/substates/add_user_id_state.o
 .bss.showingErrorIndication
                0x2000183d        0x1 ./source/FSM/States/add_user_state/substates/add_user_id_state.o
 .bss.currentPos
                0x2000183e        0x1 ./source/FSM/States/add_user_state/substates/add_user_pin_state.o
 .bss.showingTitle
                0x2000183f        0x1 ./source/FSM/States/add_user_state/substates/add_user_pin_state.o
 .bss.showingErrorIndication
                0x20001840        0x1 ./source/FSM/States/add_user_state/substates/add_user_pin_state.o
 .bss.currentOptionIndex
                0x20001841        0x1 ./source/FSM/States/config_device_state.o
 .bss.currentPos
                0x20001842        0x1 ./source/FSM/States/config_me_state.o
 .bss.showingTitle
                0x20001843        0x1 ./source/FSM/States/config_me_state.o
 .bss.showingErrorIndication
                0x20001844        0x1 ./source/FSM/States/config_me_state.o
 .bss.currentPos
                0x20001845        0x1 ./source/FSM/States/delete_user_state.o
 .bss.showingTitle
                0x20001846        0x1 ./source/FSM/States/delete_user_state.o
 .bss.showingErrorIndication
                0x20001847        0x1 ./source/FSM/States/delete_user_state.o
 .bss.currentPos
                0x20001848        0x1 ./source/FSM/States/id_state.o
 .bss.showingTitle
                0x20001849        0x1 ./source/FSM/States/id_state.o
 .bss.showingErrorIndication
                0x2000184a        0x1 ./source/FSM/States/id_state.o
 .bss.currentOptionIndex
                0x2000184b        0x1 ./source/FSM/States/menu_state.o
 .bss.showingTitle
                0x2000184c        0x1 ./source/FSM/States/menu_state.o
 .bss.admin     0x2000184d        0x1 ./source/FSM/States/menu_state.o
 .bss.currentPos
                0x2000184e        0x1 ./source/FSM/States/pin_state.o
 .bss.showingTitle
                0x2000184f        0x1 ./source/FSM/States/pin_state.o
 .bss.showingErrorIndication
                0x20001850        0x1 ./source/FSM/States/pin_state.o
 .bss.showingAnimation
                0x20001851        0x1 ./source/FSM/States/pin_state.o
 *(SORT_BY_ALIGNMENT(COMMON))
                0x20001858                . = ALIGN (0x8)
 *fill*         0x20001852        0x6 
                0x20001858                _ebss = .
                [!provide]                PROVIDE (end, .)

.noinit_RAM2    0x1fff0000        0x0
 *(SORT_BY_ALIGNMENT(.noinit.$RAM2*))
 *(SORT_BY_ALIGNMENT(.noinit.$SRAM_LOWER*))
                0x1fff0000                . = ALIGN (0x8)

.noinit_RAM3    0x14000000        0x0
 *(SORT_BY_ALIGNMENT(.noinit.$RAM3*))
 *(SORT_BY_ALIGNMENT(.noinit.$FLEX_RAM*))
                0x14000000                . = ALIGN (0x8)

.noinit         0x20001858        0x0
                0x20001858                _noinit = .
 *(SORT_BY_ALIGNMENT(.noinit*))
                0x20001858                . = ALIGN (0x8)
                0x20001858                _end_noinit = .
                0x00001000                _HeapSize = 0x1000

.heap           0x20001858     0x1000
                0x20001858                _pvHeapStart = .
                0x20002858                . = (. + _HeapSize)
 *fill*         0x20001858     0x1000 
                0x20002858                . = ALIGN (0x8)
                0x20002858                _pvHeapLimit = .
                0x00001000                _StackSize = 0x1000

.heap2stackfill
                0x20002858     0x1000
                0x20003858                . = (. + _StackSize)
 *fill*         0x20002858     0x1000 

.stack          0x2002f000        0x0
                0x2002f000                _vStackBase = .
                0x2002f000                . = ALIGN (0x8)
                0x20030000                _vStackTop = (. + _StackSize)
                0x00000000                _image_start = LOADADDR (.text)
                0x00006a00                _image_end = (LOADADDR (.data) + SIZEOF (.data))
                0x00006a00                _image_size = (_image_end - _image_start)
OUTPUT(ControlDeAcceso.axf elf32-littlearm)

.debug_info     0x00000000     0x96ed
 .debug_info    0x00000000      0x6aa ./source/startup/hardware.o
 .debug_info    0x000006aa       0xec ./source/startup/main.o
 .debug_info    0x00000796       0x3b ./source/startup/semihost_hardfault.o
 .debug_info    0x000007d1      0x8b0 ./source/startup/startup_mk64f12.o
 .debug_info    0x00001081      0x88f ./source/drivers/Led.o
 .debug_info    0x00001910      0x5ae ./source/drivers/MplxLed.o
 .debug_info    0x00001ebe      0x53a ./source/drivers/Timer.o
 .debug_info    0x000023f8      0x37f ./source/drivers/button.o
 .debug_info    0x00002777      0x1b3 ./source/drivers/encoder.o
 .debug_info    0x0000292a      0x441 ./source/drivers/lector.o
 .debug_info    0x00002d6b      0x6b8 ./source/drivers/seven_seg_display.o
 .debug_info    0x00003423      0x741 ./source/database/data_base.o
 .debug_info    0x00003b64      0x552 ./source/MCAL/SysTick.o
 .debug_info    0x000040b6      0xac0 ./source/MCAL/gpio.o
 .debug_info    0x00004b76      0x44a ./source/FSM/States/add_user_state/substates/add_user_id_state.o
 .debug_info    0x00004fc0      0x3e9 ./source/FSM/States/add_user_state/substates/add_user_main_state.o
 .debug_info    0x000053a9      0x4ab ./source/FSM/States/add_user_state/substates/add_user_pin_state.o
 .debug_info    0x00005854      0x33f ./source/FSM/States/add_user_state/add_user_fsm_table.o
 .debug_info    0x00005b93      0x3df ./source/FSM/States/add_user_state/add_user_state.o
 .debug_info    0x00005f72      0x300 ./source/FSM/States/config_device_state.o
 .debug_info    0x00006272      0x3fb ./source/FSM/States/config_me_state.o
 .debug_info    0x0000666d      0x531 ./source/FSM/States/delete_user_state.o
 .debug_info    0x00006b9e      0x554 ./source/FSM/States/id_state.o
 .debug_info    0x000070f2      0x3b2 ./source/FSM/States/menu_state.o
 .debug_info    0x000074a4      0x291 ./source/FSM/States/open_state.o
 .debug_info    0x00007735      0x4f2 ./source/FSM/States/pin_state.o
 .debug_info    0x00007c27      0x407 ./source/FSM/States/user_input.o
 .debug_info    0x0000802e      0x36a ./source/FSM/States/welcome_state.o
 .debug_info    0x00008398      0x22e ./source/FSM/fsm.o
 .debug_info    0x000085c6      0x3c2 ./source/FSM/fsm_table.o
 .debug_info    0x00008988      0x389 ./source/App.o
 .debug_info    0x00008d11      0x3ab ./source/queue.o
 .debug_info    0x000090bc      0x631 ./CMSIS/system_MK64F12.o

.debug_abbrev   0x00000000     0x2bef
 .debug_abbrev  0x00000000      0x14d ./source/startup/hardware.o
 .debug_abbrev  0x0000014d       0x9b ./source/startup/main.o
 .debug_abbrev  0x000001e8       0x2f ./source/startup/semihost_hardfault.o
 .debug_abbrev  0x00000217      0x15c ./source/startup/startup_mk64f12.o
 .debug_abbrev  0x00000373      0x1f9 ./source/drivers/Led.o
 .debug_abbrev  0x0000056c      0x166 ./source/drivers/MplxLed.o
 .debug_abbrev  0x000006d2      0x164 ./source/drivers/Timer.o
 .debug_abbrev  0x00000836      0x180 ./source/drivers/button.o
 .debug_abbrev  0x000009b6      0x109 ./source/drivers/encoder.o
 .debug_abbrev  0x00000abf      0x1b7 ./source/drivers/lector.o
 .debug_abbrev  0x00000c76      0x24a ./source/drivers/seven_seg_display.o
 .debug_abbrev  0x00000ec0      0x1fb ./source/database/data_base.o
 .debug_abbrev  0x000010bb      0x1d5 ./source/MCAL/SysTick.o
 .debug_abbrev  0x00001290      0x23b ./source/MCAL/gpio.o
 .debug_abbrev  0x000014cb      0x142 ./source/FSM/States/add_user_state/substates/add_user_id_state.o
 .debug_abbrev  0x0000160d      0x14f ./source/FSM/States/add_user_state/substates/add_user_main_state.o
 .debug_abbrev  0x0000175c      0x155 ./source/FSM/States/add_user_state/substates/add_user_pin_state.o
 .debug_abbrev  0x000018b1      0x122 ./source/FSM/States/add_user_state/add_user_fsm_table.o
 .debug_abbrev  0x000019d3      0x137 ./source/FSM/States/add_user_state/add_user_state.o
 .debug_abbrev  0x00001b0a      0x101 ./source/FSM/States/config_device_state.o
 .debug_abbrev  0x00001c0b       0xf8 ./source/FSM/States/config_me_state.o
 .debug_abbrev  0x00001d03      0x160 ./source/FSM/States/delete_user_state.o
 .debug_abbrev  0x00001e63      0x192 ./source/FSM/States/id_state.o
 .debug_abbrev  0x00001ff5      0x12a ./source/FSM/States/menu_state.o
 .debug_abbrev  0x0000211f       0xd3 ./source/FSM/States/open_state.o
 .debug_abbrev  0x000021f2      0x187 ./source/FSM/States/pin_state.o
 .debug_abbrev  0x00002379      0x157 ./source/FSM/States/user_input.o
 .debug_abbrev  0x000024d0      0x11f ./source/FSM/States/welcome_state.o
 .debug_abbrev  0x000025ef       0xca ./source/FSM/fsm.o
 .debug_abbrev  0x000026b9      0x11d ./source/FSM/fsm_table.o
 .debug_abbrev  0x000027d6      0x146 ./source/App.o
 .debug_abbrev  0x0000291c      0x17f ./source/queue.o
 .debug_abbrev  0x00002a9b      0x154 ./CMSIS/system_MK64F12.o

.debug_aranges  0x00000000      0xe28
 .debug_aranges
                0x00000000       0x30 ./source/startup/hardware.o
 .debug_aranges
                0x00000030       0x20 ./source/startup/main.o
 .debug_aranges
                0x00000050       0x20 ./source/startup/semihost_hardfault.o
 .debug_aranges
                0x00000070      0x330 ./source/startup/startup_mk64f12.o
 .debug_aranges
                0x000003a0       0xa0 ./source/drivers/Led.o
 .debug_aranges
                0x00000440       0x70 ./source/drivers/MplxLed.o
 .debug_aranges
                0x000004b0       0x68 ./source/drivers/Timer.o
 .debug_aranges
                0x00000518       0x50 ./source/drivers/button.o
 .debug_aranges
                0x00000568       0x30 ./source/drivers/encoder.o
 .debug_aranges
                0x00000598       0x58 ./source/drivers/lector.o
 .debug_aranges
                0x000005f0       0xb0 ./source/drivers/seven_seg_display.o
 .debug_aranges
                0x000006a0       0xa0 ./source/database/data_base.o
 .debug_aranges
                0x00000740       0x58 ./source/MCAL/SysTick.o
 .debug_aranges
                0x00000798       0x88 ./source/MCAL/gpio.o
 .debug_aranges
                0x00000820       0x78 ./source/FSM/States/add_user_state/substates/add_user_id_state.o
 .debug_aranges
                0x00000898       0x48 ./source/FSM/States/add_user_state/substates/add_user_main_state.o
 .debug_aranges
                0x000008e0       0x70 ./source/FSM/States/add_user_state/substates/add_user_pin_state.o
 .debug_aranges
                0x00000950       0x38 ./source/FSM/States/add_user_state/add_user_fsm_table.o
 .debug_aranges
                0x00000988       0x70 ./source/FSM/States/add_user_state/add_user_state.o
 .debug_aranges
                0x000009f8       0x40 ./source/FSM/States/config_device_state.o
 .debug_aranges
                0x00000a38       0x68 ./source/FSM/States/config_me_state.o
 .debug_aranges
                0x00000aa0       0x88 ./source/FSM/States/delete_user_state.o
 .debug_aranges
                0x00000b28       0x90 ./source/FSM/States/id_state.o
 .debug_aranges
                0x00000bb8       0x58 ./source/FSM/States/menu_state.o
 .debug_aranges
                0x00000c10       0x28 ./source/FSM/States/open_state.o
 .debug_aranges
                0x00000c38       0x90 ./source/FSM/States/pin_state.o
 .debug_aranges
                0x00000cc8       0x48 ./source/FSM/States/user_input.o
 .debug_aranges
                0x00000d10       0x28 ./source/FSM/States/welcome_state.o
 .debug_aranges
                0x00000d38       0x20 ./source/FSM/fsm.o
 .debug_aranges
                0x00000d58       0x30 ./source/FSM/fsm_table.o
 .debug_aranges
                0x00000d88       0x38 ./source/App.o
 .debug_aranges
                0x00000dc0       0x38 ./source/queue.o
 .debug_aranges
                0x00000df8       0x30 ./CMSIS/system_MK64F12.o

.debug_ranges   0x00000000      0xc98
 .debug_ranges  0x00000000       0x20 ./source/startup/hardware.o
 .debug_ranges  0x00000020       0x10 ./source/startup/main.o
 .debug_ranges  0x00000030       0x10 ./source/startup/semihost_hardfault.o
 .debug_ranges  0x00000040      0x320 ./source/startup/startup_mk64f12.o
 .debug_ranges  0x00000360       0x90 ./source/drivers/Led.o
 .debug_ranges  0x000003f0       0x60 ./source/drivers/MplxLed.o
 .debug_ranges  0x00000450       0x58 ./source/drivers/Timer.o
 .debug_ranges  0x000004a8       0x40 ./source/drivers/button.o
 .debug_ranges  0x000004e8       0x20 ./source/drivers/encoder.o
 .debug_ranges  0x00000508       0x48 ./source/drivers/lector.o
 .debug_ranges  0x00000550       0xa0 ./source/drivers/seven_seg_display.o
 .debug_ranges  0x000005f0       0x90 ./source/database/data_base.o
 .debug_ranges  0x00000680       0x48 ./source/MCAL/SysTick.o
 .debug_ranges  0x000006c8       0x78 ./source/MCAL/gpio.o
 .debug_ranges  0x00000740       0x88 ./source/FSM/States/add_user_state/substates/add_user_id_state.o
 .debug_ranges  0x000007c8       0x50 ./source/FSM/States/add_user_state/substates/add_user_main_state.o
 .debug_ranges  0x00000818       0x60 ./source/FSM/States/add_user_state/substates/add_user_pin_state.o
 .debug_ranges  0x00000878       0x28 ./source/FSM/States/add_user_state/add_user_fsm_table.o
 .debug_ranges  0x000008a0       0x60 ./source/FSM/States/add_user_state/add_user_state.o
 .debug_ranges  0x00000900       0x30 ./source/FSM/States/config_device_state.o
 .debug_ranges  0x00000930       0x58 ./source/FSM/States/config_me_state.o
 .debug_ranges  0x00000988       0x90 ./source/FSM/States/delete_user_state.o
 .debug_ranges  0x00000a18       0x98 ./source/FSM/States/id_state.o
 .debug_ranges  0x00000ab0       0x48 ./source/FSM/States/menu_state.o
 .debug_ranges  0x00000af8       0x18 ./source/FSM/States/open_state.o
 .debug_ranges  0x00000b10       0x80 ./source/FSM/States/pin_state.o
 .debug_ranges  0x00000b90       0x38 ./source/FSM/States/user_input.o
 .debug_ranges  0x00000bc8       0x30 ./source/FSM/States/welcome_state.o
 .debug_ranges  0x00000bf8       0x10 ./source/FSM/fsm.o
 .debug_ranges  0x00000c08       0x20 ./source/FSM/fsm_table.o
 .debug_ranges  0x00000c28       0x28 ./source/App.o
 .debug_ranges  0x00000c50       0x28 ./source/queue.o
 .debug_ranges  0x00000c78       0x20 ./CMSIS/system_MK64F12.o

.debug_macro    0x00000000    0x13131
 .debug_macro   0x00000000       0xb4 ./source/startup/hardware.o
 .debug_macro   0x000000b4      0xa96 ./source/startup/hardware.o
 .debug_macro   0x00000b4a       0x10 ./source/startup/hardware.o
 .debug_macro   0x00000b5a      0x12d ./source/startup/hardware.o
 .debug_macro   0x00000c87      0x5b2 ./source/startup/hardware.o
 .debug_macro   0x00001239       0x22 ./source/startup/hardware.o
 .debug_macro   0x0000125b       0x10 ./source/startup/hardware.o
 .debug_macro   0x0000126b       0x5c ./source/startup/hardware.o
 .debug_macro   0x000012c7       0x1c ./source/startup/hardware.o
 .debug_macro   0x000012e3       0x22 ./source/startup/hardware.o
 .debug_macro   0x00001305       0xdf ./source/startup/hardware.o
 .debug_macro   0x000013e4      0xecf ./source/startup/hardware.o
 .debug_macro   0x000022b3       0x48 ./source/startup/hardware.o
 .debug_macro   0x000022fb     0xe07b ./source/startup/hardware.o
 .debug_macro   0x00010376     0x122b ./source/startup/hardware.o
 .debug_macro   0x000115a1       0x16 ./source/startup/hardware.o
 .debug_macro   0x000115b7       0xb4 ./source/startup/main.o
 .debug_macro   0x0001166b       0x11 ./source/startup/semihost_hardfault.o
 .debug_macro   0x0001167c       0x29 ./source/startup/startup_mk64f12.o
 .debug_macro   0x000116a5       0xb8 ./source/drivers/Led.o
 .debug_macro   0x0001175d       0x3a ./source/drivers/Led.o
 .debug_macro   0x00011797       0xa6 ./source/drivers/Led.o
 .debug_macro   0x0001183d       0x16 ./source/drivers/Led.o
 .debug_macro   0x00011853       0x1c ./source/drivers/Led.o
 .debug_macro   0x0001186f       0xd2 ./source/drivers/Led.o
 .debug_macro   0x00011941       0x10 ./source/drivers/Led.o
 .debug_macro   0x00011951       0x16 ./source/drivers/Led.o
 .debug_macro   0x00011967       0xc1 ./source/drivers/MplxLed.o
 .debug_macro   0x00011a28       0x1c ./source/drivers/MplxLed.o
 .debug_macro   0x00011a44       0x7d ./source/drivers/Timer.o
 .debug_macro   0x00011ac1       0x60 ./source/drivers/button.o
 .debug_macro   0x00011b21       0x16 ./source/drivers/button.o