Archive member included to satisfy reference by file (symbol)

c:/nxp/mcuxpressoide_10.2.0_759/ide/tools/bin/../lib/gcc/arm-none-eabi/7.2.1/../../../../arm-none-eabi/lib/thumb/v7e-m/fpv4-sp/hard\libcr_semihost_nf.a(_cr__main.o)
                              ./source/startup/startup_mk64f12.o (__main)
c:/nxp/mcuxpressoide_10.2.0_759/ide/tools/bin/../lib/gcc/arm-none-eabi/7.2.1/../../../../arm-none-eabi/lib/thumb/v7e-m/fpv4-sp/hard\libcr_c.a(memcpy.o)
                              ./source/drivers/Led.o (memcpy)
c:/nxp/mcuxpressoide_10.2.0_759/ide/tools/bin/../lib/gcc/arm-none-eabi/7.2.1/../../../../arm-none-eabi/lib/thumb/v7e-m/fpv4-sp/hard\libcr_c.a(memset.o)
                              ./source/database/data_base.o (memset)
c:/nxp/mcuxpressoide_10.2.0_759/ide/tools/bin/../lib/gcc/arm-none-eabi/7.2.1/../../../../arm-none-eabi/lib/thumb/v7e-m/fpv4-sp/hard\libcr_c.a(initio.o)
                              c:/nxp/mcuxpressoide_10.2.0_759/ide/tools/bin/../lib/gcc/arm-none-eabi/7.2.1/../../../../arm-none-eabi/lib/thumb/v7e-m/fpv4-sp/hard\libcr_semihost_nf.a(_cr__main.o) (_initio)
c:/nxp/mcuxpressoide_10.2.0_759/ide/tools/bin/../lib/gcc/arm-none-eabi/7.2.1/../../../../arm-none-eabi/lib/thumb/v7e-m/fpv4-sp/hard\libcr_c.a(setvbuf.o)
                              c:/nxp/mcuxpressoide_10.2.0_759/ide/tools/bin/../lib/gcc/arm-none-eabi/7.2.1/../../../../arm-none-eabi/lib/thumb/v7e-m/fpv4-sp/hard\libcr_c.a(initio.o) (setvbuf)
c:/nxp/mcuxpressoide_10.2.0_759/ide/tools/bin/../lib/gcc/arm-none-eabi/7.2.1/../../../../arm-none-eabi/lib/thumb/v7e-m/fpv4-sp/hard\libcr_c.a(_fdopen.o)
                              c:/nxp/mcuxpressoide_10.2.0_759/ide/tools/bin/../lib/gcc/arm-none-eabi/7.2.1/../../../../arm-none-eabi/lib/thumb/v7e-m/fpv4-sp/hard\libcr_c.a(initio.o) (_fdopen)
c:/nxp/mcuxpressoide_10.2.0_759/ide/tools/bin/../lib/gcc/arm-none-eabi/7.2.1/../../../../arm-none-eabi/lib/thumb/v7e-m/fpv4-sp/hard\libcr_c.a(fclose.o)
                              c:/nxp/mcuxpressoide_10.2.0_759/ide/tools/bin/../lib/gcc/arm-none-eabi/7.2.1/../../../../arm-none-eabi/lib/thumb/v7e-m/fpv4-sp/hard\libcr_c.a(initio.o) (fclose)
c:/nxp/mcuxpressoide_10.2.0_759/ide/tools/bin/../lib/gcc/arm-none-eabi/7.2.1/../../../../arm-none-eabi/lib/thumb/v7e-m/fpv4-sp/hard\libcr_c.a(fflush.o)
                              c:/nxp/mcuxpressoide_10.2.0_759/ide/tools/bin/../lib/gcc/arm-none-eabi/7.2.1/../../../../arm-none-eabi/lib/thumb/v7e-m/fpv4-sp/hard\libcr_c.a(fclose.o) (fflush)
c:/nxp/mcuxpressoide_10.2.0_759/ide/tools/bin/../lib/gcc/arm-none-eabi/7.2.1/../../../../arm-none-eabi/lib/thumb/v7e-m/fpv4-sp/hard\libcr_c.a(fseek.o)
                              c:/nxp/mcuxpressoide_10.2.0_759/ide/tools/bin/../lib/gcc/arm-none-eabi/7.2.1/../../../../arm-none-eabi/lib/thumb/v7e-m/fpv4-sp/hard\libcr_c.a(_fdopen.o) (fseek)
c:/nxp/mcuxpressoide_10.2.0_759/ide/tools/bin/../lib/gcc/arm-none-eabi/7.2.1/../../../../arm-none-eabi/lib/thumb/v7e-m/fpv4-sp/hard\libcr_c.a(ftell.o)
                              c:/nxp/mcuxpressoide_10.2.0_759/ide/tools/bin/../lib/gcc/arm-none-eabi/7.2.1/../../../../arm-none-eabi/lib/thumb/v7e-m/fpv4-sp/hard\libcr_c.a(fseek.o) (ftell)
c:/nxp/mcuxpressoide_10.2.0_759/ide/tools/bin/../lib/gcc/arm-none-eabi/7.2.1/../../../../arm-none-eabi/lib/thumb/v7e-m/fpv4-sp/hard\libcr_c.a(remove.o)
                              c:/nxp/mcuxpressoide_10.2.0_759/ide/tools/bin/../lib/gcc/arm-none-eabi/7.2.1/../../../../arm-none-eabi/lib/thumb/v7e-m/fpv4-sp/hard\libcr_c.a(fclose.o) (remove)
c:/nxp/mcuxpressoide_10.2.0_759/ide/tools/bin/../lib/gcc/arm-none-eabi/7.2.1/../../../../arm-none-eabi/lib/thumb/v7e-m/fpv4-sp/hard\libcr_c.a(strlen.o)
                              c:/nxp/mcuxpressoide_10.2.0_759/ide/tools/bin/../lib/gcc/arm-none-eabi/7.2.1/../../../../arm-none-eabi/lib/thumb/v7e-m/fpv4-sp/hard\libcr_c.a(remove.o) (strlen)
c:/nxp/mcuxpressoide_10.2.0_759/ide/tools/bin/../lib/gcc/arm-none-eabi/7.2.1/../../../../arm-none-eabi/lib/thumb/v7e-m/fpv4-sp/hard\libcr_c.a(_do_fflush.o)
                              c:/nxp/mcuxpressoide_10.2.0_759/ide/tools/bin/../lib/gcc/arm-none-eabi/7.2.1/../../../../arm-none-eabi/lib/thumb/v7e-m/fpv4-sp/hard\libcr_c.a(fflush.o) (_do_fflush)
c:/nxp/mcuxpressoide_10.2.0_759/ide/tools/bin/../lib/gcc/arm-none-eabi/7.2.1/../../../../arm-none-eabi/lib/thumb/v7e-m/fpv4-sp/hard\libcr_c.a(_fflush.o)
                              c:/nxp/mcuxpressoide_10.2.0_759/ide/tools/bin/../lib/gcc/arm-none-eabi/7.2.1/../../../../arm-none-eabi/lib/thumb/v7e-m/fpv4-sp/hard\libcr_c.a(_do_fflush.o) (_fflush)
c:/nxp/mcuxpressoide_10.2.0_759/ide/tools/bin/../lib/gcc/arm-none-eabi/7.2.1/../../../../arm-none-eabi/lib/thumb/v7e-m/fpv4-sp/hard\libcr_c.a(_writebuf.o)
                              c:/nxp/mcuxpressoide_10.2.0_759/ide/tools/bin/../lib/gcc/arm-none-eabi/7.2.1/../../../../arm-none-eabi/lib/thumb/v7e-m/fpv4-sp/hard\libcr_c.a(_fflush.o) (_Cwritebuf)
[...]
Memory Configuration

Name             Origin             Length             Attributes
PROGRAM_FLASH    0x00000000         0x00100000         xr
SRAM_UPPER       0x20000000         0x00030000         xrw
SRAM_LOWER       0x1fff0000         0x00010000         xrw
FLEX_RAM         0x14000000         0x00001000         xrw
*default*        0x00000000         0xffffffff

Linker script and memory map

LOAD ./source/startup/hardware.o
LOAD ./source/startup/main.o
LOAD ./source/startup/semihost_hardfault.o
LOAD ./source/startup/startup_mk64f12.o
LOAD ./source/drivers/Led.o
LOAD ./source/drivers/MplxLed.o
LOAD ./source/drivers/Timer.o
LOAD ./source/drivers/button.o
LOAD ./source/drivers/encoder.o
LOAD ./source/drivers/lector.o
LOAD ./source/drivers/seven_seg_display.o
LOAD ./source/database/data_base.o
LOAD ./source/MCAL/SysTick.o
LOAD ./source/MCAL/gpio.o
LOAD ./source/FSM/States/admin_state.o
LOAD ./source/FSM/States/config_device_state.o
LOAD ./source/FSM/States/config_me_state.o
LOAD ./source/FSM/States/config_usr_state.o
LOAD ./source/FSM/States/fail_state.o
LOAD ./source/FSM/States/id_state.o
LOAD ./source/FSM/States/main_menu_state.o
LOAD ./source/FSM/States/open_state.o
LOAD ./source/FSM/States/pin_state.o
LOAD ./source/FSM/States/user_input.o
LOAD ./source/FSM/States/usr_state.o
LOAD ./source/FSM/fsm.o
LOAD ./source/FSM/fsm_table.o
LOAD ./source/App.o
LOAD ./source/queue.o
LOAD ./CMSIS/system_MK64F12.o
START GROUP
LOAD c:/nxp/mcuxpressoide_10.2.0_759/ide/tools/bin/../lib/gcc/arm-none-eabi/7.2.1/../../../../arm-none-eabi/lib/thumb/v7e-m/fpv4-sp/hard\libcr_semihost_nf.a
LOAD c:/nxp/mcuxpressoide_10.2.0_759/ide/tools/bin/../lib/gcc/arm-none-eabi/7.2.1/../../../../arm-none-eabi/lib/thumb/v7e-m/fpv4-sp/hard\libcr_c.a
LOAD c:/nxp/mcuxpressoide_10.2.0_759/ide/tools/bin/../lib/gcc/arm-none-eabi/7.2.1/thumb/v7e-m/fpv4-sp/hard\libcr_eabihelpers.a
END GROUP
                0x00000000                __base_PROGRAM_FLASH = 0x0
                0x00000000                __base_Flash = 0x0
                0x00100000                __top_PROGRAM_FLASH = 0x100000
                0x00100000                __top_Flash = 0x100000
                0x20000000                __base_SRAM_UPPER = 0x20000000
                0x20000000                __base_RAM = 0x20000000
                0x20030000                __top_SRAM_UPPER = 0x20030000
                0x20030000                __top_RAM = 0x20030000
                0x1fff0000                __base_SRAM_LOWER = 0x1fff0000
                0x1fff0000                __base_RAM2 = 0x1fff0000
                0x20000000                __top_SRAM_LOWER = 0x20000000
                0x20000000                __top_RAM2 = 0x20000000
                0x14000000                __base_FLEX_RAM = 0x14000000
                0x14000000                __base_RAM3 = 0x14000000
                0x14001000                __top_FLEX_RAM = 0x14001000
                0x14001000                __top_RAM3 = 0x14001000

.text           0x00000000     0x4e58
 FILL mask 0xff
                0x00000000                __vectors_start__ = ABSOLUTE (.)
 *(SORT_BY_ALIGNMENT(.isr_vector))
 .isr_vector    0x00000000      0x198 ./source/startup/startup_mk64f12.o
                0x00000000                g_pfnVectors
                0x00000000                __Vectors
                0x00000198                . = ALIGN (0x4)
                0x00000198                __section_table_start = .
                0x00000198                __data_section_table = .
                0x00000198        0x4 LONG 0x4e58 LOADADDR (.data)
                0x0000019c        0x4 LONG 0x20000000 ADDR (.data)
                0x000001a0        0x4 LONG 0x290 SIZEOF (.data)
                0x000001a4        0x4 LONG 0x4e58 LOADADDR (.data_RAM2)
                0x000001a8        0x4 LONG 0x1fff0000 ADDR (.data_RAM2)
                0x000001ac        0x4 LONG 0x0 SIZEOF (.data_RAM2)
                0x000001b0        0x4 LONG 0x4e58 LOADADDR (.data_RAM3)
                0x000001b4        0x4 LONG 0x14000000 ADDR (.data_RAM3)
                0x000001b8        0x4 LONG 0x0 SIZEOF (.data_RAM3)
                0x000001bc                __data_section_table_end = .
                0x000001bc                __bss_section_table = .
                0x000001bc        0x4 LONG 0x20000290 ADDR (.bss)
                0x000001c0        0x4 LONG 0x1318 SIZEOF (.bss)
                0x000001c4        0x4 LONG 0x1fff0000 ADDR (.bss_RAM2)
                0x000001c8        0x4 LONG 0x0 SIZEOF (.bss_RAM2)
                0x000001cc        0x4 LONG 0x14000000 ADDR (.bss_RAM3)
                0x000001d0        0x4 LONG 0x0 SIZEOF (.bss_RAM3)
                0x000001d4                __bss_section_table_end = .
                0x000001d4                __section_table_end = .
 *(SORT_BY_ALIGNMENT(.after_vectors*))
 .after_vectors.reset
                0x000001d4       0x4c ./source/startup/startup_mk64f12.o
                0x000001d4                ResetISR
 .after_vectors.init_data
                0x00000220       0x1e ./source/startup/startup_mk64f12.o
                0x00000220                data_init
 .after_vectors.init_bss
                0x0000023e       0x12 ./source/startup/startup_mk64f12.o
                0x0000023e                bss_init
 .after_vectors
                0x00000250       0x14 ./source/startup/startup_mk64f12.o
                0x00000250                NMI_Handler
                0x00000254                MemManage_Handler
                0x00000256                BusFault_Handler
                0x00000258                UsageFault_Handler
                0x0000025a                SVC_Handler
                0x0000025c                DebugMon_Handler
                0x0000025e                PendSV_Handler
                0x00000262                DMA_Error_DriverIRQHandler
                0x00000262                LPTMR0_DriverIRQHandler
                0x00000262                FTM1_DriverIRQHandler
                0x00000262                FTM2_DriverIRQHandler
                0x00000262                PIT2_DriverIRQHandler
                0x00000262                SDHC_DriverIRQHandler
                0x00000262                I2S0_Tx_DriverIRQHandler
                0x00000262                RTC_Seconds_DriverIRQHandler
                0x00000262                DMA6_DriverIRQHandler
                0x00000262                LLWU_DriverIRQHandler
                0x00000262                MCM_DriverIRQHandler
                0x00000262                MCG_DriverIRQHandler
                0x00000262                ENET_1588_Timer_DriverIRQHandler
                0x00000262                I2C2_DriverIRQHandler
                0x00000262                DAC1_DriverIRQHandler
                0x00000262                SPI1_DriverIRQHandler
                0x00000262                CMP1_DriverIRQHandler
                0x00000262                UART5_RX_TX_DriverIRQHandler
                0x00000262                FTM0_DriverIRQHandler
                0x00000262                IntDefaultHandler
                0x00000262                USB0_DriverIRQHandler
                0x00000262                UART5_ERR_DriverIRQHandler
                0x00000262                PORTC_DriverIRQHandler
                0x00000262                DMA11_DriverIRQHandler
                0x00000262                DAC0_DriverIRQHandler
                0x00000262                DMA10_DriverIRQHandler
                0x00000262                CMP2_DriverIRQHandler
                0x00000262                UART2_ERR_DriverIRQHandler
                0x00000262                SPI2_DriverIRQHandler
                0x00000262                LVD_LVW_DriverIRQHandler
                0x00000262                PIT0_DriverIRQHandler
                0x00000262                RNG_DriverIRQHandler
                0x00000262                DMA5_DriverIRQHandler
                0x00000262                DMA12_DriverIRQHandler
                0x00000262                UART2_RX_TX_DriverIRQHandler
                0x00000262                USBDCD_DriverIRQHandler
                0x00000262                UART3_ERR_DriverIRQHandler
                0x00000262                DMA3_DriverIRQHandler
                0x00000262                DMA8_DriverIRQHandler
                0x00000262                DMA9_DriverIRQHandler
                0x00000262                UART0_ERR_DriverIRQHandler
                0x00000262                CMT_DriverIRQHandler
                0x00000262                Reserved71_DriverIRQHandler
                0x00000262                ADC1_DriverIRQHandler
                0x00000262                PORTA_DriverIRQHandler
                0x00000262                DMA14_DriverIRQHandler
                0x00000262                PIT3_DriverIRQHandler
                0x00000262                PIT1_DriverIRQHandler
                0x00000262                WDOG_EWM_DriverIRQHandler
                0x00000262                PDB0_DriverIRQHandler
                0x00000262                RTC_DriverIRQHandler
                0x00000262                I2S0_Rx_DriverIRQHandler
                0x00000262                Read_Collision_DriverIRQHandler
                0x00000262                SWI_DriverIRQHandler
                0x00000262                UART4_RX_TX_DriverIRQHandler
                0x00000262                UART4_ERR_DriverIRQHandler
                0x00000262                PORTB_DriverIRQHandler
                0x00000262                UART0_LON_DriverIRQHandler
                0x00000262                DMA0_DriverIRQHandler
                0x00000262                DMA1_DriverIRQHandler
                0x00000262                I2C1_DriverIRQHandler
                0x00000262                UART3_RX_TX_DriverIRQHandler
                0x00000262                ENET_Receive_DriverIRQHandler
                0x00000262                DMA13_DriverIRQHandler
                0x00000262                ENET_Error_DriverIRQHandler
                0x00000262                DMA15_DriverIRQHandler
                0x00000262                UART0_RX_TX_DriverIRQHandler
                0x00000262                SPI0_DriverIRQHandler
                0x00000262                ADC0_DriverIRQHandler
                0x00000262                CMP0_DriverIRQHandler
                0x00000262                CAN0_DriverIRQHandler
                0x00000262                FTM3_DriverIRQHandler
                0x00000262                DMA4_DriverIRQHandler
                0x00000262                UART1_ERR_DriverIRQHandler
                0x00000262                DMA2_DriverIRQHandler
                0x00000262                ENET_Transmit_DriverIRQHandler
                0x00000262                PORTD_DriverIRQHandler
                0x00000262                PORTE_DriverIRQHandler
                0x00000262                FTFE_DriverIRQHandler
                0x00000262                I2C0_DriverIRQHandler
                0x00000262                DMA7_DriverIRQHandler
                0x00000262                UART1_RX_TX_DriverIRQHandler
                0x00000400                . = 0x400
 *fill*         0x00000264      0x19c ff
                0x00000400                PROVIDE (__FLASH_CONFIG_START__, .)
 *(SORT_BY_ALIGNMENT(.FlashConfig))
 .FlashConfig   0x00000400       0x10 ./source/startup/startup_mk64f12.o
                0x00000400                Flash_Config
                0x00000410                PROVIDE (__FLASH_CONFIG_END__, .)
                0x00000001                ASSERT (! ((__FLASH_CONFIG_START__ == __FLASH_CONFIG_END__)), Linker Flash Config Support Enabled, but no .FlashConfig section provided within application)
 *(SORT_BY_ALIGNMENT(.text*))
 .text.hw_Init  0x00000410      0x10c ./source/startup/hardware.o
                0x00000410                hw_Init
 .text.hw_EnableInterrupts
                0x0000051c       0x30 ./source/startup/hardware.o
                0x0000051c                hw_EnableInterrupts
 .text.hw_DisableInterrupts
                0x0000054c       0x20 ./source/startup/hardware.o
                0x0000054c                hw_DisableInterrupts
 .text.Led_Init
                0x0000056c      0x188 ./source/drivers/Led.o
                0x0000056c                Led_Init
 .text.Led_OnForDefinedTime
                0x000006f4       0xa4 ./source/drivers/Led.o
                0x000006f4                Led_OnForDefinedTime
 .text.Led_CustomBlink
                0x00000798       0xf0 ./source/drivers/Led.o
                0x00000798                Led_CustomBlink
 .text.findLedIndexByID
                0x00000888       0x4c ./source/drivers/Led.o
 .text.Led_PISR
                0x000008d4       0xcc ./source/drivers/Led.o
 .text.MplxLed_Init
                0x000009a0       0x9c ./source/drivers/MplxLed.o
                0x000009a0                MplxLed_Init
 .text.MplxLed_On
                0x00000a3c       0x58 ./source/drivers/MplxLed.o
                0x00000a3c                MplxLed_On
 .text.MplxLed_Off
                0x00000a94       0x58 ./source/drivers/MplxLed.o
                0x00000a94                MplxLed_Off
 .text.MplxLed_PISR
                0x00000aec      0x33c ./source/drivers/MplxLed.o
                0x00000aec                MplxLed_PISR
 .text.Timer_Init
                0x00000e28       0x2c ./source/drivers/Timer.o
                0x00000e28                Timer_Init
 .text.Timer_AddCallback
                0x00000e54       0x88 ./source/drivers/Timer.o
                0x00000e54                Timer_AddCallback
 .text.Timer_Delete
                0x00000edc      0x1b8 ./source/drivers/Timer.o
                0x00000edc                Timer_Delete
 .text.Timer_Reset
                0x00001094       0x80 ./source/drivers/Timer.o
                0x00001094                Timer_Reset
 .text.Timer_PISR
                0x00001114       0xec ./source/drivers/Timer.o
 .text.systick_callback
                0x00001200      0x278 ./source/drivers/button.o
 .text.buttonsInit
                0x00001478       0x14 ./source/drivers/button.o
                0x00001478                buttonsInit
 .text.wasTap   0x0000148c       0x74 ./source/drivers/button.o
                0x0000148c                wasTap
 .text.wasLkp   0x00001500       0x80 ./source/drivers/button.o
                0x00001500                wasLkp
 .text.buttonConfiguration
                0x00001580      0x120 ./source/drivers/button.o
                0x00001580                buttonConfiguration
 .text.Encoder_Init
                0x000016a0       0x60 ./source/drivers/encoder.o
                0x000016a0                Encoder_Init
 .text.Encoder_GetMove
                0x00001700       0x3c ./source/drivers/encoder.o
                0x00001700                Encoder_GetMove
 .text.lookForMoves
                0x0000173c       0xd0 ./source/drivers/encoder.o
                0x0000173c                lookForMoves
 .text.Lector_Init
                0x0000180c       0x3c ./source/drivers/lector.o
                0x0000180c                Lector_Init
 .text.Lector_Event
                0x00001848       0x18 ./source/drivers/lector.o
                0x00001848                Lector_Event
 .text.Lector_GetData
                0x00001860      0x328 ./source/drivers/lector.o
                0x00001860                Lector_GetData
 .text.EnableIRQcallback
                0x00001b88       0x48 ./source/drivers/lector.o
                0x00001b88                EnableIRQcallback
 .text.ClockIRQcallback
                0x00001bd0       0x4c ./source/drivers/lector.o
                0x00001bd0                ClockIRQcallback
 .text.find_ss_fs_es
                0x00001c1c       0xb8 ./source/drivers/lector.o
                0x00001c1c                find_ss_fs_es
 .text.find_fs  0x00001cd4       0x88 ./source/drivers/lector.o
                0x00001cd4                find_fs
 .text.find_es  0x00001d5c       0x88 ./source/drivers/lector.o
                0x00001d5c                find_es
 .text.SevenSegDisplay_Init
                0x00001de4       0xe4 ./source/drivers/seven_seg_display.o
                0x00001de4                SevenSegDisplay_Init
 .text.SevenSegDisplay_BlinkScreen
                0x00001ec8       0x54 ./source/drivers/seven_seg_display.o
                0x00001ec8                SevenSegDisplay_BlinkScreen
 .text.SevenSegDisplay_BlinkCharacter
                0x00001f1c       0x8c ./source/drivers/seven_seg_display.o
                0x00001f1c                SevenSegDisplay_BlinkCharacter
 .text.SevenSegDisplay_WriteBuffer
                0x00001fa8       0x64 ./source/drivers/seven_seg_display.o
                0x00001fa8                SevenSegDisplay_WriteBuffer
 .text.SevenSegDisplay_WriteBufferAndMove
                0x0000200c       0x90 ./source/drivers/seven_seg_display.o
                0x0000200c                SevenSegDisplay_WriteBufferAndMove
 .text.SevenSegDisplay_Swipe
                0x0000209c       0x5c ./source/drivers/seven_seg_display.o
                0x0000209c                SevenSegDisplay_Swipe
 .text.SevenSegDisplay_SetPos
                0x000020f8       0x30 ./source/drivers/seven_seg_display.o
                0x000020f8                SevenSegDisplay_SetPos
 .text.SevenSegDisplay_CursorOn
                0x00002128       0x3c ./source/drivers/seven_seg_display.o
                0x00002128                SevenSegDisplay_CursorOn
 .text.SevenSegDisplay_CursorOff
                0x00002164       0x2c ./source/drivers/seven_seg_display.o
                0x00002164                SevenSegDisplay_CursorOff
 .text.SevenSegDisplay_CursorInc
                0x00002190       0x48 ./source/drivers/seven_seg_display.o
                0x00002190                SevenSegDisplay_CursorInc
 .text.SevenSegDisplay_CursorDec
                0x000021d8       0x48 ./source/drivers/seven_seg_display.o
                0x000021d8                SevenSegDisplay_CursorDec
 .text.SevenSegDisplay_PrintCharacter
                0x00002220       0x50 ./source/drivers/seven_seg_display.o
                0x00002220                SevenSegDisplay_PrintCharacter
 .text.SevenSegDisplay_PISR
                0x00002270      0x210 ./source/drivers/seven_seg_display.o
                0x00002270                SevenSegDisplay_PISR
 .text.SevenSegDisplay_EraseScreen
                0x00002480       0x3c ./source/drivers/seven_seg_display.o
                0x00002480                SevenSegDisplay_EraseScreen
 .text.SevenSegDisplay_chat2sevseg
                0x000024bc       0x7c ./source/drivers/seven_seg_display.o
                0x000024bc                SevenSegDisplay_chat2sevseg
 .text.initializeDataBase
                0x00002538      0x284 ./source/database/data_base.o
                0x00002538                initializeDataBase
 .text.verifyID
                0x000027bc       0xa0 ./source/database/data_base.o
                0x000027bc                verifyID
 .text.verifyPIN
                0x0000285c       0xb0 ./source/database/data_base.o
                0x0000285c                verifyPIN
 .text.isCurrentUserBlocked
                0x0000290c       0x38 ./source/database/data_base.o
                0x0000290c                isCurrentUserBlocked
 .text.UnblockUser
                0x00002944       0x64 ./source/database/data_base.o
                0x00002944                UnblockUser
 .text.IsAdmin  0x000029a8       0x38 ./source/database/data_base.o
                0x000029a8                IsAdmin
 .text.checkAddUser
                0x000029e0      0x164 ./source/database/data_base.o
                0x000029e0                checkAddUser
 .text.validateAll
                0x00002b44       0x7c ./source/database/data_base.o
                0x00002b44                validateAll
 .text.verifyCardNumber
                0x00002bc0       0xdc ./source/database/data_base.o
                0x00002bc0                verifyCardNumber
 .text.SysTick_Init
                0x00002c9c       0x3c ./source/MCAL/SysTick.o
                0x00002c9c                SysTick_Init
 .text.SysTick_AddCallback
                0x00002cd8       0x88 ./source/MCAL/SysTick.o
                0x00002cd8                SysTick_AddCallback
 .text.SysTick_Handler
                0x00002d60       0xcc ./source/MCAL/SysTick.o
                0x00002d60                SysTick_Handler
 .text.__NVIC_EnableIRQ
                0x00002e2c       0x3c ./source/MCAL/gpio.o
 .text.__NVIC_GetEnableIRQ
                0x00002e68       0x40 ./source/MCAL/gpio.o
 .text.gpioMode
                0x00002ea8      0x17c ./source/MCAL/gpio.o
                0x00002ea8                gpioMode
 .text.gpioToggle
                0x00003024       0x48 ./source/MCAL/gpio.o
                0x00003024                gpioToggle
 .text.gpioRead
                0x0000306c       0x48 ./source/MCAL/gpio.o
                0x0000306c                gpioRead
 .text.gpioWrite
                0x000030b4       0x5c ./source/MCAL/gpio.o
                0x000030b4                gpioWrite
 .text.gpioIRQ  0x00003110       0x90 ./source/MCAL/gpio.o
                0x00003110                gpioIRQ
 .text.interruptHandler
                0x000031a0       0x90 ./source/MCAL/gpio.o
                0x000031a0                interruptHandler
 .text.admin_initAdminMenu
                0x00003230       0x20 ./source/FSM/States/admin_state.o
                0x00003230                admin_initAdminMenu
 .text.admin_nextOption
                0x00003250       0x40 ./source/FSM/States/admin_state.o
                0x00003250                admin_nextOption
 .text.admin_previousOption
                0x00003290       0x40 ./source/FSM/States/admin_state.o
                0x00003290                admin_previousOption
 .text.admin_selectOption
                0x000032d0       0x6c ./source/FSM/States/admin_state.o
                0x000032d0                admin_selectOption
 .text.showTitle
                0x0000333c       0x4c ./source/FSM/States/admin_state.o
 .text.stopShowingTitle
                0x00003388       0x1c ./source/FSM/States/admin_state.o
 .text.userInteractionStopsTitle
                0x000033a4       0x24 ./source/FSM/States/admin_state.o
 .text.showCurrentOption
                0x000033c8       0x90 ./source/FSM/States/admin_state.o
 .text.initFailState
                0x00003458       0x5c ./source/FSM/States/fail_state.o
                0x00003458                initFailState
 .text.finishFail
                0x000034b4       0x30 ./source/FSM/States/fail_state.o
                0x000034b4                finishFail
 .text.initLogin
                0x000034e4       0x28 ./source/FSM/States/id_state.o
                0x000034e4                initLogin
 .text.id_increaseCurrent
                0x0000350c       0x40 ./source/FSM/States/id_state.o
                0x0000350c                id_increaseCurrent
 .text.id_decreaseCurrent
                0x0000354c       0x40 ./source/FSM/States/id_state.o
                0x0000354c                id_decreaseCurrent
 .text.id_confirmID
                0x0000358c       0x50 ./source/FSM/States/id_state.o
                0x0000358c                id_confirmID
 .text.id_acceptNumber
                0x000035dc       0x40 ./source/FSM/States/id_state.o
                0x000035dc                id_acceptNumber
 .text.id_checkCardID
                0x0000361c       0xb0 ./source/FSM/States/id_state.o
                0x0000361c                id_checkCardID
 .text.showTitle
                0x000036cc       0x48 ./source/FSM/States/id_state.o
 .text.stopShowingTitle
                0x00003714       0x30 ./source/FSM/States/id_state.o
 .text.userInteractionStopsTitle
                0x00003744       0x28 ./source/FSM/States/id_state.o
 .text.userInteractionStopErrorIndication
                0x0000376c       0x28 ./source/FSM/States/id_state.o
 .text.showWelcomeAnimation
                0x00003794       0x20 ./source/FSM/States/main_menu_state.o
                0x00003794                showWelcomeAnimation
 .text.openDoor
                0x000037b4       0x20 ./source/FSM/States/open_state.o
                0x000037b4                openDoor
 .text.initPinInput
                0x000037d4       0x20 ./source/FSM/States/pin_state.o
                0x000037d4                initPinInput
 .text.pin_confirmPin
                0x000037f4       0x50 ./source/FSM/States/pin_state.o
                0x000037f4                pin_confirmPin
 .text.pin_acceptNumber
                0x00003844       0x2c ./source/FSM/States/pin_state.o
                0x00003844                pin_acceptNumber
 .text.pin_increaseCurrent
                0x00003870       0x30 ./source/FSM/States/pin_state.o
                0x00003870                pin_increaseCurrent
 .text.pin_decreaseCurrent
                0x000038a0       0x30 ./source/FSM/States/pin_state.o
                0x000038a0                pin_decreaseCurrent
 .text.showTitle
                0x000038d0       0x48 ./source/FSM/States/pin_state.o
 .text.stopShowingTitle
                0x00003918       0x28 ./source/FSM/States/pin_state.o
 .text.userInteractionStopsTitle
                0x00003940       0x24 ./source/FSM/States/pin_state.o
 .text.initUserMenu
                0x00003964       0x20 ./source/FSM/States/usr_state.o
                0x00003964                initUserMenu
 .text.usr_nextOption
                0x00003984       0x40 ./source/FSM/States/usr_state.o
                0x00003984                usr_nextOption
 .text.usr_previousOption
                0x000039c4       0x40 ./source/FSM/States/usr_state.o
                0x000039c4                usr_previousOption
 .text.usr_selectOption
                0x00003a04       0x40 ./source/FSM/States/usr_state.o
                0x00003a04                usr_selectOption
 .text.showTitle
                0x00003a44       0x4c ./source/FSM/States/usr_state.o
 .text.stopShowingTitle
                0x00003a90       0x1c ./source/FSM/States/usr_state.o
 .text.userInteractionStopsTitle
                0x00003aac       0x24 ./source/FSM/States/usr_state.o
 .text.showCurrentOption
                0x00003ad0       0x48 ./source/FSM/States/usr_state.o
 .text.FSM_GetInitState
                0x00003b18       0x14 ./source/FSM/fsm_table.o
                0x00003b18                FSM_GetInitState
 .text.App_Init
                0x00003b2c       0x64 ./source/App.o
                0x00003b2c                App_Init
 .text.App_Run  0x00003b90       0x38 ./source/App.o
                0x00003b90                App_Run
 .text.fillQueue
                0x00003bc8       0x94 ./source/App.o
 .text.initQueue
                0x00003c5c       0x50 ./source/queue.o
                0x00003c5c                initQueue
 .text.emitEvent
                0x00003cac       0x70 ./source/queue.o
                0x00003cac                emitEvent
 .text.getEvent
                0x00003d1c       0x3c ./source/queue.o
                0x00003d1c                getEvent
 .text.queueIsEmpty
                0x00003d58       0x34 ./source/queue.o
                0x00003d58                queueIsEmpty
 .text.SystemInit
                0x00003d8c       0x3c ./CMSIS/system_MK64F12.o
                0x00003d8c                SystemInit
 .text._initio  0x00003dc8       0x78 c:/nxp/mcuxpressoide_10.2.0_759/ide/tools/bin/../lib/gcc/arm-none-eabi/7.2.1/../../../../arm-none-eabi/lib/thumb/v7e-m/fpv4-sp/hard\libcr_c.a(initio.o)
                0x00003dc8                _initio
 .text.setvbuf  0x00003e40       0x40 c:/nxp/mcuxpressoide_10.2.0_759/ide/tools/bin/../lib/gcc/arm-none-eabi/7.2.1/../../../../arm-none-eabi/lib/thumb/v7e-m/fpv4-sp/hard\libcr_c.a(setvbuf.o)
                0x00003e40                setvbuf
 .text.fflush   0x00003e80       0x44 c:/nxp/mcuxpressoide_10.2.0_759/ide/tools/bin/../lib/gcc/arm-none-eabi/7.2.1/../../../../arm-none-eabi/lib/thumb/v7e-m/fpv4-sp/hard\libcr_c.a(fflush.o)
                0x00003e80                fflush
 .text.fseek    0x00003ec4      0x100 c:/nxp/mcuxpressoide_10.2.0_759/ide/tools/bin/../lib/gcc/arm-none-eabi/7.2.1/../../../../arm-none-eabi/lib/thumb/v7e-m/fpv4-sp/hard\libcr_c.a(fseek.o)
                0x00003ec4                fseek
 .text.ftell    0x00003fc4       0x44 c:/nxp/mcuxpressoide_10.2.0_759/ide/tools/bin/../lib/gcc/arm-none-eabi/7.2.1/../../../../arm-none-eabi/lib/thumb/v7e-m/fpv4-sp/hard\libcr_c.a(ftell.o)
                0x00003fc4                ftell
 .text._Cwritebuf
                0x00004008       0x6c c:/nxp/mcuxpressoide_10.2.0_759/ide/tools/bin/../lib/gcc/arm-none-eabi/7.2.1/../../../../arm-none-eabi/lib/thumb/v7e-m/fpv4-sp/hard\libcr_c.a(_writebuf.o)
                0x00004008                _Cwritebuf
 .text.main     0x00004074       0x1a ./source/startup/main.o
                0x00004074                main
 .text.HardFault_Handler
                0x0000408e       0x2c ./source/startup/semihost_hardfault.o
                0x0000408e                HardFault_Handler
 .text.DMA0_IRQHandler
                0x000040ba        0x8 ./source/startup/startup_mk64f12.o
                0x000040ba                DMA0_IRQHandler
 .text.DMA1_IRQHandler
                0x000040c2        0x8 ./source/startup/startup_mk64f12.o
                0x000040c2                DMA1_IRQHandler
 .text.DMA2_IRQHandler
                0x000040ca        0x8 ./source/startup/startup_mk64f12.o
                0x000040ca                DMA2_IRQHandler
 .text.DMA3_IRQHandler
                0x000040d2        0x8 ./source/startup/startup_mk64f12.o
                0x000040d2                DMA3_IRQHandler
 .text.DMA4_IRQHandler
                0x000040da        0x8 ./source/startup/startup_mk64f12.o
                0x000040da                DMA4_IRQHandler
 .text.DMA5_IRQHandler
                0x000040e2        0x8 ./source/startup/startup_mk64f12.o
                0x000040e2                DMA5_IRQHandler
 .text.DMA6_IRQHandler
                0x000040ea        0x8 ./source/startup/startup_mk64f12.o
                0x000040ea                DMA6_IRQHandler
 .text.DMA7_IRQHandler
                0x000040f2        0x8 ./source/startup/startup_mk64f12.o
                0x000040f2                DMA7_IRQHandler
 .text.DMA8_IRQHandler
                0x000040fa        0x8 ./source/startup/startup_mk64f12.o
                0x000040fa                DMA8_IRQHandler
 .text.DMA9_IRQHandler
                0x00004102        0x8 ./source/startup/startup_mk64f12.o
                0x00004102                DMA9_IRQHandler
 .text.DMA10_IRQHandler
                0x0000410a        0x8 ./source/startup/startup_mk64f12.o
                0x0000410a                DMA10_IRQHandler
 .text.DMA11_IRQHandler
                0x00004112        0x8 ./source/startup/startup_mk64f12.o
                0x00004112                DMA11_IRQHandler
 .text.DMA12_IRQHandler
                0x0000411a        0x8 ./source/startup/startup_mk64f12.o
                0x0000411a                DMA12_IRQHandler
 .text.DMA13_IRQHandler
                0x00004122        0x8 ./source/startup/startup_mk64f12.o
                0x00004122                DMA13_IRQHandler
 .text.DMA14_IRQHandler
                0x0000412a        0x8 ./source/startup/startup_mk64f12.o
                0x0000412a                DMA14_IRQHandler
 .text.DMA15_IRQHandler
                0x00004132        0x8 ./source/startup/startup_mk64f12.o
                0x00004132                DMA15_IRQHandler
 .text.DMA_Error_IRQHandler
                0x0000413a        0x8 ./source/startup/startup_mk64f12.o
                0x0000413a                DMA_Error_IRQHandler
 .text.MCM_IRQHandler
                0x00004142        0x8 ./source/startup/startup_mk64f12.o
                0x00004142                MCM_IRQHandler
 .text.FTFE_IRQHandler
                0x0000414a        0x8 ./source/startup/startup_mk64f12.o
                0x0000414a                FTFE_IRQHandler
 .text.Read_Collision_IRQHandler
                0x00004152        0x8 ./source/startup/startup_mk64f12.o
                0x00004152                Read_Collision_IRQHandler
 .text.LVD_LVW_IRQHandler
                0x0000415a        0x8 ./source/startup/startup_mk64f12.o
                0x0000415a                LVD_LVW_IRQHandler
 .text.LLWU_IRQHandler
                0x00004162        0x8 ./source/startup/startup_mk64f12.o
                0x00004162                LLWU_IRQHandler
 .text.WDOG_EWM_IRQHandler
                0x0000416a        0x8 ./source/startup/startup_mk64f12.o
                0x0000416a                WDOG_EWM_IRQHandler
 .text.RNG_IRQHandler
                0x00004172        0x8 ./source/startup/startup_mk64f12.o
                0x00004172                RNG_IRQHandler
 .text.I2C0_IRQHandler
                0x0000417a        0x8 ./source/startup/startup_mk64f12.o
                0x0000417a                I2C0_IRQHandler
 .text.I2C1_IRQHandler
                0x00004182        0x8 ./source/startup/startup_mk64f12.o
                0x00004182                I2C1_IRQHandler
 .text.SPI0_IRQHandler
                0x0000418a        0x8 ./source/startup/startup_mk64f12.o
                0x0000418a                SPI0_IRQHandler
 .text.SPI1_IRQHandler
                0x00004192        0x8 ./source/startup/startup_mk64f12.o
                0x00004192                SPI1_IRQHandler
 .text.I2S0_Tx_IRQHandler
                0x0000419a        0x8 ./source/startup/startup_mk64f12.o
                0x0000419a                I2S0_Tx_IRQHandler
 .text.I2S0_Rx_IRQHandler
                0x000041a2        0x8 ./source/startup/startup_mk64f12.o
                0x000041a2                I2S0_Rx_IRQHandler
 .text.UART0_LON_IRQHandler
                0x000041aa        0x8 ./source/startup/startup_mk64f12.o
                0x000041aa                UART0_LON_IRQHandler
 .text.UART0_RX_TX_IRQHandler
                0x000041b2        0x8 ./source/startup/startup_mk64f12.o
                0x000041b2                UART0_RX_TX_IRQHandler
 .text.UART0_ERR_IRQHandler
                0x000041ba        0x8 ./source/startup/startup_mk64f12.o
                0x000041ba                UART0_ERR_IRQHandler
 .text.UART1_RX_TX_IRQHandler
                0x000041c2        0x8 ./source/startup/startup_mk64f12.o
                0x000041c2                UART1_RX_TX_IRQHandler
 .text.UART1_ERR_IRQHandler
                0x000041ca        0x8 ./source/startup/startup_mk64f12.o
                0x000041ca                UART1_ERR_IRQHandler
 .text.UART2_RX_TX_IRQHandler
                0x000041d2        0x8 ./source/startup/startup_mk64f12.o
                0x000041d2                UART2_RX_TX_IRQHandler
 .text.UART2_ERR_IRQHandler
                0x000041da        0x8 ./source/startup/startup_mk64f12.o
                0x000041da                UART2_ERR_IRQHandler
 .text.UART3_RX_TX_IRQHandler
                0x000041e2        0x8 ./source/startup/startup_mk64f12.o
                0x000041e2                UART3_RX_TX_IRQHandler
 .text.UART3_ERR_IRQHandler
                0x000041ea        0x8 ./source/startup/startup_mk64f12.o
                0x000041ea                UART3_ERR_IRQHandler
 .text.ADC0_IRQHandler
                0x000041f2        0x8 ./source/startup/startup_mk64f12.o
                0x000041f2                ADC0_IRQHandler
 .text.CMP0_IRQHandler
                0x000041fa        0x8 ./source/startup/startup_mk64f12.o
                0x000041fa                CMP0_IRQHandler
 .text.CMP1_IRQHandler
                0x00004202        0x8 ./source/startup/startup_mk64f12.o
                0x00004202                CMP1_IRQHandler
 .text.FTM0_IRQHandler
                0x0000420a        0x8 ./source/startup/startup_mk64f12.o
                0x0000420a                FTM0_IRQHandler
 .text.FTM1_IRQHandler
                0x00004212        0x8 ./source/startup/startup_mk64f12.o
                0x00004212                FTM1_IRQHandler
 .text.FTM2_IRQHandler
                0x0000421a        0x8 ./source/startup/startup_mk64f12.o
                0x0000421a                FTM2_IRQHandler
 .text.CMT_IRQHandler
                0x00004222        0x8 ./source/startup/startup_mk64f12.o
                0x00004222                CMT_IRQHandler
 .text.RTC_IRQHandler
                0x0000422a        0x8 ./source/startup/startup_mk64f12.o
                0x0000422a                RTC_IRQHandler
 .text.RTC_Seconds_IRQHandler
                0x00004232        0x8 ./source/startup/startup_mk64f12.o
                0x00004232                RTC_Seconds_IRQHandler
 .text.PIT0_IRQHandler
                0x0000423a        0x8 ./source/startup/startup_mk64f12.o
                0x0000423a                PIT0_IRQHandler
 .text.PIT1_IRQHandler
                0x00004242        0x8 ./source/startup/startup_mk64f12.o
                0x00004242                PIT1_IRQHandler
 .text.PIT2_IRQHandler
                0x0000424a        0x8 ./source/startup/startup_mk64f12.o
                0x0000424a                PIT2_IRQHandler
 .text.PIT3_IRQHandler
                0x00004252        0x8 ./source/startup/startup_mk64f12.o
                0x00004252                PIT3_IRQHandler
 .text.PDB0_IRQHandler
                0x0000425a        0x8 ./source/startup/startup_mk64f12.o
                0x0000425a                PDB0_IRQHandler
 .text.USB0_IRQHandler
                0x00004262        0x8 ./source/startup/startup_mk64f12.o
                0x00004262                USB0_IRQHandler
 .text.USBDCD_IRQHandler
                0x0000426a        0x8 ./source/startup/startup_mk64f12.o
                0x0000426a                USBDCD_IRQHandler
 .text.Reserved71_IRQHandler
                0x00004272        0x8 ./source/startup/startup_mk64f12.o
                0x00004272                Reserved71_IRQHandler
 .text.DAC0_IRQHandler
                0x0000427a        0x8 ./source/startup/startup_mk64f12.o
                0x0000427a                DAC0_IRQHandler
 .text.MCG_IRQHandler
                0x00004282        0x8 ./source/startup/startup_mk64f12.o
                0x00004282                MCG_IRQHandler
 .text.LPTMR0_IRQHandler
                0x0000428a        0x8 ./source/startup/startup_mk64f12.o
                0x0000428a                LPTMR0_IRQHandler
 .text.SWI_IRQHandler
                0x00004292        0x8 ./source/startup/startup_mk64f12.o
                0x00004292                SWI_IRQHandler
 .text.SPI2_IRQHandler
                0x0000429a        0x8 ./source/startup/startup_mk64f12.o
                0x0000429a                SPI2_IRQHandler
 .text.UART4_RX_TX_IRQHandler
                0x000042a2        0x8 ./source/startup/startup_mk64f12.o
                0x000042a2                UART4_RX_TX_IRQHandler
 .text.UART4_ERR_IRQHandler
                0x000042aa        0x8 ./source/startup/startup_mk64f12.o
                0x000042aa                UART4_ERR_IRQHandler
 .text.UART5_RX_TX_IRQHandler
                0x000042b2        0x8 ./source/startup/startup_mk64f12.o
                0x000042b2                UART5_RX_TX_IRQHandler
 .text.UART5_ERR_IRQHandler
                0x000042ba        0x8 ./source/startup/startup_mk64f12.o
                0x000042ba                UART5_ERR_IRQHandler
 .text.CMP2_IRQHandler
                0x000042c2        0x8 ./source/startup/startup_mk64f12.o
                0x000042c2                CMP2_IRQHandler
 .text.FTM3_IRQHandler
                0x000042ca        0x8 ./source/startup/startup_mk64f12.o
                0x000042ca                FTM3_IRQHandler
 .text.DAC1_IRQHandler
                0x000042d2        0x8 ./source/startup/startup_mk64f12.o
                0x000042d2                DAC1_IRQHandler
 .text.ADC1_IRQHandler
                0x000042da        0x8 ./source/startup/startup_mk64f12.o
                0x000042da                ADC1_IRQHandler
 .text.I2C2_IRQHandler
                0x000042e2        0x8 ./source/startup/startup_mk64f12.o
                0x000042e2                I2C2_IRQHandler
 .text.CAN0_ORed_Message_buffer_IRQHandler
                0x000042ea        0x8 ./source/startup/startup_mk64f12.o
                0x000042ea                CAN0_ORed_Message_buffer_IRQHandler
 .text.CAN0_Bus_Off_IRQHandler
                0x000042f2        0x8 ./source/startup/startup_mk64f12.o
                0x000042f2                CAN0_Bus_Off_IRQHandler
 .text.CAN0_Error_IRQHandler
                0x000042fa        0x8 ./source/startup/startup_mk64f12.o
                0x000042fa                CAN0_Error_IRQHandler
 .text.CAN0_Tx_Warning_IRQHandler
                0x00004302        0x8 ./source/startup/startup_mk64f12.o
                0x00004302                CAN0_Tx_Warning_IRQHandler
 .text.CAN0_Rx_Warning_IRQHandler
                0x0000430a        0x8 ./source/startup/startup_mk64f12.o
                0x0000430a                CAN0_Rx_Warning_IRQHandler
 .text.CAN0_Wake_Up_IRQHandler
                0x00004312        0x8 ./source/startup/startup_mk64f12.o
                0x00004312                CAN0_Wake_Up_IRQHandler
 .text.SDHC_IRQHandler
                0x0000431a        0x8 ./source/startup/startup_mk64f12.o
                0x0000431a                SDHC_IRQHandler
 .text.ENET_1588_Timer_IRQHandler
                0x00004322        0x8 ./source/startup/startup_mk64f12.o
                0x00004322                ENET_1588_Timer_IRQHandler
 .text.ENET_Transmit_IRQHandler
                0x0000432a        0x8 ./source/startup/startup_mk64f12.o
                0x0000432a                ENET_Transmit_IRQHandler
 .text.ENET_Receive_IRQHandler
                0x00004332        0x8 ./source/startup/startup_mk64f12.o
                0x00004332                ENET_Receive_IRQHandler
 .text.ENET_Error_IRQHandler
                0x0000433a        0x8 ./source/startup/startup_mk64f12.o
                0x0000433a                ENET_Error_IRQHandler
 .text.Led_On   0x00004342       0x1c ./source/drivers/Led.o
                0x00004342                Led_On
 .text.Led_Off  0x0000435e       0x1c ./source/drivers/Led.o
                0x0000435e                Led_Off
 .text.Led_Toggle
                0x0000437a       0x1a ./source/drivers/Led.o
                0x0000437a                Led_Toggle
 .text.OnForDefinedTimeCalledFromPISR
                0x00004394       0x4e ./source/drivers/Led.o
 .text.BlinkCalledFromPISR
                0x000043e2       0x74 ./source/drivers/Led.o
 .text.RepetitionBlinkCalledFromPISR
                0x00004456       0x7c ./source/drivers/Led.o
 .text.InfiniteBlinkCalledFromPISR
                0x000044d2       0x4a ./source/drivers/Led.o
 .text.getArrayEffectiveLength
                0x0000451c       0x54 ./source/drivers/Timer.o
 .text.checkIdArrayFormat
                0x00004570       0x26 ./source/database/data_base.o
 .text.checkPinArrayFormat
                0x00004596       0x2c ./source/database/data_base.o
 .text.getEffectiveArrayLength
                0x000045c2       0x46 ./source/database/data_base.o
 .text.getArrayEffectiveLength
                0x00004608       0x54 ./source/MCAL/SysTick.o
 .text.PORTA_IRQHandler
                0x0000465c       0x1e ./source/MCAL/gpio.o
                0x0000465c                PORTA_IRQHandler
 .text.PORTB_IRQHandler
                0x0000467a       0x1e ./source/MCAL/gpio.o
                0x0000467a                PORTB_IRQHandler
 .text.PORTC_IRQHandler
                0x00004698       0x1e ./source/MCAL/gpio.o
                0x00004698                PORTC_IRQHandler
 .text.PORTD_IRQHandler
                0x000046b6       0x1e ./source/MCAL/gpio.o
                0x000046b6                PORTD_IRQHandler
 .text.PORTE_IRQHandler
                0x000046d4       0x1e ./source/MCAL/gpio.o
                0x000046d4                PORTE_IRQHandler
 .text.userInteractionStopErrorIndicationAndRestart
                0x000046f2       0x10 ./source/FSM/States/id_state.o
 .text.id_fail  0x00004702       0x14 ./source/FSM/States/id_state.o
 .text.id_cardFail
                0x00004716       0x10 ./source/FSM/States/id_state.o
 .text.cardSwipe
                0x00004726       0x92 ./source/FSM/States/main_menu_state.o
                0x00004726                cardSwipe
 .text.accessTimeOut
                0x000047b8       0x14 ./source/FSM/States/open_state.o
                0x000047b8                accessTimeOut
 .text.inputIncreaseCurrent
                0x000047cc       0x7a ./source/FSM/States/user_input.o
                0x000047cc                inputIncreaseCurrent
 .text.inputDecreaseCurrent
                0x00004846       0x7a ./source/FSM/States/user_input.o
                0x00004846                inputDecreaseCurrent
 .text.inputResetArray
                0x000048c0       0x3c ./source/FSM/States/user_input.o
                0x000048c0                inputResetArray
 .text.inputAcceptNumber
                0x000048fc       0x92 ./source/FSM/States/user_input.o
                0x000048fc                inputAcceptNumber
 .text.getEffectiveArrayLength
                0x0000498e       0x46 ./source/FSM/States/user_input.o
 .text.deleteLastChar
                0x000049d4       0x52 ./source/FSM/States/user_input.o
 .text.fsm      0x00004a26       0x3c ./source/FSM/fsm.o
                0x00004a26                fsm
 .text.FMS_StartInitState
                0x00004a62        0xc ./source/FSM/fsm_table.o
                0x00004a62                FMS_StartInitState
 .text.do_nothing
                0x00004a6e        0xe ./source/FSM/fsm_table.o
 .text.timeOutCallback
                0x00004a7c        0xe ./source/App.o
 .text.SystemInitHook
                0x00004a8a        0xe ./CMSIS/system_MK64F12.o
                0x00004a8a                SystemInitHook
 .text.__main   0x00004a98        0xe c:/nxp/mcuxpressoide_10.2.0_759/ide/tools/bin/../lib/gcc/arm-none-eabi/7.2.1/../../../../arm-none-eabi/lib/thumb/v7e-m/fpv4-sp/hard\libcr_semihost_nf.a(_cr__main.o)
                0x00004a98                __CR_SEMIHOST
                0x00004a98                __main
 .text.memcpy   0x00004aa6        0x4 c:/nxp/mcuxpressoide_10.2.0_759/ide/tools/bin/../lib/gcc/arm-none-eabi/7.2.1/../../../../arm-none-eabi/lib/thumb/v7e-m/fpv4-sp/hard\libcr_c.a(memcpy.o)
                0x00004aa6                memcpy
 .text.memset   0x00004aaa        0x4 c:/nxp/mcuxpressoide_10.2.0_759/ide/tools/bin/../lib/gcc/arm-none-eabi/7.2.1/../../../../arm-none-eabi/lib/thumb/v7e-m/fpv4-sp/hard\libcr_c.a(memset.o)
                0x00004aaa                memset
 .text._fdopen  0x00004aae       0x68 c:/nxp/mcuxpressoide_10.2.0_759/ide/tools/bin/../lib/gcc/arm-none-eabi/7.2.1/../../../../arm-none-eabi/lib/thumb/v7e-m/fpv4-sp/hard\libcr_c.a(_fdopen.o)
                0x00004aae                _fdopen
 .text.fclose   0x00004b16       0x58 c:/nxp/mcuxpressoide_10.2.0_759/ide/tools/bin/../lib/gcc/arm-none-eabi/7.2.1/../../../../arm-none-eabi/lib/thumb/v7e-m/fpv4-sp/hard\libcr_c.a(fclose.o)
                0x00004b16                fclose
 .text.remove   0x00004b6e       0x14 c:/nxp/mcuxpressoide_10.2.0_759/ide/tools/bin/../lib/gcc/arm-none-eabi/7.2.1/../../../../arm-none-eabi/lib/thumb/v7e-m/fpv4-sp/hard\libcr_c.a(remove.o)
                0x00004b6e                remove
 .text.strlen   0x00004b82       0x4a c:/nxp/mcuxpressoide_10.2.0_759/ide/tools/bin/../lib/gcc/arm-none-eabi/7.2.1/../../../../arm-none-eabi/lib/thumb/v7e-m/fpv4-sp/hard\libcr_c.a(strlen.o)
                0x00004b82                strlen
 .text._do_fflush
                0x00004bcc       0x40 c:/nxp/mcuxpressoide_10.2.0_759/ide/tools/bin/../lib/gcc/arm-none-eabi/7.2.1/../../../../arm-none-eabi/lib/thumb/v7e-m/fpv4-sp/hard\libcr_c.a(_do_fflush.o)
                0x00004bcc                _do_fflush
 .text._fflush  0x00004c0c       0x52 c:/nxp/mcuxpressoide_10.2.0_759/ide/tools/bin/../lib/gcc/arm-none-eabi/7.2.1/../../../../arm-none-eabi/lib/thumb/v7e-m/fpv4-sp/hard\libcr_c.a(_fflush.o)
                0x00004c0c                _fflush
 .text.free     0x00004c5e       0x30 c:/nxp/mcuxpressoide_10.2.0_759/ide/tools/bin/../lib/gcc/arm-none-eabi/7.2.1/../../../../arm-none-eabi/lib/thumb/v7e-m/fpv4-sp/hard\libcr_c.a(alloc.o)
                0x00004c5e                free
 .text._deferredlazyseek
                0x00004c8e       0x40 c:/nxp/mcuxpressoide_10.2.0_759/ide/tools/bin/../lib/gcc/arm-none-eabi/7.2.1/../../../../arm-none-eabi/lib/thumb/v7e-m/fpv4-sp/hard\libcr_c.a(_deferredlazyseek.o)
                0x00004c8e                _deferredlazyseek
 .text.__aeabi_memcpy
                0x00004cce       0x34 c:/nxp/mcuxpressoide_10.2.0_759/ide/tools/bin/../lib/gcc/arm-none-eabi/7.2.1/thumb/v7e-m/fpv4-sp/hard\libcr_eabihelpers.a(memcpy.o)
                0x00004cce                __aeabi_memcpy
                0x00004cd8                __aeabi_memcpy8
                0x00004cd8                __aeabi_memcpy4
 .text.__aeabi_memset_lowlevel
                0x00004d02       0x32 c:/nxp/mcuxpressoide_10.2.0_759/ide/tools/bin/../lib/gcc/arm-none-eabi/7.2.1/thumb/v7e-m/fpv4-sp/hard\libcr_eabihelpers.a(memcpy.o)
                0x00004d02                __aeabi_lowlevel_memset
 .text.__sys_close
                0x00004d34        0xc c:/nxp/mcuxpressoide_10.2.0_759/ide/tools/bin/../lib/gcc/arm-none-eabi/7.2.1/../../../../arm-none-eabi/lib/thumb/v7e-m/fpv4-sp/hard\libcr_semihost_nf.a(__sys_close.o)
                0x00004d34                __sys_close
 .text.__sys_flen
                0x00004d40        0xc c:/nxp/mcuxpressoide_10.2.0_759/ide/tools/bin/../lib/gcc/arm-none-eabi/7.2.1/../../../../arm-none-eabi/lib/thumb/v7e-m/fpv4-sp/hard\libcr_semihost_nf.a(__sys_flen.o)
                0x00004d40                __sys_flen
 .text.__sys_istty
                0x00004d4c        0xc c:/nxp/mcuxpressoide_10.2.0_759/ide/tools/bin/../lib/gcc/arm-none-eabi/7.2.1/../../../../arm-none-eabi/lib/thumb/v7e-m/fpv4-sp/hard\libcr_semihost_nf.a(__sys_istty.o)
                0x00004d4c                __sys_istty
 .text.__sys_remove
                0x00004d58        0xc c:/nxp/mcuxpressoide_10.2.0_759/ide/tools/bin/../lib/gcc/arm-none-eabi/7.2.1/../../../../arm-none-eabi/lib/thumb/v7e-m/fpv4-sp/hard\libcr_semihost_nf.a(__sys_remove.o)
                0x00004d58                __sys_remove
 .text.__sys_seek
                0x00004d64        0xc c:/nxp/mcuxpressoide_10.2.0_759/ide/tools/bin/../lib/gcc/arm-none-eabi/7.2.1/../../../../arm-none-eabi/lib/thumb/v7e-m/fpv4-sp/hard\libcr_semihost_nf.a(__sys_seek.o)
                0x00004d64                __sys_seek
 .text.__sys_tmpnam
                0x00004d70        0xc c:/nxp/mcuxpressoide_10.2.0_759/ide/tools/bin/../lib/gcc/arm-none-eabi/7.2.1/../../../../arm-none-eabi/lib/thumb/v7e-m/fpv4-sp/hard\libcr_semihost_nf.a(__sys_tmpnam.o)
                0x00004d70                __sys_tmpnam
 .text.__sys_write
                0x00004d7c        0xc c:/nxp/mcuxpressoide_10.2.0_759/ide/tools/bin/../lib/gcc/arm-none-eabi/7.2.1/../../../../arm-none-eabi/lib/thumb/v7e-m/fpv4-sp/hard\libcr_semihost_nf.a(__sys_write.o)
                0x00004d7c                __sys_write
 *(SORT_BY_ALIGNMENT(.rodata) SORT_BY_ALIGNMENT(.rodata.*) SORT_BY_ALIGNMENT(.constdata) SORT_BY_ALIGNMENT(.constdata.*))
 .rodata.numbers
                0x00004d88        0xa ./source/drivers/seven_seg_display.o
 *fill*         0x00004d92        0x2 ff
 .rodata.letters
                0x00004d94       0x1a ./source/drivers/seven_seg_display.o
 *fill*         0x00004dae        0x2 ff
 .rodata.extras
                0x00004db0        0x3 ./source/drivers/seven_seg_display.o
 *fill*         0x00004db3        0x1 ff
 .rodata        0x00004db4       0x46 ./source/FSM/States/admin_state.o
 *fill*         0x00004dfa        0x2 ff
 .rodata        0x00004dfc       0x1b ./source/FSM/States/fail_state.o
 *fill*         0x00004e17        0x1 ff
 .rodata        0x00004e18        0x5 ./source/FSM/States/id_state.o
 *fill*         0x00004e1d        0x3 ff
 .rodata        0x00004e20        0x6 ./source/FSM/States/main_menu_state.o
 *fill*         0x00004e26        0x2 ff
 .rodata        0x00004e28        0x5 ./source/FSM/States/pin_state.o
 *fill*         0x00004e2d        0x3 ff
 .rodata        0x00004e30       0x1e ./source/FSM/States/usr_state.o
 *fill*         0x00004e4e        0x2 ff
 .rodata.__num_Ciob_streams
                0x00004e50        0x4 c:/nxp/mcuxpressoide_10.2.0_759/ide/tools/bin/../lib/gcc/arm-none-eabi/7.2.1/../../../../arm-none-eabi/lib/thumb/v7e-m/fpv4-sp/hard\libcr_semihost_nf.a(__ciob.o)
                0x00004e50                __num_Ciob_streams
 .rodata._initio.str1.1
                0x00004e54        0x4 c:/nxp/mcuxpressoide_10.2.0_759/ide/tools/bin/../lib/gcc/arm-none-eabi/7.2.1/../../../../arm-none-eabi/lib/thumb/v7e-m/fpv4-sp/hard\libcr_c.a(initio.o)
                0x00004e58                . = ALIGN (0x8)

.glue_7         0x00004e58        0x0
 .glue_7        0x00004e58        0x0 linker stubs

.glue_7t        0x00004e58        0x0
 .glue_7t       0x00004e58        0x0 linker stubs

.vfp11_veneer   0x00004e58        0x0
 .vfp11_veneer  0x00004e58        0x0 linker stubs

.v4_bx          0x00004e58        0x0
 .v4_bx         0x00004e58        0x0 linker stubs

.iplt           0x00004e58        0x0
 .iplt          0x00004e58        0x0 ./source/startup/hardware.o

.rel.dyn        0x00004e58        0x0
 .rel.iplt      0x00004e58        0x0 ./source/startup/hardware.o

.ARM.extab
 *(SORT_BY_ALIGNMENT(.ARM.extab*) SORT_BY_ALIGNMENT(.gnu.linkonce.armextab.*))
                0x00004e58                __exidx_start = .

.ARM.exidx
 *(SORT_BY_ALIGNMENT(.ARM.exidx*) SORT_BY_ALIGNMENT(.gnu.linkonce.armexidx.*))
                0x00004e58                __exidx_end = .
                0x00004e58                _etext = .

.m_usb_data
 *(SORT_BY_ALIGNMENT(m_usb_bdt))

.data_RAM2      0x1fff0000        0x0 load address 0x00004e58
 FILL mask 0xff
                [!provide]                PROVIDE (__start_data_RAM2, .)
 *(SORT_BY_ALIGNMENT(.ramfunc.$RAM2))
 *(SORT_BY_ALIGNMENT(.ramfunc.$SRAM_LOWER))
 *(SORT_BY_ALIGNMENT(.data.$RAM2*))
 *(SORT_BY_ALIGNMENT(.data.$SRAM_LOWER*))
                0x1fff0000                . = ALIGN (0x8)
                [!provide]                PROVIDE (__end_data_RAM2, .)

.data_RAM3      0x14000000        0x0 load address 0x00004e58
 FILL mask 0xff
                [!provide]                PROVIDE (__start_data_RAM3, .)
 *(SORT_BY_ALIGNMENT(.ramfunc.$RAM3))
 *(SORT_BY_ALIGNMENT(.ramfunc.$FLEX_RAM))
 *(SORT_BY_ALIGNMENT(.data.$RAM3*))
 *(SORT_BY_ALIGNMENT(.data.$FLEX_RAM*))
                0x14000000                . = ALIGN (0x8)
                [!provide]                PROVIDE (__end_data_RAM3, .)

.uninit_RESERVED
                0x20000000        0x0
 *(SORT_BY_ALIGNMENT(.bss.$RESERVED*))
                0x20000000                . = ALIGN (0x4)
                0x20000000                _end_uninit_RESERVED = .

.data           0x20000000      0x290 load address 0x00004e58
 FILL mask 0xff
                0x20000000                _data = .
 *(SORT_BY_ALIGNMENT(vtable))
 *(SORT_BY_ALIGNMENT(.ramfunc*))
 *(SORT_BY_ALIGNMENT(.data*))
 .data.displayPins
                0x20000000        0x8 ./source/drivers/seven_seg_display.o
 .data.selectPins
                0x20000008        0x2 ./source/drivers/seven_seg_display.o
 *fill*         0x2000000a        0x2 ff
 .data.ports    0x2000000c       0x14 ./source/MCAL/gpio.o
 .data.gpioPorts
                0x20000020       0x14 ./source/MCAL/gpio.o
 .data.titleTimerID
                0x20000034        0x4 ./source/FSM/States/admin_state.o
 .data.titleTimerID
                0x20000038        0x4 ./source/FSM/States/id_state.o
 .data.errorIndicationTimerID
                0x2000003c        0x4 ./source/FSM/States/id_state.o
 .data.titleTimerID
                0x20000040        0x4 ./source/FSM/States/pin_state.o
 .data.titleTimerID
                0x20000044        0x4 ./source/FSM/States/usr_state.o
 .data.menu     0x20000048       0x48 ./source/FSM/fsm_table.o
                0x20000048                menu
 .data.id       0x20000090       0x6c ./source/FSM/fsm_table.o
                0x20000090                id
 .data.pin      0x200000fc       0x78 ./source/FSM/fsm_table.o
                0x200000fc                pin
 .data.fail     0x20000174       0x3c ./source/FSM/fsm_table.o
                0x20000174                fail
 .data.usr      0x200001b0       0x54 ./source/FSM/fsm_table.o
                0x200001b0                usr
 .data.admin    0x20000204       0x48 ./source/FSM/fsm_table.o
                0x20000204                admin
 .data.open     0x2000024c       0x18 ./source/FSM/fsm_table.o
                0x2000024c                open
 .data.cfg_me   0x20000264       0x24 ./source/FSM/fsm_table.o
                0x20000264                cfg_me
 .data.brightness
                0x20000288        0x1 ./source/drivers/seven_seg_display.o
 .data.currBright.5327
                0x20000289        0x1 ./source/drivers/seven_seg_display.o
 .data.window.5328
                0x2000028a        0x1 ./source/drivers/seven_seg_display.o
 .data.currentIdIndex
                0x2000028b        0x1 ./source/database/data_base.o
                0x20000290                . = ALIGN (0x8)
 *fill*         0x2000028c        0x4 ff
                0x20000290                _edata = .

.igot.plt       0x20000290        0x0 load address 0x000050e8
 .igot.plt      0x20000290        0x0 ./source/startup/hardware.o

.bss_RAM2       0x1fff0000        0x0
                [!provide]                PROVIDE (__start_bss_RAM2, .)
 *(SORT_BY_ALIGNMENT(.bss.$RAM2*))
 *(SORT_BY_ALIGNMENT(.bss.$SRAM_LOWER*))
                0x1fff0000                . = ALIGN ((. != 0x0)?0x8:0x1)
                [!provide]                PROVIDE (__end_bss_RAM2, .)

.bss_RAM3       0x14000000        0x0
                [!provide]                PROVIDE (__start_bss_RAM3, .)
 *(SORT_BY_ALIGNMENT(.bss.$RAM3*))
 *(SORT_BY_ALIGNMENT(.bss.$FLEX_RAM*))
                0x14000000                . = ALIGN ((. != 0x0)?0x8:0x1)
                [!provide]                PROVIDE (__end_bss_RAM3, .)

.bss            0x20000290     0x1318
                0x20000290                _bss = .
 *(SORT_BY_ALIGNMENT(.bss*))
 .bss.__LDM_interruptDisableCount
                0x20000290        0x4 ./source/startup/hardware.o
 .bss.ledElements
                0x20000294       0xd8 ./source/drivers/Led.o
 .bss.defaultOnForDefinedTimeProperties
                0x2000036c        0xc ./source/drivers/Led.o
 .bss.defaultBlinkProperties
                0x20000378       0x14 ./source/drivers/Led.o
 .bss.defaultInfiniteBlinkProperties
                0x2000038c        0xc ./source/drivers/Led.o
 .bss.defaultRepetitionBlinkProperties
                0x20000398       0x14 ./source/drivers/Led.o
 .bss.leds      0x200003ac       0x1e ./source/drivers/MplxLed.o
                0x200003ac                leds
 *fill*         0x200003ca        0x2 
 .bss.timerElements
                0x200003cc      0x190 ./source/drivers/Timer.o
 .bss.idCounter
                0x2000055c        0x4 ./source/drivers/Timer.o
 .bss.buttons   0x20000560       0x14 ./source/drivers/button.o
 .bss.moves     0x20000574        0x4 ./source/drivers/encoder.o
 .bss.message   0x20000578      0x190 ./source/drivers/lector.o
 .bss.screen    0x20000708       0xf0 ./source/drivers/seven_seg_display.o
 .bss.dataBase  0x200007f8      0x2a9 ./source/database/data_base.o
 *fill*         0x20000aa1        0x3 
 .bss.database  0x20000aa4      0x2a9 ./source/database/data_base.o
 *fill*         0x20000d4d        0x3 
 .bss.blockedUsersIndexes
                0x20000d50       0x1e ./source/database/data_base.o
 *fill*         0x20000d6e        0x2 
 .bss.sysTickElements
                0x20000d70      0x190 ./source/MCAL/SysTick.o
 .bss.idCounter
                0x20000f00        0x4 ./source/MCAL/SysTick.o
 .bss.callbacks
                0x20000f04      0x280 ./source/MCAL/gpio.o
 .bss.errorIndicationTimerID
                0x20001184        0x4 ./source/FSM/States/fail_state.o
 .bss.id        0x20001188        0x8 ./source/FSM/States/id_state.o
 .bss.pin       0x20001190        0x5 ./source/FSM/States/pin_state.o
 *fill*         0x20001195        0x3 
 .bss.currentState
                0x20001198        0x4 ./source/App.o
 .bss.userTimeOutTimerID
                0x2000119c        0x4 ./source/App.o
 .bss.eventQueue
                0x200011a0        0xc ./source/queue.o
                0x200011a0                eventQueue
 .bss.queue     0x200011ac      0x320 ./source/queue.o
                0x200011ac                queue
 .bss.errno     0x200014cc        0x4 c:/nxp/mcuxpressoide_10.2.0_759/ide/tools/bin/../lib/gcc/arm-none-eabi/7.2.1/../../../../arm-none-eabi/lib/thumb/v7e-m/fpv4-sp/hard\libcr_c.a(errno.o)
                0x200014cc                errno
 .bss.__Ciob    0x200014d0       0xb4 c:/nxp/mcuxpressoide_10.2.0_759/ide/tools/bin/../lib/gcc/arm-none-eabi/7.2.1/../../../../arm-none-eabi/lib/thumb/v7e-m/fpv4-sp/hard\libcr_semihost_nf.a(__ciob.o)
                0x200014d0                __Ciob
 .bss.bit       0x20001584        0x2 ./source/drivers/lector.o
 .bss.moving_counter
                0x20001586        0x2 ./source/drivers/seven_seg_display.o
 .bss.isInit.5478
                0x20001588        0x1 ./source/drivers/MplxLed.o
 .bss.displayCounter.5537
                0x20001589        0x1 ./source/drivers/MplxLed.o
 .bss.var       0x2000158a        0x1 ./source/drivers/button.o
                0x2000158a                var
 .bss.existingEvent
                0x2000158b        0x1 ./source/drivers/encoder.o
 .bss.statusA   0x2000158c        0x1 ./source/drivers/encoder.o
 .bss.statusB   0x2000158d        0x1 ./source/drivers/encoder.o
 .bss.init.5150
                0x2000158e        0x1 ./source/drivers/encoder.o
 .bss.enable    0x2000158f        0x1 ./source/drivers/lector.o
 .bss.event     0x20001590        0x1 ./source/drivers/lector.o
 .bss.pos       0x20001591        0x1 ./source/drivers/seven_seg_display.o
 .bss.moves_remainig
                0x20001592        0x1 ./source/drivers/seven_seg_display.o
 .bss.bouncing  0x20001593        0x1 ./source/drivers/seven_seg_display.o
 .bss.move_b    0x20001594        0x1 ./source/drivers/seven_seg_display.o
 .bss.cursor_pos
                0x20001595        0x1 ./source/drivers/seven_seg_display.o
 .bss.cursor    0x20001596        0x1 ./source/drivers/seven_seg_display.o
 .bss.isInit.5245
                0x20001597        0x1 ./source/drivers/seven_seg_display.o
 .bss.displayCounter.5326
                0x20001598        0x1 ./source/drivers/seven_seg_display.o
 .bss.currentOptionIndex
                0x20001599        0x1 ./source/FSM/States/admin_state.o
 .bss.showingTitle
                0x2000159a        0x1 ./source/FSM/States/admin_state.o
 .bss.currentPos
                0x2000159b        0x1 ./source/FSM/States/id_state.o
 .bss.showingTitle
                0x2000159c        0x1 ./source/FSM/States/id_state.o
 .bss.showingErrorIndication
                0x2000159d        0x1 ./source/FSM/States/id_state.o
 .bss.currentPos
                0x2000159e        0x1 ./source/FSM/States/pin_state.o
 .bss.showingTitle
                0x2000159f        0x1 ./source/FSM/States/pin_state.o
 .bss.currentOptionIndex
                0x200015a0        0x1 ./source/FSM/States/usr_state.o
 .bss.showingTitle
                0x200015a1        0x1 ./source/FSM/States/usr_state.o
 *(SORT_BY_ALIGNMENT(COMMON))
                0x200015a8                . = ALIGN (0x8)
 *fill*         0x200015a2        0x6 
                0x200015a8                _ebss = .
                [!provide]                PROVIDE (end, .)

.noinit_RAM2    0x1fff0000        0x0
 *(SORT_BY_ALIGNMENT(.noinit.$RAM2*))
 *(SORT_BY_ALIGNMENT(.noinit.$SRAM_LOWER*))
                0x1fff0000                . = ALIGN (0x8)

.noinit_RAM3    0x14000000        0x0
 *(SORT_BY_ALIGNMENT(.noinit.$RAM3*))
 *(SORT_BY_ALIGNMENT(.noinit.$FLEX_RAM*))
                0x14000000                . = ALIGN (0x8)

.noinit         0x200015a8        0x0
                0x200015a8                _noinit = .
 *(SORT_BY_ALIGNMENT(.noinit*))
                0x200015a8                . = ALIGN (0x8)
                0x200015a8                _end_noinit = .
                0x00001000                _HeapSize = 0x1000

.heap           0x200015a8     0x1000
                0x200015a8                _pvHeapStart = .
                0x200025a8                . = (. + _HeapSize)
 *fill*         0x200015a8     0x1000 
                0x200025a8                . = ALIGN (0x8)
                0x200025a8                _pvHeapLimit = .
                0x00001000                _StackSize = 0x1000

.heap2stackfill
                0x200025a8     0x1000
                0x200035a8                . = (. + _StackSize)
 *fill*         0x200025a8     0x1000 

.stack          0x2002f000        0x0
                0x2002f000                _vStackBase = .
                0x2002f000                . = ALIGN (0x8)
                0x20030000                _vStackTop = (. + _StackSize)
                0x00000000                _image_start = LOADADDR (.text)
                0x000050e8                _image_end = (LOADADDR (.data) + SIZEOF (.data))
                0x000050e8                _image_size = (_image_end - _image_start)
OUTPUT(ControlDeAcceso.axf elf32-littlearm)

.debug_info     0x00000000     0x7a75
 .debug_info    0x00000000      0x6aa ./source/startup/hardware.o
 .debug_info    0x000006aa       0xec ./source/startup/main.o
 .debug_info    0x00000796       0x3b ./source/startup/semihost_hardfault.o
 .debug_info    0x000007d1      0x8b0 ./source/startup/startup_mk64f12.o
 .debug_info    0x00001081      0x88f ./source/drivers/Led.o
 .debug_info    0x00001910      0x5ae ./source/drivers/MplxLed.o
 .debug_info    0x00001ebe      0x53a ./source/drivers/Timer.o
 .debug_info    0x000023f8      0x37f ./source/drivers/button.o
 .debug_info    0x00002777      0x1b3 ./source/drivers/encoder.o
 .debug_info    0x0000292a      0x441 ./source/drivers/lector.o
 .debug_info    0x00002d6b      0x659 ./source/drivers/seven_seg_display.o
 .debug_info    0x000033c4      0x738 ./source/database/data_base.o
 .debug_info    0x00003afc      0x52b ./source/MCAL/SysTick.o
 .debug_info    0x00004027      0xa99 ./source/MCAL/gpio.o
 .debug_info    0x00004ac0      0x379 ./source/FSM/States/admin_state.o
 .debug_info    0x00004e39      0x2ba ./source/FSM/States/fail_state.o
 .debug_info    0x000050f3      0x4b9 ./source/FSM/States/id_state.o
 .debug_info    0x000055ac      0x367 ./source/FSM/States/main_menu_state.o
 .debug_info    0x00005913      0x2a9 ./source/FSM/States/open_state.o
 .debug_info    0x00005bbc      0x390 ./source/FSM/States/pin_state.o
 .debug_info    0x00005f4c      0x40e ./source/FSM/States/user_input.o
 .debug_info    0x0000635a      0x367 ./source/FSM/States/usr_state.o
 .debug_info    0x000066c1      0x22e ./source/FSM/fsm.o
 .debug_info    0x000068ef      0x3f1 ./source/FSM/fsm_table.o
 .debug_info    0x00006ce0      0x3a1 ./source/App.o
 .debug_info    0x00007081      0x3c3 ./source/queue.o
 .debug_info    0x00007444      0x631 ./CMSIS/system_MK64F12.o

.debug_abbrev   0x00000000     0x2346
 .debug_abbrev  0x00000000      0x14d ./source/startup/hardware.o
 .debug_abbrev  0x0000014d       0x9b ./source/startup/main.o
 .debug_abbrev  0x000001e8       0x2f ./source/startup/semihost_hardfault.o
 .debug_abbrev  0x00000217      0x15c ./source/startup/startup_mk64f12.o
 .debug_abbrev  0x00000373      0x1f9 ./source/drivers/Led.o
 .debug_abbrev  0x0000056c      0x166 ./source/drivers/MplxLed.o
 .debug_abbrev  0x000006d2      0x164 ./source/drivers/Timer.o
 .debug_abbrev  0x00000836      0x180 ./source/drivers/button.o
 .debug_abbrev  0x000009b6      0x109 ./source/drivers/encoder.o
 .debug_abbrev  0x00000abf      0x1b7 ./source/drivers/lector.o
 .debug_abbrev  0x00000c76      0x21a ./source/drivers/seven_seg_display.o
 .debug_abbrev  0x00000e90      0x22f ./source/database/data_base.o
 .debug_abbrev  0x000010bf      0x1bb ./source/MCAL/SysTick.o
 .debug_abbrev  0x0000127a      0x221 ./source/MCAL/gpio.o
 .debug_abbrev  0x0000149b       0xf8 ./source/FSM/States/admin_state.o
 .debug_abbrev  0x00001593       0xe2 ./source/FSM/States/fail_state.o
 .debug_abbrev  0x00001675      0x160 ./source/FSM/States/id_state.o
 .debug_abbrev  0x000017d5      0x11f ./source/FSM/States/main_menu_state.o
 .debug_abbrev  0x000018f4       0xd3 ./source/FSM/States/open_state.o
 .debug_abbrev  0x000019c7      0x132 ./source/FSM/States/pin_state.o
 .debug_abbrev  0x00001af9      0x155 ./source/FSM/States/user_input.o
 .debug_abbrev  0x00001c4e       0xf8 ./source/FSM/States/usr_state.o
 .debug_abbrev  0x00001d46       0xca ./source/FSM/fsm.o
 .debug_abbrev  0x00001e10      0x11d ./source/FSM/fsm_table.o
 .debug_abbrev  0x00001f2d      0x146 ./source/App.o
 .debug_abbrev  0x00002073      0x17f ./source/queue.o
 .debug_abbrev  0x000021f2      0x154 ./CMSIS/system_MK64F12.o

.debug_aranges  0x00000000      0xb58
 .debug_aranges
                0x00000000       0x30 ./source/startup/hardware.o
 .debug_aranges
                0x00000030       0x20 ./source/startup/main.o
 .debug_aranges
                0x00000050       0x20 ./source/startup/semihost_hardfault.o
 .debug_aranges
                0x00000070      0x330 ./source/startup/startup_mk64f12.o
 .debug_aranges
                0x000003a0       0xa0 ./source/drivers/Led.o
 .debug_aranges
                0x00000440       0x70 ./source/drivers/MplxLed.o
 .debug_aranges
                0x000004b0       0x68 ./source/drivers/Timer.o
 .debug_aranges
                0x00000518       0x50 ./source/drivers/button.o
 .debug_aranges
                0x00000568       0x30 ./source/drivers/encoder.o
 .debug_aranges
                0x00000598       0x58 ./source/drivers/lector.o
 .debug_aranges
                0x000005f0       0xa0 ./source/drivers/seven_seg_display.o
 .debug_aranges
                0x00000690       0xa0 ./source/database/data_base.o
 .debug_aranges
                0x00000730       0x58 ./source/MCAL/SysTick.o
 .debug_aranges
                0x00000788       0x88 ./source/MCAL/gpio.o
 .debug_aranges
                0x00000810       0x58 ./source/FSM/States/admin_state.o
 .debug_aranges
                0x00000868       0x28 ./source/FSM/States/fail_state.o
 .debug_aranges
                0x00000890       0x88 ./source/FSM/States/id_state.o
 .debug_aranges
                0x00000918       0x28 ./source/FSM/States/main_menu_state.o
 .debug_aranges
                0x00000940       0x28 ./source/FSM/States/open_state.o
 .debug_aranges
                0x00000968       0x60 ./source/FSM/States/pin_state.o
 .debug_aranges
                0x000009c8       0x48 ./source/FSM/States/user_input.o
 .debug_aranges
                0x00000a10       0x58 ./source/FSM/States/usr_state.o
 .debug_aranges
                0x00000a68       0x20 ./source/FSM/fsm.o
 .debug_aranges
                0x00000a88       0x30 ./source/FSM/fsm_table.o
 .debug_aranges
                0x00000ab8       0x38 ./source/App.o
 .debug_aranges
                0x00000af0       0x38 ./source/queue.o
 .debug_aranges
                0x00000b28       0x30 ./CMSIS/system_MK64F12.o

.debug_ranges   0x00000000      0x9d8
 .debug_ranges  0x00000000       0x20 ./source/startup/hardware.o
 .debug_ranges  0x00000020       0x10 ./source/startup/main.o
 .debug_ranges  0x00000030       0x10 ./source/startup/semihost_hardfault.o
 .debug_ranges  0x00000040      0x320 ./source/startup/startup_mk64f12.o
 .debug_ranges  0x00000360       0x90 ./source/drivers/Led.o
 .debug_ranges  0x000003f0       0x60 ./source/drivers/MplxLed.o
 .debug_ranges  0x00000450       0x58 ./source/drivers/Timer.o
 .debug_ranges  0x000004a8       0x40 ./source/drivers/button.o
 .debug_ranges  0x000004e8       0x20 ./source/drivers/encoder.o
 .debug_ranges  0x00000508       0x48 ./source/drivers/lector.o
 .debug_ranges  0x00000550       0x90 ./source/drivers/seven_seg_display.o
 .debug_ranges  0x000005e0       0x90 ./source/database/data_base.o
 .debug_ranges  0x00000670       0x48 ./source/MCAL/SysTick.o
 .debug_ranges  0x000006b8       0x78 ./source/MCAL/gpio.o
 .debug_ranges  0x00000730       0x48 ./source/FSM/States/admin_state.o
 .debug_ranges  0x00000778       0x18 ./source/FSM/States/fail_state.o
 .debug_ranges  0x00000790       0x90 ./source/FSM/States/id_state.o
 .debug_ranges  0x00000820       0x30 ./source/FSM/States/main_menu_state.o
 .debug_ranges  0x00000850       0x18 ./source/FSM/States/open_state.o
 .debug_ranges  0x00000868       0x50 ./source/FSM/States/pin_state.o
 .debug_ranges  0x000008b8       0x38 ./source/FSM/States/user_input.o
 .debug_ranges  0x000008f0       0x48 ./source/FSM/States/usr_state.o
 .debug_ranges  0x00000938       0x10 ./source/FSM/fsm.o
 .debug_ranges  0x00000948       0x20 ./source/FSM/fsm_table.o
 .debug_ranges  0x00000968       0x28 ./source/App.o
 .debug_ranges  0x00000990       0x28 ./source/queue.o
 .debug_ranges  0x000009b8       0x20 ./CMSIS/system_MK64F12.o

.debug_macro    0x00000000    0x12c75
 .debug_macro   0x00000000       0xb4 ./source/startup/hardware.o
 .debug_macro   0x000000b4      0xa90 ./source/startup/hardware.o
 .debug_macro   0x00000b44       0x10 ./source/startup/hardware.o
 .debug_macro   0x00000b54      0x12d ./source/startup/hardware.o
 .debug_macro   0x00000c81      0x5b2 ./source/startup/hardware.o
 .debug_macro   0x00001233       0x22 ./source/startup/hardware.o
 .debug_macro   0x00001255       0x10 ./source/startup/hardware.o
 .debug_macro   0x00001265       0x5c ./source/startup/hardware.o
 .debug_macro   0x000012c1       0x1c ./source/startup/hardware.o
 .debug_macro   0x000012dd       0x22 ./source/startup/hardware.o
 .debug_macro   0x000012ff       0xdf ./source/startup/hardware.o
 .debug_macro   0x000013de      0xecf ./source/startup/hardware.o
 .debug_macro   0x000022ad       0x48 ./source/startup/hardware.o
 .debug_macro   0x000022f5     0xe07b ./source/startup/hardware.o
 .debug_macro   0x00010370     0x122b ./source/startup/hardware.o
 .debug_macro   0x0001159b       0x16 ./source/startup/hardware.o
 .debug_macro   0x000115b1       0xb4 ./source/startup/main.o
 .debug_macro   0x00011665       0x11 ./source/startup/semihost_hardfault.o
 .debug_macro   0x00011676       0x29 ./source/startup/startup_mk64f12.o
 .debug_macro   0x0001169f       0xb8 ./source/drivers/Led.o
 .debug_macro   0x00011757       0x3a ./source/drivers/Led.o
 .debug_macro   0x00011791       0xa6 ./source/drivers/Led.o
 .debug_macro   0x00011837       0x16 ./source/drivers/Led.o
 .debug_macro   0x0001184d       0x1c ./source/drivers/Led.o
 .debug_macro   0x00011869       0xd2 ./source/drivers/Led.o
 .debug_macro   0x0001193b       0x10 ./source/drivers/Led.o
 .debug_macro   0x0001194b       0x16 ./source/drivers/Led.o
 .debug_macro   0x00011961       0xc1 ./source/drivers/MplxLed.o
 .debug_macro   0x00011a22       0x1c ./source/drivers/MplxLed.o
 .debug_macro   0x00011a3e       0x7d ./source/drivers/Timer.o
 .debug_macro   0x00011abb       0x60 ./source/drivers/button.o
 .debug_macro   0x00011b1b       0x16 ./source/drivers/button.o
 .debug_macro   0x00011b31       0x40 ./source/drivers/button.o
 .debug_macro   0x00011b71       0x6a ./source/drivers/encoder.o
 .debug_macro   0x00011bdb       0xac ./source/drivers/encoder.o
 .debug_macro   0x00011c87       0x7e ./source/drivers/lector.o
 .debug_macro   0x00011d05       0x10 ./source/drivers/lector.o
 .debug_macro   0x00011d15       0x96 ./source/drivers/seven_seg_display.o
 .debug_macro   0x00011dab       0x94 ./source/drivers/seven_seg_display.o
 .debug_macro   0x00011e3f       0x16 ./source/drivers/seven_seg_display.o
 .debug_macro   0x00011e55       0x83 ./source/database/data_base.o
 .debug_macro   0x00011ed8       0x34 ./source/database/data_base.o
 .debug_macro   0x00011f0c       0xf6 ./source/MCAL/SysTick.o
 .debug_macro   0x00012002       0xd1 ./source/MCAL/gpio.o
 .debug_macro   0x000120d3       0xa3 ./source/FSM/States/admin_state.o
 .debug_macro   0x00012176       0xd8 ./source/FSM/States/admin_state.o
 .debug_macro   0x0001224e       0x22 ./source/FSM/States/admin_state.o
 .debug_macro   0x00012270       0x9a ./source/FSM/States/admin_state.o
 .debug_macro   0x0001230a       0xc4 ./source/FSM/States/fail_state.o
 .debug_macro   0x000123ce       0xd2 ./source/FSM/States/id_state.o
 .debug_macro   0x000124a0       0x16 ./source/FSM/States/id_state.o
 .debug_macro   0x000124b6       0x16 ./source/FSM/States/id_state.o
 .debug_macro   0x000124cc       0xc0 ./source/FSM/States/main_menu_state.o
 .debug_macro   0x0001258c       0x9e ./source/FSM/States/open_state.o
 .debug_macro   0x0001262a       0xc9 ./source/FSM/States/pin_state.o
 .debug_macro   0x000126f3       0x9c ./source/FSM/States/user_input.o
 .debug_macro   0x0001278f       0x10 ./source/FSM/States/user_input.o
 .debug_macro   0x0001279f       0x9a ./source/FSM/States/user_input.o
 .debug_macro   0x00012839       0xa3 ./source/FSM/States/usr_state.o
 .debug_macro   0x000128dc       0x5f ./source/FSM/fsm.o
 .debug_macro   0x0001293b       0xdb ./source/FSM/fsm_table.o
 .debug_macro   0x00012a16      0x12c ./source/App.o
 .debug_macro   0x00012b42       0x10 ./source/App.o
 .debug_macro   0x00012b52       0x10 ./source/App.o
 .debug_macro   0x00012b62       0x7b ./source/queue.o
 .debug_macro   0x00012bdd       0x98 ./CMSIS/system_MK64F12.o

.debug_line     0x00000000     0x450f
 .debug_line    0x00000000      0x221 ./source/startup/hardware.o
 .debug_line    0x00000221      0x1c2 ./source/startup/main.o
 .debug_line    0x000003e3       0x5c ./source/startup/semihost_hardfault.o
 .debug_line    0x0000043f      0x6db ./source/startup/startup_mk64f12.o
 .debug_line    0x00000b1a      0x36b ./source/drivers/Led.o
 .debug_line    0x00000e85      0x2ef ./source/drivers/MplxLed.o
 .debug_line    0x00001174      0x2dc ./source/drivers/Timer.o
 .debug_line    0x00001450      0x273 ./source/drivers/button.o
 .debug_line    0x000016c3      0x1d2 ./source/drivers/encoder.o
 .debug_line    0x00001895      0x2fe ./source/drivers/lector.o
 .debug_line    0x00001b93      0x408 ./source/drivers/seven_seg_display.o
 .debug_line    0x00001f9b      0x3ff ./source/database/data_base.o
 .debug_line    0x0000239a      0x33c ./source/MCAL/SysTick.o
 .debug_line    0x000026d6      0x322 ./source/MCAL/gpio.o
 .debug_line    0x000029f8      0x248 ./source/FSM/States/admin_state.o
 .debug_line    0x00002c40      0x1de ./source/FSM/States/fail_state.o
 .debug_line    0x00002e1e      0x312 ./source/FSM/States/id_state.o
 .debug_line    0x00003130      0x1f2 ./source/FSM/States/main_menu_state.o
 .debug_line    0x00003322      0x191 ./source/FSM/States/open_state.o
 .debug_line    0x000034b3      0x27a ./source/FSM/States/pin_state.o
 .debug_line    0x0000372d      0x22a ./source/FSM/States/user_input.o
 .debug_line    0x00003957      0x23f ./source/FSM/States/usr_state.o
 .debug_line    0x00003b96      0x117 ./source/FSM/fsm.o
 .debug_line    0x00003cad      0x1ff ./source/FSM/fsm_table.o
 .debug_line    0x00003eac      0x2b7 ./source/App.o
 .debug_line    0x00004163      0x19b ./source/queue.o
 .debug_line    0x000042fe      0x211 ./CMSIS/system_MK64F12.o

.debug_str      0x00000000    0x7b625
 .debug_str     0x00000000    0x77e1c ./source/startup/hardware.o
                              0x77eaa (size before relaxing)
 .debug_str     0x00077e1c       0x1e ./source/startup/main.o
                              0x77c7e (size before relaxing)
 .debug_str     0x00077e3a       0x39 ./source/startup/semihost_hardfault.o
                               0x2da3 (size before relaxing)
 .debug_str     0x00077e73      0x83d ./source/startup/startup_mk64f12.o
                               0x3611 (size before relaxing)
 .debug_str     0x000786b0      0xc54 ./source/drivers/Led.o
                               0x524f (size before relaxing)
 .debug_str     0x00079304      0x288 ./source/drivers/MplxLed.o
                               0x4f96 (size before relaxing)
 .debug_str     0x0007958c      0x19d ./source/drivers/Timer.o
                               0x3a71 (size before relaxing)
 .debug_str     0x00079729      0x10a ./source/drivers/button.o
                               0x46da (size before relaxing)
 .debug_str     0x00079833       0x80 ./source/drivers/encoder.o
                               0x493c (size before relaxing)
 .debug_str     0x000798b3      0x261 ./source/drivers/lector.o
                               0x4ac0 (size before relaxing)
 .debug_str     0x00079b14      0x51a ./source/drivers/seven_seg_display.o
                               0x4e82 (size before relaxing)
 .debug_str     0x0007a02e      0x472 ./source/database/data_base.o
                               0x49a0 (size before relaxing)
 .debug_str     0x0007a4a0      0x126 ./source/MCAL/SysTick.o
                              0x78310 (size before relaxing)
 .debug_str     0x0007a5c6      0x666 ./source/MCAL/gpio.o
                              0x784ef (size before relaxing)
 .debug_str     0x0007ac2c      0x373 ./source/FSM/States/admin_state.o
                               0x4e23 (size before relaxing)
 .debug_str     0x0007af9f       0x68 ./source/FSM/States/fail_state.o
                               0x4dfb (size before relaxing)
 .debug_str     0x0007b007      0x142 ./source/FSM/States/id_state.o
                               0x4fb7 (size before relaxing)
 .debug_str     0x0007b149       0x59 ./source/FSM/States/main_menu_state.o
                               0x4e1d (size before relaxing)
 .debug_str     0x0007b1a2       0x57 ./source/FSM/States/open_state.o
                               0x4b89 (size before relaxing)
 .debug_str     0x0007b1f9       0x8e ./source/FSM/States/pin_state.o
                               0x4ea3 (size before relaxing)
 .debug_str     0x0007b287       0x96 ./source/FSM/States/user_input.o
                               0x4ddb (size before relaxing)
 .debug_str     0x0007b31d       0x8b ./source/FSM/States/usr_state.o
                               0x4ded (size before relaxing)
 .debug_str     0x0007b3a8       0x84 ./source/FSM/fsm.o
                               0x4864 (size before relaxing)
 .debug_str     0x0007b42c       0x89 ./source/FSM/fsm_table.o
                               0x4c12 (size before relaxing)
 .debug_str     0x0007b4b5       0x7e ./source/App.o
                               0x5321 (size before relaxing)
 .debug_str     0x0007b533       0x94 ./source/queue.o
                               0x4b69 (size before relaxing)
 .debug_str     0x0007b5c7       0x5e ./CMSIS/system_MK64F12.o
                              0x77db2 (size before relaxing)

.comment        0x00000000       0x7e
 .comment       0x00000000       0x7e ./source/startup/hardware.o
                                 0x7f (size before relaxing)
 .comment       0x0000007e       0x7f ./source/startup/main.o
 .comment       0x0000007e       0x7f ./source/startup/semihost_hardfault.o
 .comment       0x0000007e       0x7f ./source/startup/startup_mk64f12.o
 .comment       0x0000007e       0x7f ./source/drivers/Led.o
 .comment       0x0000007e       0x7f ./source/drivers/MplxLed.o
 .comment       0x0000007e       0x7f ./source/drivers/Timer.o
 .comment       0x0000007e       0x7f ./source/drivers/button.o
 .comment       0x0000007e       0x7f ./source/drivers/encoder.o
 .comment       0x0000007e       0x7f ./source/drivers/lector.o
 .comment       0x0000007e       0x7f ./source/drivers/seven_seg_display.o
 .comment       0x0000007e       0x7f ./source/database/data_base.o
 .comment       0x0000007e       0x7f ./source/MCAL/SysTick.o
 .comment       0x0000007e       0x7f ./source/MCAL/gpio.o
 .comment       0x0000007e       0x7f ./source/FSM/States/admin_state.o
 .comment       0x0000007e       0x7f ./source/FSM/States/fail_state.o
 .comment       0x0000007e       0x7f ./source/FSM/States/id_state.o
 .comment       0x0000007e       0x7f ./source/FSM/States/main_menu_state.o
 .comment       0x0000007e       0x7f ./source/FSM/States/open_state.o
 .comment       0x0000007e       0x7f ./source/FSM/States/pin_state.o
 .comment       0x0000007e       0x7f ./source/FSM/States/user_input.o
 .comment       0x0000007e       0x7f ./source/FSM/States/usr_state.o
 .comment       0x0000007e       0x7f ./source/FSM/fsm.o
 .comment       0x0000007e       0x7f ./source/FSM/fsm_table.o
 .comment       0x0000007e       0x7f ./source/App.o
 .comment       0x0000007e       0x7f ./source/queue.o
 .comment       0x0000007e       0x7f ./CMSIS/system_MK64F12.o
 .comment       0x0000007e       0x7f c:/nxp/mcuxpressoide_10.2.0_759/ide/tools/bin/../lib/gcc/arm-none-eabi/7.2.1/../../../../arm-none-eabi/lib/thumb/v7e-m/fpv4-sp/hard\libcr_semihost_nf.a(_cr__main.o)
 .comment       0x0000007e       0x7f c:/nxp/mcuxpressoide_10.2.0_759/ide/tools/bin/../lib/gcc/arm-none-eabi/7.2.1/../../../../arm-none-eabi/lib/thumb/v7e-m/fpv4-sp/hard\libcr_c.a(memcpy.o)
 .comment       0x0000007e       0x7f c:/nxp/mcuxpressoide_10.2.0_759/ide/tools/bin/../lib/gcc/arm-none-eabi/7.2.1/../../../../arm-none-eabi/lib/thumb/v7e-m/fpv4-sp/hard\libcr_c.a(memset.o)
 .comment       0x0000007e       0x7f c:/nxp/mcuxpressoide_10.2.0_759/ide/tools/bin/../lib/gcc/arm-none-eabi/7.2.1/../../../../arm-none-eabi/lib/thumb/v7e-m/fpv4-sp/hard\libcr_c.a(initio.o)
 .comment       0x0000007e       0x7f c:/nxp/mcuxpressoide_10.2.0_759/ide/tools/bin/../lib/gcc/arm-none-eabi/7.2.1/../../../../arm-none-eabi/lib/thumb/v7e-m/fpv4-sp/hard\libcr_c.a(setvbuf.o)
 .comment       0x0000007e       0x7f c:/nxp/mcuxpressoide_10.2.0_759/ide/tools/bin/../lib/gcc/arm-none-eabi/7.2.1/../../../../arm-none-eabi/lib/thumb/v7e-m/fpv4-sp/hard\libcr_c.a(_fdopen.o)
 .comment       0x0000007e       0x7f c:/nxp/mcuxpressoide_10.2.0_759/ide/tools/bin/../lib/gcc/arm-none-eabi/7.2.1/../../../../arm-none-eabi/lib/thumb/v7e-m/fpv4-sp/hard\libcr_c.a(fclose.o)
 .comment       0x0000007e       0x7f c:/nxp/mcuxpressoide_10.2.0_759/ide/tools/bin/../lib/gcc/arm-none-eabi/7.2.1/../../../../arm-none-eabi/lib/thumb/v7e-m/fpv4-sp/hard\libcr_c.a(fflush.o)
 .comment       0x0000007e       0x7f c:/nxp/mcuxpressoide_10.2.0_759/ide/tools/bin/../lib/gcc/arm-none-eabi/7.2.1/../../../../arm-none-eabi/lib/thumb/v7e-m/fpv4-sp/hard\libcr_c.a(fseek.o)
 .comment       0x0000007e       0x7f c:/nxp/mcuxpressoide_10.2.0_759/ide/tools/bin/../lib/gcc/arm-none-eabi/7.2.1/../../../../arm-none-eabi/lib/thumb/v7e-m/fpv4-sp/hard\libcr_c.a(ftell.o)
 .comment       0x0000007e       0x7f c:/nxp/mcuxpressoide_10.2.0_759/ide/tools/bin/../lib/gcc/arm-none-eabi/7.2.1/../../../../arm-none-eabi/lib/thumb/v7e-m/fpv4-sp/hard\libcr_c.a(remove.o)
 .comment       0x0000007e       0x7f c:/nxp/mcuxpressoide_10.2.0_759/ide/tools/bin/../lib/gcc/arm-none-eabi/7.2.1/../../../../arm-none-eabi/lib/thumb/v7e-m/fpv4-sp/hard\libcr_c.a(strlen.o)
 .comment       0x0000007e       0x7f c:/nxp/mcuxpressoide_10.2.0_759/ide/tools/bin/../lib/gcc/arm-none-eabi/7.2.1/../../../../arm-none-eabi/lib/thumb/v7e-m/fpv4-sp/hard\libcr_c.a(_do_fflush.o)
 .comment       0x0000007e       0x7f c:/nxp/mcuxpressoide_10.2.0_759/ide/tools/bin/../lib/gcc/arm-none-eabi/7.2.1/../../../../arm-none-eabi/lib/thumb/v7e-m/fpv4-sp/hard\libcr_c.a(_fflush.o)
 .comment       0x0000007e       0x7f c:/nxp/mcuxpressoide_10.2.0_759/ide/tools/bin/../lib/gcc/arm-none-eabi/7.2.1/../../../../arm-none-eabi/lib/thumb/v7e-m/fpv4-sp/hard\libcr_c.a(_writebuf.o)
 .comment       0x0000007e       0x7f c:/nxp/mcuxpressoide_10.2.0_759/ide/tools/bin/../lib/gcc/arm-none-eabi/7.2.1/../../../../arm-none-eabi/lib/thumb/v7e-m/fpv4-sp/hard\libcr_c.a(alloc.o)
 .comment       0x0000007e       0x7f c:/nxp/mcuxpressoide_10.2.0_759/ide/tools/bin/../lib/gcc/arm-none-eabi/7.2.1/../../../../arm-none-eabi/lib/thumb/v7e-m/fpv4-sp/hard\libcr_c.a(errno.o)
 .comment       0x0000007e       0x7f c:/nxp/mcuxpressoide_10.2.0_759/ide/tools/bin/../lib/gcc/arm-none-eabi/7.2.1/../../../../arm-none-eabi/lib/thumb/v7e-m/fpv4-sp/hard\libcr_c.a(_deferredlazyseek.o)
 .comment       0x0000007e       0x7f c:/nxp/mcuxpressoide_10.2.0_759/ide/tools/bin/../lib/gcc/arm-none-eabi/7.2.1/../../../../arm-none-eabi/lib/thumb/v7e-m/fpv4-sp/hard\libcr_semihost_nf.a(__ciob.o)

.ARM.attributes
                0x00000000       0x37
 .ARM.attributes
                0x00000000       0x39 ./source/startup/hardware.o
 .ARM.attributes
                0x00000039       0x39 ./source/startup/main.o
 .ARM.attributes
                0x00000072       0x39 ./source/startup/semihost_hardfault.o
 .ARM.attributes
                0x000000ab       0x39 ./source/startup/startup_mk64f12.o
 .ARM.attributes
                0x000000e4       0x39 ./source/drivers/Led.o
 .ARM.attributes
                0x0000011d       0x39 ./source/drivers/MplxLed.o
 .ARM.attributes
                0x00000156       0x39 ./source/drivers/Timer.o
 .ARM.attributes
                0x0000018f       0x39 ./source/drivers/button.o
 .ARM.attributes
                0x000001c8       0x39 ./source/drivers/encoder.o
 .ARM.attributes
                0x00000201       0x39 ./source/drivers/lector.o
 .ARM.attributes
                0x0000023a       0x39 ./source/drivers/seven_seg_display.o
 .ARM.attributes
                0x00000273       0x39 ./source/database/data_base.o
 .ARM.attributes
                0x000002ac       0x39 ./source/MCAL/SysTick.o
 .ARM.attributes
                0x000002e5       0x39 ./source/MCAL/gpio.o
 .ARM.attributes
                0x0000031e       0x39 ./source/FSM/States/admin_state.o
 .ARM.attributes
                0x00000357       0x39 ./source/FSM/States/fail_state.o
 .ARM.attributes
                0x00000390       0x39 ./source/FSM/States/id_state.o
 .ARM.attributes
                0x000003c9       0x39 ./source/FSM/States/main_menu_state.o
 .ARM.attributes
                0x00000402       0x39 ./source/FSM/States/open_state.o
 .ARM.attributes
                0x0000043b       0x39 ./source/FSM/States/pin_state.o
 .ARM.attributes
                0x00000474       0x39 ./source/FSM/States/user_input.o
 .ARM.attributes
                0x000004ad       0x39 ./source/FSM/States/usr_state.o
 .ARM.attributes
                0x000004e6       0x39 ./source/FSM/fsm.o
 .ARM.attributes
                0x0000051f       0x39 ./source/FSM/fsm_table.o
 .ARM.attributes
                0x00000558       0x39 ./source/App.o
 .ARM.attributes
                0x00000591       0x39 ./source/queue.o
 .ARM.attributes
                0x000005ca       0x39 ./CMSIS/system_MK64F12.o
 .ARM.attributes
                0x00000603       0x39 c:/nxp/mcuxpressoide_10.2.0_759/ide/tools/bin/../lib/gcc/arm-none-eabi/7.2.1/../../../../arm-none-eabi/lib/thumb/v7e-m/fpv4-sp/hard\libcr_semihost_nf.a(_cr__main.o)
 .ARM.attributes
                0x0000063c       0x39 c:/nxp/mcuxpressoide_10.2.0_759/ide/tools/bin/../lib/gcc/arm-none-eabi/7.2.1/../../../../arm-none-eabi/lib/thumb/v7e-m/fpv4-sp/hard\libcr_c.a(memcpy.o)
 .ARM.attributes
                0x00000675       0x39 c:/nxp/mcuxpressoide_10.2.0_759/ide/tools/bin/../lib/gcc/arm-none-eabi/7.2.1/../../../../arm-none-eabi/lib/thumb/v7e-m/fpv4-sp/hard\libcr_c.a(memset.o)
 .ARM.attributes
                0x000006ae       0x39 c:/nxp/mcuxpressoide_10.2.0_759/ide/tools/bin/../lib/gcc/arm-none-eabi/7.2.1/../../../../arm-none-eabi/lib/thumb/v7e-m/fpv4-sp/hard\libcr_c.a(initio.o)
 .ARM.attributes
                0x000006e7       0x39 c:/nxp/mcuxpressoide_10.2.0_759/ide/tools/bin/../lib/gcc/arm-none-eabi/7.2.1/../../../../arm-none-eabi/lib/thumb/v7e-m/fpv4-sp/hard\libcr_c.a(setvbuf.o)
 .ARM.attributes
                0x00000720       0x39 c:/nxp/mcuxpressoide_10.2.0_759/ide/tools/bin/../lib/gcc/arm-none-eabi/7.2.1/../../../../arm-none-eabi/lib/thumb/v7e-m/fpv4-sp/hard\libcr_c.a(_fdopen.o)
 .ARM.attributes
                0x00000759       0x39 c:/nxp/mcuxpressoide_10.2.0_759/ide/tools/bin/../lib/gcc/arm-none-eabi/7.2.1/../../../../arm-none-eabi/lib/thumb/v7e-m/fpv4-sp/hard\libcr_c.a(fclose.o)
 .ARM.attributes
                0x00000792       0x39 c:/nxp/mcuxpressoide_10.2.0_759/ide/tools/bin/../lib/gcc/arm-none-eabi/7.2.1/../../../../arm-none-eabi/lib/thumb/v7e-m/fpv4-sp/hard\libcr_c.a(fflush.o)
 .ARM.attributes
                0x000007cb       0x39 c:/nxp/mcuxpressoide_10.2.0_759/ide/tools/bin/../lib/gcc/arm-none-eabi/7.2.1/../../../../arm-none-eabi/lib/thumb/v7e-m/fpv4-sp/hard\libcr_c.a(fseek.o)
 .ARM.attributes
                0x00000804       0x39 c:/nxp/mcuxpressoide_10.2.0_759/ide/tools/bin/../lib/gcc/arm-none-eabi/7.2.1/../../../../arm-none-eabi/lib/thumb/v7e-m/fpv4-sp/hard\libcr_c.a(ftell.o)
 .ARM.attributes
                0x0000083d       0x39 c:/nxp/mcuxpressoide_10.2.0_759/ide/tools/bin/../lib/gcc/arm-none-eabi/7.2.1/../../../../arm-none-eabi/lib/thumb/v7e-m/fpv4-sp/hard\libcr_c.a(remove.o)
 .ARM.attributes
                0x00000876       0x39 c:/nxp/mcuxpressoide_10.2.0_759/ide/tools/bin/../lib/gcc/arm-none-eabi/7.2.1/../../../../arm-none-eabi/lib/thumb/v7e-m/fpv4-sp/hard\libcr_c.a(strlen.o)
 .ARM.attributes
                0x000008af       0x39 c:/nxp/mcuxpressoide_10.2.0_759/ide/tools/bin/../lib/gcc/arm-none-eabi/7.2.1/../../../../arm-none-eabi/lib/thumb/v7e-m/fpv4-sp/hard\libcr_c.a(_do_fflush.o)
 .ARM.attributes
                0x000008e8       0x39 c:/nxp/mcuxpressoide_10.2.0_759/ide/tools/bin/../lib/gcc/arm-none-eabi/7.2.1/../../../../arm-none-eabi/lib/thumb/v7e-m/fpv4-sp/hard\libcr_c.a(_fflush.o)
 .ARM.attributes
                0x00000921       0x39 c:/nxp/mcuxpressoide_10.2.0_759/ide/tools/bin/../lib/gcc/arm-none-eabi/7.2.1/../../../../arm-none-eabi/lib/thumb/v7e-m/fpv4-sp/hard\libcr_c.a(_writebuf.o)
 .ARM.attributes
                0x0000095a       0x39 c:/nxp/mcuxpressoide_10.2.0_759/ide/tools/bin/../lib/gcc/arm-none-eabi/7.2.1/../../../../arm-none-eabi/lib/thumb/v7e-m/fpv4-sp/hard\libcr_c.a(alloc.o)
 .ARM.attributes
                0x00000993       0x39 c:/nxp/mcuxpressoide_10.2.0_759/ide/tools/bin/../lib/gcc/arm-none-eabi/7.2.1/../../../../arm-none-eabi/lib/thumb/v7e-m/fpv4-sp/hard\libcr_c.a(errno.o)
 .ARM.attributes
                0x000009cc       0x39 c:/nxp/mcuxpressoide_10.2.0_759/ide/tools/bin/../lib/gcc/arm-none-eabi/7.2.1/../../../../arm-none-eabi/lib/thumb/v7e-m/fpv4-sp/hard\libcr_c.a(_deferredlazyseek.o)
 .ARM.attributes
                0x00000a05       0x25 c:/nxp/mcuxpressoide_10.2.0_759/ide/tools/bin/../lib/gcc/arm-none-eabi/7.2.1/thumb/v7e-m/fpv4-sp/hard\libcr_eabihelpers.a(memcpy.o)
 .ARM.attributes