Archive member included to satisfy reference by file (symbol)

c:/nxp/mcuxpressoide_10.2.0_759/ide/tools/bin/../lib/gcc/arm-none-eabi/7.2.1/../../../../arm-none-eabi/lib/thumb/v7e-m/fpv4-sp/hard\libcr_semihost_nf.a(_cr__main.o)
                              ./source/startup/startup_mk64f12.o (__main)
c:/nxp/mcuxpressoide_10.2.0_759/ide/tools/bin/../lib/gcc/arm-none-eabi/7.2.1/../../../../arm-none-eabi/lib/thumb/v7e-m/fpv4-sp/hard\libcr_c.a(memcpy.o)
                              ./source/drivers/Led.o (memcpy)
c:/nxp/mcuxpressoide_10.2.0_759/ide/tools/bin/../lib/gcc/arm-none-eabi/7.2.1/../../../../arm-none-eabi/lib/thumb/v7e-m/fpv4-sp/hard\libcr_c.a(memset.o)
                              ./source/database/data_base.o (memset)
c:/nxp/mcuxpressoide_10.2.0_759/ide/tools/bin/../lib/gcc/arm-none-eabi/7.2.1/../../../../arm-none-eabi/lib/thumb/v7e-m/fpv4-sp/hard\libcr_c.a(initio.o)
                              c:/nxp/mcuxpressoide_10.2.0_759/ide/tools/bin/../lib/gcc/arm-none-eabi/7.2.1/../../../../arm-none-eabi/lib/thumb/v7e-m/fpv4-sp/hard\libcr_semihost_nf.a(_cr__main.o) (_initio)
c:/nxp/mcuxpressoide_10.2.0_759/ide/tools/bin/../lib/gcc/arm-none-eabi/7.2.1/../../../../arm-none-eabi/lib/thumb/v7e-m/fpv4-sp/hard\libcr_c.a(setvbuf.o)
                              c:/nxp/mcuxpressoide_10.2.0_759/ide/tools/bin/../lib/gcc/arm-none-eabi/7.2.1/../../../../arm-none-eabi/lib/thumb/v7e-m/fpv4-sp/hard\libcr_c.a(initio.o) (setvbuf)
c:/nxp/mcuxpressoide_10.2.0_759/ide/tools/bin/../lib/gcc/arm-none-eabi/7.2.1/../../../../arm-none-eabi/lib/thumb/v7e-m/fpv4-sp/hard\libcr_c.a(_fdopen.o)
                              c:/nxp/mcuxpressoide_10.2.0_759/ide/tools/bin/../lib/gcc/arm-none-eabi/7.2.1/../../../../arm-none-eabi/lib/thumb/v7e-m/fpv4-sp/hard\libcr_c.a(initio.o) (_fdopen)
c:/nxp/mcuxpressoide_10.2.0_759/ide/tools/bin/../lib/gcc/arm-none-eabi/7.2.1/../../../../arm-none-eabi/lib/thumb/v7e-m/fpv4-sp/hard\libcr_c.a(fclose.o)
                              c:/nxp/mcuxpressoide_10.2.0_759/ide/tools/bin/../lib/gcc/arm-none-eabi/7.2.1/../../../../arm-none-eabi/lib/thumb/v7e-m/fpv4-sp/hard\libcr_c.a(initio.o) (fclose)
c:/nxp/mcuxpressoide_10.2.0_759/ide/tools/bin/../lib/gcc/arm-none-eabi/7.2.1/../../../../arm-none-eabi/lib/thumb/v7e-m/fpv4-sp/hard\libcr_c.a(fflush.o)
                              c:/nxp/mcuxpressoide_10.2.0_759/ide/tools/bin/../lib/gcc/arm-none-eabi/7.2.1/../../../../arm-none-eabi/lib/thumb/v7e-m/fpv4-sp/hard\libcr_c.a(fclose.o) (fflush)
c:/nxp/mcuxpressoide_10.2.0_759/ide/tools/bin/../lib/gcc/arm-none-eabi/7.2.1/../../../../arm-none-eabi/lib/thumb/v7e-m/fpv4-sp/hard\libcr_c.a(fseek.o)
                              c:/nxp/mcuxpressoide_10.2.0_759/ide/tools/bin/../lib/gcc/arm-none-eabi/7.2.1/../../../../arm-none-eabi/lib/thumb/v7e-m/fpv4-sp/hard\libcr_c.a(_fdopen.o) (fseek)
c:/nxp/mcuxpressoide_10.2.0_759/ide/tools/bin/../lib/gcc/arm-none-eabi/7.2.1/../../../../arm-none-eabi/lib/thumb/v7e-m/fpv4-sp/hard\libcr_c.a(ftell.o)
                              c:/nxp/mcuxpressoide_10.2.0_759/ide/tools/bin/../lib/gcc/arm-none-eabi/7.2.1/../../../../arm-none-eabi/lib/thumb/v7e-m/fpv4-sp/hard\libcr_c.a(fseek.o) (ftell)
c:/nxp/mcuxpressoide_10.2.0_759/ide/tools/bin/../lib/gcc/arm-none-eabi/7.2.1/../../../../arm-none-eabi/lib/thumb/v7e-m/fpv4-sp/hard\libcr_c.a(remove.o)
                              c:/nxp/mcuxpressoide_10.2.0_759/ide/tools/bin/../lib/gcc/arm-none-eabi/7.2.1/../../../../arm-none-eabi/lib/thumb/v7e-m/fpv4-sp/hard\libcr_c.a(fclose.o) (remove)
c:/nxp/mcuxpressoide_10.2.0_759/ide/tools/bin/../lib/gcc/arm-none-eabi/7.2.1/../../../../arm-none-eabi/lib/thumb/v7e-m/fpv4-sp/hard\libcr_c.a(strlen.o)
                              c:/nxp/mcuxpressoide_10.2.0_759/ide/tools/bin/../lib/gcc/arm-none-eabi/7.2.1/../../../../arm-none-eabi/lib/thumb/v7e-m/fpv4-sp/hard\libcr_c.a(remove.o) (strlen)
c:/nxp/mcuxpressoide_10.2.0_759/ide/tools/bin/../lib/gcc/arm-none-eabi/7.2.1/../../../../arm-none-eabi/lib/thumb/v7e-m/fpv4-sp/hard\libcr_c.a(_do_fflush.o)
                              c:/nxp/mcuxpressoide_10.2.0_759/ide/tools/bin/../lib/gcc/arm-none-eabi/7.2.1/../../../../arm-none-eabi/lib/thumb/v7e-m/fpv4-sp/hard\libcr_c.a(fflush.o) (_do_fflush)
c:/nxp/mcuxpressoide_10.2.0_759/ide/tools/bin/../lib/gcc/arm-none-eabi/7.2.1/../../../../arm-none-eabi/lib/thumb/v7e-m/fpv4-sp/hard\libcr_c.a(_fflush.o)
                              c:/nxp/mcuxpressoide_10.2.0_759/ide/tools/bin/../lib/gcc/arm-none-eabi/7.2.1/../../../../arm-none-eabi/lib/thumb/v7e-m/fpv4-sp/hard\libcr_c.a(_do_fflush.o) (_fflush)
c:/nxp/mcuxpressoide_10.2.0_759/ide/tools/bin/../lib/gcc/arm-none-eabi/7.2.1/../../../../arm-none-eabi/lib/thumb/v7e-m/fpv4-sp/hard\libcr_c.a(_writebuf.o)
                              c:/nxp/mcuxpressoide_10.2.0_759/ide/tools/bin/../lib/gcc/arm-none-eabi/7.2.1/../../../../arm-none-eabi/lib/thumb/v7e-m/fpv4-sp/hard\libcr_c.a(_fflush.o) (_Cwritebuf)
[...]
Memory Configuration

Name             Origin             Length             Attributes
PROGRAM_FLASH    0x00000000         0x00100000         xr
SRAM_UPPER       0x20000000         0x00030000         xrw
SRAM_LOWER       0x1fff0000         0x00010000         xrw
FLEX_RAM         0x14000000         0x00001000         xrw
*default*        0x00000000         0xffffffff

Linker script and memory map

LOAD ./source/startup/hardware.o
LOAD ./source/startup/main.o
LOAD ./source/startup/semihost_hardfault.o
LOAD ./source/startup/startup_mk64f12.o
LOAD ./source/drivers/Led.o
LOAD ./source/drivers/MplxLed.o
LOAD ./source/drivers/Timer.o
LOAD ./source/drivers/button.o
LOAD ./source/drivers/encoder.o
LOAD ./source/drivers/lector.o
LOAD ./source/drivers/seven_seg_display.o
LOAD ./source/database/data_base.o
LOAD ./source/MCAL/SysTick.o
LOAD ./source/MCAL/gpio.o
LOAD ./source/FSM/States/add_user_state/substates/add_user_id_state.o
LOAD ./source/FSM/States/add_user_state/substates/add_user_main_state.o
LOAD ./source/FSM/States/add_user_state/substates/add_user_pin_state.o
LOAD ./source/FSM/States/add_user_state/add_user_fsm_table.o
LOAD ./source/FSM/States/add_user_state/add_user_state.o
LOAD ./source/FSM/States/config_device_state.o
LOAD ./source/FSM/States/config_me_state.o
LOAD ./source/FSM/States/delete_user_state.o
LOAD ./source/FSM/States/id_state.o
LOAD ./source/FSM/States/menu_state.o
LOAD ./source/FSM/States/open_state.o
LOAD ./source/FSM/States/pin_state.o
LOAD ./source/FSM/States/user_input.o
LOAD ./source/FSM/States/welcome_state.o
LOAD ./source/FSM/fsm.o
LOAD ./source/FSM/fsm_table.o
LOAD ./source/App.o
LOAD ./source/queue.o
LOAD ./CMSIS/system_MK64F12.o
START GROUP
LOAD c:/nxp/mcuxpressoide_10.2.0_759/ide/tools/bin/../lib/gcc/arm-none-eabi/7.2.1/../../../../arm-none-eabi/lib/thumb/v7e-m/fpv4-sp/hard\libcr_semihost_nf.a
LOAD c:/nxp/mcuxpressoide_10.2.0_759/ide/tools/bin/../lib/gcc/arm-none-eabi/7.2.1/../../../../arm-none-eabi/lib/thumb/v7e-m/fpv4-sp/hard\libcr_c.a
LOAD c:/nxp/mcuxpressoide_10.2.0_759/ide/tools/bin/../lib/gcc/arm-none-eabi/7.2.1/thumb/v7e-m/fpv4-sp/hard\libcr_eabihelpers.a
END GROUP
                0x00000000                __base_PROGRAM_FLASH = 0x0
                0x00000000                __base_Flash = 0x0
                0x00100000                __top_PROGRAM_FLASH = 0x100000
                0x00100000                __top_Flash = 0x100000
                0x20000000                __base_SRAM_UPPER = 0x20000000
                0x20000000                __base_RAM = 0x20000000
                0x20030000                __top_SRAM_UPPER = 0x20030000
                0x20030000                __top_RAM = 0x20030000
                0x1fff0000                __base_SRAM_LOWER = 0x1fff0000
                0x1fff0000                __base_RAM2 = 0x1fff0000
                0x20000000                __top_SRAM_LOWER = 0x20000000
                0x20000000                __top_RAM2 = 0x20000000
                0x14000000                __base_FLEX_RAM = 0x14000000
                0x14000000                __base_RAM3 = 0x14000000
                0x14001000                __top_FLEX_RAM = 0x14001000
                0x14001000                __top_RAM3 = 0x14001000

.text           0x00000000     0x6788
 FILL mask 0xff
                0x00000000                __vectors_start__ = ABSOLUTE (.)
 *(SORT_BY_ALIGNMENT(.isr_vector))
 .isr_vector    0x00000000      0x198 ./source/startup/startup_mk64f12.o
                0x00000000                g_pfnVectors
                0x00000000                __Vectors
                0x00000198                . = ALIGN (0x4)
                0x00000198                __section_table_start = .
                0x00000198                __data_section_table = .
                0x00000198        0x4 LONG 0x6788 LOADADDR (.data)
                0x0000019c        0x4 LONG 0x20000000 ADDR (.data)
                0x000001a0        0x4 LONG 0x4e8 SIZEOF (.data)
                0x000001a4        0x4 LONG 0x6788 LOADADDR (.data_RAM2)
                0x000001a8        0x4 LONG 0x1fff0000 ADDR (.data_RAM2)
                0x000001ac        0x4 LONG 0x0 SIZEOF (.data_RAM2)
                0x000001b0        0x4 LONG 0x6788 LOADADDR (.data_RAM3)
                0x000001b4        0x4 LONG 0x14000000 ADDR (.data_RAM3)
                0x000001b8        0x4 LONG 0x0 SIZEOF (.data_RAM3)
                0x000001bc                __data_section_table_end = .
                0x000001bc                __bss_section_table = .
                0x000001bc        0x4 LONG 0x200004e8 ADDR (.bss)
                0x000001c0        0x4 LONG 0x1370 SIZEOF (.bss)
                0x000001c4        0x4 LONG 0x1fff0000 ADDR (.bss_RAM2)
                0x000001c8        0x4 LONG 0x0 SIZEOF (.bss_RAM2)
                0x000001cc        0x4 LONG 0x14000000 ADDR (.bss_RAM3)
                0x000001d0        0x4 LONG 0x0 SIZEOF (.bss_RAM3)
                0x000001d4                __bss_section_table_end = .
                0x000001d4                __section_table_end = .
 *(SORT_BY_ALIGNMENT(.after_vectors*))
 .after_vectors.reset
                0x000001d4       0x4c ./source/startup/startup_mk64f12.o
                0x000001d4                ResetISR
 .after_vectors.init_data
                0x00000220       0x1e ./source/startup/startup_mk64f12.o
                0x00000220                data_init
 .after_vectors.init_bss
                0x0000023e       0x12 ./source/startup/startup_mk64f12.o
                0x0000023e                bss_init
 .after_vectors
                0x00000250       0x14 ./source/startup/startup_mk64f12.o
                0x00000250                NMI_Handler
                0x00000254                MemManage_Handler
                0x00000256                BusFault_Handler
                0x00000258                UsageFault_Handler
                0x0000025a                SVC_Handler
                0x0000025c                DebugMon_Handler
                0x0000025e                PendSV_Handler
                0x00000262                DMA_Error_DriverIRQHandler
                0x00000262                LPTMR0_DriverIRQHandler
                0x00000262                FTM1_DriverIRQHandler
                0x00000262                FTM2_DriverIRQHandler
                0x00000262                PIT2_DriverIRQHandler
                0x00000262                SDHC_DriverIRQHandler
                0x00000262                I2S0_Tx_DriverIRQHandler
                0x00000262                RTC_Seconds_DriverIRQHandler
                0x00000262                DMA6_DriverIRQHandler
                0x00000262                LLWU_DriverIRQHandler
                0x00000262                MCM_DriverIRQHandler
                0x00000262                MCG_DriverIRQHandler
                0x00000262                ENET_1588_Timer_DriverIRQHandler
                0x00000262                I2C2_DriverIRQHandler
                0x00000262                DAC1_DriverIRQHandler
                0x00000262                SPI1_DriverIRQHandler
                0x00000262                CMP1_DriverIRQHandler
                0x00000262                UART5_RX_TX_DriverIRQHandler
                0x00000262                FTM0_DriverIRQHandler
                0x00000262                IntDefaultHandler
                0x00000262                USB0_DriverIRQHandler
                0x00000262                UART5_ERR_DriverIRQHandler
                0x00000262                PORTC_DriverIRQHandler
                0x00000262                DMA11_DriverIRQHandler
                0x00000262                DAC0_DriverIRQHandler
                0x00000262                DMA10_DriverIRQHandler
                0x00000262                CMP2_DriverIRQHandler
                0x00000262                UART2_ERR_DriverIRQHandler
                0x00000262                SPI2_DriverIRQHandler
                0x00000262                LVD_LVW_DriverIRQHandler
                0x00000262                PIT0_DriverIRQHandler
                0x00000262                RNG_DriverIRQHandler
                0x00000262                DMA5_DriverIRQHandler
                0x00000262                DMA12_DriverIRQHandler
                0x00000262                UART2_RX_TX_DriverIRQHandler
                0x00000262                USBDCD_DriverIRQHandler
                0x00000262                UART3_ERR_DriverIRQHandler
                0x00000262                DMA3_DriverIRQHandler
                0x00000262                DMA8_DriverIRQHandler
                0x00000262                DMA9_DriverIRQHandler
                0x00000262                UART0_ERR_DriverIRQHandler
                0x00000262                CMT_DriverIRQHandler
                0x00000262                Reserved71_DriverIRQHandler
                0x00000262                ADC1_DriverIRQHandler
                0x00000262                PORTA_DriverIRQHandler
                0x00000262                DMA14_DriverIRQHandler
                0x00000262                PIT3_DriverIRQHandler
                0x00000262                PIT1_DriverIRQHandler
                0x00000262                WDOG_EWM_DriverIRQHandler
                0x00000262                PDB0_DriverIRQHandler
                0x00000262                RTC_DriverIRQHandler
                0x00000262                I2S0_Rx_DriverIRQHandler
                0x00000262                Read_Collision_DriverIRQHandler
                0x00000262                SWI_DriverIRQHandler
                0x00000262                UART4_RX_TX_DriverIRQHandler
                0x00000262                UART4_ERR_DriverIRQHandler
                0x00000262                PORTB_DriverIRQHandler
                0x00000262                UART0_LON_DriverIRQHandler
                0x00000262                DMA0_DriverIRQHandler
                0x00000262                DMA1_DriverIRQHandler
                0x00000262                I2C1_DriverIRQHandler
                0x00000262                UART3_RX_TX_DriverIRQHandler
                0x00000262                ENET_Receive_DriverIRQHandler
                0x00000262                DMA13_DriverIRQHandler
                0x00000262                ENET_Error_DriverIRQHandler
                0x00000262                DMA15_DriverIRQHandler
                0x00000262                UART0_RX_TX_DriverIRQHandler
                0x00000262                SPI0_DriverIRQHandler
                0x00000262                ADC0_DriverIRQHandler
                0x00000262                CMP0_DriverIRQHandler
                0x00000262                CAN0_DriverIRQHandler
                0x00000262                FTM3_DriverIRQHandler
                0x00000262                DMA4_DriverIRQHandler
                0x00000262                UART1_ERR_DriverIRQHandler
                0x00000262                DMA2_DriverIRQHandler
                0x00000262                ENET_Transmit_DriverIRQHandler
                0x00000262                PORTD_DriverIRQHandler
                0x00000262                PORTE_DriverIRQHandler
                0x00000262                FTFE_DriverIRQHandler
                0x00000262                I2C0_DriverIRQHandler
                0x00000262                DMA7_DriverIRQHandler
                0x00000262                UART1_RX_TX_DriverIRQHandler
                0x00000400                . = 0x400
 *fill*         0x00000264      0x19c ff
                0x00000400                PROVIDE (__FLASH_CONFIG_START__, .)
 *(SORT_BY_ALIGNMENT(.FlashConfig))
 .FlashConfig   0x00000400       0x10 ./source/startup/startup_mk64f12.o
                0x00000400                Flash_Config
                0x00000410                PROVIDE (__FLASH_CONFIG_END__, .)
                0x00000001                ASSERT (! ((__FLASH_CONFIG_START__ == __FLASH_CONFIG_END__)), Linker Flash Config Support Enabled, but no .FlashConfig section provided within application)
 *(SORT_BY_ALIGNMENT(.text*))
 .text.hw_Init  0x00000410      0x10c ./source/startup/hardware.o
                0x00000410                hw_Init
 .text.hw_EnableInterrupts
                0x0000051c       0x30 ./source/startup/hardware.o
                0x0000051c                hw_EnableInterrupts
 .text.hw_DisableInterrupts
                0x0000054c       0x20 ./source/startup/hardware.o
                0x0000054c                hw_DisableInterrupts
 .text.Led_Init
                0x0000056c      0x188 ./source/drivers/Led.o
                0x0000056c                Led_Init
 .text.Led_OnForDefinedTime
                0x000006f4       0xa4 ./source/drivers/Led.o
                0x000006f4                Led_OnForDefinedTime
 .text.Led_CustomBlink
                0x00000798       0xf0 ./source/drivers/Led.o
                0x00000798                Led_CustomBlink
 .text.Led_InfiniteBlink
                0x00000888       0x80 ./source/drivers/Led.o
                0x00000888                Led_InfiniteBlink
 .text.Led_StopInfiniteBlink
                0x00000908       0x6c ./source/drivers/Led.o
                0x00000908                Led_StopInfiniteBlink
 .text.Led_StopAllProcesses
                0x00000974      0x108 ./source/drivers/Led.o
                0x00000974                Led_StopAllProcesses
 .text.Led_StopAllProcessedFromAllLeds
                0x00000a7c       0x3c ./source/drivers/Led.o
                0x00000a7c                Led_StopAllProcessedFromAllLeds
 .text.findLedIndexByID
                0x00000ab8       0x4c ./source/drivers/Led.o
 .text.Led_PISR
                0x00000b04       0xcc ./source/drivers/Led.o
 .text.MplxLed_Init
                0x00000bd0       0x9c ./source/drivers/MplxLed.o
                0x00000bd0                MplxLed_Init
 .text.MplxLed_On
                0x00000c6c       0x58 ./source/drivers/MplxLed.o
                0x00000c6c                MplxLed_On
 .text.MplxLed_Off
                0x00000cc4       0x58 ./source/drivers/MplxLed.o
                0x00000cc4                MplxLed_Off
 .text.MplxLed_StopAllProcessedFromAllLeds
                0x00000d1c       0x50 ./source/drivers/MplxLed.o
                0x00000d1c                MplxLed_StopAllProcessedFromAllLeds
 .text.MplxLed_PISR
                0x00000d6c      0x33c ./source/drivers/MplxLed.o
                0x00000d6c                MplxLed_PISR
 .text.Timer_Init
                0x000010a8       0x2c ./source/drivers/Timer.o
                0x000010a8                Timer_Init
 .text.Timer_AddCallback
                0x000010d4       0x88 ./source/drivers/Timer.o
                0x000010d4                Timer_AddCallback
 .text.Timer_Delete
                0x0000115c      0x1b8 ./source/drivers/Timer.o
                0x0000115c                Timer_Delete
 .text.Timer_Reset
                0x00001314       0x80 ./source/drivers/Timer.o
                0x00001314                Timer_Reset
 .text.Timer_PISR
                0x00001394       0xec ./source/drivers/Timer.o
 .text.systick_callback
                0x00001480      0x278 ./source/drivers/button.o
 .text.buttonsInit
                0x000016f8       0x14 ./source/drivers/button.o
                0x000016f8                buttonsInit
 .text.wasTap   0x0000170c       0x74 ./source/drivers/button.o
                0x0000170c                wasTap
 .text.wasLkp   0x00001780       0x80 ./source/drivers/button.o
                0x00001780                wasLkp
 .text.buttonConfiguration
                0x00001800      0x120 ./source/drivers/button.o
                0x00001800                buttonConfiguration
 .text.Encoder_Init
                0x00001920       0x60 ./source/drivers/encoder.o
                0x00001920                Encoder_Init
 .text.Encoder_GetMove
                0x00001980       0x3c ./source/drivers/encoder.o
                0x00001980                Encoder_GetMove
 .text.lookForMoves
                0x000019bc       0xd0 ./source/drivers/encoder.o
                0x000019bc                lookForMoves
 .text.Lector_Init
                0x00001a8c       0x3c ./source/drivers/lector.o
                0x00001a8c                Lector_Init
 .text.Lector_Event
                0x00001ac8       0x28 ./source/drivers/lector.o
                0x00001ac8                Lector_Event
 .text.Lector_GetData
                0x00001af0      0x328 ./source/drivers/lector.o
                0x00001af0                Lector_GetData
 .text.EnableIRQcallback
                0x00001e18       0x48 ./source/drivers/lector.o
                0x00001e18                EnableIRQcallback
 .text.ClockIRQcallback
                0x00001e60       0x4c ./source/drivers/lector.o
                0x00001e60                ClockIRQcallback
 .text.find_ss_fs_es
                0x00001eac       0xb8 ./source/drivers/lector.o
                0x00001eac                find_ss_fs_es
 .text.find_fs  0x00001f64       0x88 ./source/drivers/lector.o
                0x00001f64                find_fs
 .text.find_es  0x00001fec       0x88 ./source/drivers/lector.o
                0x00001fec                find_es
 .text.SevenSegDisplay_Init
                0x00002074       0xe4 ./source/drivers/seven_seg_display.o
                0x00002074                SevenSegDisplay_Init
 .text.SevenSegDisplay_ChangeCharacter
                0x00002158       0x44 ./source/drivers/seven_seg_display.o
                0x00002158                SevenSegDisplay_ChangeCharacter
 .text.SevenSegDisplay_BlinkScreen
                0x0000219c       0x54 ./source/drivers/seven_seg_display.o
                0x0000219c                SevenSegDisplay_BlinkScreen
 .text.SevenSegDisplay_BlinkCharacter
                0x000021f0       0x8c ./source/drivers/seven_seg_display.o
                0x000021f0                SevenSegDisplay_BlinkCharacter
 .text.SevenSegDisplay_SetBright
                0x0000227c       0x20 ./source/drivers/seven_seg_display.o
                0x0000227c                SevenSegDisplay_SetBright
 .text.SevenSegDisplay_WriteBuffer
                0x0000229c       0x64 ./source/drivers/seven_seg_display.o
                0x0000229c                SevenSegDisplay_WriteBuffer
 .text.SevenSegDisplay_WriteBufferAndMove
                0x00002300       0x90 ./source/drivers/seven_seg_display.o
                0x00002300                SevenSegDisplay_WriteBufferAndMove
 .text.SevenSegDisplay_Swipe
                0x00002390       0x5c ./source/drivers/seven_seg_display.o
                0x00002390                SevenSegDisplay_Swipe
 .text.SevenSegDisplay_SetPos
                0x000023ec       0x30 ./source/drivers/seven_seg_display.o
                0x000023ec                SevenSegDisplay_SetPos
 .text.SevenSegDisplay_CursorOn
                0x0000241c       0x3c ./source/drivers/seven_seg_display.o
                0x0000241c                SevenSegDisplay_CursorOn
 .text.SevenSegDisplay_CursorOff
                0x00002458       0x2c ./source/drivers/seven_seg_display.o
                0x00002458                SevenSegDisplay_CursorOff
 .text.SevenSegDisplay_CursorInc
                0x00002484       0x48 ./source/drivers/seven_seg_display.o
                0x00002484                SevenSegDisplay_CursorInc
 .text.SevenSegDisplay_CursorDec
                0x000024cc       0x48 ./source/drivers/seven_seg_display.o
                0x000024cc                SevenSegDisplay_CursorDec
 .text.SevenSegDisplay_PrintCharacter
                0x00002514       0x50 ./source/drivers/seven_seg_display.o
                0x00002514                SevenSegDisplay_PrintCharacter
 .text.SevenSegDisplay_PISR
                0x00002564      0x254 ./source/drivers/seven_seg_display.o
                0x00002564                SevenSegDisplay_PISR
 .text.SevenSegDisplay_EraseScreen
                0x000027b8       0x3c ./source/drivers/seven_seg_display.o
                0x000027b8                SevenSegDisplay_EraseScreen
 .text.SevenSegDisplay_chat2sevseg
                0x000027f4       0x7c ./source/drivers/seven_seg_display.o
                0x000027f4                SevenSegDisplay_chat2sevseg
 .text.SevenSegDisplay_AnimationCircles
                0x00002870       0x3c ./source/drivers/seven_seg_display.o
                0x00002870                SevenSegDisplay_AnimationCircles
 .text.SevenSegDisplay_StopAnimation
                0x000028ac       0x18 ./source/drivers/seven_seg_display.o
                0x000028ac                SevenSegDisplay_StopAnimation
 .text.initializeDataBase
                0x000028c4      0x284 ./source/database/data_base.o
                0x000028c4                initializeDataBase
 .text.verifyID
                0x00002b48       0xa8 ./source/database/data_base.o
                0x00002b48                verifyID
 .text.verifyPIN
                0x00002bf0       0xdc ./source/database/data_base.o
                0x00002bf0                verifyPIN
 .text.isCurrentUserBlocked
                0x00002ccc       0x38 ./source/database/data_base.o
                0x00002ccc                isCurrentUserBlocked
 .text.AttemptsOnCurrent
                0x00002d04       0x30 ./source/database/data_base.o
                0x00002d04                AttemptsOnCurrent
 .text.getIdByCardNumber
                0x00002d34       0x9c ./source/database/data_base.o
                0x00002d34                getIdByCardNumber
 .text.UnblockUser
                0x00002dd0       0x68 ./source/database/data_base.o
                0x00002dd0                UnblockUser
 .text.IsAdmin  0x00002e38       0x38 ./source/database/data_base.o
                0x00002e38                IsAdmin
 .text.checkAddUser
                0x00002e70      0x134 ./source/database/data_base.o
                0x00002e70                checkAddUser
 .text.validateAll
                0x00002fa4       0x68 ./source/database/data_base.o
                0x00002fa4                validateAll
 .text.changePin
                0x0000300c       0x6c ./source/database/data_base.o
                0x0000300c                changePin
 .text.verifyCardNumber
                0x00003078       0xe0 ./source/database/data_base.o
                0x00003078                verifyCardNumber
 .text.removeUser
                0x00003158       0x58 ./source/database/data_base.o
                0x00003158                removeUser
 .text.moveAllUsersOnePlace
                0x000031b0      0x18c ./source/database/data_base.o
 .text.SysTick_Init
                0x0000333c       0x3c ./source/MCAL/SysTick.o
                0x0000333c                SysTick_Init
 .text.SysTick_AddCallback
                0x00003378       0x88 ./source/MCAL/SysTick.o
                0x00003378                SysTick_AddCallback
 .text.SysTick_Handler
                0x00003400       0xdc ./source/MCAL/SysTick.o
                0x00003400                SysTick_Handler
 .text.__NVIC_EnableIRQ
                0x000034dc       0x3c ./source/MCAL/gpio.o
 .text.__NVIC_GetEnableIRQ
                0x00003518       0x40 ./source/MCAL/gpio.o
 .text.gpioMode
                0x00003558      0x17c ./source/MCAL/gpio.o
                0x00003558                gpioMode
 .text.gpioToggle
                0x000036d4       0x48 ./source/MCAL/gpio.o
                0x000036d4                gpioToggle
 .text.gpioRead
                0x0000371c       0x48 ./source/MCAL/gpio.o
                0x0000371c                gpioRead
 .text.gpioWrite
                0x00003764       0x5c ./source/MCAL/gpio.o
                0x00003764                gpioWrite
 .text.gpioIRQ  0x000037c0       0x90 ./source/MCAL/gpio.o
                0x000037c0                gpioIRQ
 .text.interruptHandler
                0x00003850       0xa0 ./source/MCAL/gpio.o
                0x00003850                interruptHandler
 .text.addUserId_initLogin
                0x000038f0       0x28 ./source/FSM/States/add_user_state/substates/add_user_id_state.o
                0x000038f0                addUserId_initLogin
 .text.addUserId_increaseCurrent
                0x00003918       0x40 ./source/FSM/States/add_user_state/substates/add_user_id_state.o
                0x00003918                addUserId_increaseCurrent
 .text.addUserId_decreaseCurrent
                0x00003958       0x40 ./source/FSM/States/add_user_state/substates/add_user_id_state.o
                0x00003958                addUserId_decreaseCurrent
 .text.addUserId_confirmID
                0x00003998       0x64 ./source/FSM/States/add_user_state/substates/add_user_id_state.o
                0x00003998                addUserId_confirmID
 .text.addUserId_acceptNumber
                0x000039fc       0x40 ./source/FSM/States/add_user_state/substates/add_user_id_state.o
                0x000039fc                addUserId_acceptNumber
 .text.addUserId_getIDArray
                0x00003a3c       0x14 ./source/FSM/States/add_user_state/substates/add_user_id_state.o
                0x00003a3c                addUserId_getIDArray
 .text.showTitle
                0x00003a50       0x48 ./source/FSM/States/add_user_state/substates/add_user_id_state.o
 .text.stopShowingTitle
                0x00003a98       0x30 ./source/FSM/States/add_user_state/substates/add_user_id_state.o
 .text.userInteractionStopsTitle
                0x00003ac8       0x28 ./source/FSM/States/add_user_state/substates/add_user_id_state.o
 .text.userInteractionStopsErrorIndication
                0x00003af0       0x30 ./source/FSM/States/add_user_state/substates/add_user_id_state.o
 .text.idFail   0x00003b20       0x4c ./source/FSM/States/add_user_state/substates/add_user_id_state.o
 .text.idAlreadyExists
                0x00003b6c       0x4c ./source/FSM/States/add_user_state/substates/add_user_id_state.o
 .text.addUsr_initState
                0x00003bb8       0x30 ./source/FSM/States/add_user_state/substates/add_user_main_state.o
                0x00003bb8                addUsr_initState
 .text.addUsr_cardSwipe
                0x00003be8       0xb4 ./source/FSM/States/add_user_state/substates/add_user_main_state.o
                0x00003be8                addUsr_cardSwipe
 .text.addUsr_getCardNumber
                0x00003c9c       0x14 ./source/FSM/States/add_user_state/substates/add_user_main_state.o
                0x00003c9c                addUsr_getCardNumber
 .text.showTitle
                0x00003cb0       0x28 ./source/FSM/States/add_user_state/substates/add_user_main_state.o
 .text.CardFail
                0x00003cd8       0x40 ./source/FSM/States/add_user_state/substates/add_user_main_state.o
 .text.cardIsUsed
                0x00003d18       0x40 ./source/FSM/States/add_user_state/substates/add_user_main_state.o
 .text.addUserPin_initPinInput
                0x00003d58       0x28 ./source/FSM/States/add_user_state/substates/add_user_pin_state.o
                0x00003d58                addUserPin_initPinInput
 .text.addUserPin_confirmPin
                0x00003d80       0x70 ./source/FSM/States/add_user_state/substates/add_user_pin_state.o
                0x00003d80                addUserPin_confirmPin
 .text.addUserPin_acceptNumber
                0x00003df0       0x5c ./source/FSM/States/add_user_state/substates/add_user_pin_state.o
                0x00003df0                addUserPin_acceptNumber
 .text.addUserPin_increaseCurrent
                0x00003e4c       0x40 ./source/FSM/States/add_user_state/substates/add_user_pin_state.o
                0x00003e4c                addUserPin_increaseCurrent
 .text.addUserPin_decreaseCurrent
                0x00003e8c       0x40 ./source/FSM/States/add_user_state/substates/add_user_pin_state.o
                0x00003e8c                addUserPin_decreaseCurrent
 .text.showTitle
                0x00003ecc       0x48 ./source/FSM/States/add_user_state/substates/add_user_pin_state.o
 .text.stopShowingTitle
                0x00003f14       0x30 ./source/FSM/States/add_user_state/substates/add_user_pin_state.o
 .text.userInteractionStopsTitle
                0x00003f44       0x28 ./source/FSM/States/add_user_state/substates/add_user_pin_state.o
 .text.userInteractionStopsErrorIndication
                0x00003f6c       0x30 ./source/FSM/States/add_user_state/substates/add_user_pin_state.o
 .text.pinFail  0x00003f9c       0x4c ./source/FSM/States/add_user_state/substates/add_user_pin_state.o
 .text.subFSM_GetInitState
                0x00003fe8       0x14 ./source/FSM/States/add_user_state/add_user_fsm_table.o
                0x00003fe8                subFSM_GetInitState
 .text.addUser_initFSM
                0x00003ffc       0x1c ./source/FSM/States/add_user_state/add_user_state.o
                0x00003ffc                addUser_initFSM
 .text.addUser_onLKP
                0x00004018       0x20 ./source/FSM/States/add_user_state/add_user_state.o
                0x00004018                addUser_onLKP
 .text.addUser_onPress
                0x00004038       0x20 ./source/FSM/States/add_user_state/add_user_state.o
                0x00004038                addUser_onPress
 .text.addUser_onEncoderRight
                0x00004058       0x20 ./source/FSM/States/add_user_state/add_user_state.o
                0x00004058                addUser_onEncoderRight
 .text.addUser_onEncoderLeft
                0x00004078       0x20 ./source/FSM/States/add_user_state/add_user_state.o
                0x00004078                addUser_onEncoderLeft
 .text.addUser_onCardSwipe
                0x00004098       0x20 ./source/FSM/States/add_user_state/add_user_state.o
                0x00004098                addUser_onCardSwipe
 .text.addUser_onReturn
                0x000040b8       0x20 ./source/FSM/States/add_user_state/add_user_state.o
                0x000040b8                addUser_onReturn
 .text.addUser_onIdOk
                0x000040d8       0x20 ./source/FSM/States/add_user_state/add_user_state.o
                0x000040d8                addUser_onIdOk
 .text.addUser_onIdFail
                0x000040f8       0x20 ./source/FSM/States/add_user_state/add_user_state.o
                0x000040f8                addUser_onIdFail
 .text.addUser_onCardFail
                0x00004118       0x20 ./source/FSM/States/add_user_state/add_user_state.o
                0x00004118                addUser_onCardFail
 .text.initConfigDevice
                0x00004138       0x40 ./source/FSM/States/config_device_state.o
                0x00004138                initConfigDevice
 .text.configDev_nextOption
                0x00004178       0x2c ./source/FSM/States/config_device_state.o
                0x00004178                configDev_nextOption
 .text.configDev_previousOption
                0x000041a4       0x2c ./source/FSM/States/config_device_state.o
                0x000041a4                configDev_previousOption
 .text.setCurrentOption
                0x000041d0       0x38 ./source/FSM/States/config_device_state.o
 .text.configMe_initState
                0x00004208       0x28 ./source/FSM/States/config_me_state.o
                0x00004208                configMe_initState
 .text.configMe_confirmPin
                0x00004230       0x48 ./source/FSM/States/config_me_state.o
                0x00004230                configMe_confirmPin
 .text.configMe_acceptNumber
                0x00004278       0x40 ./source/FSM/States/config_me_state.o
                0x00004278                configMe_acceptNumber
 .text.configMe_increaseCurrent
                0x000042b8       0x40 ./source/FSM/States/config_me_state.o
                0x000042b8                configMe_increaseCurrent
 .text.configMe_decreaseCurrent
                0x000042f8       0x40 ./source/FSM/States/config_me_state.o
                0x000042f8                configMe_decreaseCurrent
 .text.showTitle
                0x00004338       0x4c ./source/FSM/States/config_me_state.o
 .text.stopShowingTitle
                0x00004384       0x30 ./source/FSM/States/config_me_state.o
 .text.userInteractionStopsTitle
                0x000043b4       0x24 ./source/FSM/States/config_me_state.o
 .text.userInteractionStopsErrorIndication
                0x000043d8       0x30 ./source/FSM/States/config_me_state.o
 .text.pinFail  0x00004408       0x4c ./source/FSM/States/config_me_state.o
 .text.deleteUser_initState
                0x00004454       0x28 ./source/FSM/States/delete_user_state.o
                0x00004454                deleteUser_initState
 .text.deleteUser_increaseCurrent
                0x0000447c       0x40 ./source/FSM/States/delete_user_state.o
                0x0000447c                deleteUser_increaseCurrent
 .text.deleteUser_decreaseCurrent
                0x000044bc       0x40 ./source/FSM/States/delete_user_state.o
                0x000044bc                deleteUser_decreaseCurrent
 .text.deleteUser_confirm
                0x000044fc       0x48 ./source/FSM/States/delete_user_state.o
                0x000044fc                deleteUser_confirm
 .text.deleteUser_acceptNumber
                0x00004544       0x40 ./source/FSM/States/delete_user_state.o
                0x00004544                deleteUser_acceptNumber
 .text.deleteUser_checkCardID
                0x00004584       0xdc ./source/FSM/States/delete_user_state.o
                0x00004584                deleteUser_checkCardID
 .text.showTitle
                0x00004660       0x4c ./source/FSM/States/delete_user_state.o
 .text.stopShowingTitle
                0x000046ac       0x30 ./source/FSM/States/delete_user_state.o
 .text.userInteractionStopsTitle
                0x000046dc       0x24 ./source/FSM/States/delete_user_state.o
 .text.userInteractionStopsErrorIndication
                0x00004700       0x2c ./source/FSM/States/delete_user_state.o
 .text.idFail   0x0000472c       0x4c ./source/FSM/States/delete_user_state.o
 .text.idCardFail
                0x00004778       0x4c ./source/FSM/States/delete_user_state.o
 .text.initLogin
                0x000047c4       0x34 ./source/FSM/States/id_state.o
                0x000047c4                initLogin
 .text.id_increaseCurrent
                0x000047f8       0x44 ./source/FSM/States/id_state.o
                0x000047f8                id_increaseCurrent
 .text.id_decreaseCurrent
                0x0000483c       0x44 ./source/FSM/States/id_state.o
                0x0000483c                id_decreaseCurrent
 .text.id_confirmID
                0x00004880       0x54 ./source/FSM/States/id_state.o
                0x00004880                id_confirmID
 .text.id_acceptNumber
                0x000048d4       0x44 ./source/FSM/States/id_state.o
                0x000048d4                id_acceptNumber
 .text.id_checkCardID
                0x00004918       0xb0 ./source/FSM/States/id_state.o
                0x00004918                id_checkCardID
 .text.showTitle
                0x000049c8       0x48 ./source/FSM/States/id_state.o
 .text.stopShowingTitle
                0x00004a10       0x30 ./source/FSM/States/id_state.o
 .text.userInteractionStopsTitle
                0x00004a40       0x28 ./source/FSM/States/id_state.o
 .text.userInteractionStopsErrorIndication
                0x00004a68       0x38 ./source/FSM/States/id_state.o
 .text.idFail   0x00004aa0       0x58 ./source/FSM/States/id_state.o
 .text.id_fail_animate
                0x00004af8       0x4c ./source/FSM/States/id_state.o
 .text.idCardFail
                0x00004b44       0x58 ./source/FSM/States/id_state.o
 .text.menu_initState
                0x00004b9c       0x30 ./source/FSM/States/menu_state.o
                0x00004b9c                menu_initState
 .text.menu_nextOption
                0x00004bcc       0x60 ./source/FSM/States/menu_state.o
                0x00004bcc                menu_nextOption
 .text.menu_previousOption
                0x00004c2c       0x5c ./source/FSM/States/menu_state.o
                0x00004c2c                menu_previousOption
 .text.menu_selectOption
                0x00004c88       0x80 ./source/FSM/States/menu_state.o
                0x00004c88                menu_selectOption
 .text.showTitle
                0x00004d08       0x68 ./source/FSM/States/menu_state.o
 .text.setCurrentOption
                0x00004d70       0xa8 ./source/FSM/States/menu_state.o
 .text.stopShowingTitle
                0x00004e18       0x28 ./source/FSM/States/menu_state.o
 .text.userInteractionStopsTitle
                0x00004e40       0x24 ./source/FSM/States/menu_state.o
 .text.openDoor
                0x00004e64       0x20 ./source/FSM/States/open_state.o
                0x00004e64                openDoor
 .text.initPinInput
                0x00004e84       0x34 ./source/FSM/States/pin_state.o
                0x00004e84                initPinInput
 .text.pin_confirmPin
                0x00004eb8       0x64 ./source/FSM/States/pin_state.o
                0x00004eb8                pin_confirmPin
 .text.pin_acceptNumber
                0x00004f1c       0x6c ./source/FSM/States/pin_state.o
                0x00004f1c                pin_acceptNumber
 .text.pin_increaseCurrent
                0x00004f88       0x54 ./source/FSM/States/pin_state.o
                0x00004f88                pin_increaseCurrent
 .text.pin_decreaseCurrent
                0x00004fdc       0x54 ./source/FSM/States/pin_state.o
                0x00004fdc                pin_decreaseCurrent
 .text.showTitle
                0x00005030       0x5c ./source/FSM/States/pin_state.o
 .text.stopShowingTitle
                0x0000508c       0x34 ./source/FSM/States/pin_state.o
 .text.userInteractionStopsTitle
                0x000050c0       0x30 ./source/FSM/States/pin_state.o
 .text.pinFail  0x000050f0       0xa0 ./source/FSM/States/pin_state.o
 .text.stopErrorIndication
                0x00005190       0x2c ./source/FSM/States/pin_state.o
 .text.userInteractionStopsErrorIndication
                0x000051bc       0x30 ./source/FSM/States/pin_state.o
 .text.startFailAnimation
                0x000051ec       0x40 ./source/FSM/States/pin_state.o
 .text.finishFailAnimation
                0x0000522c       0x34 ./source/FSM/States/pin_state.o
 .text.userInteractionFinishesFailAnimation
                0x00005260       0x28 ./source/FSM/States/pin_state.o
 .text.showWelcomeAnimation
                0x00005288       0x30 ./source/FSM/States/welcome_state.o
                0x00005288                showWelcomeAnimation
 .text.FSM_GetInitState
                0x000052b8       0x14 ./source/FSM/fsm_table.o
                0x000052b8                FSM_GetInitState
 .text.App_Init
                0x000052cc       0x6c ./source/App.o
                0x000052cc                App_Init
 .text.App_Run  0x00005338       0x38 ./source/App.o
                0x00005338                App_Run
 .text.fillQueue
                0x00005370       0x94 ./source/App.o
 .text.initQueue
                0x00005404       0x50 ./source/queue.o
                0x00005404                initQueue
 .text.emitEvent
                0x00005454       0x70 ./source/queue.o
                0x00005454                emitEvent
 .text.getEvent
                0x000054c4       0x3c ./source/queue.o
                0x000054c4                getEvent
 .text.queueIsEmpty
                0x00005500       0x34 ./source/queue.o
                0x00005500                queueIsEmpty
 .text.SystemInit
                0x00005534       0x3c ./CMSIS/system_MK64F12.o
                0x00005534                SystemInit
 .text._initio  0x00005570       0x78 c:/nxp/mcuxpressoide_10.2.0_759/ide/tools/bin/../lib/gcc/arm-none-eabi/7.2.1/../../../../arm-none-eabi/lib/thumb/v7e-m/fpv4-sp/hard\libcr_c.a(initio.o)
                0x00005570                _initio
 .text.setvbuf  0x000055e8       0x40 c:/nxp/mcuxpressoide_10.2.0_759/ide/tools/bin/../lib/gcc/arm-none-eabi/7.2.1/../../../../arm-none-eabi/lib/thumb/v7e-m/fpv4-sp/hard\libcr_c.a(setvbuf.o)
                0x000055e8                setvbuf
 .text.fflush   0x00005628       0x44 c:/nxp/mcuxpressoide_10.2.0_759/ide/tools/bin/../lib/gcc/arm-none-eabi/7.2.1/../../../../arm-none-eabi/lib/thumb/v7e-m/fpv4-sp/hard\libcr_c.a(fflush.o)
                0x00005628                fflush
 .text.fseek    0x0000566c      0x100 c:/nxp/mcuxpressoide_10.2.0_759/ide/tools/bin/../lib/gcc/arm-none-eabi/7.2.1/../../../../arm-none-eabi/lib/thumb/v7e-m/fpv4-sp/hard\libcr_c.a(fseek.o)
                0x0000566c                fseek
 .text.ftell    0x0000576c       0x44 c:/nxp/mcuxpressoide_10.2.0_759/ide/tools/bin/../lib/gcc/arm-none-eabi/7.2.1/../../../../arm-none-eabi/lib/thumb/v7e-m/fpv4-sp/hard\libcr_c.a(ftell.o)
                0x0000576c                ftell
 .text._Cwritebuf
                0x000057b0       0x6c c:/nxp/mcuxpressoide_10.2.0_759/ide/tools/bin/../lib/gcc/arm-none-eabi/7.2.1/../../../../arm-none-eabi/lib/thumb/v7e-m/fpv4-sp/hard\libcr_c.a(_writebuf.o)
                0x000057b0                _Cwritebuf
 .text.main     0x0000581c       0x1a ./source/startup/main.o
                0x0000581c                main
 .text.HardFault_Handler
                0x00005836       0x2c ./source/startup/semihost_hardfault.o
                0x00005836                HardFault_Handler
 .text.DMA0_IRQHandler
                0x00005862        0x8 ./source/startup/startup_mk64f12.o
                0x00005862                DMA0_IRQHandler
 .text.DMA1_IRQHandler
                0x0000586a        0x8 ./source/startup/startup_mk64f12.o
                0x0000586a                DMA1_IRQHandler
 .text.DMA2_IRQHandler
                0x00005872        0x8 ./source/startup/startup_mk64f12.o
                0x00005872                DMA2_IRQHandler
 .text.DMA3_IRQHandler
                0x0000587a        0x8 ./source/startup/startup_mk64f12.o
                0x0000587a                DMA3_IRQHandler
 .text.DMA4_IRQHandler
                0x00005882        0x8 ./source/startup/startup_mk64f12.o
                0x00005882                DMA4_IRQHandler
 .text.DMA5_IRQHandler
                0x0000588a        0x8 ./source/startup/startup_mk64f12.o
                0x0000588a                DMA5_IRQHandler
 .text.DMA6_IRQHandler
                0x00005892        0x8 ./source/startup/startup_mk64f12.o
                0x00005892                DMA6_IRQHandler
 .text.DMA7_IRQHandler
                0x0000589a        0x8 ./source/startup/startup_mk64f12.o
                0x0000589a                DMA7_IRQHandler
 .text.DMA8_IRQHandler
                0x000058a2        0x8 ./source/startup/startup_mk64f12.o
                0x000058a2                DMA8_IRQHandler
 .text.DMA9_IRQHandler
                0x000058aa        0x8 ./source/startup/startup_mk64f12.o
                0x000058aa                DMA9_IRQHandler
 .text.DMA10_IRQHandler
                0x000058b2        0x8 ./source/startup/startup_mk64f12.o
                0x000058b2                DMA10_IRQHandler
 .text.DMA11_IRQHandler
                0x000058ba        0x8 ./source/startup/startup_mk64f12.o
                0x000058ba                DMA11_IRQHandler
 .text.DMA12_IRQHandler
                0x000058c2        0x8 ./source/startup/startup_mk64f12.o
                0x000058c2                DMA12_IRQHandler
 .text.DMA13_IRQHandler
                0x000058ca        0x8 ./source/startup/startup_mk64f12.o
                0x000058ca                DMA13_IRQHandler
 .text.DMA14_IRQHandler
                0x000058d2        0x8 ./source/startup/startup_mk64f12.o
                0x000058d2                DMA14_IRQHandler
 .text.DMA15_IRQHandler
                0x000058da        0x8 ./source/startup/startup_mk64f12.o
                0x000058da                DMA15_IRQHandler
 .text.DMA_Error_IRQHandler
                0x000058e2        0x8 ./source/startup/startup_mk64f12.o
                0x000058e2                DMA_Error_IRQHandler
 .text.MCM_IRQHandler
                0x000058ea        0x8 ./source/startup/startup_mk64f12.o
                0x000058ea                MCM_IRQHandler
 .text.FTFE_IRQHandler
                0x000058f2        0x8 ./source/startup/startup_mk64f12.o
                0x000058f2                FTFE_IRQHandler
 .text.Read_Collision_IRQHandler
                0x000058fa        0x8 ./source/startup/startup_mk64f12.o
                0x000058fa                Read_Collision_IRQHandler
 .text.LVD_LVW_IRQHandler
                0x00005902        0x8 ./source/startup/startup_mk64f12.o
                0x00005902                LVD_LVW_IRQHandler
 .text.LLWU_IRQHandler
                0x0000590a        0x8 ./source/startup/startup_mk64f12.o
                0x0000590a                LLWU_IRQHandler
 .text.WDOG_EWM_IRQHandler
                0x00005912        0x8 ./source/startup/startup_mk64f12.o
                0x00005912                WDOG_EWM_IRQHandler
 .text.RNG_IRQHandler
                0x0000591a        0x8 ./source/startup/startup_mk64f12.o
                0x0000591a                RNG_IRQHandler
 .text.I2C0_IRQHandler
                0x00005922        0x8 ./source/startup/startup_mk64f12.o
                0x00005922                I2C0_IRQHandler
 .text.I2C1_IRQHandler
                0x0000592a        0x8 ./source/startup/startup_mk64f12.o
                0x0000592a                I2C1_IRQHandler
 .text.SPI0_IRQHandler
                0x00005932        0x8 ./source/startup/startup_mk64f12.o
                0x00005932                SPI0_IRQHandler
 .text.SPI1_IRQHandler
                0x0000593a        0x8 ./source/startup/startup_mk64f12.o
                0x0000593a                SPI1_IRQHandler
 .text.I2S0_Tx_IRQHandler
                0x00005942        0x8 ./source/startup/startup_mk64f12.o
                0x00005942                I2S0_Tx_IRQHandler
 .text.I2S0_Rx_IRQHandler
                0x0000594a        0x8 ./source/startup/startup_mk64f12.o
                0x0000594a                I2S0_Rx_IRQHandler
 .text.UART0_LON_IRQHandler
                0x00005952        0x8 ./source/startup/startup_mk64f12.o
                0x00005952                UART0_LON_IRQHandler
 .text.UART0_RX_TX_IRQHandler
                0x0000595a        0x8 ./source/startup/startup_mk64f12.o
                0x0000595a                UART0_RX_TX_IRQHandler
 .text.UART0_ERR_IRQHandler
                0x00005962        0x8 ./source/startup/startup_mk64f12.o
                0x00005962                UART0_ERR_IRQHandler
 .text.UART1_RX_TX_IRQHandler
                0x0000596a        0x8 ./source/startup/startup_mk64f12.o
                0x0000596a                UART1_RX_TX_IRQHandler
 .text.UART1_ERR_IRQHandler
                0x00005972        0x8 ./source/startup/startup_mk64f12.o
                0x00005972                UART1_ERR_IRQHandler
 .text.UART2_RX_TX_IRQHandler
                0x0000597a        0x8 ./source/startup/startup_mk64f12.o
                0x0000597a                UART2_RX_TX_IRQHandler
 .text.UART2_ERR_IRQHandler
                0x00005982        0x8 ./source/startup/startup_mk64f12.o
                0x00005982                UART2_ERR_IRQHandler
 .text.UART3_RX_TX_IRQHandler
                0x0000598a        0x8 ./source/startup/startup_mk64f12.o
                0x0000598a                UART3_RX_TX_IRQHandler
 .text.UART3_ERR_IRQHandler
                0x00005992        0x8 ./source/startup/startup_mk64f12.o
                0x00005992                UART3_ERR_IRQHandler
 .text.ADC0_IRQHandler
                0x0000599a        0x8 ./source/startup/startup_mk64f12.o
                0x0000599a                ADC0_IRQHandler
 .text.CMP0_IRQHandler
                0x000059a2        0x8 ./source/startup/startup_mk64f12.o
                0x000059a2                CMP0_IRQHandler
 .text.CMP1_IRQHandler
                0x000059aa        0x8 ./source/startup/startup_mk64f12.o
                0x000059aa                CMP1_IRQHandler
 .text.FTM0_IRQHandler
                0x000059b2        0x8 ./source/startup/startup_mk64f12.o
                0x000059b2                FTM0_IRQHandler
 .text.FTM1_IRQHandler
                0x000059ba        0x8 ./source/startup/startup_mk64f12.o
                0x000059ba                FTM1_IRQHandler
 .text.FTM2_IRQHandler
                0x000059c2        0x8 ./source/startup/startup_mk64f12.o
                0x000059c2                FTM2_IRQHandler
 .text.CMT_IRQHandler
                0x000059ca        0x8 ./source/startup/startup_mk64f12.o
                0x000059ca                CMT_IRQHandler
 .text.RTC_IRQHandler
                0x000059d2        0x8 ./source/startup/startup_mk64f12.o
                0x000059d2                RTC_IRQHandler
 .text.RTC_Seconds_IRQHandler
                0x000059da        0x8 ./source/startup/startup_mk64f12.o
                0x000059da                RTC_Seconds_IRQHandler
 .text.PIT0_IRQHandler
                0x000059e2        0x8 ./source/startup/startup_mk64f12.o
                0x000059e2                PIT0_IRQHandler
 .text.PIT1_IRQHandler
                0x000059ea        0x8 ./source/startup/startup_mk64f12.o
                0x000059ea                PIT1_IRQHandler
 .text.PIT2_IRQHandler
                0x000059f2        0x8 ./source/startup/startup_mk64f12.o
                0x000059f2                PIT2_IRQHandler
 .text.PIT3_IRQHandler
                0x000059fa        0x8 ./source/startup/startup_mk64f12.o
                0x000059fa                PIT3_IRQHandler
 .text.PDB0_IRQHandler
                0x00005a02        0x8 ./source/startup/startup_mk64f12.o
                0x00005a02                PDB0_IRQHandler
 .text.USB0_IRQHandler
                0x00005a0a        0x8 ./source/startup/startup_mk64f12.o
                0x00005a0a                USB0_IRQHandler
 .text.USBDCD_IRQHandler
                0x00005a12        0x8 ./source/startup/startup_mk64f12.o
                0x00005a12                USBDCD_IRQHandler
 .text.Reserved71_IRQHandler
                0x00005a1a        0x8 ./source/startup/startup_mk64f12.o
                0x00005a1a                Reserved71_IRQHandler
 .text.DAC0_IRQHandler
                0x00005a22        0x8 ./source/startup/startup_mk64f12.o
                0x00005a22                DAC0_IRQHandler
 .text.MCG_IRQHandler
                0x00005a2a        0x8 ./source/startup/startup_mk64f12.o
                0x00005a2a                MCG_IRQHandler
 .text.LPTMR0_IRQHandler
                0x00005a32        0x8 ./source/startup/startup_mk64f12.o
                0x00005a32                LPTMR0_IRQHandler
 .text.SWI_IRQHandler
                0x00005a3a        0x8 ./source/startup/startup_mk64f12.o
                0x00005a3a                SWI_IRQHandler
 .text.SPI2_IRQHandler
                0x00005a42        0x8 ./source/startup/startup_mk64f12.o
                0x00005a42                SPI2_IRQHandler
 .text.UART4_RX_TX_IRQHandler
                0x00005a4a        0x8 ./source/startup/startup_mk64f12.o
                0x00005a4a                UART4_RX_TX_IRQHandler
 .text.UART4_ERR_IRQHandler
                0x00005a52        0x8 ./source/startup/startup_mk64f12.o
                0x00005a52                UART4_ERR_IRQHandler
 .text.UART5_RX_TX_IRQHandler
                0x00005a5a        0x8 ./source/startup/startup_mk64f12.o
                0x00005a5a                UART5_RX_TX_IRQHandler
 .text.UART5_ERR_IRQHandler
                0x00005a62        0x8 ./source/startup/startup_mk64f12.o
                0x00005a62                UART5_ERR_IRQHandler
 .text.CMP2_IRQHandler
                0x00005a6a        0x8 ./source/startup/startup_mk64f12.o
                0x00005a6a                CMP2_IRQHandler
 .text.FTM3_IRQHandler
                0x00005a72        0x8 ./source/startup/startup_mk64f12.o
                0x00005a72                FTM3_IRQHandler
 .text.DAC1_IRQHandler
                0x00005a7a        0x8 ./source/startup/startup_mk64f12.o
                0x00005a7a                DAC1_IRQHandler
 .text.ADC1_IRQHandler
                0x00005a82        0x8 ./source/startup/startup_mk64f12.o
                0x00005a82                ADC1_IRQHandler
 .text.I2C2_IRQHandler
                0x00005a8a        0x8 ./source/startup/startup_mk64f12.o
                0x00005a8a                I2C2_IRQHandler
 .text.CAN0_ORed_Message_buffer_IRQHandler
                0x00005a92        0x8 ./source/startup/startup_mk64f12.o
                0x00005a92                CAN0_ORed_Message_buffer_IRQHandler
 .text.CAN0_Bus_Off_IRQHandler
                0x00005a9a        0x8 ./source/startup/startup_mk64f12.o
                0x00005a9a                CAN0_Bus_Off_IRQHandler
 .text.CAN0_Error_IRQHandler
                0x00005aa2        0x8 ./source/startup/startup_mk64f12.o
                0x00005aa2                CAN0_Error_IRQHandler
 .text.CAN0_Tx_Warning_IRQHandler
                0x00005aaa        0x8 ./source/startup/startup_mk64f12.o
                0x00005aaa                CAN0_Tx_Warning_IRQHandler
 .text.CAN0_Rx_Warning_IRQHandler
                0x00005ab2        0x8 ./source/startup/startup_mk64f12.o
                0x00005ab2                CAN0_Rx_Warning_IRQHandler
 .text.CAN0_Wake_Up_IRQHandler
                0x00005aba        0x8 ./source/startup/startup_mk64f12.o
                0x00005aba                CAN0_Wake_Up_IRQHandler
 .text.SDHC_IRQHandler
                0x00005ac2        0x8 ./source/startup/startup_mk64f12.o
                0x00005ac2                SDHC_IRQHandler
 .text.ENET_1588_Timer_IRQHandler
                0x00005aca        0x8 ./source/startup/startup_mk64f12.o
                0x00005aca                ENET_1588_Timer_IRQHandler
 .text.ENET_Transmit_IRQHandler
                0x00005ad2        0x8 ./source/startup/startup_mk64f12.o
                0x00005ad2                ENET_Transmit_IRQHandler
 .text.ENET_Receive_IRQHandler
                0x00005ada        0x8 ./source/startup/startup_mk64f12.o
                0x00005ada                ENET_Receive_IRQHandler
 .text.ENET_Error_IRQHandler
                0x00005ae2        0x8 ./source/startup/startup_mk64f12.o
                0x00005ae2                ENET_Error_IRQHandler
 .text.Led_On   0x00005aea       0x1c ./source/drivers/Led.o
                0x00005aea                Led_On
 .text.Led_Off  0x00005b06       0x1c ./source/drivers/Led.o
                0x00005b06                Led_Off
 .text.Led_Toggle
                0x00005b22       0x1a ./source/drivers/Led.o
                0x00005b22                Led_Toggle
 .text.OnForDefinedTimeCalledFromPISR
                0x00005b3c       0x4e ./source/drivers/Led.o
 .text.BlinkCalledFromPISR
                0x00005b8a       0x74 ./source/drivers/Led.o
 .text.RepetitionBlinkCalledFromPISR
                0x00005bfe       0x7c ./source/drivers/Led.o
 .text.InfiniteBlinkCalledFromPISR
                0x00005c7a       0x4a ./source/drivers/Led.o
 .text.getArrayEffectiveLength
                0x00005cc4       0x54 ./source/drivers/Timer.o
 .text.checkIdArrayFormat
                0x00005d18       0x26 ./source/database/data_base.o
 .text.getEffectiveArrayLength
                0x00005d3e       0x6a ./source/database/data_base.o
 .text.validateNewId
                0x00005da8       0x38 ./source/database/data_base.o
                0x00005da8                validateNewId
 .text.checkPinArrayFormat
                0x00005de0       0x2c ./source/database/data_base.o
                0x00005de0                checkPinArrayFormat
 .text.getArrayEffectiveLength
                0x00005e0c       0x54 ./source/MCAL/SysTick.o
 .text.PORTA_IRQHandler
                0x00005e60       0x1e ./source/MCAL/gpio.o
                0x00005e60                PORTA_IRQHandler
 .text.PORTB_IRQHandler
                0x00005e7e       0x1e ./source/MCAL/gpio.o
                0x00005e7e                PORTB_IRQHandler
 .text.PORTC_IRQHandler
                0x00005e9c       0x1e ./source/MCAL/gpio.o
                0x00005e9c                PORTC_IRQHandler
 .text.PORTD_IRQHandler
                0x00005eba       0x1e ./source/MCAL/gpio.o
                0x00005eba                PORTD_IRQHandler
 .text.PORTE_IRQHandler
                0x00005ed8       0x1e ./source/MCAL/gpio.o
                0x00005ed8                PORTE_IRQHandler
 .text.subFSM_StartInitState
                0x00005ef6        0xc ./source/FSM/States/add_user_state/add_user_fsm_table.o
                0x00005ef6                subFSM_StartInitState
 .text.do_nothing
                0x00005f02        0xe ./source/FSM/States/add_user_state/add_user_fsm_table.o
 .text.return_to_last
                0x00005f10        0xe ./source/FSM/States/add_user_state/add_user_fsm_table.o
 .text.configDev_selectOption
                0x00005f1e       0x12 ./source/FSM/States/config_device_state.o
                0x00005f1e                configDev_selectOption
 .text.userInteractionStopErrorIndicationAndRestart
                0x00005f30       0x10 ./source/FSM/States/delete_user_state.o
 .text.userInteractionStopErrorIndicationAndRestart
                0x00005f40       0x1c ./source/FSM/States/id_state.o
 .text.accessTimeOut
                0x00005f5c       0x14 ./source/FSM/States/open_state.o
                0x00005f5c                accessTimeOut
 .text.inputIncreaseCurrent
                0x00005f70       0x8a ./source/FSM/States/user_input.o
                0x00005f70                inputIncreaseCurrent
 .text.inputDecreaseCurrent
                0x00005ffa       0x8c ./source/FSM/States/user_input.o
                0x00005ffa                inputDecreaseCurrent
 .text.inputResetArray
                0x00006086       0x3c ./source/FSM/States/user_input.o
                0x00006086                inputResetArray
 .text.inputAcceptNumber
                0x000060c2       0xa8 ./source/FSM/States/user_input.o
                0x000060c2                inputAcceptNumber
 .text.getEffectiveArrayLength
                0x0000616a       0x60 ./source/FSM/States/user_input.o
                0x0000616a                getEffectiveArrayLength
 .text.deleteLastChar
                0x000061ca       0x52 ./source/FSM/States/user_input.o
 .text.cardSwipe
                0x0000621c       0x94 ./source/FSM/States/welcome_state.o
                0x0000621c                cardSwipe
 .text.fsm      0x000062b0       0x3c ./source/FSM/fsm.o
                0x000062b0                fsm
 .text.FSM_StartInitState
                0x000062ec        0xc ./source/FSM/fsm_table.o
                0x000062ec                FSM_StartInitState
 .text.do_nothing
                0x000062f8        0xe ./source/FSM/fsm_table.o
 .text.timeOutCallback
                0x00006306        0xe ./source/App.o
 .text.SystemInitHook
                0x00006314        0xe ./CMSIS/system_MK64F12.o
                0x00006314                SystemInitHook
 .text.__main   0x00006322        0xe c:/nxp/mcuxpressoide_10.2.0_759/ide/tools/bin/../lib/gcc/arm-none-eabi/7.2.1/../../../../arm-none-eabi/lib/thumb/v7e-m/fpv4-sp/hard\libcr_semihost_nf.a(_cr__main.o)
                0x00006322                __CR_SEMIHOST
                0x00006322                __main
 .text.memcpy   0x00006330        0x4 c:/nxp/mcuxpressoide_10.2.0_759/ide/tools/bin/../lib/gcc/arm-none-eabi/7.2.1/../../../../arm-none-eabi/lib/thumb/v7e-m/fpv4-sp/hard\libcr_c.a(memcpy.o)
                0x00006330                memcpy
 .text.memset   0x00006334        0x4 c:/nxp/mcuxpressoide_10.2.0_759/ide/tools/bin/../lib/gcc/arm-none-eabi/7.2.1/../../../../arm-none-eabi/lib/thumb/v7e-m/fpv4-sp/hard\libcr_c.a(memset.o)
                0x00006334                memset
 .text._fdopen  0x00006338       0x68 c:/nxp/mcuxpressoide_10.2.0_759/ide/tools/bin/../lib/gcc/arm-none-eabi/7.2.1/../../../../arm-none-eabi/lib/thumb/v7e-m/fpv4-sp/hard\libcr_c.a(_fdopen.o)
                0x00006338                _fdopen
 .text.fclose   0x000063a0       0x58 c:/nxp/mcuxpressoide_10.2.0_759/ide/tools/bin/../lib/gcc/arm-none-eabi/7.2.1/../../../../arm-none-eabi/lib/thumb/v7e-m/fpv4-sp/hard\libcr_c.a(fclose.o)
                0x000063a0                fclose
 .text.remove   0x000063f8       0x14 c:/nxp/mcuxpressoide_10.2.0_759/ide/tools/bin/../lib/gcc/arm-none-eabi/7.2.1/../../../../arm-none-eabi/lib/thumb/v7e-m/fpv4-sp/hard\libcr_c.a(remove.o)
                0x000063f8                remove
 .text.strlen   0x0000640c       0x4a c:/nxp/mcuxpressoide_10.2.0_759/ide/tools/bin/../lib/gcc/arm-none-eabi/7.2.1/../../../../arm-none-eabi/lib/thumb/v7e-m/fpv4-sp/hard\libcr_c.a(strlen.o)
                0x0000640c                strlen
 .text._do_fflush
                0x00006456       0x40 c:/nxp/mcuxpressoide_10.2.0_759/ide/tools/bin/../lib/gcc/arm-none-eabi/7.2.1/../../../../arm-none-eabi/lib/thumb/v7e-m/fpv4-sp/hard\libcr_c.a(_do_fflush.o)
                0x00006456                _do_fflush
 .text._fflush  0x00006496       0x52 c:/nxp/mcuxpressoide_10.2.0_759/ide/tools/bin/../lib/gcc/arm-none-eabi/7.2.1/../../../../arm-none-eabi/lib/thumb/v7e-m/fpv4-sp/hard\libcr_c.a(_fflush.o)
                0x00006496                _fflush
 .text.free     0x000064e8       0x30 c:/nxp/mcuxpressoide_10.2.0_759/ide/tools/bin/../lib/gcc/arm-none-eabi/7.2.1/../../../../arm-none-eabi/lib/thumb/v7e-m/fpv4-sp/hard\libcr_c.a(alloc.o)
                0x000064e8                free
 .text._deferredlazyseek
                0x00006518       0x40 c:/nxp/mcuxpressoide_10.2.0_759/ide/tools/bin/../lib/gcc/arm-none-eabi/7.2.1/../../../../arm-none-eabi/lib/thumb/v7e-m/fpv4-sp/hard\libcr_c.a(_deferredlazyseek.o)
                0x00006518                _deferredlazyseek
 .text.__aeabi_memcpy
                0x00006558       0x34 c:/nxp/mcuxpressoide_10.2.0_759/ide/tools/bin/../lib/gcc/arm-none-eabi/7.2.1/thumb/v7e-m/fpv4-sp/hard\libcr_eabihelpers.a(memcpy.o)
                0x00006558                __aeabi_memcpy
                0x00006562                __aeabi_memcpy8
                0x00006562                __aeabi_memcpy4
 .text.__aeabi_memset_lowlevel
                0x0000658c       0x32 c:/nxp/mcuxpressoide_10.2.0_759/ide/tools/bin/../lib/gcc/arm-none-eabi/7.2.1/thumb/v7e-m/fpv4-sp/hard\libcr_eabihelpers.a(memcpy.o)
                0x0000658c                __aeabi_lowlevel_memset
 .text.__sys_close
                0x000065be        0xc c:/nxp/mcuxpressoide_10.2.0_759/ide/tools/bin/../lib/gcc/arm-none-eabi/7.2.1/../../../../arm-none-eabi/lib/thumb/v7e-m/fpv4-sp/hard\libcr_semihost_nf.a(__sys_close.o)
                0x000065be                __sys_close
 .text.__sys_flen
                0x000065ca        0xc c:/nxp/mcuxpressoide_10.2.0_759/ide/tools/bin/../lib/gcc/arm-none-eabi/7.2.1/../../../../arm-none-eabi/lib/thumb/v7e-m/fpv4-sp/hard\libcr_semihost_nf.a(__sys_flen.o)
                0x000065ca                __sys_flen
 .text.__sys_istty
                0x000065d6        0xc c:/nxp/mcuxpressoide_10.2.0_759/ide/tools/bin/../lib/gcc/arm-none-eabi/7.2.1/../../../../arm-none-eabi/lib/thumb/v7e-m/fpv4-sp/hard\libcr_semihost_nf.a(__sys_istty.o)
                0x000065d6                __sys_istty
 .text.__sys_remove
                0x000065e2        0xc c:/nxp/mcuxpressoide_10.2.0_759/ide/tools/bin/../lib/gcc/arm-none-eabi/7.2.1/../../../../arm-none-eabi/lib/thumb/v7e-m/fpv4-sp/hard\libcr_semihost_nf.a(__sys_remove.o)
                0x000065e2                __sys_remove
 .text.__sys_seek
                0x000065ee        0xc c:/nxp/mcuxpressoide_10.2.0_759/ide/tools/bin/../lib/gcc/arm-none-eabi/7.2.1/../../../../arm-none-eabi/lib/thumb/v7e-m/fpv4-sp/hard\libcr_semihost_nf.a(__sys_seek.o)
                0x000065ee                __sys_seek
 .text.__sys_tmpnam
                0x000065fa        0xc c:/nxp/mcuxpressoide_10.2.0_759/ide/tools/bin/../lib/gcc/arm-none-eabi/7.2.1/../../../../arm-none-eabi/lib/thumb/v7e-m/fpv4-sp/hard\libcr_semihost_nf.a(__sys_tmpnam.o)
                0x000065fa                __sys_tmpnam
 .text.__sys_write
                0x00006606        0xc c:/nxp/mcuxpressoide_10.2.0_759/ide/tools/bin/../lib/gcc/arm-none-eabi/7.2.1/../../../../arm-none-eabi/lib/thumb/v7e-m/fpv4-sp/hard\libcr_semihost_nf.a(__sys_write.o)
                0x00006606                __sys_write
 *(SORT_BY_ALIGNMENT(.rodata) SORT_BY_ALIGNMENT(.rodata.*) SORT_BY_ALIGNMENT(.constdata) SORT_BY_ALIGNMENT(.constdata.*))
 *fill*         0x00006612        0x2 ff
 .rodata.numbers
                0x00006614        0xa ./source/drivers/seven_seg_display.o
 *fill*         0x0000661e        0x2 ff
 .rodata.letters
                0x00006620       0x1a ./source/drivers/seven_seg_display.o
 *fill*         0x0000663a        0x2 ff
 .rodata.extras
                0x0000663c        0xa ./source/drivers/seven_seg_display.o
 *fill*         0x00006646        0x2 ff
 .rodata        0x00006648       0x1f ./source/FSM/States/add_user_state/substates/add_user_id_state.o
 *fill*         0x00006667        0x1 ff
 .rodata        0x00006668       0x25 ./source/FSM/States/add_user_state/substates/add_user_main_state.o
 *fill*         0x0000668d        0x3 ff
 .rodata        0x00006690       0x13 ./source/FSM/States/add_user_state/substates/add_user_pin_state.o
 *fill*         0x000066a3        0x1 ff
 .rodata        0x000066a4       0x12 ./source/FSM/States/config_me_state.o
 *fill*         0x000066b6        0x2 ff
 .rodata        0x000066b8       0x2c ./source/FSM/States/delete_user_state.o
 .rodata        0x000066e4       0x20 ./source/FSM/States/id_state.o
 .rodata        0x00006704       0x4c ./source/FSM/States/menu_state.o
 .rodata        0x00006750       0x23 ./source/FSM/States/pin_state.o
 *fill*         0x00006773        0x1 ff
 .rodata        0x00006774        0x7 ./source/FSM/States/welcome_state.o
 *fill*         0x0000677b        0x1 ff
 .rodata.__num_Ciob_streams
                0x0000677c        0x4 c:/nxp/mcuxpressoide_10.2.0_759/ide/tools/bin/../lib/gcc/arm-none-eabi/7.2.1/../../../../arm-none-eabi/lib/thumb/v7e-m/fpv4-sp/hard\libcr_semihost_nf.a(__ciob.o)
                0x0000677c                __num_Ciob_streams
 .rodata._initio.str1.1
                0x00006780        0x4 c:/nxp/mcuxpressoide_10.2.0_759/ide/tools/bin/../lib/gcc/arm-none-eabi/7.2.1/../../../../arm-none-eabi/lib/thumb/v7e-m/fpv4-sp/hard\libcr_c.a(initio.o)
                0x00006788                . = ALIGN (0x8)
 *fill*         0x00006784        0x4 ff

.glue_7         0x00006788        0x0
 .glue_7        0x00006788        0x0 linker stubs

.glue_7t        0x00006788        0x0
 .glue_7t       0x00006788        0x0 linker stubs

.vfp11_veneer   0x00006788        0x0
 .vfp11_veneer  0x00006788        0x0 linker stubs

.v4_bx          0x00006788        0x0
 .v4_bx         0x00006788        0x0 linker stubs

.iplt           0x00006788        0x0
 .iplt          0x00006788        0x0 ./source/startup/hardware.o

.rel.dyn        0x00006788        0x0
 .rel.iplt      0x00006788        0x0 ./source/startup/hardware.o

.ARM.extab
 *(SORT_BY_ALIGNMENT(.ARM.extab*) SORT_BY_ALIGNMENT(.gnu.linkonce.armextab.*))
                0x00006788                __exidx_start = .

.ARM.exidx
 *(SORT_BY_ALIGNMENT(.ARM.exidx*) SORT_BY_ALIGNMENT(.gnu.linkonce.armexidx.*))
                0x00006788                __exidx_end = .
                0x00006788                _etext = .

.m_usb_data
 *(SORT_BY_ALIGNMENT(m_usb_bdt))

.data_RAM2      0x1fff0000        0x0 load address 0x00006788
 FILL mask 0xff
                [!provide]                PROVIDE (__start_data_RAM2, .)
 *(SORT_BY_ALIGNMENT(.ramfunc.$RAM2))
 *(SORT_BY_ALIGNMENT(.ramfunc.$SRAM_LOWER))
 *(SORT_BY_ALIGNMENT(.data.$RAM2*))
 *(SORT_BY_ALIGNMENT(.data.$SRAM_LOWER*))
                0x1fff0000                . = ALIGN (0x8)
                [!provide]                PROVIDE (__end_data_RAM2, .)

.data_RAM3      0x14000000        0x0 load address 0x00006788
 FILL mask 0xff
                [!provide]                PROVIDE (__start_data_RAM3, .)
 *(SORT_BY_ALIGNMENT(.ramfunc.$RAM3))
 *(SORT_BY_ALIGNMENT(.ramfunc.$FLEX_RAM))
 *(SORT_BY_ALIGNMENT(.data.$RAM3*))
 *(SORT_BY_ALIGNMENT(.data.$FLEX_RAM*))
                0x14000000                . = ALIGN (0x8)
                [!provide]                PROVIDE (__end_data_RAM3, .)

.uninit_RESERVED
                0x20000000        0x0
 *(SORT_BY_ALIGNMENT(.bss.$RESERVED*))
                0x20000000                . = ALIGN (0x4)
                0x20000000                _end_uninit_RESERVED = .

.data           0x20000000      0x4e8 load address 0x00006788
 FILL mask 0xff
                0x20000000                _data = .
 *(SORT_BY_ALIGNMENT(vtable))
 *(SORT_BY_ALIGNMENT(.ramfunc*))
 *(SORT_BY_ALIGNMENT(.data*))
 .data.displayPins
                0x20000000        0x8 ./source/drivers/seven_seg_display.o
 .data.selectPins
                0x20000008        0x2 ./source/drivers/seven_seg_display.o
 *fill*         0x2000000a        0x2 ff
 .data.animation_word.5351
                0x2000000c       0x30 ./source/drivers/seven_seg_display.o
 .data.ports    0x2000003c       0x14 ./source/MCAL/gpio.o
 .data.gpioPorts
                0x20000050       0x14 ./source/MCAL/gpio.o
 .data.titleTimerID
                0x20000064        0x4 ./source/FSM/States/add_user_state/substates/add_user_id_state.o
 .data.errorIndicationTimerID
                0x20000068        0x4 ./source/FSM/States/add_user_state/substates/add_user_id_state.o
 .data.errorIndicationTimerID
                0x2000006c        0x4 ./source/FSM/States/add_user_state/substates/add_user_main_state.o
 .data.titleTimerID
                0x20000070        0x4 ./source/FSM/States/add_user_state/substates/add_user_pin_state.o
 .data.errorIndicationTimerID
                0x20000074        0x4 ./source/FSM/States/add_user_state/substates/add_user_pin_state.o
 .data.addUser_card
                0x20000078       0x54 ./source/FSM/States/add_user_state/add_user_fsm_table.o
                0x20000078                addUser_card
 .data.addUser_id
                0x200000cc       0x54 ./source/FSM/States/add_user_state/add_user_fsm_table.o
                0x200000cc                addUser_id
 .data.addUser_pin
                0x20000120       0x48 ./source/FSM/States/add_user_state/add_user_fsm_table.o
                0x20000120                addUser_pin
 .data.titleTimerID
                0x20000168        0x4 ./source/FSM/States/config_me_state.o
 .data.errorIndicationTimerID
                0x2000016c        0x4 ./source/FSM/States/config_me_state.o
 .data.titleTimerID
                0x20000170        0x4 ./source/FSM/States/delete_user_state.o
 .data.errorIndicationTimerID
                0x20000174        0x4 ./source/FSM/States/delete_user_state.o
 .data.titleTimerID
                0x20000178        0x4 ./source/FSM/States/id_state.o
 .data.errorIndicationTimerID
                0x2000017c        0x4 ./source/FSM/States/id_state.o
 .data.titleTimerID
                0x20000180        0x4 ./source/FSM/States/menu_state.o
 .data.titleTimerID
                0x20000184        0x4 ./source/FSM/States/pin_state.o
 .data.errorIndicationTimerID
                0x20000188        0x4 ./source/FSM/States/pin_state.o
 .data.animationTimerID
                0x2000018c        0x4 ./source/FSM/States/pin_state.o
 .data.welcome  0x20000190       0x48 ./source/FSM/fsm_table.o
                0x20000190                welcome
 .data.id       0x200001d8       0x6c ./source/FSM/fsm_table.o
                0x200001d8                id
 .data.pin      0x20000244       0x6c ./source/FSM/fsm_table.o
                0x20000244                pin
 .data.menu     0x200002b0       0x84 ./source/FSM/fsm_table.o
                0x200002b0                menu
 .data.open     0x20000334       0x18 ./source/FSM/fsm_table.o
                0x20000334                open
 .data.cfg_me   0x2000034c       0x54 ./source/FSM/fsm_table.o
                0x2000034c                cfg_me
 .data.add_user
                0x200003a0       0x90 ./source/FSM/fsm_table.o
                0x200003a0                add_user
 .data.cfg_device
                0x20000430       0x48 ./source/FSM/fsm_table.o
                0x20000430                cfg_device
 .data.delete_user
                0x20000478       0x6c ./source/FSM/fsm_table.o
                0x20000478                delete_user
 .data.brightness
                0x200004e4        0x1 ./source/drivers/seven_seg_display.o
 .data.currBright.5333
                0x200004e5        0x1 ./source/drivers/seven_seg_display.o
 .data.window.5334
                0x200004e6        0x1 ./source/drivers/seven_seg_display.o
 .data.currentIdIndex
                0x200004e7        0x1 ./source/database/data_base.o
                0x200004e8                . = ALIGN (0x8)
                0x200004e8                _edata = .

.igot.plt       0x200004e8        0x0 load address 0x00006c70
 .igot.plt      0x200004e8        0x0 ./source/startup/hardware.o

.bss_RAM2       0x1fff0000        0x0
                [!provide]                PROVIDE (__start_bss_RAM2, .)
 *(SORT_BY_ALIGNMENT(.bss.$RAM2*))
 *(SORT_BY_ALIGNMENT(.bss.$SRAM_LOWER*))
                0x1fff0000                . = ALIGN ((. != 0x0)?0x8:0x1)
                [!provide]                PROVIDE (__end_bss_RAM2, .)

.bss_RAM3       0x14000000        0x0
                [!provide]                PROVIDE (__start_bss_RAM3, .)
 *(SORT_BY_ALIGNMENT(.bss.$RAM3*))
 *(SORT_BY_ALIGNMENT(.bss.$FLEX_RAM*))
                0x14000000                . = ALIGN ((. != 0x0)?0x8:0x1)
                [!provide]                PROVIDE (__end_bss_RAM3, .)

.bss            0x200004e8     0x1370
                0x200004e8                _bss = .
 *(SORT_BY_ALIGNMENT(.bss*))
 .bss.__LDM_interruptDisableCount
                0x200004e8        0x4 ./source/startup/hardware.o
 .bss.ledElements
                0x200004ec       0xd8 ./source/drivers/Led.o
 .bss.defaultOnForDefinedTimeProperties
                0x200005c4        0xc ./source/drivers/Led.o
 .bss.defaultBlinkProperties
                0x200005d0       0x14 ./source/drivers/Led.o
 .bss.defaultInfiniteBlinkProperties
                0x200005e4        0xc ./source/drivers/Led.o
 .bss.defaultRepetitionBlinkProperties
                0x200005f0       0x14 ./source/drivers/Led.o
 .bss.leds      0x20000604       0x1e ./source/drivers/MplxLed.o
                0x20000604                leds
 *fill*         0x20000622        0x2 
 .bss.timerElements
                0x20000624      0x190 ./source/drivers/Timer.o
 .bss.idCounter
                0x200007b4        0x4 ./source/drivers/Timer.o
 .bss.buttons   0x200007b8       0x14 ./source/drivers/button.o
 .bss.moves     0x200007cc        0x4 ./source/drivers/encoder.o
 .bss.message   0x200007d0      0x190 ./source/drivers/lector.o
 .bss.screen    0x20000960       0xf0 ./source/drivers/seven_seg_display.o
 .bss.dataBase  0x20000a50      0x2a9 ./source/database/data_base.o
 *fill*         0x20000cf9        0x3 
 .bss.database  0x20000cfc      0x2a9 ./source/database/data_base.o
 *fill*         0x20000fa5        0x3 
 .bss.validNumberArray
                0x20000fa8       0x13 ./source/database/data_base.o
 *fill*         0x20000fbb        0x1 
 .bss.blockedUsersIndexes
                0x20000fbc       0x1e ./source/database/data_base.o
 *fill*         0x20000fda        0x2 
 .bss.sysTickElements
                0x20000fdc      0x190 ./source/MCAL/SysTick.o
 .bss.idCounter
                0x2000116c        0x4 ./source/MCAL/SysTick.o
 .bss.callbacks
                0x20001170      0x280 ./source/MCAL/gpio.o
 .bss.id        0x200013f0        0x8 ./source/FSM/States/add_user_state/substates/add_user_id_state.o
 .bss.cardNumber
                0x200013f8       0x13 ./source/FSM/States/add_user_state/substates/add_user_main_state.o
 *fill*         0x2000140b        0x1 
 .bss.pin       0x2000140c        0x5 ./source/FSM/States/add_user_state/substates/add_user_pin_state.o
 *fill*         0x20001411        0x3 
 .bss.currentState
                0x20001414        0x4 ./source/FSM/States/add_user_state/add_user_state.o
 .bss.newPin    0x20001418        0x5 ./source/FSM/States/config_me_state.o
 *fill*         0x2000141d        0x3 
 .bss.id        0x20001420        0x8 ./source/FSM/States/delete_user_state.o
 .bss.id        0x20001428        0x8 ./source/FSM/States/id_state.o
 .bss.pin       0x20001430        0x5 ./source/FSM/States/pin_state.o
 *fill*         0x20001435        0x3 
 .bss.currentState
                0x20001438        0x4 ./source/App.o
 .bss.userTimeOutTimerID
                0x2000143c        0x4 ./source/App.o
 .bss.eventQueue
                0x20001440        0xc ./source/queue.o
                0x20001440                eventQueue
 .bss.queue     0x2000144c      0x320 ./source/queue.o
                0x2000144c                queue
 .bss.errno     0x2000176c        0x4 c:/nxp/mcuxpressoide_10.2.0_759/ide/tools/bin/../lib/gcc/arm-none-eabi/7.2.1/../../../../arm-none-eabi/lib/thumb/v7e-m/fpv4-sp/hard\libcr_c.a(errno.o)
                0x2000176c                errno
 .bss.__Ciob    0x20001770       0xb4 c:/nxp/mcuxpressoide_10.2.0_759/ide/tools/bin/../lib/gcc/arm-none-eabi/7.2.1/../../../../arm-none-eabi/lib/thumb/v7e-m/fpv4-sp/hard\libcr_semihost_nf.a(__ciob.o)
                0x20001770                __Ciob
 .bss.bit       0x20001824        0x2 ./source/drivers/lector.o
 .bss.moving_counter
                0x20001826        0x2 ./source/drivers/seven_seg_display.o
 .bss.isInit.5478
                0x20001828        0x1 ./source/drivers/MplxLed.o
 .bss.displayCounter.5537
                0x20001829        0x1 ./source/drivers/MplxLed.o
 .bss.var       0x2000182a        0x1 ./source/drivers/button.o
                0x2000182a                var
 .bss.existingEvent
                0x2000182b        0x1 ./source/drivers/encoder.o
 .bss.statusA   0x2000182c        0x1 ./source/drivers/encoder.o
 .bss.statusB   0x2000182d        0x1 ./source/drivers/encoder.o
 .bss.init.5150
                0x2000182e        0x1 ./source/drivers/encoder.o
 .bss.enable    0x2000182f        0x1 ./source/drivers/lector.o
 .bss.event     0x20001830        0x1 ./source/drivers/lector.o
 .bss.pos       0x20001831        0x1 ./source/drivers/seven_seg_display.o
 .bss.moves_remainig
                0x20001832        0x1 ./source/drivers/seven_seg_display.o
 .bss.bouncing  0x20001833        0x1 ./source/drivers/seven_seg_display.o
 .bss.move_b    0x20001834        0x1 ./source/drivers/seven_seg_display.o
 .bss.animation
                0x20001835        0x1 ./source/drivers/seven_seg_display.o
 .bss.animation_counter
                0x20001836        0x1 ./source/drivers/seven_seg_display.o
 .bss.cursor_pos
                0x20001837        0x1 ./source/drivers/seven_seg_display.o
 .bss.cursor    0x20001838        0x1 ./source/drivers/seven_seg_display.o
 .bss.isInit.5251
                0x20001839        0x1 ./source/drivers/seven_seg_display.o
 .bss.displayCounter.5332
                0x2000183a        0x1 ./source/drivers/seven_seg_display.o
 .bss.currentPos
                0x2000183b        0x1 ./source/FSM/States/add_user_state/substates/add_user_id_state.o
 .bss.showingTitle
                0x2000183c        0x1 ./source/FSM/States/add_user_state/substates/add_user_id_state.o
 .bss.showingErrorIndication
                0x2000183d        0x1 ./source/FSM/States/add_user_state/substates/add_user_id_state.o
 .bss.currentPos
                0x2000183e        0x1 ./source/FSM/States/add_user_state/substates/add_user_pin_state.o
 .bss.showingTitle
                0x2000183f        0x1 ./source/FSM/States/add_user_state/substates/add_user_pin_state.o
 .bss.showingErrorIndication
                0x20001840        0x1 ./source/FSM/States/add_user_state/substates/add_user_pin_state.o
 .bss.currentOptionIndex
                0x20001841        0x1 ./source/FSM/States/config_device_state.o
 .bss.currentPos
                0x20001842        0x1 ./source/FSM/States/config_me_state.o
 .bss.showingTitle
                0x20001843        0x1 ./source/FSM/States/config_me_state.o
 .bss.showingErrorIndication
                0x20001844        0x1 ./source/FSM/States/config_me_state.o
 .bss.currentPos
                0x20001845        0x1 ./source/FSM/States/delete_user_state.o
 .bss.showingTitle
                0x20001846        0x1 ./source/FSM/States/delete_user_state.o
 .bss.showingErrorIndication
                0x20001847        0x1 ./source/FSM/States/delete_user_state.o
 .bss.currentPos
                0x20001848        0x1 ./source/FSM/States/id_state.o
 .bss.showingTitle
                0x20001849        0x1 ./source/FSM/States/id_state.o
 .bss.showingErrorIndication
                0x2000184a        0x1 ./source/FSM/States/id_state.o
 .bss.currentOptionIndex
                0x2000184b        0x1 ./source/FSM/States/menu_state.o
 .bss.showingTitle
                0x2000184c        0x1 ./source/FSM/States/menu_state.o
 .bss.admin     0x2000184d        0x1 ./source/FSM/States/menu_state.o
 .bss.currentPos
                0x2000184e        0x1 ./source/FSM/States/pin_state.o
 .bss.showingTitle
                0x2000184f        0x1 ./source/FSM/States/pin_state.o
 .bss.showingErrorIndication
                0x20001850        0x1 ./source/FSM/States/pin_state.o
 .bss.showingAnimation
                0x20001851        0x1 ./source/FSM/States/pin_state.o
 *(SORT_BY_ALIGNMENT(COMMON))
                0x20001858                . = ALIGN (0x8)
 *fill*         0x20001852        0x6 
                0x20001858                _ebss = .
                [!provide]                PROVIDE (end, .)

.noinit_RAM2    0x1fff0000        0x0
 *(SORT_BY_ALIGNMENT(.noinit.$RAM2*))
 *(SORT_BY_ALIGNMENT(.noinit.$SRAM_LOWER*))
                0x1fff0000                . = ALIGN (0x8)

.noinit_RAM3    0x14000000        0x0
 *(SORT_BY_ALIGNMENT(.noinit.$RAM3*))
 *(SORT_BY_ALIGNMENT(.noinit.$FLEX_RAM*))
                0x14000000                . = ALIGN (0x8)

.noinit         0x20001858        0x0
                0x20001858                _noinit = .
 *(SORT_BY_ALIGNMENT(.noinit*))
                0x20001858                . = ALIGN (0x8)
                0x20001858                _end_noinit = .
                0x00001000                _HeapSize = 0x1000

.heap           0x20001858     0x1000
                0x20001858                _pvHeapStart = .
                0x20002858                . = (. + _HeapSize)
 *fill*         0x20001858     0x1000 
                0x20002858                . = ALIGN (0x8)
                0x20002858                _pvHeapLimit = .
                0x00001000                _StackSize = 0x1000

.heap2stackfill
                0x20002858     0x1000
                0x20003858                . = (. + _StackSize)
 *fill*         0x20002858     0x1000 

.stack          0x2002f000        0x0
                0x2002f000                _vStackBase = .
                0x2002f000                . = ALIGN (0x8)
                0x20030000                _vStackTop = (. + _StackSize)
                0x00000000                _image_start = LOADADDR (.text)
                0x00006c70                _image_end = (LOADADDR (.data) + SIZEOF (.data))
                0x00006c70                _image_size = (_image_end - _image_start)
OUTPUT(ControlDeAcceso.axf elf32-littlearm)

.debug_info     0x00000000     0x97a2
 .debug_info    0x00000000      0x6aa ./source/startup/hardware.o
 .debug_info    0x000006aa       0xec ./source/startup/main.o
 .debug_info    0x00000796       0x3b ./source/startup/semihost_hardfault.o
 .debug_info    0x000007d1      0x8b0 ./source/startup/startup_mk64f12.o
 .debug_info    0x00001081      0x88f ./source/drivers/Led.o
 .debug_info    0x00001910      0x5ae ./source/drivers/MplxLed.o
 .debug_info    0x00001ebe      0x53a ./source/drivers/Timer.o
 .debug_info    0x000023f8      0x37f ./source/drivers/button.o
 .debug_info    0x00002777      0x1b3 ./source/drivers/encoder.o
 .debug_info    0x0000292a      0x441 ./source/drivers/lector.o
 .debug_info    0x00002d6b      0x6b8 ./source/drivers/seven_seg_display.o
 .debug_info    0x00003423      0x757 ./source/database/data_base.o
 .debug_info    0x00003b7a      0x552 ./source/MCAL/SysTick.o
 .debug_info    0x000040cc      0xac0 ./source/MCAL/gpio.o
 .debug_info    0x00004b8c      0x44a ./source/FSM/States/add_user_state/substates/add_user_id_state.o
 .debug_info    0x00004fd6      0x3e9 ./source/FSM/States/add_user_state/substates/add_user_main_state.o
 .debug_info    0x000053bf      0x4ab ./source/FSM/States/add_user_state/substates/add_user_pin_state.o
 .debug_info    0x0000586a      0x33f ./source/FSM/States/add_user_state/add_user_fsm_table.o
 .debug_info    0x00005ba9      0x3df ./source/FSM/States/add_user_state/add_user_state.o
 .debug_info    0x00005f88      0x300 ./source/FSM/States/config_device_state.o
 .debug_info    0x00006288      0x3fb ./source/FSM/States/config_me_state.o
 .debug_info    0x00006683      0x531 ./source/FSM/States/delete_user_state.o
 .debug_info    0x00006bb4      0x554 ./source/FSM/States/id_state.o
 .debug_info    0x00007108      0x427 ./source/FSM/States/menu_state.o
 .debug_info    0x0000752f      0x291 ./source/FSM/States/open_state.o
 .debug_info    0x000077c0      0x51c ./source/FSM/States/pin_state.o
 .debug_info    0x00007cdc      0x407 ./source/FSM/States/user_input.o
 .debug_info    0x000080e3      0x36a ./source/FSM/States/welcome_state.o
 .debug_info    0x0000844d      0x22e ./source/FSM/fsm.o
 .debug_info    0x0000867b      0x3c2 ./source/FSM/fsm_table.o
 .debug_info    0x00008a3d      0x389 ./source/App.o
 .debug_info    0x00008dc6      0x3ab ./source/queue.o
 .debug_info    0x00009171      0x631 ./CMSIS/system_MK64F12.o

.debug_abbrev   0x00000000     0x2c23
 .debug_abbrev  0x00000000      0x14d ./source/startup/hardware.o
 .debug_abbrev  0x0000014d       0x9b ./source/startup/main.o
 .debug_abbrev  0x000001e8       0x2f ./source/startup/semihost_hardfault.o
 .debug_abbrev  0x00000217      0x15c ./source/startup/startup_mk64f12.o
 .debug_abbrev  0x00000373      0x1f9 ./source/drivers/Led.o
 .debug_abbrev  0x0000056c      0x166 ./source/drivers/MplxLed.o
 .debug_abbrev  0x000006d2      0x164 ./source/drivers/Timer.o
 .debug_abbrev  0x00000836      0x180 ./source/drivers/button.o
 .debug_abbrev  0x000009b6      0x109 ./source/drivers/encoder.o
 .debug_abbrev  0x00000abf      0x1b7 ./source/drivers/lector.o
 .debug_abbrev  0x00000c76      0x24a ./source/drivers/seven_seg_display.o
 .debug_abbrev  0x00000ec0      0x1fb ./source/database/data_base.o
 .debug_abbrev  0x000010bb      0x1d5 ./source/MCAL/SysTick.o
 .debug_abbrev  0x00001290      0x23b ./source/MCAL/gpio.o
 .debug_abbrev  0x000014cb      0x142 ./source/FSM/States/add_user_state/substates/add_user_id_state.o
 .debug_abbrev  0x0000160d      0x14f ./source/FSM/States/add_user_state/substates/add_user_main_state.o
 .debug_abbrev  0x0000175c      0x155 ./source/FSM/States/add_user_state/substates/add_user_pin_state.o
 .debug_abbrev  0x000018b1      0x122 ./source/FSM/States/add_user_state/add_user_fsm_table.o
 .debug_abbrev  0x000019d3      0x137 ./source/FSM/States/add_user_state/add_user_state.o
 .debug_abbrev  0x00001b0a      0x101 ./source/FSM/States/config_device_state.o
 .debug_abbrev  0x00001c0b       0xf8 ./source/FSM/States/config_me_state.o
 .debug_abbrev  0x00001d03      0x160 ./source/FSM/States/delete_user_state.o
 .debug_abbrev  0x00001e63      0x192 ./source/FSM/States/id_state.o
 .debug_abbrev  0x00001ff5      0x146 ./source/FSM/States/menu_state.o
 .debug_abbrev  0x0000213b       0xd3 ./source/FSM/States/open_state.o
 .debug_abbrev  0x0000220e      0x19f ./source/FSM/States/pin_state.o
 .debug_abbrev  0x000023ad      0x157 ./source/FSM/States/user_input.o
 .debug_abbrev  0x00002504      0x11f ./source/FSM/States/welcome_state.o
 .debug_abbrev  0x00002623       0xca ./source/FSM/fsm.o
 .debug_abbrev  0x000026ed      0x11d ./source/FSM/fsm_table.o
 .debug_abbrev  0x0000280a      0x146 ./source/App.o
 .debug_abbrev  0x00002950      0x17f ./source/queue.o
 .debug_abbrev  0x00002acf      0x154 ./CMSIS/system_MK64F12.o

.debug_aranges  0x00000000      0xe30
 .debug_aranges
                0x00000000       0x30 ./source/startup/hardware.o
 .debug_aranges
                0x00000030       0x20 ./source/startup/main.o
 .debug_aranges
                0x00000050       0x20 ./source/startup/semihost_hardfault.o
 .debug_aranges
                0x00000070      0x330 ./source/startup/startup_mk64f12.o
 .debug_aranges
                0x000003a0       0xa0 ./source/drivers/Led.o
 .debug_aranges
                0x00000440       0x70 ./source/drivers/MplxLed.o
 .debug_aranges
                0x000004b0       0x68 ./source/drivers/Timer.o
 .debug_aranges
                0x00000518       0x50 ./source/drivers/button.o
 .debug_aranges
                0x00000568       0x30 ./source/drivers/encoder.o
 .debug_aranges
                0x00000598       0x58 ./source/drivers/lector.o
 .debug_aranges
                0x000005f0       0xb0 ./source/drivers/seven_seg_display.o
 .debug_aranges
                0x000006a0       0xa8 ./source/database/data_base.o
 .debug_aranges
                0x00000748       0x58 ./source/MCAL/SysTick.o
 .debug_aranges
                0x000007a0       0x88 ./source/MCAL/gpio.o
 .debug_aranges
                0x00000828       0x78 ./source/FSM/States/add_user_state/substates/add_user_id_state.o
 .debug_aranges
                0x000008a0       0x48 ./source/FSM/States/add_user_state/substates/add_user_main_state.o
 .debug_aranges
                0x000008e8       0x70 ./source/FSM/States/add_user_state/substates/add_user_pin_state.o
 .debug_aranges
                0x00000958       0x38 ./source/FSM/States/add_user_state/add_user_fsm_table.o
 .debug_aranges
                0x00000990       0x70 ./source/FSM/States/add_user_state/add_user_state.o
 .debug_aranges
                0x00000a00       0x40 ./source/FSM/States/config_device_state.o
 .debug_aranges
                0x00000a40       0x68 ./source/FSM/States/config_me_state.o
 .debug_aranges
                0x00000aa8       0x88 ./source/FSM/States/delete_user_state.o
 .debug_aranges
                0x00000b30       0x90 ./source/FSM/States/id_state.o
 .debug_aranges
                0x00000bc0       0x58 ./source/FSM/States/menu_state.o
 .debug_aranges
                0x00000c18       0x28 ./source/FSM/States/open_state.o
 .debug_aranges
                0x00000c40       0x90 ./source/FSM/States/pin_state.o
 .debug_aranges
                0x00000cd0       0x48 ./source/FSM/States/user_input.o
 .debug_aranges
                0x00000d18       0x28 ./source/FSM/States/welcome_state.o
 .debug_aranges
                0x00000d40       0x20 ./source/FSM/fsm.o
 .debug_aranges
                0x00000d60       0x30 ./source/FSM/fsm_table.o
 .debug_aranges
                0x00000d90       0x38 ./source/App.o
 .debug_aranges
                0x00000dc8       0x38 ./source/queue.o
 .debug_aranges
                0x00000e00       0x30 ./CMSIS/system_MK64F12.o

.debug_ranges   0x00000000      0xca0
 .debug_ranges  0x00000000       0x20 ./source/startup/hardware.o
 .debug_ranges  0x00000020       0x10 ./source/startup/main.o
 .debug_ranges  0x00000030       0x10 ./source/startup/semihost_hardfault.o
 .debug_ranges  0x00000040      0x320 ./source/startup/startup_mk64f12.o
 .debug_ranges  0x00000360       0x90 ./source/drivers/Led.o
 .debug_ranges  0x000003f0       0x60 ./source/drivers/MplxLed.o
 .debug_ranges  0x00000450       0x58 ./source/drivers/Timer.o
 .debug_ranges  0x000004a8       0x40 ./source/drivers/button.o
 .debug_ranges  0x000004e8       0x20 ./source/drivers/encoder.o
 .debug_ranges  0x00000508       0x48 ./source/drivers/lector.o
 .debug_ranges  0x00000550       0xa0 ./source/drivers/seven_seg_display.o
 .debug_ranges  0x000005f0       0x98 ./source/database/data_base.o
 .debug_ranges  0x00000688       0x48 ./source/MCAL/SysTick.o
 .debug_ranges  0x000006d0       0x78 ./source/MCAL/gpio.o
 .debug_ranges  0x00000748       0x88 ./source/FSM/States/add_user_state/substates/add_user_id_state.o
 .debug_ranges  0x000007d0       0x50 ./source/FSM/States/add_user_state/substates/add_user_main_state.o
 .debug_ranges  0x00000820       0x60 ./source/FSM/States/add_user_state/substates/add_user_pin_state.o
 .debug_ranges  0x00000880       0x28 ./source/FSM/States/add_user_state/add_user_fsm_table.o
 .debug_ranges  0x000008a8       0x60 ./source/FSM/States/add_user_state/add_user_state.o
 .debug_ranges  0x00000908       0x30 ./source/FSM/States/config_device_state.o
 .debug_ranges  0x00000938       0x58 ./source/FSM/States/config_me_state.o
 .debug_ranges  0x00000990       0x90 ./source/FSM/States/delete_user_state.o
 .debug_ranges  0x00000a20       0x98 ./source/FSM/States/id_state.o
 .debug_ranges  0x00000ab8       0x48 ./source/FSM/States/menu_state.o
 .debug_ranges  0x00000b00       0x18 ./source/FSM/States/open_state.o
 .debug_ranges  0x00000b18       0x80 ./source/FSM/States/pin_state.o
 .debug_ranges  0x00000b98       0x38 ./source/FSM/States/user_input.o
 .debug_ranges  0x00000bd0       0x30 ./source/FSM/States/welcome_state.o
 .debug_ranges  0x00000c00       0x10 ./source/FSM/fsm.o
 .debug_ranges  0x00000c10       0x20 ./source/FSM/fsm_table.o
 .debug_ranges  0x00000c30       0x28 ./source/App.o
 .debug_ranges  0x00000c58       0x28 ./source/queue.o
 .debug_ranges  0x00000c80       0x20 ./CMSIS/system_MK64F12.o

.debug_macro    0x00000000    0x13188
 .debug_macro   0x00000000       0xb4 ./source/startup/hardware.o
 .debug_macro   0x000000b4      0xa96 ./source/startup/hardware.o
 .debug_macro   0x00000b4a       0x10 ./source/startup/hardware.o
 .debug_macro   0x00000b5a      0x12d ./source/startup/hardware.o
 .debug_macro   0x00000c87      0x5b2 ./source/startup/hardware.o
 .debug_macro   0x00001239       0x22 ./source/startup/hardware.o
 .debug_macro   0x0000125b       0x10 ./source/startup/hardware.o
 .debug_macro   0x0000126b       0x5c ./source/startup/hardware.o
 .debug_macro   0x000012c7       0x1c ./source/startup/hardware.o
 .debug_macro   0x000012e3       0x22 ./source/startup/hardware.o
 .debug_macro   0x00001305       0xdf ./source/startup/hardware.o
 .debug_macro   0x000013e4      0xecf ./source/startup/hardware.o
 .debug_macro   0x000022b3       0x48 ./source/startup/hardware.o
 .debug_macro   0x000022fb     0xe07b ./source/startup/hardware.o
 .debug_macro   0x00010376     0x122b ./source/startup/hardware.o
 .debug_macro   0x000115a1       0x16 ./source/startup/hardware.o
 .debug_macro   0x000115b7       0xb4 ./source/startup/main.o
 .debug_macro   0x0001166b       0x11 ./source/startup/semihost_hardfault.o
 .debug_macro   0x0001167c       0x29 ./source/startup/startup_mk64f12.o
 .debug_macro   0x000116a5       0xb8 ./source/drivers/Led.o
 .debug_macro   0x0001175d       0x3a ./source/drivers/Led.o