Archive member included to satisfy reference by file (symbol)

c:/nxp/mcuxpressoide_10.2.0_759/ide/tools/bin/../lib/gcc/arm-none-eabi/7.2.1/../../../../arm-none-eabi/lib/thumb/v7e-m/fpv4-sp/hard\libcr_semihost_nf.a(_cr__main.o)
                              ./source/startup/startup_mk64f12.o (__main)
c:/nxp/mcuxpressoide_10.2.0_759/ide/tools/bin/../lib/gcc/arm-none-eabi/7.2.1/../../../../arm-none-eabi/lib/thumb/v7e-m/fpv4-sp/hard\libcr_c.a(memcpy.o)
                              ./source/drivers/Led.o (memcpy)
c:/nxp/mcuxpressoide_10.2.0_759/ide/tools/bin/../lib/gcc/arm-none-eabi/7.2.1/../../../../arm-none-eabi/lib/thumb/v7e-m/fpv4-sp/hard\libcr_c.a(memset.o)
                              ./source/database/data_base.o (memset)
c:/nxp/mcuxpressoide_10.2.0_759/ide/tools/bin/../lib/gcc/arm-none-eabi/7.2.1/../../../../arm-none-eabi/lib/thumb/v7e-m/fpv4-sp/hard\libcr_c.a(fpprintf.o)
                              ./source/startup/main.o (printf)
c:/nxp/mcuxpressoide_10.2.0_759/ide/tools/bin/../lib/gcc/arm-none-eabi/7.2.1/../../../../arm-none-eabi/lib/thumb/v7e-m/fpv4-sp/hard\libcr_c.a(initio.o)
                              c:/nxp/mcuxpressoide_10.2.0_759/ide/tools/bin/../lib/gcc/arm-none-eabi/7.2.1/../../../../arm-none-eabi/lib/thumb/v7e-m/fpv4-sp/hard\libcr_semihost_nf.a(_cr__main.o) (_initio)
c:/nxp/mcuxpressoide_10.2.0_759/ide/tools/bin/../lib/gcc/arm-none-eabi/7.2.1/../../../../arm-none-eabi/lib/thumb/v7e-m/fpv4-sp/hard\libcr_c.a(printf.o)
                              c:/nxp/mcuxpressoide_10.2.0_759/ide/tools/bin/../lib/gcc/arm-none-eabi/7.2.1/../../../../arm-none-eabi/lib/thumb/v7e-m/fpv4-sp/hard\libcr_c.a(fpprintf.o) (__vfprintf)
c:/nxp/mcuxpressoide_10.2.0_759/ide/tools/bin/../lib/gcc/arm-none-eabi/7.2.1/../../../../arm-none-eabi/lib/thumb/v7e-m/fpv4-sp/hard\libcr_c.a(setvbuf.o)
                              c:/nxp/mcuxpressoide_10.2.0_759/ide/tools/bin/../lib/gcc/arm-none-eabi/7.2.1/../../../../arm-none-eabi/lib/thumb/v7e-m/fpv4-sp/hard\libcr_c.a(initio.o) (setvbuf)
c:/nxp/mcuxpressoide_10.2.0_759/ide/tools/bin/../lib/gcc/arm-none-eabi/7.2.1/../../../../arm-none-eabi/lib/thumb/v7e-m/fpv4-sp/hard\libcr_c.a(strlen.o)
                              c:/nxp/mcuxpressoide_10.2.0_759/ide/tools/bin/../lib/gcc/arm-none-eabi/7.2.1/../../../../arm-none-eabi/lib/thumb/v7e-m/fpv4-sp/hard\libcr_c.a(printf.o) (strlen)
c:/nxp/mcuxpressoide_10.2.0_759/ide/tools/bin/../lib/gcc/arm-none-eabi/7.2.1/../../../../arm-none-eabi/lib/thumb/v7e-m/fpv4-sp/hard\libcr_c.a(_deferredlazyseek.o)
                              c:/nxp/mcuxpressoide_10.2.0_759/ide/tools/bin/../lib/gcc/arm-none-eabi/7.2.1/../../../../arm-none-eabi/lib/thumb/v7e-m/fpv4-sp/hard\libcr_c.a(fpprintf.o) (__flsbuf)
c:/nxp/mcuxpressoide_10.2.0_759/ide/tools/bin/../lib/gcc/arm-none-eabi/7.2.1/../../../../arm-none-eabi/lib/thumb/v7e-m/fpv4-sp/hard\libcr_c.a(_fdopen.o)
                              c:/nxp/mcuxpressoide_10.2.0_759/ide/tools/bin/../lib/gcc/arm-none-eabi/7.2.1/../../../../arm-none-eabi/lib/thumb/v7e-m/fpv4-sp/hard\libcr_c.a(initio.o) (_fdopen)
c:/nxp/mcuxpressoide_10.2.0_759/ide/tools/bin/../lib/gcc/arm-none-eabi/7.2.1/../../../../arm-none-eabi/lib/thumb/v7e-m/fpv4-sp/hard\libcr_c.a(_fflush.o)
                              c:/nxp/mcuxpressoide_10.2.0_759/ide/tools/bin/../lib/gcc/arm-none-eabi/7.2.1/../../../../arm-none-eabi/lib/thumb/v7e-m/fpv4-sp/hard\libcr_c.a(_deferredlazyseek.o) (_fflush)
c:/nxp/mcuxpressoide_10.2.0_759/ide/tools/bin/../lib/gcc/arm-none-eabi/7.2.1/../../../../arm-none-eabi/lib/thumb/v7e-m/fpv4-sp/hard\libcr_c.a(_frexpl.o)
                              c:/nxp/mcuxpressoide_10.2.0_759/ide/tools/bin/../lib/gcc/arm-none-eabi/7.2.1/../../../../arm-none-eabi/lib/thumb/v7e-m/fpv4-sp/hard\libcr_c.a(fpprintf.o) (_frexpl)
c:/nxp/mcuxpressoide_10.2.0_759/ide/tools/bin/../lib/gcc/arm-none-eabi/7.2.1/../../../../arm-none-eabi/lib/thumb/v7e-m/fpv4-sp/hard\libcr_c.a(_ldexpl.o)
                              c:/nxp/mcuxpressoide_10.2.0_759/ide/tools/bin/../lib/gcc/arm-none-eabi/7.2.1/../../../../arm-none-eabi/lib/thumb/v7e-m/fpv4-sp/hard\libcr_c.a(fpprintf.o) (_ldexpl)
c:/nxp/mcuxpressoide_10.2.0_759/ide/tools/bin/../lib/gcc/arm-none-eabi/7.2.1/../../../../arm-none-eabi/lib/thumb/v7e-m/fpv4-sp/hard\libcr_c.a(_writebuf.o)
                              c:/nxp/mcuxpressoide_10.2.0_759/ide/tools/bin/../lib/gcc/arm-none-eabi/7.2.1/../../../../arm-none-eabi/lib/thumb/v7e-m/fpv4-sp/hard\libcr_c.a(_deferredlazyseek.o) (_Cwritebuf)
c:/nxp/mcuxpressoide_10.2.0_759/ide/tools/bin/../lib/gcc/arm-none-eabi/7.2.1/../../../../arm-none-eabi/lib/thumb/v7e-m/fpv4-sp/hard\libcr_c.a(alloc.o)
                              c:/nxp/mcuxpressoide_10.2.0_759/ide/tools/bin/../lib/gcc/arm-none-eabi/7.2.1/../../../../arm-none-eabi/lib/thumb/v7e-m/fpv4-sp/hard\libcr_c.a(fpprintf.o) (malloc)
c:/nxp/mcuxpressoide_10.2.0_759/ide/tools/bin/../lib/gcc/arm-none-eabi/7.2.1/../../../../arm-none-eabi/lib/thumb/v7e-m/fpv4-sp/hard\libcr_c.a(errno.o)
[...]
Memory Configuration

Name             Origin             Length             Attributes
PROGRAM_FLASH    0x00000000         0x00100000         xr
SRAM_UPPER       0x20000000         0x00030000         xrw
SRAM_LOWER       0x1fff0000         0x00010000         xrw
FLEX_RAM         0x14000000         0x00001000         xrw
*default*        0x00000000         0xffffffff

Linker script and memory map

LOAD ./source/startup/hardware.o
LOAD ./source/startup/main.o
LOAD ./source/startup/semihost_hardfault.o
LOAD ./source/startup/startup_mk64f12.o
LOAD ./source/drivers/Led.o
LOAD ./source/drivers/MplxLed.o
LOAD ./source/drivers/Timer.o
LOAD ./source/drivers/button.o
LOAD ./source/drivers/encoder.o
LOAD ./source/drivers/lector.o
LOAD ./source/drivers/seven_seg_display.o
LOAD ./source/database/data_base.o
LOAD ./source/MCAL/SysTick.o
LOAD ./source/MCAL/gpio.o
LOAD ./source/FSM/States/add_user_state/substates/add_user_id_state.o
LOAD ./source/FSM/States/add_user_state/substates/add_user_main_state.o
LOAD ./source/FSM/States/add_user_state/substates/add_user_pin_state.o
LOAD ./source/FSM/States/add_user_state/add_user_fsm_table.o
LOAD ./source/FSM/States/add_user_state/add_user_state.o
LOAD ./source/FSM/States/config_device_state.o
LOAD ./source/FSM/States/config_me_state.o
LOAD ./source/FSM/States/delete_user_state.o
LOAD ./source/FSM/States/fail_state.o
LOAD ./source/FSM/States/id_state.o
LOAD ./source/FSM/States/menu_state.o
LOAD ./source/FSM/States/open_state.o
LOAD ./source/FSM/States/pin_state.o
LOAD ./source/FSM/States/user_input.o
LOAD ./source/FSM/States/welcome_state.o
LOAD ./source/FSM/fsm.o
LOAD ./source/FSM/fsm_table.o
LOAD ./source/App.o
LOAD ./source/queue.o
LOAD ./CMSIS/system_MK64F12.o
START GROUP
LOAD c:/nxp/mcuxpressoide_10.2.0_759/ide/tools/bin/../lib/gcc/arm-none-eabi/7.2.1/../../../../arm-none-eabi/lib/thumb/v7e-m/fpv4-sp/hard\libcr_semihost_nf.a
LOAD c:/nxp/mcuxpressoide_10.2.0_759/ide/tools/bin/../lib/gcc/arm-none-eabi/7.2.1/../../../../arm-none-eabi/lib/thumb/v7e-m/fpv4-sp/hard\libcr_c.a
LOAD c:/nxp/mcuxpressoide_10.2.0_759/ide/tools/bin/../lib/gcc/arm-none-eabi/7.2.1/thumb/v7e-m/fpv4-sp/hard\libcr_eabihelpers.a
END GROUP
                0x00000000                __base_PROGRAM_FLASH = 0x0
                0x00000000                __base_Flash = 0x0
                0x00100000                __top_PROGRAM_FLASH = 0x100000
                0x00100000                __top_Flash = 0x100000
                0x20000000                __base_SRAM_UPPER = 0x20000000
                0x20000000                __base_RAM = 0x20000000
                0x20030000                __top_SRAM_UPPER = 0x20030000
                0x20030000                __top_RAM = 0x20030000
                0x1fff0000                __base_SRAM_LOWER = 0x1fff0000
                0x1fff0000                __base_RAM2 = 0x1fff0000
                0x20000000                __top_SRAM_LOWER = 0x20000000
                0x20000000                __top_RAM2 = 0x20000000
                0x14000000                __base_FLEX_RAM = 0x14000000
                0x14000000                __base_RAM3 = 0x14000000
                0x14001000                __top_FLEX_RAM = 0x14001000
                0x14001000                __top_RAM3 = 0x14001000

.text           0x00000000     0x84f8
 FILL mask 0xff
                0x00000000                __vectors_start__ = ABSOLUTE (.)
 *(SORT_BY_ALIGNMENT(.isr_vector))
 .isr_vector    0x00000000      0x198 ./source/startup/startup_mk64f12.o
                0x00000000                g_pfnVectors
                0x00000000                __Vectors
                0x00000198                . = ALIGN (0x4)
                0x00000198                __section_table_start = .
                0x00000198                __data_section_table = .
                0x00000198        0x4 LONG 0x84f8 LOADADDR (.data)
                0x0000019c        0x4 LONG 0x20000000 ADDR (.data)
                0x000001a0        0x4 LONG 0x538 SIZEOF (.data)
                0x000001a4        0x4 LONG 0x84f8 LOADADDR (.data_RAM2)
                0x000001a8        0x4 LONG 0x1fff0000 ADDR (.data_RAM2)
                0x000001ac        0x4 LONG 0x0 SIZEOF (.data_RAM2)
                0x000001b0        0x4 LONG 0x84f8 LOADADDR (.data_RAM3)
                0x000001b4        0x4 LONG 0x14000000 ADDR (.data_RAM3)
                0x000001b8        0x4 LONG 0x0 SIZEOF (.data_RAM3)
                0x000001bc                __data_section_table_end = .
                0x000001bc                __bss_section_table = .
                0x000001bc        0x4 LONG 0x20000538 ADDR (.bss)
                0x000001c0        0x4 LONG 0x1378 SIZEOF (.bss)
                0x000001c4        0x4 LONG 0x1fff0000 ADDR (.bss_RAM2)
                0x000001c8        0x4 LONG 0x0 SIZEOF (.bss_RAM2)
                0x000001cc        0x4 LONG 0x14000000 ADDR (.bss_RAM3)
                0x000001d0        0x4 LONG 0x0 SIZEOF (.bss_RAM3)
                0x000001d4                __bss_section_table_end = .
                0x000001d4                __section_table_end = .
 *(SORT_BY_ALIGNMENT(.after_vectors*))
 .after_vectors.reset
                0x000001d4       0x4c ./source/startup/startup_mk64f12.o
                0x000001d4                ResetISR
 .after_vectors.init_data
                0x00000220       0x1e ./source/startup/startup_mk64f12.o
                0x00000220                data_init
 .after_vectors.init_bss
                0x0000023e       0x12 ./source/startup/startup_mk64f12.o
                0x0000023e                bss_init
 .after_vectors
                0x00000250       0x14 ./source/startup/startup_mk64f12.o
                0x00000250                NMI_Handler
                0x00000254                MemManage_Handler
                0x00000256                BusFault_Handler
                0x00000258                UsageFault_Handler
                0x0000025a                SVC_Handler
                0x0000025c                DebugMon_Handler
                0x0000025e                PendSV_Handler
                0x00000262                DMA_Error_DriverIRQHandler
                0x00000262                LPTMR0_DriverIRQHandler
                0x00000262                FTM1_DriverIRQHandler
                0x00000262                FTM2_DriverIRQHandler
                0x00000262                PIT2_DriverIRQHandler
                0x00000262                SDHC_DriverIRQHandler
                0x00000262                I2S0_Tx_DriverIRQHandler
                0x00000262                RTC_Seconds_DriverIRQHandler
                0x00000262                DMA6_DriverIRQHandler
                0x00000262                LLWU_DriverIRQHandler
                0x00000262                MCM_DriverIRQHandler
                0x00000262                MCG_DriverIRQHandler
                0x00000262                ENET_1588_Timer_DriverIRQHandler
                0x00000262                I2C2_DriverIRQHandler
                0x00000262                DAC1_DriverIRQHandler
                0x00000262                SPI1_DriverIRQHandler
                0x00000262                CMP1_DriverIRQHandler
                0x00000262                UART5_RX_TX_DriverIRQHandler
                0x00000262                FTM0_DriverIRQHandler
                0x00000262                IntDefaultHandler
                0x00000262                USB0_DriverIRQHandler
                0x00000262                UART5_ERR_DriverIRQHandler
                0x00000262                PORTC_DriverIRQHandler
                0x00000262                DMA11_DriverIRQHandler
                0x00000262                DAC0_DriverIRQHandler
                0x00000262                DMA10_DriverIRQHandler
                0x00000262                CMP2_DriverIRQHandler
                0x00000262                UART2_ERR_DriverIRQHandler
                0x00000262                SPI2_DriverIRQHandler
                0x00000262                LVD_LVW_DriverIRQHandler
                0x00000262                PIT0_DriverIRQHandler
                0x00000262                RNG_DriverIRQHandler
                0x00000262                DMA5_DriverIRQHandler
                0x00000262                DMA12_DriverIRQHandler
                0x00000262                UART2_RX_TX_DriverIRQHandler
                0x00000262                USBDCD_DriverIRQHandler
                0x00000262                UART3_ERR_DriverIRQHandler
                0x00000262                DMA3_DriverIRQHandler
                0x00000262                DMA8_DriverIRQHandler
                0x00000262                DMA9_DriverIRQHandler
                0x00000262                UART0_ERR_DriverIRQHandler
                0x00000262                CMT_DriverIRQHandler
                0x00000262                Reserved71_DriverIRQHandler
                0x00000262                ADC1_DriverIRQHandler
                0x00000262                PORTA_DriverIRQHandler
                0x00000262                DMA14_DriverIRQHandler
                0x00000262                PIT3_DriverIRQHandler
                0x00000262                PIT1_DriverIRQHandler
                0x00000262                WDOG_EWM_DriverIRQHandler
                0x00000262                PDB0_DriverIRQHandler
                0x00000262                RTC_DriverIRQHandler
                0x00000262                I2S0_Rx_DriverIRQHandler
                0x00000262                Read_Collision_DriverIRQHandler
                0x00000262                SWI_DriverIRQHandler
                0x00000262                UART4_RX_TX_DriverIRQHandler
                0x00000262                UART4_ERR_DriverIRQHandler
                0x00000262                PORTB_DriverIRQHandler
                0x00000262                UART0_LON_DriverIRQHandler
                0x00000262                DMA0_DriverIRQHandler
                0x00000262                DMA1_DriverIRQHandler
                0x00000262                I2C1_DriverIRQHandler
                0x00000262                UART3_RX_TX_DriverIRQHandler
                0x00000262                ENET_Receive_DriverIRQHandler
                0x00000262                DMA13_DriverIRQHandler
                0x00000262                ENET_Error_DriverIRQHandler
                0x00000262                DMA15_DriverIRQHandler
                0x00000262                UART0_RX_TX_DriverIRQHandler
                0x00000262                SPI0_DriverIRQHandler
                0x00000262                ADC0_DriverIRQHandler
                0x00000262                CMP0_DriverIRQHandler
                0x00000262                CAN0_DriverIRQHandler
                0x00000262                FTM3_DriverIRQHandler
                0x00000262                DMA4_DriverIRQHandler
                0x00000262                UART1_ERR_DriverIRQHandler
                0x00000262                DMA2_DriverIRQHandler
                0x00000262                ENET_Transmit_DriverIRQHandler
                0x00000262                PORTD_DriverIRQHandler
                0x00000262                PORTE_DriverIRQHandler
                0x00000262                FTFE_DriverIRQHandler
                0x00000262                I2C0_DriverIRQHandler
                0x00000262                DMA7_DriverIRQHandler
                0x00000262                UART1_RX_TX_DriverIRQHandler
                0x00000400                . = 0x400
 *fill*         0x00000264      0x19c ff
                0x00000400                PROVIDE (__FLASH_CONFIG_START__, .)
 *(SORT_BY_ALIGNMENT(.FlashConfig))
 .FlashConfig   0x00000400       0x10 ./source/startup/startup_mk64f12.o
                0x00000400                Flash_Config
                0x00000410                PROVIDE (__FLASH_CONFIG_END__, .)
                0x00000001                ASSERT (! ((__FLASH_CONFIG_START__ == __FLASH_CONFIG_END__)), Linker Flash Config Support Enabled, but no .FlashConfig section provided within application)
 *(SORT_BY_ALIGNMENT(.text*))
 .text.fp_display
                0x00000410      0x974 c:/nxp/mcuxpressoide_10.2.0_759/ide/tools/bin/../lib/gcc/arm-none-eabi/7.2.1/../../../../arm-none-eabi/lib/thumb/v7e-m/fpv4-sp/hard\libcr_c.a(fpprintf.o)
 *fill*         0x00000d84        0x4 ff
 .text._frexpl  0x00000d88       0x68 c:/nxp/mcuxpressoide_10.2.0_759/ide/tools/bin/../lib/gcc/arm-none-eabi/7.2.1/../../../../arm-none-eabi/lib/thumb/v7e-m/fpv4-sp/hard\libcr_c.a(_frexpl.o)
                0x00000d88                _frexpl
 .text._ldexpl  0x00000df0       0x58 c:/nxp/mcuxpressoide_10.2.0_759/ide/tools/bin/../lib/gcc/arm-none-eabi/7.2.1/../../../../arm-none-eabi/lib/thumb/v7e-m/fpv4-sp/hard\libcr_c.a(_ldexpl.o)
                0x00000df0                _ldexpl
 .text.hw_Init  0x00000e48      0x10c ./source/startup/hardware.o
                0x00000e48                hw_Init
 .text.hw_EnableInterrupts
                0x00000f54       0x30 ./source/startup/hardware.o
                0x00000f54                hw_EnableInterrupts
 .text.hw_DisableInterrupts
                0x00000f84       0x20 ./source/startup/hardware.o
                0x00000f84                hw_DisableInterrupts
 .text.main     0x00000fa4       0x28 ./source/startup/main.o
                0x00000fa4                main
 .text.Led_Init
                0x00000fcc      0x188 ./source/drivers/Led.o
                0x00000fcc                Led_Init
 .text.Led_OnForDefinedTime
                0x00001154       0xa4 ./source/drivers/Led.o
                0x00001154                Led_OnForDefinedTime
 .text.Led_CustomBlink
                0x000011f8       0xf0 ./source/drivers/Led.o
                0x000011f8                Led_CustomBlink
 .text.findLedIndexByID
                0x000012e8       0x4c ./source/drivers/Led.o
 .text.Led_PISR
                0x00001334       0xcc ./source/drivers/Led.o
 .text.MplxLed_Init
                0x00001400       0x9c ./source/drivers/MplxLed.o
                0x00001400                MplxLed_Init
 .text.MplxLed_On
                0x0000149c       0x58 ./source/drivers/MplxLed.o
                0x0000149c                MplxLed_On
 .text.MplxLed_Off
                0x000014f4       0x58 ./source/drivers/MplxLed.o
                0x000014f4                MplxLed_Off
 .text.MplxLed_PISR
                0x0000154c      0x33c ./source/drivers/MplxLed.o
                0x0000154c                MplxLed_PISR
 .text.Timer_Init
                0x00001888       0x2c ./source/drivers/Timer.o
                0x00001888                Timer_Init
 .text.Timer_AddCallback
                0x000018b4       0x88 ./source/drivers/Timer.o
                0x000018b4                Timer_AddCallback
 .text.Timer_Delete
                0x0000193c      0x1b8 ./source/drivers/Timer.o
                0x0000193c                Timer_Delete
 .text.Timer_Reset
                0x00001af4       0x80 ./source/drivers/Timer.o
                0x00001af4                Timer_Reset
 .text.Timer_PISR
                0x00001b74       0xec ./source/drivers/Timer.o
 .text.systick_callback
                0x00001c60      0x278 ./source/drivers/button.o
 .text.buttonsInit
                0x00001ed8       0x14 ./source/drivers/button.o
                0x00001ed8                buttonsInit
 .text.wasTap   0x00001eec       0x74 ./source/drivers/button.o
                0x00001eec                wasTap
 .text.wasLkp   0x00001f60       0x80 ./source/drivers/button.o
                0x00001f60                wasLkp
 .text.buttonConfiguration
                0x00001fe0      0x120 ./source/drivers/button.o
                0x00001fe0                buttonConfiguration
 .text.Encoder_Init
                0x00002100       0x60 ./source/drivers/encoder.o
                0x00002100                Encoder_Init
 .text.Encoder_GetMove
                0x00002160       0x3c ./source/drivers/encoder.o
                0x00002160                Encoder_GetMove
 .text.lookForMoves
                0x0000219c       0xd0 ./source/drivers/encoder.o
                0x0000219c                lookForMoves
 .text.Lector_Init
                0x0000226c       0x3c ./source/drivers/lector.o
                0x0000226c                Lector_Init
 .text.Lector_Event
                0x000022a8       0x28 ./source/drivers/lector.o
                0x000022a8                Lector_Event
 .text.Lector_GetData
                0x000022d0      0x328 ./source/drivers/lector.o
                0x000022d0                Lector_GetData
 .text.EnableIRQcallback
                0x000025f8       0x48 ./source/drivers/lector.o
                0x000025f8                EnableIRQcallback
 .text.ClockIRQcallback
                0x00002640       0x4c ./source/drivers/lector.o
                0x00002640                ClockIRQcallback
 .text.find_ss_fs_es
                0x0000268c       0xb8 ./source/drivers/lector.o
                0x0000268c                find_ss_fs_es
 .text.find_fs  0x00002744       0x88 ./source/drivers/lector.o
                0x00002744                find_fs
 .text.find_es  0x000027cc       0x88 ./source/drivers/lector.o
                0x000027cc                find_es
 .text.SevenSegDisplay_Init
                0x00002854       0xe4 ./source/drivers/seven_seg_display.o
                0x00002854                SevenSegDisplay_Init
 .text.SevenSegDisplay_ChangeCharacter
                0x00002938       0x44 ./source/drivers/seven_seg_display.o
                0x00002938                SevenSegDisplay_ChangeCharacter
 .text.SevenSegDisplay_BlinkScreen
                0x0000297c       0x54 ./source/drivers/seven_seg_display.o
                0x0000297c                SevenSegDisplay_BlinkScreen
 .text.SevenSegDisplay_BlinkCharacter
                0x000029d0       0x8c ./source/drivers/seven_seg_display.o
                0x000029d0                SevenSegDisplay_BlinkCharacter
 .text.SevenSegDisplay_SetBright
                0x00002a5c       0x20 ./source/drivers/seven_seg_display.o
                0x00002a5c                SevenSegDisplay_SetBright
 .text.SevenSegDisplay_WriteBuffer
                0x00002a7c       0x68 ./source/drivers/seven_seg_display.o
                0x00002a7c                SevenSegDisplay_WriteBuffer
 .text.SevenSegDisplay_WriteBufferAndMove
                0x00002ae4       0x90 ./source/drivers/seven_seg_display.o
                0x00002ae4                SevenSegDisplay_WriteBufferAndMove
 .text.SevenSegDisplay_Swipe
                0x00002b74       0x5c ./source/drivers/seven_seg_display.o
                0x00002b74                SevenSegDisplay_Swipe
 .text.SevenSegDisplay_SetPos
                0x00002bd0       0x30 ./source/drivers/seven_seg_display.o
                0x00002bd0                SevenSegDisplay_SetPos
 .text.SevenSegDisplay_CursorOn
                0x00002c00       0x3c ./source/drivers/seven_seg_display.o
                0x00002c00                SevenSegDisplay_CursorOn
 .text.SevenSegDisplay_CursorOff
                0x00002c3c       0x2c ./source/drivers/seven_seg_display.o
                0x00002c3c                SevenSegDisplay_CursorOff
 .text.SevenSegDisplay_CursorInc
                0x00002c68       0x48 ./source/drivers/seven_seg_display.o
                0x00002c68                SevenSegDisplay_CursorInc
 .text.SevenSegDisplay_CursorDec
                0x00002cb0       0x48 ./source/drivers/seven_seg_display.o
                0x00002cb0                SevenSegDisplay_CursorDec
 .text.SevenSegDisplay_PrintCharacter
                0x00002cf8       0x50 ./source/drivers/seven_seg_display.o
                0x00002cf8                SevenSegDisplay_PrintCharacter
 .text.SevenSegDisplay_PISR
                0x00002d48      0x254 ./source/drivers/seven_seg_display.o
                0x00002d48                SevenSegDisplay_PISR
 .text.SevenSegDisplay_EraseScreen
                0x00002f9c       0x3c ./source/drivers/seven_seg_display.o
                0x00002f9c                SevenSegDisplay_EraseScreen
 .text.SevenSegDisplay_chat2sevseg
                0x00002fd8       0x7c ./source/drivers/seven_seg_display.o
                0x00002fd8                SevenSegDisplay_chat2sevseg
 .text.SevenSegDisplay_AnimationCircles
                0x00003054       0x3c ./source/drivers/seven_seg_display.o
                0x00003054                SevenSegDisplay_AnimationCircles
 .text.SevenSegDisplay_StopAnimation
                0x00003090       0x18 ./source/drivers/seven_seg_display.o
                0x00003090                SevenSegDisplay_StopAnimation
 .text.initializeDataBase
                0x000030a8      0x284 ./source/database/data_base.o
                0x000030a8                initializeDataBase
 .text.verifyID
                0x0000332c       0xa8 ./source/database/data_base.o
                0x0000332c                verifyID
 .text.verifyPIN
                0x000033d4       0xc4 ./source/database/data_base.o
                0x000033d4                verifyPIN
 .text.isCurrentUserBlocked
                0x00003498       0x38 ./source/database/data_base.o
                0x00003498                isCurrentUserBlocked
 .text.getIdByCardNumber
                0x000034d0       0x9c ./source/database/data_base.o
                0x000034d0                getIdByCardNumber
 .text.UnblockUser
                0x0000356c       0x68 ./source/database/data_base.o
                0x0000356c                UnblockUser
 .text.IsAdmin  0x000035d4       0x38 ./source/database/data_base.o
                0x000035d4                IsAdmin
 .text.checkAddUser
                0x0000360c      0x134 ./source/database/data_base.o
                0x0000360c                checkAddUser
 .text.validateAll
                0x00003740       0x68 ./source/database/data_base.o
                0x00003740                validateAll
 .text.changePin
                0x000037a8       0x6c ./source/database/data_base.o
                0x000037a8                changePin
 .text.verifyCardNumber
                0x00003814       0xe0 ./source/database/data_base.o
                0x00003814                verifyCardNumber
 .text.removeUser
                0x000038f4       0x3c ./source/database/data_base.o
                0x000038f4                removeUser
 .text.moveAllUsersOnePlace
                0x00003930      0x18c ./source/database/data_base.o
 .text.SysTick_Init
                0x00003abc       0x3c ./source/MCAL/SysTick.o
                0x00003abc                SysTick_Init
 .text.SysTick_AddCallback
                0x00003af8       0x88 ./source/MCAL/SysTick.o
                0x00003af8                SysTick_AddCallback
 .text.SysTick_Handler
                0x00003b80       0xe8 ./source/MCAL/SysTick.o
                0x00003b80                SysTick_Handler
 .text.__NVIC_EnableIRQ
                0x00003c68       0x3c ./source/MCAL/gpio.o
 .text.__NVIC_GetEnableIRQ
                0x00003ca4       0x40 ./source/MCAL/gpio.o
 .text.gpioMode
                0x00003ce4      0x17c ./source/MCAL/gpio.o
                0x00003ce4                gpioMode
 .text.gpioToggle
                0x00003e60       0x48 ./source/MCAL/gpio.o
                0x00003e60                gpioToggle
 .text.gpioRead
                0x00003ea8       0x48 ./source/MCAL/gpio.o
                0x00003ea8                gpioRead
 .text.gpioWrite
                0x00003ef0       0x5c ./source/MCAL/gpio.o
                0x00003ef0                gpioWrite
 .text.gpioIRQ  0x00003f4c       0x90 ./source/MCAL/gpio.o
                0x00003f4c                gpioIRQ
 .text.interruptHandler
                0x00003fdc       0xb4 ./source/MCAL/gpio.o
                0x00003fdc                interruptHandler
 .text.addUserId_initLogin
                0x00004090       0x28 ./source/FSM/States/add_user_state/substates/add_user_id_state.o
                0x00004090                addUserId_initLogin
 .text.addUserId_increaseCurrent
                0x000040b8       0x40 ./source/FSM/States/add_user_state/substates/add_user_id_state.o
                0x000040b8                addUserId_increaseCurrent
 .text.addUserId_decreaseCurrent
                0x000040f8       0x40 ./source/FSM/States/add_user_state/substates/add_user_id_state.o
                0x000040f8                addUserId_decreaseCurrent
 .text.addUserId_confirmID
                0x00004138       0x64 ./source/FSM/States/add_user_state/substates/add_user_id_state.o
                0x00004138                addUserId_confirmID
 .text.addUserId_acceptNumber
                0x0000419c       0x40 ./source/FSM/States/add_user_state/substates/add_user_id_state.o
                0x0000419c                addUserId_acceptNumber
 .text.addUserId_getIDArray
                0x000041dc       0x14 ./source/FSM/States/add_user_state/substates/add_user_id_state.o
                0x000041dc                addUserId_getIDArray
 .text.showTitle
                0x000041f0       0x48 ./source/FSM/States/add_user_state/substates/add_user_id_state.o
 .text.stopShowingTitle
                0x00004238       0x30 ./source/FSM/States/add_user_state/substates/add_user_id_state.o
 .text.userInteractionStopsTitle
                0x00004268       0x28 ./source/FSM/States/add_user_state/substates/add_user_id_state.o
 .text.userInteractionStopErrorIndication
                0x00004290       0x2c ./source/FSM/States/add_user_state/substates/add_user_id_state.o
 .text.idFail   0x000042bc       0x4c ./source/FSM/States/add_user_state/substates/add_user_id_state.o
 .text.idAlreadyExists
                0x00004308       0x4c ./source/FSM/States/add_user_state/substates/add_user_id_state.o
 .text.addUsr_initState
                0x00004354       0x30 ./source/FSM/States/add_user_state/substates/add_user_main_state.o
                0x00004354                addUsr_initState
 .text.addUsr_cardSwipe
                0x00004384       0xb4 ./source/FSM/States/add_user_state/substates/add_user_main_state.o
                0x00004384                addUsr_cardSwipe
 .text.addUsr_getCardNumber
                0x00004438       0x14 ./source/FSM/States/add_user_state/substates/add_user_main_state.o
                0x00004438                addUsr_getCardNumber
 .text.showTitle
                0x0000444c       0x28 ./source/FSM/States/add_user_state/substates/add_user_main_state.o
 .text.CardFail
                0x00004474       0x40 ./source/FSM/States/add_user_state/substates/add_user_main_state.o
 .text.cardIsUsed
                0x000044b4       0x40 ./source/FSM/States/add_user_state/substates/add_user_main_state.o
 .text.addUserPin_initPinInput
                0x000044f4       0x28 ./source/FSM/States/add_user_state/substates/add_user_pin_state.o
                0x000044f4                addUserPin_initPinInput
 .text.addUserPin_confirmPin
                0x0000451c       0x70 ./source/FSM/States/add_user_state/substates/add_user_pin_state.o
                0x0000451c                addUserPin_confirmPin
 .text.addUserPin_acceptNumber
                0x0000458c       0x5c ./source/FSM/States/add_user_state/substates/add_user_pin_state.o
                0x0000458c                addUserPin_acceptNumber
 .text.addUserPin_increaseCurrent
                0x000045e8       0x40 ./source/FSM/States/add_user_state/substates/add_user_pin_state.o
                0x000045e8                addUserPin_increaseCurrent
 .text.addUserPin_decreaseCurrent
                0x00004628       0x40 ./source/FSM/States/add_user_state/substates/add_user_pin_state.o
                0x00004628                addUserPin_decreaseCurrent
 .text.showTitle
                0x00004668       0x48 ./source/FSM/States/add_user_state/substates/add_user_pin_state.o
 .text.stopShowingTitle
                0x000046b0       0x30 ./source/FSM/States/add_user_state/substates/add_user_pin_state.o
 .text.userInteractionStopsTitle
                0x000046e0       0x28 ./source/FSM/States/add_user_state/substates/add_user_pin_state.o
 .text.userInteractionStopErrorIndication
                0x00004708       0x2c ./source/FSM/States/add_user_state/substates/add_user_pin_state.o
 .text.pinFail  0x00004734       0x4c ./source/FSM/States/add_user_state/substates/add_user_pin_state.o
 .text.subFSM_GetInitState
                0x00004780       0x14 ./source/FSM/States/add_user_state/add_user_fsm_table.o
                0x00004780                subFSM_GetInitState
 .text.addUser_initFSM
                0x00004794       0x1c ./source/FSM/States/add_user_state/add_user_state.o
                0x00004794                addUser_initFSM
 .text.addUser_onLKP
                0x000047b0       0x20 ./source/FSM/States/add_user_state/add_user_state.o
                0x000047b0                addUser_onLKP
 .text.addUser_onPress
                0x000047d0       0x20 ./source/FSM/States/add_user_state/add_user_state.o
                0x000047d0                addUser_onPress
 .text.addUser_onEncoderRight
                0x000047f0       0x20 ./source/FSM/States/add_user_state/add_user_state.o
                0x000047f0                addUser_onEncoderRight
 .text.addUser_onEncoderLeft
                0x00004810       0x20 ./source/FSM/States/add_user_state/add_user_state.o
                0x00004810                addUser_onEncoderLeft
 .text.addUser_onCardSwipe
                0x00004830       0x20 ./source/FSM/States/add_user_state/add_user_state.o
                0x00004830                addUser_onCardSwipe
 .text.addUser_onReturn
                0x00004850       0x20 ./source/FSM/States/add_user_state/add_user_state.o
                0x00004850                addUser_onReturn
 .text.addUser_onIdOk
                0x00004870       0x20 ./source/FSM/States/add_user_state/add_user_state.o
                0x00004870                addUser_onIdOk
 .text.addUser_onIdFail
                0x00004890       0x20 ./source/FSM/States/add_user_state/add_user_state.o
                0x00004890                addUser_onIdFail
 .text.addUser_onCardFail
                0x000048b0       0x20 ./source/FSM/States/add_user_state/add_user_state.o
                0x000048b0                addUser_onCardFail
 .text.initConfigDevice
                0x000048d0       0x40 ./source/FSM/States/config_device_state.o
                0x000048d0                initConfigDevice
 .text.configDev_nextOption
                0x00004910       0x2c ./source/FSM/States/config_device_state.o
                0x00004910                configDev_nextOption
 .text.configDev_previousOption
                0x0000493c       0x2c ./source/FSM/States/config_device_state.o
                0x0000493c                configDev_previousOption
 .text.showCurrentOption
                0x00004968       0x38 ./source/FSM/States/config_device_state.o
 .text.configMe_initState
                0x000049a0       0x28 ./source/FSM/States/config_me_state.o
                0x000049a0                configMe_initState
 .text.configMe_confirmPin
                0x000049c8       0x48 ./source/FSM/States/config_me_state.o
                0x000049c8                configMe_confirmPin
 .text.configMe_acceptNumber
                0x00004a10       0x40 ./source/FSM/States/config_me_state.o
                0x00004a10                configMe_acceptNumber
 .text.configMe_increaseCurrent
                0x00004a50       0x40 ./source/FSM/States/config_me_state.o
                0x00004a50                configMe_increaseCurrent
 .text.configMe_decreaseCurrent
                0x00004a90       0x40 ./source/FSM/States/config_me_state.o
                0x00004a90                configMe_decreaseCurrent
 .text.showTitle
                0x00004ad0       0x4c ./source/FSM/States/config_me_state.o
 .text.stopShowingTitle
                0x00004b1c       0x30 ./source/FSM/States/config_me_state.o
 .text.userInteractionStopsTitle
                0x00004b4c       0x28 ./source/FSM/States/config_me_state.o
 .text.userInteractionStopErrorIndication
                0x00004b74       0x2c ./source/FSM/States/config_me_state.o
 .text.pinFail  0x00004ba0       0x4c ./source/FSM/States/config_me_state.o
 .text.deleteUser_initState
                0x00004bec       0x28 ./source/FSM/States/delete_user_state.o
                0x00004bec                deleteUser_initState
 .text.deleteUser_increaseCurrent
                0x00004c14       0x40 ./source/FSM/States/delete_user_state.o
                0x00004c14                deleteUser_increaseCurrent
 .text.deleteUser_decreaseCurrent
                0x00004c54       0x40 ./source/FSM/States/delete_user_state.o
                0x00004c54                deleteUser_decreaseCurrent
 .text.deleteUser_confirm
                0x00004c94       0x48 ./source/FSM/States/delete_user_state.o
                0x00004c94                deleteUser_confirm
 .text.deleteUser_acceptNumber
                0x00004cdc       0x40 ./source/FSM/States/delete_user_state.o
                0x00004cdc                deleteUser_acceptNumber
 .text.deleteUser_checkCardID
                0x00004d1c       0xbc ./source/FSM/States/delete_user_state.o
                0x00004d1c                deleteUser_checkCardID
 .text.showTitle
                0x00004dd8       0x48 ./source/FSM/States/delete_user_state.o
 .text.stopShowingTitle
                0x00004e20       0x30 ./source/FSM/States/delete_user_state.o
 .text.userInteractionStopsTitle
                0x00004e50       0x28 ./source/FSM/States/delete_user_state.o
 .text.userInteractionStopErrorIndication
                0x00004e78       0x2c ./source/FSM/States/delete_user_state.o
 .text.idFail   0x00004ea4       0x4c ./source/FSM/States/delete_user_state.o
 .text.idCardFail
                0x00004ef0       0x4c ./source/FSM/States/delete_user_state.o
 .text.initFailState
                0x00004f3c       0x64 ./source/FSM/States/fail_state.o
                0x00004f3c                initFailState
 .text.failAnimation
                0x00004fa0       0x40 ./source/FSM/States/fail_state.o
                0x00004fa0                failAnimation
 .text.finishFail
                0x00004fe0       0x34 ./source/FSM/States/fail_state.o
                0x00004fe0                finishFail
 .text.initLogin
                0x00005014       0x2c ./source/FSM/States/id_state.o
                0x00005014                initLogin
 .text.id_increaseCurrent
                0x00005040       0x44 ./source/FSM/States/id_state.o
                0x00005040                id_increaseCurrent
 .text.id_decreaseCurrent
                0x00005084       0x44 ./source/FSM/States/id_state.o
                0x00005084                id_decreaseCurrent
 .text.id_confirmID
                0x000050c8       0x54 ./source/FSM/States/id_state.o
                0x000050c8                id_confirmID
 .text.id_acceptNumber
                0x0000511c       0x44 ./source/FSM/States/id_state.o
                0x0000511c                id_acceptNumber
 .text.id_checkCardID
                0x00005160       0xb0 ./source/FSM/States/id_state.o
                0x00005160                id_checkCardID
 .text.showTitle
                0x00005210       0x48 ./source/FSM/States/id_state.o
 .text.stopShowingTitle
                0x00005258       0x30 ./source/FSM/States/id_state.o
 .text.userInteractionStopsTitle
                0x00005288       0x28 ./source/FSM/States/id_state.o
 .text.userInteractionStopErrorIndication
                0x000052b0       0x2c ./source/FSM/States/id_state.o
 .text.idFail   0x000052dc       0x4c ./source/FSM/States/id_state.o
 .text.id_fail_animate
                0x00005328       0x40 ./source/FSM/States/id_state.o
 .text.idCardFail
                0x00005368       0x4c ./source/FSM/States/id_state.o
 .text.menu_initState
                0x000053b4       0x30 ./source/FSM/States/menu_state.o
                0x000053b4                menu_initState
 .text.menu_nextOption
                0x000053e4       0x60 ./source/FSM/States/menu_state.o
                0x000053e4                menu_nextOption
 .text.menu_previousOption
                0x00005444       0x5c ./source/FSM/States/menu_state.o
                0x00005444                menu_previousOption
 .text.menu_selectOption
                0x000054a0       0x80 ./source/FSM/States/menu_state.o
                0x000054a0                menu_selectOption
 .text.showTitle
                0x00005520       0x5c ./source/FSM/States/menu_state.o
 .text.showCurrentOption
                0x0000557c       0xa8 ./source/FSM/States/menu_state.o
 .text.stopShowingTitle
                0x00005624       0x1c ./source/FSM/States/menu_state.o
 .text.userInteractionStopsTitle
                0x00005640       0x24 ./source/FSM/States/menu_state.o
 .text.openDoor
                0x00005664       0x20 ./source/FSM/States/open_state.o
                0x00005664                openDoor
 .text.initPinInput
                0x00005684       0x20 ./source/FSM/States/pin_state.o
                0x00005684                initPinInput
 .text.pin_confirmPin
                0x000056a4       0x40 ./source/FSM/States/pin_state.o
                0x000056a4                pin_confirmPin
 .text.pin_acceptNumber
                0x000056e4       0x48 ./source/FSM/States/pin_state.o
                0x000056e4                pin_acceptNumber
 .text.pin_increaseCurrent
                0x0000572c       0x30 ./source/FSM/States/pin_state.o
                0x0000572c                pin_increaseCurrent
 .text.pin_decreaseCurrent
                0x0000575c       0x30 ./source/FSM/States/pin_state.o
                0x0000575c                pin_decreaseCurrent
 .text.showTitle
                0x0000578c       0x48 ./source/FSM/States/pin_state.o
 .text.stopShowingTitle
                0x000057d4       0x28 ./source/FSM/States/pin_state.o
 .text.userInteractionStopsTitle
                0x000057fc       0x24 ./source/FSM/States/pin_state.o
 .text.showWelcomeAnimation
                0x00005820       0x28 ./source/FSM/States/welcome_state.o
                0x00005820                showWelcomeAnimation
 .text.FSM_GetInitState
                0x00005848       0x14 ./source/FSM/fsm_table.o
                0x00005848                FSM_GetInitState
 .text.App_Init
                0x0000585c       0x64 ./source/App.o
                0x0000585c                App_Init
 .text.App_Run  0x000058c0       0x38 ./source/App.o
                0x000058c0                App_Run
 .text.fillQueue
                0x000058f8       0x94 ./source/App.o
 .text.initQueue
                0x0000598c       0x50 ./source/queue.o
                0x0000598c                initQueue
 .text.emitEvent
                0x000059dc       0x70 ./source/queue.o
                0x000059dc                emitEvent
 .text.getEvent
                0x00005a4c       0x3c ./source/queue.o
                0x00005a4c                getEvent
 .text.queueIsEmpty
                0x00005a88       0x34 ./source/queue.o
                0x00005a88                queueIsEmpty
 .text.SystemInit
                0x00005abc       0x3c ./CMSIS/system_MK64F12.o
                0x00005abc                SystemInit
 .text.sprintf  0x00005af8       0x6c c:/nxp/mcuxpressoide_10.2.0_759/ide/tools/bin/../lib/gcc/arm-none-eabi/7.2.1/../../../../arm-none-eabi/lib/thumb/v7e-m/fpv4-sp/hard\libcr_c.a(fpprintf.o)
                0x00005af8                sprintf
 .text.vsnprintf
                0x00005b64       0x5c c:/nxp/mcuxpressoide_10.2.0_759/ide/tools/bin/../lib/gcc/arm-none-eabi/7.2.1/../../../../arm-none-eabi/lib/thumb/v7e-m/fpv4-sp/hard\libcr_c.a(fpprintf.o)
                0x00005b64                vsnprintf
 .text.printf   0x00005bc0       0x54 c:/nxp/mcuxpressoide_10.2.0_759/ide/tools/bin/../lib/gcc/arm-none-eabi/7.2.1/../../../../arm-none-eabi/lib/thumb/v7e-m/fpv4-sp/hard\libcr_c.a(fpprintf.o)
                0x00005bc0                printf
 .text._initio  0x00005c14       0x78 c:/nxp/mcuxpressoide_10.2.0_759/ide/tools/bin/../lib/gcc/arm-none-eabi/7.2.1/../../../../arm-none-eabi/lib/thumb/v7e-m/fpv4-sp/hard\libcr_c.a(initio.o)
                0x00005c14                _initio
 .text.__vfprintf
                0x00005c8c      0xb98 c:/nxp/mcuxpressoide_10.2.0_759/ide/tools/bin/../lib/gcc/arm-none-eabi/7.2.1/../../../../arm-none-eabi/lib/thumb/v7e-m/fpv4-sp/hard\libcr_c.a(printf.o)
                0x00005c8c                __vfprintf
 .text._vsnprintf
                0x00006824       0x5c c:/nxp/mcuxpressoide_10.2.0_759/ide/tools/bin/../lib/gcc/arm-none-eabi/7.2.1/../../../../arm-none-eabi/lib/thumb/v7e-m/fpv4-sp/hard\libcr_c.a(printf.o)
                0x00006824                _vsnprintf
 .text._printf  0x00006880       0x54 c:/nxp/mcuxpressoide_10.2.0_759/ide/tools/bin/../lib/gcc/arm-none-eabi/7.2.1/../../../../arm-none-eabi/lib/thumb/v7e-m/fpv4-sp/hard\libcr_c.a(printf.o)
                0x00006880                _printf
 .text.setvbuf  0x000068d4       0x40 c:/nxp/mcuxpressoide_10.2.0_759/ide/tools/bin/../lib/gcc/arm-none-eabi/7.2.1/../../../../arm-none-eabi/lib/thumb/v7e-m/fpv4-sp/hard\libcr_c.a(setvbuf.o)
                0x000068d4                setvbuf
 .text._Cwritebuf
                0x00006914       0x6c c:/nxp/mcuxpressoide_10.2.0_759/ide/tools/bin/../lib/gcc/arm-none-eabi/7.2.1/../../../../arm-none-eabi/lib/thumb/v7e-m/fpv4-sp/hard\libcr_c.a(_writebuf.o)
                0x00006914                _Cwritebuf
 .text.malloc   0x00006980       0xc8 c:/nxp/mcuxpressoide_10.2.0_759/ide/tools/bin/../lib/gcc/arm-none-eabi/7.2.1/../../../../arm-none-eabi/lib/thumb/v7e-m/fpv4-sp/hard\libcr_c.a(alloc.o)
                0x00006980                malloc
 .text._Csys_alloc
                0x00006a48       0x20 c:/nxp/mcuxpressoide_10.2.0_759/ide/tools/bin/../lib/gcc/arm-none-eabi/7.2.1/../../../../arm-none-eabi/lib/thumb/v7e-m/fpv4-sp/hard\libcr_c.a(alloc.o)
                0x00006a48                _Csys_alloc
 .text.fflush   0x00006a68       0x44 c:/nxp/mcuxpressoide_10.2.0_759/ide/tools/bin/../lib/gcc/arm-none-eabi/7.2.1/../../../../arm-none-eabi/lib/thumb/v7e-m/fpv4-sp/hard\libcr_c.a(fflush.o)
                0x00006a68                fflush
 .text.fseek    0x00006aac      0x100 c:/nxp/mcuxpressoide_10.2.0_759/ide/tools/bin/../lib/gcc/arm-none-eabi/7.2.1/../../../../arm-none-eabi/lib/thumb/v7e-m/fpv4-sp/hard\libcr_c.a(fseek.o)
                0x00006aac                fseek
 .text.ftell    0x00006bac       0x44 c:/nxp/mcuxpressoide_10.2.0_759/ide/tools/bin/../lib/gcc/arm-none-eabi/7.2.1/../../../../arm-none-eabi/lib/thumb/v7e-m/fpv4-sp/hard\libcr_c.a(ftell.o)
                0x00006bac                ftell
 .text._sbrk    0x00006bf0       0x3c c:/nxp/mcuxpressoide_10.2.0_759/ide/tools/bin/../lib/gcc/arm-none-eabi/7.2.1/../../../../arm-none-eabi/lib/thumb/v7e-m/fpv4-sp/hard\libcr_c.a(_cr_sbrk.o)
                0x00006bf0                _sbrk
 .text.__check_heap_overflow
                0x00006c2c       0x18 c:/nxp/mcuxpressoide_10.2.0_759/ide/tools/bin/../lib/gcc/arm-none-eabi/7.2.1/../../../../arm-none-eabi/lib/thumb/v7e-m/fpv4-sp/hard\libcr_c.a(_cr_check_heap.o)
                0x00006c2c                __check_heap_overflow
 .text.__aeabi_dmul
                0x00006c44      0x11c c:/nxp/mcuxpressoide_10.2.0_759/ide/tools/bin/../lib/gcc/arm-none-eabi/7.2.1/thumb/v7e-m/fpv4-sp/hard\libcr_eabihelpers.a(double.o)
                0x00006c44                __aeabi_dmul
 .text.__aeabi_ddiv
                0x00006d60      0x138 c:/nxp/mcuxpressoide_10.2.0_759/ide/tools/bin/../lib/gcc/arm-none-eabi/7.2.1/thumb/v7e-m/fpv4-sp/hard\libcr_eabihelpers.a(double.o)
                0x00006d60                __aeabi_ddiv
 .text.__aeabi_dsub
                0x00006e98      0x1b4 c:/nxp/mcuxpressoide_10.2.0_759/ide/tools/bin/../lib/gcc/arm-none-eabi/7.2.1/thumb/v7e-m/fpv4-sp/hard\libcr_eabihelpers.a(double.o)
                0x00006e98                __aeabi_dsub
 .text.__aeabi_dadd
                0x0000704c      0x10c c:/nxp/mcuxpressoide_10.2.0_759/ide/tools/bin/../lib/gcc/arm-none-eabi/7.2.1/thumb/v7e-m/fpv4-sp/hard\libcr_eabihelpers.a(double.o)
                0x0000704c                __aeabi_dadd
 .text.__sys_appexit
                0x00007158        0xc c:/nxp/mcuxpressoide_10.2.0_759/ide/tools/bin/../lib/gcc/arm-none-eabi/7.2.1/../../../../arm-none-eabi/lib/thumb/v7e-m/fpv4-sp/hard\libcr_semihost_nf.a(__sys_appexit.o)
                0x00007158                __sys_appexit
                0x00007158                __exit
 .text.HardFault_Handler
                0x00007164       0x2c ./source/startup/semihost_hardfault.o
                0x00007164                HardFault_Handler
 .text.DMA0_IRQHandler
                0x00007190        0x8 ./source/startup/startup_mk64f12.o
                0x00007190                DMA0_IRQHandler
 .text.DMA1_IRQHandler
                0x00007198        0x8 ./source/startup/startup_mk64f12.o
                0x00007198                DMA1_IRQHandler
 .text.DMA2_IRQHandler
                0x000071a0        0x8 ./source/startup/startup_mk64f12.o
                0x000071a0                DMA2_IRQHandler
 .text.DMA3_IRQHandler
                0x000071a8        0x8 ./source/startup/startup_mk64f12.o
                0x000071a8                DMA3_IRQHandler
 .text.DMA4_IRQHandler
                0x000071b0        0x8 ./source/startup/startup_mk64f12.o
                0x000071b0                DMA4_IRQHandler
 .text.DMA5_IRQHandler
                0x000071b8        0x8 ./source/startup/startup_mk64f12.o
                0x000071b8                DMA5_IRQHandler
 .text.DMA6_IRQHandler
                0x000071c0        0x8 ./source/startup/startup_mk64f12.o
                0x000071c0                DMA6_IRQHandler
 .text.DMA7_IRQHandler
                0x000071c8        0x8 ./source/startup/startup_mk64f12.o
                0x000071c8                DMA7_IRQHandler
 .text.DMA8_IRQHandler
                0x000071d0        0x8 ./source/startup/startup_mk64f12.o
                0x000071d0                DMA8_IRQHandler
 .text.DMA9_IRQHandler
                0x000071d8        0x8 ./source/startup/startup_mk64f12.o
                0x000071d8                DMA9_IRQHandler
 .text.DMA10_IRQHandler
                0x000071e0        0x8 ./source/startup/startup_mk64f12.o
                0x000071e0                DMA10_IRQHandler
 .text.DMA11_IRQHandler
                0x000071e8        0x8 ./source/startup/startup_mk64f12.o
                0x000071e8                DMA11_IRQHandler
 .text.DMA12_IRQHandler
                0x000071f0        0x8 ./source/startup/startup_mk64f12.o
                0x000071f0                DMA12_IRQHandler
 .text.DMA13_IRQHandler
                0x000071f8        0x8 ./source/startup/startup_mk64f12.o
                0x000071f8                DMA13_IRQHandler
 .text.DMA14_IRQHandler
                0x00007200        0x8 ./source/startup/startup_mk64f12.o
                0x00007200                DMA14_IRQHandler
 .text.DMA15_IRQHandler
                0x00007208        0x8 ./source/startup/startup_mk64f12.o
                0x00007208                DMA15_IRQHandler
 .text.DMA_Error_IRQHandler
                0x00007210        0x8 ./source/startup/startup_mk64f12.o
                0x00007210                DMA_Error_IRQHandler
 .text.MCM_IRQHandler
                0x00007218        0x8 ./source/startup/startup_mk64f12.o
                0x00007218                MCM_IRQHandler
 .text.FTFE_IRQHandler
                0x00007220        0x8 ./source/startup/startup_mk64f12.o
                0x00007220                FTFE_IRQHandler
 .text.Read_Collision_IRQHandler
                0x00007228        0x8 ./source/startup/startup_mk64f12.o
                0x00007228                Read_Collision_IRQHandler
 .text.LVD_LVW_IRQHandler
                0x00007230        0x8 ./source/startup/startup_mk64f12.o
                0x00007230                LVD_LVW_IRQHandler
 .text.LLWU_IRQHandler
                0x00007238        0x8 ./source/startup/startup_mk64f12.o
                0x00007238                LLWU_IRQHandler
 .text.WDOG_EWM_IRQHandler
                0x00007240        0x8 ./source/startup/startup_mk64f12.o
                0x00007240                WDOG_EWM_IRQHandler
 .text.RNG_IRQHandler
                0x00007248        0x8 ./source/startup/startup_mk64f12.o
                0x00007248                RNG_IRQHandler
 .text.I2C0_IRQHandler
                0x00007250        0x8 ./source/startup/startup_mk64f12.o
                0x00007250                I2C0_IRQHandler
 .text.I2C1_IRQHandler
                0x00007258        0x8 ./source/startup/startup_mk64f12.o
                0x00007258                I2C1_IRQHandler
 .text.SPI0_IRQHandler
                0x00007260        0x8 ./source/startup/startup_mk64f12.o
                0x00007260                SPI0_IRQHandler
 .text.SPI1_IRQHandler
                0x00007268        0x8 ./source/startup/startup_mk64f12.o
                0x00007268                SPI1_IRQHandler
 .text.I2S0_Tx_IRQHandler
                0x00007270        0x8 ./source/startup/startup_mk64f12.o
                0x00007270                I2S0_Tx_IRQHandler
 .text.I2S0_Rx_IRQHandler
                0x00007278        0x8 ./source/startup/startup_mk64f12.o
                0x00007278                I2S0_Rx_IRQHandler
 .text.UART0_LON_IRQHandler
                0x00007280        0x8 ./source/startup/startup_mk64f12.o
                0x00007280                UART0_LON_IRQHandler
 .text.UART0_RX_TX_IRQHandler
                0x00007288        0x8 ./source/startup/startup_mk64f12.o
                0x00007288                UART0_RX_TX_IRQHandler
 .text.UART0_ERR_IRQHandler
                0x00007290        0x8 ./source/startup/startup_mk64f12.o
                0x00007290                UART0_ERR_IRQHandler
 .text.UART1_RX_TX_IRQHandler
                0x00007298        0x8 ./source/startup/startup_mk64f12.o
                0x00007298                UART1_RX_TX_IRQHandler
 .text.UART1_ERR_IRQHandler
                0x000072a0        0x8 ./source/startup/startup_mk64f12.o
                0x000072a0                UART1_ERR_IRQHandler
 .text.UART2_RX_TX_IRQHandler
                0x000072a8        0x8 ./source/startup/startup_mk64f12.o
                0x000072a8                UART2_RX_TX_IRQHandler
 .text.UART2_ERR_IRQHandler
                0x000072b0        0x8 ./source/startup/startup_mk64f12.o
                0x000072b0                UART2_ERR_IRQHandler
 .text.UART3_RX_TX_IRQHandler
                0x000072b8        0x8 ./source/startup/startup_mk64f12.o
                0x000072b8                UART3_RX_TX_IRQHandler
 .text.UART3_ERR_IRQHandler
                0x000072c0        0x8 ./source/startup/startup_mk64f12.o
                0x000072c0                UART3_ERR_IRQHandler
 .text.ADC0_IRQHandler
                0x000072c8        0x8 ./source/startup/startup_mk64f12.o
                0x000072c8                ADC0_IRQHandler
 .text.CMP0_IRQHandler
                0x000072d0        0x8 ./source/startup/startup_mk64f12.o
                0x000072d0                CMP0_IRQHandler
 .text.CMP1_IRQHandler
                0x000072d8        0x8 ./source/startup/startup_mk64f12.o
                0x000072d8                CMP1_IRQHandler
 .text.FTM0_IRQHandler
                0x000072e0        0x8 ./source/startup/startup_mk64f12.o
                0x000072e0                FTM0_IRQHandler
 .text.FTM1_IRQHandler
                0x000072e8        0x8 ./source/startup/startup_mk64f12.o
                0x000072e8                FTM1_IRQHandler
 .text.FTM2_IRQHandler
                0x000072f0        0x8 ./source/startup/startup_mk64f12.o
                0x000072f0                FTM2_IRQHandler
 .text.CMT_IRQHandler
                0x000072f8        0x8 ./source/startup/startup_mk64f12.o
                0x000072f8                CMT_IRQHandler
 .text.RTC_IRQHandler
                0x00007300        0x8 ./source/startup/startup_mk64f12.o
                0x00007300                RTC_IRQHandler
 .text.RTC_Seconds_IRQHandler
                0x00007308        0x8 ./source/startup/startup_mk64f12.o
                0x00007308                RTC_Seconds_IRQHandler
 .text.PIT0_IRQHandler
                0x00007310        0x8 ./source/startup/startup_mk64f12.o
                0x00007310                PIT0_IRQHandler
 .text.PIT1_IRQHandler
                0x00007318        0x8 ./source/startup/startup_mk64f12.o
                0x00007318                PIT1_IRQHandler
 .text.PIT2_IRQHandler
                0x00007320        0x8 ./source/startup/startup_mk64f12.o
                0x00007320                PIT2_IRQHandler
 .text.PIT3_IRQHandler
                0x00007328        0x8 ./source/startup/startup_mk64f12.o
                0x00007328                PIT3_IRQHandler
 .text.PDB0_IRQHandler
                0x00007330        0x8 ./source/startup/startup_mk64f12.o
                0x00007330                PDB0_IRQHandler
 .text.USB0_IRQHandler
                0x00007338        0x8 ./source/startup/startup_mk64f12.o
                0x00007338                USB0_IRQHandler
 .text.USBDCD_IRQHandler
                0x00007340        0x8 ./source/startup/startup_mk64f12.o
                0x00007340                USBDCD_IRQHandler
 .text.Reserved71_IRQHandler
                0x00007348        0x8 ./source/startup/startup_mk64f12.o
                0x00007348                Reserved71_IRQHandler
 .text.DAC0_IRQHandler
                0x00007350        0x8 ./source/startup/startup_mk64f12.o
                0x00007350                DAC0_IRQHandler
 .text.MCG_IRQHandler
                0x00007358        0x8 ./source/startup/startup_mk64f12.o
                0x00007358                MCG_IRQHandler
 .text.LPTMR0_IRQHandler
                0x00007360        0x8 ./source/startup/startup_mk64f12.o
                0x00007360                LPTMR0_IRQHandler
 .text.SWI_IRQHandler
                0x00007368        0x8 ./source/startup/startup_mk64f12.o
                0x00007368                SWI_IRQHandler
 .text.SPI2_IRQHandler
                0x00007370        0x8 ./source/startup/startup_mk64f12.o
                0x00007370                SPI2_IRQHandler
 .text.UART4_RX_TX_IRQHandler
                0x00007378        0x8 ./source/startup/startup_mk64f12.o
                0x00007378                UART4_RX_TX_IRQHandler
 .text.UART4_ERR_IRQHandler
                0x00007380        0x8 ./source/startup/startup_mk64f12.o
                0x00007380                UART4_ERR_IRQHandler
 .text.UART5_RX_TX_IRQHandler
                0x00007388        0x8 ./source/startup/startup_mk64f12.o
                0x00007388                UART5_RX_TX_IRQHandler
 .text.UART5_ERR_IRQHandler
                0x00007390        0x8 ./source/startup/startup_mk64f12.o
                0x00007390                UART5_ERR_IRQHandler
 .text.CMP2_IRQHandler
                0x00007398        0x8 ./source/startup/startup_mk64f12.o
                0x00007398                CMP2_IRQHandler
 .text.FTM3_IRQHandler
                0x000073a0        0x8 ./source/startup/startup_mk64f12.o
                0x000073a0                FTM3_IRQHandler
 .text.DAC1_IRQHandler
                0x000073a8        0x8 ./source/startup/startup_mk64f12.o
                0x000073a8                DAC1_IRQHandler
 .text.ADC1_IRQHandler
                0x000073b0        0x8 ./source/startup/startup_mk64f12.o
                0x000073b0                ADC1_IRQHandler
 .text.I2C2_IRQHandler
                0x000073b8        0x8 ./source/startup/startup_mk64f12.o
                0x000073b8                I2C2_IRQHandler
 .text.CAN0_ORed_Message_buffer_IRQHandler
                0x000073c0        0x8 ./source/startup/startup_mk64f12.o
                0x000073c0                CAN0_ORed_Message_buffer_IRQHandler
 .text.CAN0_Bus_Off_IRQHandler
                0x000073c8        0x8 ./source/startup/startup_mk64f12.o
                0x000073c8                CAN0_Bus_Off_IRQHandler
 .text.CAN0_Error_IRQHandler
                0x000073d0        0x8 ./source/startup/startup_mk64f12.o
                0x000073d0                CAN0_Error_IRQHandler
 .text.CAN0_Tx_Warning_IRQHandler
                0x000073d8        0x8 ./source/startup/startup_mk64f12.o
                0x000073d8                CAN0_Tx_Warning_IRQHandler
 .text.CAN0_Rx_Warning_IRQHandler
                0x000073e0        0x8 ./source/startup/startup_mk64f12.o
                0x000073e0                CAN0_Rx_Warning_IRQHandler
 .text.CAN0_Wake_Up_IRQHandler
                0x000073e8        0x8 ./source/startup/startup_mk64f12.o
                0x000073e8                CAN0_Wake_Up_IRQHandler
 .text.SDHC_IRQHandler
                0x000073f0        0x8 ./source/startup/startup_mk64f12.o
                0x000073f0                SDHC_IRQHandler
 .text.ENET_1588_Timer_IRQHandler
                0x000073f8        0x8 ./source/startup/startup_mk64f12.o
                0x000073f8                ENET_1588_Timer_IRQHandler
 .text.ENET_Transmit_IRQHandler
                0x00007400        0x8 ./source/startup/startup_mk64f12.o
                0x00007400                ENET_Transmit_IRQHandler
 .text.ENET_Receive_IRQHandler
                0x00007408        0x8 ./source/startup/startup_mk64f12.o
                0x00007408                ENET_Receive_IRQHandler
 .text.ENET_Error_IRQHandler
                0x00007410        0x8 ./source/startup/startup_mk64f12.o
                0x00007410                ENET_Error_IRQHandler
 .text.Led_On   0x00007418       0x1c ./source/drivers/Led.o
                0x00007418                Led_On
 .text.Led_Off  0x00007434       0x1c ./source/drivers/Led.o
                0x00007434                Led_Off
 .text.Led_Toggle
                0x00007450       0x1a ./source/drivers/Led.o
                0x00007450                Led_Toggle
 .text.OnForDefinedTimeCalledFromPISR
                0x0000746a       0x4e ./source/drivers/Led.o
 .text.BlinkCalledFromPISR
                0x000074b8       0x74 ./source/drivers/Led.o
 .text.RepetitionBlinkCalledFromPISR
                0x0000752c       0x7c ./source/drivers/Led.o
 .text.InfiniteBlinkCalledFromPISR
                0x000075a8       0x4a ./source/drivers/Led.o
 .text.getArrayEffectiveLength
                0x000075f2       0x54 ./source/drivers/Timer.o
 .text.checkIdArrayFormat
                0x00007646       0x26 ./source/database/data_base.o
 .text.getEffectiveArrayLength
                0x0000766c       0x6a ./source/database/data_base.o
 .text.validateNewId
                0x000076d6       0x38 ./source/database/data_base.o
                0x000076d6                validateNewId
 .text.checkPinArrayFormat
                0x0000770e       0x2c ./source/database/data_base.o
                0x0000770e                checkPinArrayFormat
 .text.getArrayEffectiveLength
                0x0000773a       0x54 ./source/MCAL/SysTick.o
 .text.PORTA_IRQHandler
                0x0000778e       0x1e ./source/MCAL/gpio.o
                0x0000778e                PORTA_IRQHandler
 .text.PORTB_IRQHandler
                0x000077ac       0x1e ./source/MCAL/gpio.o
                0x000077ac                PORTB_IRQHandler
 .text.PORTC_IRQHandler
                0x000077ca       0x1e ./source/MCAL/gpio.o
                0x000077ca                PORTC_IRQHandler
 .text.PORTD_IRQHandler
                0x000077e8       0x1e ./source/MCAL/gpio.o
                0x000077e8                PORTD_IRQHandler
 .text.PORTE_IRQHandler
                0x00007806       0x1e ./source/MCAL/gpio.o
                0x00007806                PORTE_IRQHandler
 .text.userInteractionStopErrorIndicationAndRestart
                0x00007824       0x10 ./source/FSM/States/add_user_state/substates/add_user_id_state.o
 .text.userInteractionStopErrorIndicationAndRestart
                0x00007834       0x10 ./source/FSM/States/add_user_state/substates/add_user_pin_state.o
 .text.subFSM_StartInitState
                0x00007844        0xc ./source/FSM/States/add_user_state/add_user_fsm_table.o
                0x00007844                subFSM_StartInitState
 .text.do_nothing
                0x00007850        0xe ./source/FSM/States/add_user_state/add_user_fsm_table.o
 .text.return_to_last
                0x0000785e        0xe ./source/FSM/States/add_user_state/add_user_fsm_table.o
 .text.configDev_selectOption
                0x0000786c       0x12 ./source/FSM/States/config_device_state.o
                0x0000786c                configDev_selectOption
 .text.userInteractionStopErrorIndicationAndRestart
                0x0000787e       0x10 ./source/FSM/States/config_me_state.o
 .text.userInteractionStopErrorIndicationAndRestart
                0x0000788e       0x10 ./source/FSM/States/delete_user_state.o
 .text.userInteractionStopErrorIndicationAndRestart
                0x0000789e       0x10 ./source/FSM/States/id_state.o
 .text.accessTimeOut
                0x000078ae       0x14 ./source/FSM/States/open_state.o
                0x000078ae                accessTimeOut
 .text.inputIncreaseCurrent
                0x000078c2       0x8a ./source/FSM/States/user_input.o
                0x000078c2                inputIncreaseCurrent
 .text.inputDecreaseCurrent
                0x0000794c       0x8c ./source/FSM/States/user_input.o
                0x0000794c                inputDecreaseCurrent
 .text.inputResetArray
                0x000079d8       0x3c ./source/FSM/States/user_input.o
                0x000079d8                inputResetArray
 .text.inputAcceptNumber
                0x00007a14       0xa8 ./source/FSM/States/user_input.o
                0x00007a14                inputAcceptNumber
 .text.getEffectiveArrayLength
                0x00007abc       0x60 ./source/FSM/States/user_input.o
 .text.deleteLastChar
                0x00007b1c       0x52 ./source/FSM/States/user_input.o
 .text.cardSwipe
                0x00007b6e       0x92 ./source/FSM/States/welcome_state.o
                0x00007b6e                cardSwipe
 .text.fsm      0x00007c00       0x3c ./source/FSM/fsm.o
                0x00007c00                fsm
 .text.FSM_StartInitState
                0x00007c3c        0xc ./source/FSM/fsm_table.o
                0x00007c3c                FSM_StartInitState
 .text.do_nothing
                0x00007c48        0xe ./source/FSM/fsm_table.o
 .text.timeOutCallback
                0x00007c56        0xe ./source/App.o
 .text.SystemInitHook
                0x00007c64        0xe ./CMSIS/system_MK64F12.o
                0x00007c64                SystemInitHook
 .text.__main   0x00007c72        0xe c:/nxp/mcuxpressoide_10.2.0_759/ide/tools/bin/../lib/gcc/arm-none-eabi/7.2.1/../../../../arm-none-eabi/lib/thumb/v7e-m/fpv4-sp/hard\libcr_semihost_nf.a(_cr__main.o)
                0x00007c72                __CR_SEMIHOST
                0x00007c72                __main
 .text.memcpy   0x00007c80        0x4 c:/nxp/mcuxpressoide_10.2.0_759/ide/tools/bin/../lib/gcc/arm-none-eabi/7.2.1/../../../../arm-none-eabi/lib/thumb/v7e-m/fpv4-sp/hard\libcr_c.a(memcpy.o)
                0x00007c80                memcpy
 .text.memset   0x00007c84        0x4 c:/nxp/mcuxpressoide_10.2.0_759/ide/tools/bin/../lib/gcc/arm-none-eabi/7.2.1/../../../../arm-none-eabi/lib/thumb/v7e-m/fpv4-sp/hard\libcr_c.a(memset.o)
                0x00007c84                memset
 .text.fp_round
                0x00007c88       0x4e c:/nxp/mcuxpressoide_10.2.0_759/ide/tools/bin/../lib/gcc/arm-none-eabi/7.2.1/../../../../arm-none-eabi/lib/thumb/v7e-m/fpv4-sp/hard\libcr_c.a(fpprintf.o)
 .text.pr_dec.constprop.1
                0x00007cd6       0x26 c:/nxp/mcuxpressoide_10.2.0_759/ide/tools/bin/../lib/gcc/arm-none-eabi/7.2.1/../../../../arm-none-eabi/lib/thumb/v7e-m/fpv4-sp/hard\libcr_c.a(fpprintf.o)
 .text.no_fp_display
                0x00007cfc        0x4 c:/nxp/mcuxpressoide_10.2.0_759/ide/tools/bin/../lib/gcc/arm-none-eabi/7.2.1/../../../../arm-none-eabi/lib/thumb/v7e-m/fpv4-sp/hard\libcr_c.a(printf.o)
 .text.strlen   0x00007d00       0x4a c:/nxp/mcuxpressoide_10.2.0_759/ide/tools/bin/../lib/gcc/arm-none-eabi/7.2.1/../../../../arm-none-eabi/lib/thumb/v7e-m/fpv4-sp/hard\libcr_c.a(strlen.o)
                0x00007d00                strlen
 .text._deferredlazyseek
                0x00007d4a       0x40 c:/nxp/mcuxpressoide_10.2.0_759/ide/tools/bin/../lib/gcc/arm-none-eabi/7.2.1/../../../../arm-none-eabi/lib/thumb/v7e-m/fpv4-sp/hard\libcr_c.a(_deferredlazyseek.o)
                0x00007d4a                _deferredlazyseek
 .text.__flsbuf
                0x00007d8a      0x140 c:/nxp/mcuxpressoide_10.2.0_759/ide/tools/bin/../lib/gcc/arm-none-eabi/7.2.1/../../../../arm-none-eabi/lib/thumb/v7e-m/fpv4-sp/hard\libcr_c.a(_deferredlazyseek.o)
                0x00007d8a                __flsbuf
 .text._fdopen  0x00007eca       0x68 c:/nxp/mcuxpressoide_10.2.0_759/ide/tools/bin/../lib/gcc/arm-none-eabi/7.2.1/../../../../arm-none-eabi/lib/thumb/v7e-m/fpv4-sp/hard\libcr_c.a(_fdopen.o)
                0x00007eca                _fdopen
 .text._fflush  0x00007f32       0x52 c:/nxp/mcuxpressoide_10.2.0_759/ide/tools/bin/../lib/gcc/arm-none-eabi/7.2.1/../../../../arm-none-eabi/lib/thumb/v7e-m/fpv4-sp/hard\libcr_c.a(_fflush.o)
                0x00007f32                _fflush
 .text.free     0x00007f84       0x30 c:/nxp/mcuxpressoide_10.2.0_759/ide/tools/bin/../lib/gcc/arm-none-eabi/7.2.1/../../../../arm-none-eabi/lib/thumb/v7e-m/fpv4-sp/hard\libcr_c.a(alloc.o)
                0x00007f84                free
 .text.fclose   0x00007fb4       0x58 c:/nxp/mcuxpressoide_10.2.0_759/ide/tools/bin/../lib/gcc/arm-none-eabi/7.2.1/../../../../arm-none-eabi/lib/thumb/v7e-m/fpv4-sp/hard\libcr_c.a(fclose.o)
                0x00007fb4                fclose
 .text.remove   0x0000800c       0x14 c:/nxp/mcuxpressoide_10.2.0_759/ide/tools/bin/../lib/gcc/arm-none-eabi/7.2.1/../../../../arm-none-eabi/lib/thumb/v7e-m/fpv4-sp/hard\libcr_c.a(remove.o)
                0x0000800c                remove
 .text._do_fflush
                0x00008020       0x40 c:/nxp/mcuxpressoide_10.2.0_759/ide/tools/bin/../lib/gcc/arm-none-eabi/7.2.1/../../../../arm-none-eabi/lib/thumb/v7e-m/fpv4-sp/hard\libcr_c.a(_do_fflush.o)
                0x00008020                _do_fflush
 .text.__aeabi_d2iz
                0x00008060       0x40 c:/nxp/mcuxpressoide_10.2.0_759/ide/tools/bin/../lib/gcc/arm-none-eabi/7.2.1/thumb/v7e-m/fpv4-sp/hard\libcr_eabihelpers.a(double.o)
                0x00008060                __aeabi_d2iz
 .text.__bhs_ui2d
                0x000080a0       0x46 c:/nxp/mcuxpressoide_10.2.0_759/ide/tools/bin/../lib/gcc/arm-none-eabi/7.2.1/thumb/v7e-m/fpv4-sp/hard\libcr_eabihelpers.a(double.o)
                0x000080a0                __bhs_ui2d
 .text.__aeabi_i2d
                0x000080e6       0x12 c:/nxp/mcuxpressoide_10.2.0_759/ide/tools/bin/../lib/gcc/arm-none-eabi/7.2.1/thumb/v7e-m/fpv4-sp/hard\libcr_eabihelpers.a(double.o)
                0x000080e6                __aeabi_i2d
 .text.__aeabi_dcmpeq
                0x000080f8       0x30 c:/nxp/mcuxpressoide_10.2.0_759/ide/tools/bin/../lib/gcc/arm-none-eabi/7.2.1/thumb/v7e-m/fpv4-sp/hard\libcr_eabihelpers.a(double.o)
                0x000080f8                __aeabi_dcmpeq
 .text.__aeabi_dcmplt
                0x00008128       0x58 c:/nxp/mcuxpressoide_10.2.0_759/ide/tools/bin/../lib/gcc/arm-none-eabi/7.2.1/thumb/v7e-m/fpv4-sp/hard\libcr_eabihelpers.a(double.o)
                0x00008128                __aeabi_dcmplt
 .text.__aeabi_dcmple
                0x00008180       0x5a c:/nxp/mcuxpressoide_10.2.0_759/ide/tools/bin/../lib/gcc/arm-none-eabi/7.2.1/thumb/v7e-m/fpv4-sp/hard\libcr_eabihelpers.a(double.o)
                0x00008180                __aeabi_dcmple
 .text.__aeabi_dcmpge
                0x000081da       0x58 c:/nxp/mcuxpressoide_10.2.0_759/ide/tools/bin/../lib/gcc/arm-none-eabi/7.2.1/thumb/v7e-m/fpv4-sp/hard\libcr_eabihelpers.a(double.o)
                0x000081da                __aeabi_dcmpge
 .text.__aeabi_memcpy
                0x00008232       0x34 c:/nxp/mcuxpressoide_10.2.0_759/ide/tools/bin/../lib/gcc/arm-none-eabi/7.2.1/thumb/v7e-m/fpv4-sp/hard\libcr_eabihelpers.a(memcpy.o)
                0x00008232                __aeabi_memcpy
                0x0000823c                __aeabi_memcpy8
                0x0000823c                __aeabi_memcpy4
 .text.__aeabi_memset_lowlevel
                0x00008266       0x32 c:/nxp/mcuxpressoide_10.2.0_759/ide/tools/bin/../lib/gcc/arm-none-eabi/7.2.1/thumb/v7e-m/fpv4-sp/hard\libcr_eabihelpers.a(memcpy.o)
                0x00008266                __aeabi_lowlevel_memset
 .text.__sys_close
                0x00008298        0xc c:/nxp/mcuxpressoide_10.2.0_759/ide/tools/bin/../lib/gcc/arm-none-eabi/7.2.1/../../../../arm-none-eabi/lib/thumb/v7e-m/fpv4-sp/hard\libcr_semihost_nf.a(__sys_close.o)
                0x00008298                __sys_close
 .text.__sys_flen
                0x000082a4        0xc c:/nxp/mcuxpressoide_10.2.0_759/ide/tools/bin/../lib/gcc/arm-none-eabi/7.2.1/../../../../arm-none-eabi/lib/thumb/v7e-m/fpv4-sp/hard\libcr_semihost_nf.a(__sys_flen.o)
                0x000082a4                __sys_flen
 .text.__sys_istty
                0x000082b0        0xc c:/nxp/mcuxpressoide_10.2.0_759/ide/tools/bin/../lib/gcc/arm-none-eabi/7.2.1/../../../../arm-none-eabi/lib/thumb/v7e-m/fpv4-sp/hard\libcr_semihost_nf.a(__sys_istty.o)
                0x000082b0                __sys_istty
 .text.__sys_remove
                0x000082bc        0xc c:/nxp/mcuxpressoide_10.2.0_759/ide/tools/bin/../lib/gcc/arm-none-eabi/7.2.1/../../../../arm-none-eabi/lib/thumb/v7e-m/fpv4-sp/hard\libcr_semihost_nf.a(__sys_remove.o)
                0x000082bc                __sys_remove
 .text.__sys_seek
                0x000082c8        0xc c:/nxp/mcuxpressoide_10.2.0_759/ide/tools/bin/../lib/gcc/arm-none-eabi/7.2.1/../../../../arm-none-eabi/lib/thumb/v7e-m/fpv4-sp/hard\libcr_semihost_nf.a(__sys_seek.o)
                0x000082c8                __sys_seek
 .text.__sys_tmpnam
                0x000082d4        0xc c:/nxp/mcuxpressoide_10.2.0_759/ide/tools/bin/../lib/gcc/arm-none-eabi/7.2.1/../../../../arm-none-eabi/lib/thumb/v7e-m/fpv4-sp/hard\libcr_semihost_nf.a(__sys_tmpnam.o)
                0x000082d4                __sys_tmpnam
 .text.__sys_write
                0x000082e0        0xc c:/nxp/mcuxpressoide_10.2.0_759/ide/tools/bin/../lib/gcc/arm-none-eabi/7.2.1/../../../../arm-none-eabi/lib/thumb/v7e-m/fpv4-sp/hard\libcr_semihost_nf.a(__sys_write.o)
                0x000082e0                __sys_write
 *(SORT_BY_ALIGNMENT(.rodata) SORT_BY_ALIGNMENT(.rodata.*) SORT_BY_ALIGNMENT(.constdata) SORT_BY_ALIGNMENT(.constdata.*))
 *fill*         0x000082ec        0x4 ff
 .rodata.__huge_vall
                0x000082f0        0x8 c:/nxp/mcuxpressoide_10.2.0_759/ide/tools/bin/../lib/gcc/arm-none-eabi/7.2.1/../../../../arm-none-eabi/lib/thumb/v7e-m/fpv4-sp/hard\libcr_c.a(_hugeval.o)
                0x000082f0                __huge_vall
 .rodata        0x000082f8        0x3 ./source/startup/main.o
 *fill*         0x000082fb        0x1 ff
 .rodata.numbers
                0x000082fc        0xa ./source/drivers/seven_seg_display.o
 *fill*         0x00008306        0x2 ff
 .rodata.letters
                0x00008308       0x1a ./source/drivers/seven_seg_display.o
 *fill*         0x00008322        0x2 ff
 .rodata.extras
                0x00008324        0xa ./source/drivers/seven_seg_display.o
 *fill*         0x0000832e        0x2 ff
 .rodata        0x00008330        0x3 ./source/MCAL/SysTick.o
 *fill*         0x00008333        0x1 ff
 .rodata        0x00008334        0x3 ./source/MCAL/gpio.o
 *fill*         0x00008337        0x1 ff
 .rodata        0x00008338       0x1f ./source/FSM/States/add_user_state/substates/add_user_id_state.o
 *fill*         0x00008357        0x1 ff
 .rodata        0x00008358       0x25 ./source/FSM/States/add_user_state/substates/add_user_main_state.o
 *fill*         0x0000837d        0x3 ff
 .rodata        0x00008380       0x13 ./source/FSM/States/add_user_state/substates/add_user_pin_state.o
 *fill*         0x00008393        0x1 ff
 .rodata        0x00008394       0x12 ./source/FSM/States/config_me_state.o
 *fill*         0x000083a6        0x2 ff
 .rodata        0x000083a8       0x2c ./source/FSM/States/delete_user_state.o
 .rodata        0x000083d4       0x1b ./source/FSM/States/fail_state.o
 *fill*         0x000083ef        0x1 ff
 .rodata        0x000083f0       0x20 ./source/FSM/States/id_state.o
 .rodata        0x00008410       0x4c ./source/FSM/States/menu_state.o
 .rodata        0x0000845c        0x5 ./source/FSM/States/pin_state.o
 *fill*         0x00008461        0x3 ff
 .rodata        0x00008464        0x7 ./source/FSM/States/welcome_state.o
 *fill*         0x0000846b        0x1 ff
 .rodata.__num_Ciob_streams
                0x0000846c        0x4 c:/nxp/mcuxpressoide_10.2.0_759/ide/tools/bin/../lib/gcc/arm-none-eabi/7.2.1/../../../../arm-none-eabi/lib/thumb/v7e-m/fpv4-sp/hard\libcr_semihost_nf.a(__ciob.o)
                0x0000846c                __num_Ciob_streams
 .rodata.fp_display.str1.1
                0x00008470       0x34 c:/nxp/mcuxpressoide_10.2.0_759/ide/tools/bin/../lib/gcc/arm-none-eabi/7.2.1/../../../../arm-none-eabi/lib/thumb/v7e-m/fpv4-sp/hard\libcr_c.a(fpprintf.o)
                                 0x35 (size before relaxing)
 .rodata._initio.str1.1
                0x000084a4        0x4 c:/nxp/mcuxpressoide_10.2.0_759/ide/tools/bin/../lib/gcc/arm-none-eabi/7.2.1/../../../../arm-none-eabi/lib/thumb/v7e-m/fpv4-sp/hard\libcr_c.a(initio.o)
 .rodata.__vfprintf.str1.1
                0x000084a8       0x31 c:/nxp/mcuxpressoide_10.2.0_759/ide/tools/bin/../lib/gcc/arm-none-eabi/7.2.1/../../../../arm-none-eabi/lib/thumb/v7e-m/fpv4-sp/hard\libcr_c.a(printf.o)
                                 0x38 (size before relaxing)
 .rodata._Csys_alloc.str1.1
                0x000084d9       0x18 c:/nxp/mcuxpressoide_10.2.0_759/ide/tools/bin/../lib/gcc/arm-none-eabi/7.2.1/../../../../arm-none-eabi/lib/thumb/v7e-m/fpv4-sp/hard\libcr_c.a(alloc.o)
                0x000084f8                . = ALIGN (0x8)
 *fill*         0x000084f1        0x7 ff

.glue_7         0x000084f8        0x0
 .glue_7        0x000084f8        0x0 linker stubs

.glue_7t        0x000084f8        0x0
 .glue_7t       0x000084f8        0x0 linker stubs

.vfp11_veneer   0x000084f8        0x0
 .vfp11_veneer  0x000084f8        0x0 linker stubs

.v4_bx          0x000084f8        0x0
 .v4_bx         0x000084f8        0x0 linker stubs

.iplt           0x000084f8        0x0
 .iplt          0x000084f8        0x0 ./source/startup/hardware.o

.rel.dyn        0x000084f8        0x0
 .rel.iplt      0x000084f8        0x0 ./source/startup/hardware.o

.ARM.extab
 *(SORT_BY_ALIGNMENT(.ARM.extab*) SORT_BY_ALIGNMENT(.gnu.linkonce.armextab.*))
                0x000084f8                __exidx_start = .

.ARM.exidx
 *(SORT_BY_ALIGNMENT(.ARM.exidx*) SORT_BY_ALIGNMENT(.gnu.linkonce.armexidx.*))
                0x000084f8                __exidx_end = .
                0x000084f8                _etext = .

.m_usb_data
 *(SORT_BY_ALIGNMENT(m_usb_bdt))

.data_RAM2      0x1fff0000        0x0 load address 0x000084f8
 FILL mask 0xff
                [!provide]                PROVIDE (__start_data_RAM2, .)
 *(SORT_BY_ALIGNMENT(.ramfunc.$RAM2))
 *(SORT_BY_ALIGNMENT(.ramfunc.$SRAM_LOWER))
 *(SORT_BY_ALIGNMENT(.data.$RAM2*))
 *(SORT_BY_ALIGNMENT(.data.$SRAM_LOWER*))
                0x1fff0000                . = ALIGN (0x8)
                [!provide]                PROVIDE (__end_data_RAM2, .)

.data_RAM3      0x14000000        0x0 load address 0x000084f8
 FILL mask 0xff
                [!provide]                PROVIDE (__start_data_RAM3, .)
 *(SORT_BY_ALIGNMENT(.ramfunc.$RAM3))
 *(SORT_BY_ALIGNMENT(.ramfunc.$FLEX_RAM))
 *(SORT_BY_ALIGNMENT(.data.$RAM3*))
 *(SORT_BY_ALIGNMENT(.data.$FLEX_RAM*))
                0x14000000                . = ALIGN (0x8)
                [!provide]                PROVIDE (__end_data_RAM3, .)

.uninit_RESERVED
                0x20000000        0x0
 *(SORT_BY_ALIGNMENT(.bss.$RESERVED*))
                0x20000000                . = ALIGN (0x4)
                0x20000000                _end_uninit_RESERVED = .

.data           0x20000000      0x538 load address 0x000084f8
 FILL mask 0xff
                0x20000000                _data = .
 *(SORT_BY_ALIGNMENT(vtable))
 *(SORT_BY_ALIGNMENT(.ramfunc*))
 *(SORT_BY_ALIGNMENT(.data*))
 .data.displayPins
                0x20000000        0x8 ./source/drivers/seven_seg_display.o
 .data.selectPins
                0x20000008        0x2 ./source/drivers/seven_seg_display.o
 *fill*         0x2000000a        0x2 ff
 .data.animation_word.5351
                0x2000000c       0x30 ./source/drivers/seven_seg_display.o
 .data.ports    0x2000003c       0x14 ./source/MCAL/gpio.o
 .data.gpioPorts
                0x20000050       0x14 ./source/MCAL/gpio.o
 .data.titleTimerID
                0x20000064        0x4 ./source/FSM/States/add_user_state/substates/add_user_id_state.o
 .data.errorIndicationTimerID
                0x20000068        0x4 ./source/FSM/States/add_user_state/substates/add_user_id_state.o
 .data.errorIndicationTimerID
                0x2000006c        0x4 ./source/FSM/States/add_user_state/substates/add_user_main_state.o
 .data.titleTimerID
                0x20000070        0x4 ./source/FSM/States/add_user_state/substates/add_user_pin_state.o
 .data.errorIndicationTimerID
                0x20000074        0x4 ./source/FSM/States/add_user_state/substates/add_user_pin_state.o
 .data.addUser_card
                0x20000078       0x54 ./source/FSM/States/add_user_state/add_user_fsm_table.o
                0x20000078                addUser_card
 .data.addUser_id
                0x200000cc       0x54 ./source/FSM/States/add_user_state/add_user_fsm_table.o
                0x200000cc                addUser_id
 .data.addUser_pin
                0x20000120       0x48 ./source/FSM/States/add_user_state/add_user_fsm_table.o
                0x20000120                addUser_pin
 .data.titleTimerID
                0x20000168        0x4 ./source/FSM/States/config_me_state.o
 .data.errorIndicationTimerID
                0x2000016c        0x4 ./source/FSM/States/config_me_state.o
 .data.titleTimerID
                0x20000170        0x4 ./source/FSM/States/delete_user_state.o
 .data.errorIndicationTimerID
                0x20000174        0x4 ./source/FSM/States/delete_user_state.o
 .data.titleTimerID
                0x20000178        0x4 ./source/FSM/States/id_state.o
 .data.errorIndicationTimerID
                0x2000017c        0x4 ./source/FSM/States/id_state.o
 .data.titleTimerID
                0x20000180        0x4 ./source/FSM/States/menu_state.o
 .data.titleTimerID
                0x20000184        0x4 ./source/FSM/States/pin_state.o
 .data.welcome  0x20000188       0x48 ./source/FSM/fsm_table.o
                0x20000188                welcome
 .data.id       0x200001d0       0x6c ./source/FSM/fsm_table.o
                0x200001d0                id
 .data.pin      0x2000023c       0x6c ./source/FSM/fsm_table.o
                0x2000023c                pin
 .data.fail     0x200002a8       0x54 ./source/FSM/fsm_table.o
                0x200002a8                fail
 .data.menu     0x200002fc       0x84 ./source/FSM/fsm_table.o
                0x200002fc                menu
 .data.open     0x20000380       0x18 ./source/FSM/fsm_table.o
                0x20000380                open
 .data.cfg_me   0x20000398       0x54 ./source/FSM/fsm_table.o
                0x20000398                cfg_me
 .data.add_user
                0x200003ec       0x90 ./source/FSM/fsm_table.o
                0x200003ec                add_user
 .data.cfg_device
                0x2000047c       0x48 ./source/FSM/fsm_table.o
                0x2000047c                cfg_device
 .data.delete_user
                0x200004c4       0x6c ./source/FSM/fsm_table.o
                0x200004c4                delete_user
 .data.brightness
                0x20000530        0x1 ./source/drivers/seven_seg_display.o
 .data.currBright.5333
                0x20000531        0x1 ./source/drivers/seven_seg_display.o
 .data.window.5334
                0x20000532        0x1 ./source/drivers/seven_seg_display.o
 .data.currentIdIndex
                0x20000533        0x1 ./source/database/data_base.o
                0x20000538                . = ALIGN (0x8)
 *fill*         0x20000534        0x4 ff
                0x20000538                _edata = .

.igot.plt       0x20000538        0x0 load address 0x00008a30
 .igot.plt      0x20000538        0x0 ./source/startup/hardware.o

.bss_RAM2       0x1fff0000        0x0
                [!provide]                PROVIDE (__start_bss_RAM2, .)
 *(SORT_BY_ALIGNMENT(.bss.$RAM2*))
 *(SORT_BY_ALIGNMENT(.bss.$SRAM_LOWER*))
                0x1fff0000                . = ALIGN ((. != 0x0)?0x8:0x1)
                [!provide]                PROVIDE (__end_bss_RAM2, .)

.bss_RAM3       0x14000000        0x0
                [!provide]                PROVIDE (__start_bss_RAM3, .)
 *(SORT_BY_ALIGNMENT(.bss.$RAM3*))
 *(SORT_BY_ALIGNMENT(.bss.$FLEX_RAM*))
                0x14000000                . = ALIGN ((. != 0x0)?0x8:0x1)
                [!provide]                PROVIDE (__end_bss_RAM3, .)

.bss            0x20000538     0x1378
                0x20000538                _bss = .
 *(SORT_BY_ALIGNMENT(.bss*))
 .bss.__LDM_interruptDisableCount
                0x20000538        0x4 ./source/startup/hardware.o
 .bss.ledElements
                0x2000053c       0xd8 ./source/drivers/Led.o
 .bss.defaultOnForDefinedTimeProperties
                0x20000614        0xc ./source/drivers/Led.o
 .bss.defaultBlinkProperties
                0x20000620       0x14 ./source/drivers/Led.o
 .bss.defaultInfiniteBlinkProperties
                0x20000634        0xc ./source/drivers/Led.o
 .bss.defaultRepetitionBlinkProperties
                0x20000640       0x14 ./source/drivers/Led.o
 .bss.leds      0x20000654       0x1e ./source/drivers/MplxLed.o
                0x20000654                leds
 *fill*         0x20000672        0x2 
 .bss.timerElements
                0x20000674      0x190 ./source/drivers/Timer.o
 .bss.idCounter
                0x20000804        0x4 ./source/drivers/Timer.o
 .bss.buttons   0x20000808       0x14 ./source/drivers/button.o
 .bss.moves     0x2000081c        0x4 ./source/drivers/encoder.o
 .bss.message   0x20000820      0x190 ./source/drivers/lector.o
 .bss.screen    0x200009b0       0xf0 ./source/drivers/seven_seg_display.o
 .bss.dataBase  0x20000aa0      0x2a9 ./source/database/data_base.o
 *fill*         0x20000d49        0x3 
 .bss.database  0x20000d4c      0x2a9 ./source/database/data_base.o
 *fill*         0x20000ff5        0x3 
 .bss.validNumberArray
                0x20000ff8       0x13 ./source/database/data_base.o
 *fill*         0x2000100b        0x1 
 .bss.blockedUsersIndexes
                0x2000100c       0x1e ./source/database/data_base.o
 *fill*         0x2000102a        0x2 
 .bss.sysTickElements
                0x2000102c      0x190 ./source/MCAL/SysTick.o
 .bss.idCounter
                0x200011bc        0x4 ./source/MCAL/SysTick.o
 .bss.callbacks
                0x200011c0      0x280 ./source/MCAL/gpio.o
 .bss.id        0x20001440        0x8 ./source/FSM/States/add_user_state/substates/add_user_id_state.o
 .bss.cardNumber
                0x20001448       0x13 ./source/FSM/States/add_user_state/substates/add_user_main_state.o
 *fill*         0x2000145b        0x1 
 .bss.pin       0x2000145c        0x5 ./source/FSM/States/add_user_state/substates/add_user_pin_state.o
 *fill*         0x20001461        0x3 
 .bss.currentState
                0x20001464        0x4 ./source/FSM/States/add_user_state/add_user_state.o
 .bss.newPin    0x20001468        0x5 ./source/FSM/States/config_me_state.o
 *fill*         0x2000146d        0x3 
 .bss.id        0x20001470        0x8 ./source/FSM/States/delete_user_state.o
 .bss.errorIndicationTimerID
                0x20001478        0x4 ./source/FSM/States/fail_state.o
 .bss.id        0x2000147c        0x8 ./source/FSM/States/id_state.o
 .bss.pin       0x20001484        0x5 ./source/FSM/States/pin_state.o
 *fill*         0x20001489        0x3 
 .bss.currentState
                0x2000148c        0x4 ./source/App.o
 .bss.userTimeOutTimerID
                0x20001490        0x4 ./source/App.o
 .bss.eventQueue
                0x20001494        0xc ./source/queue.o
                0x20001494                eventQueue
 .bss.queue     0x200014a0      0x320 ./source/queue.o
                0x200014a0                queue
 .bss.errno     0x200017c0        0x4 c:/nxp/mcuxpressoide_10.2.0_759/ide/tools/bin/../lib/gcc/arm-none-eabi/7.2.1/../../../../arm-none-eabi/lib/thumb/v7e-m/fpv4-sp/hard\libcr_c.a(errno.o)
                0x200017c0                errno
 .bss.__end_of_heap
                0x200017c4        0x4 c:/nxp/mcuxpressoide_10.2.0_759/ide/tools/bin/../lib/gcc/arm-none-eabi/7.2.1/../../../../arm-none-eabi/lib/thumb/v7e-m/fpv4-sp/hard\libcr_c.a(__init_alloc.o)
                0x200017c4                __end_of_heap
 .bss.__heaps   0x200017c8        0x4 c:/nxp/mcuxpressoide_10.2.0_759/ide/tools/bin/../lib/gcc/arm-none-eabi/7.2.1/../../../../arm-none-eabi/lib/thumb/v7e-m/fpv4-sp/hard\libcr_c.a(__init_alloc.o)
                0x200017c8                __heaps
 .bss.__Ciob    0x200017cc       0xb4 c:/nxp/mcuxpressoide_10.2.0_759/ide/tools/bin/../lib/gcc/arm-none-eabi/7.2.1/../../../../arm-none-eabi/lib/thumb/v7e-m/fpv4-sp/hard\libcr_semihost_nf.a(__ciob.o)
                0x200017cc                __Ciob
 .bss.bit       0x20001880        0x2 ./source/drivers/lector.o
 .bss.moving_counter
                0x20001882        0x2 ./source/drivers/seven_seg_display.o
 .bss.isInit.5478
                0x20001884        0x1 ./source/drivers/MplxLed.o
 .bss.displayCounter.5537
                0x20001885        0x1 ./source/drivers/MplxLed.o
 .bss.var       0x20001886        0x1 ./source/drivers/button.o
                0x20001886                var
 .bss.existingEvent
                0x20001887        0x1 ./source/drivers/encoder.o
 .bss.statusA   0x20001888        0x1 ./source/drivers/encoder.o
 .bss.statusB   0x20001889        0x1 ./source/drivers/encoder.o
 .bss.init.5150
                0x2000188a        0x1 ./source/drivers/encoder.o
 .bss.enable    0x2000188b        0x1 ./source/drivers/lector.o
 .bss.event     0x2000188c        0x1 ./source/drivers/lector.o
 .bss.pos       0x2000188d        0x1 ./source/drivers/seven_seg_display.o
 .bss.moves_remainig
                0x2000188e        0x1 ./source/drivers/seven_seg_display.o
 .bss.bouncing  0x2000188f        0x1 ./source/drivers/seven_seg_display.o
 .bss.move_b    0x20001890        0x1 ./source/drivers/seven_seg_display.o
 .bss.animation
                0x20001891        0x1 ./source/drivers/seven_seg_display.o
 .bss.animation_counter
                0x20001892        0x1 ./source/drivers/seven_seg_display.o
 .bss.cursor_pos
                0x20001893        0x1 ./source/drivers/seven_seg_display.o
 .bss.cursor    0x20001894        0x1 ./source/drivers/seven_seg_display.o
 .bss.isInit.5251
                0x20001895        0x1 ./source/drivers/seven_seg_display.o
 .bss.displayCounter.5332
                0x20001896        0x1 ./source/drivers/seven_seg_display.o
 .bss.currentPos
                0x20001897        0x1 ./source/FSM/States/add_user_state/substates/add_user_id_state.o
 .bss.showingTitle
                0x20001898        0x1 ./source/FSM/States/add_user_state/substates/add_user_id_state.o
 .bss.showingErrorIndication
                0x20001899        0x1 ./source/FSM/States/add_user_state/substates/add_user_id_state.o
 .bss.currentPos
                0x2000189a        0x1 ./source/FSM/States/add_user_state/substates/add_user_pin_state.o
 .bss.showingTitle
                0x2000189b        0x1 ./source/FSM/States/add_user_state/substates/add_user_pin_state.o
 .bss.showingErrorIndication
                0x2000189c        0x1 ./source/FSM/States/add_user_state/substates/add_user_pin_state.o
 .bss.currentOptionIndex
                0x2000189d        0x1 ./source/FSM/States/config_device_state.o
 .bss.currentPos
                0x2000189e        0x1 ./source/FSM/States/config_me_state.o
 .bss.showingTitle
                0x2000189f        0x1 ./source/FSM/States/config_me_state.o
 .bss.showingErrorIndication
                0x200018a0        0x1 ./source/FSM/States/config_me_state.o
 .bss.currentPos
                0x200018a1        0x1 ./source/FSM/States/delete_user_state.o
 .bss.showingTitle
                0x200018a2        0x1 ./source/FSM/States/delete_user_state.o
 .bss.showingErrorIndication
                0x200018a3        0x1 ./source/FSM/States/delete_user_state.o
 .bss.currentPos
                0x200018a4        0x1 ./source/FSM/States/id_state.o
 .bss.showingTitle
                0x200018a5        0x1 ./source/FSM/States/id_state.o
 .bss.showingErrorIndication
                0x200018a6        0x1 ./source/FSM/States/id_state.o
 .bss.currentOptionIndex
                0x200018a7        0x1 ./source/FSM/States/menu_state.o
 .bss.showingTitle
                0x200018a8        0x1 ./source/FSM/States/menu_state.o
 .bss.admin     0x200018a9        0x1 ./source/FSM/States/menu_state.o
 .bss.currentPos
                0x200018aa        0x1 ./source/FSM/States/pin_state.o
 .bss.showingTitle
                0x200018ab        0x1 ./source/FSM/States/pin_state.o
 *(SORT_BY_ALIGNMENT(COMMON))
                0x200018b0                . = ALIGN (0x8)
 *fill*         0x200018ac        0x4 
                0x200018b0                _ebss = .
                [!provide]                PROVIDE (end, .)

.noinit_RAM2    0x1fff0000        0x0
 *(SORT_BY_ALIGNMENT(.noinit.$RAM2*))
 *(SORT_BY_ALIGNMENT(.noinit.$SRAM_LOWER*))
                0x1fff0000                . = ALIGN (0x8)

.noinit_RAM3    0x14000000        0x0
 *(SORT_BY_ALIGNMENT(.noinit.$RAM3*))
 *(SORT_BY_ALIGNMENT(.noinit.$FLEX_RAM*))
                0x14000000                . = ALIGN (0x8)

.noinit         0x200018b0        0x0
                0x200018b0                _noinit = .
 *(SORT_BY_ALIGNMENT(.noinit*))
                0x200018b0                . = ALIGN (0x8)
                0x200018b0                _end_noinit = .
                0x00001000                _HeapSize = 0x1000

.heap           0x200018b0     0x1000
                0x200018b0                _pvHeapStart = .
                0x200028b0                . = (. + _HeapSize)
 *fill*         0x200018b0     0x1000 
                0x200028b0                . = ALIGN (0x8)
                0x200028b0                _pvHeapLimit = .
                0x00001000                _StackSize = 0x1000

.heap2stackfill
                0x200028b0     0x1000
                0x200038b0                . = (. + _StackSize)
 *fill*         0x200028b0     0x1000 

.stack          0x2002f000        0x0
                0x2002f000                _vStackBase = .
                0x2002f000                . = ALIGN (0x8)
                0x20030000                _vStackTop = (. + _StackSize)
                0x00000000                _image_start = LOADADDR (.text)
                0x00008a30                _image_end = (LOADADDR (.data) + SIZEOF (.data))
                0x00008a30                _image_size = (_image_end - _image_start)
OUTPUT(ControlDeAcceso.axf elf32-littlearm)

.debug_info     0x00000000     0x98fe
 .debug_info    0x00000000      0x6aa ./source/startup/hardware.o
 .debug_info    0x000006aa       0xfa ./source/startup/main.o
 .debug_info    0x000007a4       0x3b ./source/startup/semihost_hardfault.o
 .debug_info    0x000007df      0x8b0 ./source/startup/startup_mk64f12.o
 .debug_info    0x0000108f      0x88f ./source/drivers/Led.o
 .debug_info    0x0000191e      0x5ae ./source/drivers/MplxLed.o
 .debug_info    0x00001ecc      0x53a ./source/drivers/Timer.o
 .debug_info    0x00002406      0x37f ./source/drivers/button.o
 .debug_info    0x00002785      0x1b3 ./source/drivers/encoder.o
 .debug_info    0x00002938      0x441 ./source/drivers/lector.o
 .debug_info    0x00002d79      0x6b8 ./source/drivers/seven_seg_display.o
 .debug_info    0x00003431      0x769 ./source/database/data_base.o
 .debug_info    0x00003b9a      0x552 ./source/MCAL/SysTick.o
 .debug_info    0x000040ec      0xacd ./source/MCAL/gpio.o
 .debug_info    0x00004bb9      0x473 ./source/FSM/States/add_user_state/substates/add_user_id_state.o
 .debug_info    0x0000502c      0x3ef ./source/FSM/States/add_user_state/substates/add_user_main_state.o
 .debug_info    0x0000541b      0x4d4 ./source/FSM/States/add_user_state/substates/add_user_pin_state.o
 .debug_info    0x000058ef      0x345 ./source/FSM/States/add_user_state/add_user_fsm_table.o
 .debug_info    0x00005c34      0x3e5 ./source/FSM/States/add_user_state/add_user_state.o
 .debug_info    0x00006019      0x306 ./source/FSM/States/config_device_state.o
 .debug_info    0x0000631f      0x424 ./source/FSM/States/config_me_state.o
 .debug_info    0x00006743      0x53a ./source/FSM/States/delete_user_state.o
 .debug_info    0x00006c7d      0x2b9 ./source/FSM/States/fail_state.o
 .debug_info    0x00006f36      0x4e3 ./source/FSM/States/id_state.o
 .debug_info    0x00007419      0x3b8 ./source/FSM/States/menu_state.o
 .debug_info    0x000077d1      0x297 ./source/FSM/States/open_state.o
 .debug_info    0x00007a68      0x3b6 ./source/FSM/States/pin_state.o
 .debug_info    0x00007e1e      0x40d ./source/FSM/States/user_input.o
 .debug_info    0x0000822b      0x355 ./source/FSM/States/welcome_state.o
 .debug_info    0x00008580      0x22e ./source/FSM/fsm.o
 .debug_info    0x000087ae      0x3df ./source/FSM/fsm_table.o
 .debug_info    0x00008b8d      0x38f ./source/App.o
 .debug_info    0x00008f1c      0x3b1 ./source/queue.o
 .debug_info    0x000092cd      0x631 ./CMSIS/system_MK64F12.o

.debug_abbrev   0x00000000     0x2d69
 .debug_abbrev  0x00000000      0x14d ./source/startup/hardware.o
 .debug_abbrev  0x0000014d       0xb1 ./source/startup/main.o
 .debug_abbrev  0x000001fe       0x2f ./source/startup/semihost_hardfault.o
 .debug_abbrev  0x0000022d      0x15c ./source/startup/startup_mk64f12.o
 .debug_abbrev  0x00000389      0x1f9 ./source/drivers/Led.o
 .debug_abbrev  0x00000582      0x166 ./source/drivers/MplxLed.o
 .debug_abbrev  0x000006e8      0x164 ./source/drivers/Timer.o
 .debug_abbrev  0x0000084c      0x180 ./source/drivers/button.o
 .debug_abbrev  0x000009cc      0x109 ./source/drivers/encoder.o
 .debug_abbrev  0x00000ad5      0x1b7 ./source/drivers/lector.o
 .debug_abbrev  0x00000c8c      0x24a ./source/drivers/seven_seg_display.o