Archive member included to satisfy reference by file (symbol)

c:/nxp/mcuxpressoide_10.2.0_759/ide/tools/bin/../lib/gcc/arm-none-eabi/7.2.1/../../../../arm-none-eabi/lib/thumb/v7e-m/fpv4-sp/hard\libcr_semihost_nf.a(_cr__main.o)
                              ./source/startup/startup_mk64f12.o (__main)
c:/nxp/mcuxpressoide_10.2.0_759/ide/tools/bin/../lib/gcc/arm-none-eabi/7.2.1/../../../../arm-none-eabi/lib/thumb/v7e-m/fpv4-sp/hard\libcr_c.a(memcpy.o)
                              ./source/drivers/Led.o (memcpy)
c:/nxp/mcuxpressoide_10.2.0_759/ide/tools/bin/../lib/gcc/arm-none-eabi/7.2.1/../../../../arm-none-eabi/lib/thumb/v7e-m/fpv4-sp/hard\libcr_c.a(memset.o)
                              ./source/database/data_base.o (memset)
c:/nxp/mcuxpressoide_10.2.0_759/ide/tools/bin/../lib/gcc/arm-none-eabi/7.2.1/../../../../arm-none-eabi/lib/thumb/v7e-m/fpv4-sp/hard\libcr_c.a(fpprintf.o)
                              ./source/MCAL/gpio.o (printf)
c:/nxp/mcuxpressoide_10.2.0_759/ide/tools/bin/../lib/gcc/arm-none-eabi/7.2.1/../../../../arm-none-eabi/lib/thumb/v7e-m/fpv4-sp/hard\libcr_c.a(initio.o)
                              c:/nxp/mcuxpressoide_10.2.0_759/ide/tools/bin/../lib/gcc/arm-none-eabi/7.2.1/../../../../arm-none-eabi/lib/thumb/v7e-m/fpv4-sp/hard\libcr_semihost_nf.a(_cr__main.o) (_initio)
c:/nxp/mcuxpressoide_10.2.0_759/ide/tools/bin/../lib/gcc/arm-none-eabi/7.2.1/../../../../arm-none-eabi/lib/thumb/v7e-m/fpv4-sp/hard\libcr_c.a(printf.o)
                              c:/nxp/mcuxpressoide_10.2.0_759/ide/tools/bin/../lib/gcc/arm-none-eabi/7.2.1/../../../../arm-none-eabi/lib/thumb/v7e-m/fpv4-sp/hard\libcr_c.a(fpprintf.o) (__vfprintf)
c:/nxp/mcuxpressoide_10.2.0_759/ide/tools/bin/../lib/gcc/arm-none-eabi/7.2.1/../../../../arm-none-eabi/lib/thumb/v7e-m/fpv4-sp/hard\libcr_c.a(setvbuf.o)
                              c:/nxp/mcuxpressoide_10.2.0_759/ide/tools/bin/../lib/gcc/arm-none-eabi/7.2.1/../../../../arm-none-eabi/lib/thumb/v7e-m/fpv4-sp/hard\libcr_c.a(initio.o) (setvbuf)
c:/nxp/mcuxpressoide_10.2.0_759/ide/tools/bin/../lib/gcc/arm-none-eabi/7.2.1/../../../../arm-none-eabi/lib/thumb/v7e-m/fpv4-sp/hard\libcr_c.a(strlen.o)
                              c:/nxp/mcuxpressoide_10.2.0_759/ide/tools/bin/../lib/gcc/arm-none-eabi/7.2.1/../../../../arm-none-eabi/lib/thumb/v7e-m/fpv4-sp/hard\libcr_c.a(printf.o) (strlen)
c:/nxp/mcuxpressoide_10.2.0_759/ide/tools/bin/../lib/gcc/arm-none-eabi/7.2.1/../../../../arm-none-eabi/lib/thumb/v7e-m/fpv4-sp/hard\libcr_c.a(_deferredlazyseek.o)
                              c:/nxp/mcuxpressoide_10.2.0_759/ide/tools/bin/../lib/gcc/arm-none-eabi/7.2.1/../../../../arm-none-eabi/lib/thumb/v7e-m/fpv4-sp/hard\libcr_c.a(fpprintf.o) (__flsbuf)
c:/nxp/mcuxpressoide_10.2.0_759/ide/tools/bin/../lib/gcc/arm-none-eabi/7.2.1/../../../../arm-none-eabi/lib/thumb/v7e-m/fpv4-sp/hard\libcr_c.a(_fdopen.o)
                              c:/nxp/mcuxpressoide_10.2.0_759/ide/tools/bin/../lib/gcc/arm-none-eabi/7.2.1/../../../../arm-none-eabi/lib/thumb/v7e-m/fpv4-sp/hard\libcr_c.a(initio.o) (_fdopen)
c:/nxp/mcuxpressoide_10.2.0_759/ide/tools/bin/../lib/gcc/arm-none-eabi/7.2.1/../../../../arm-none-eabi/lib/thumb/v7e-m/fpv4-sp/hard\libcr_c.a(_fflush.o)
                              c:/nxp/mcuxpressoide_10.2.0_759/ide/tools/bin/../lib/gcc/arm-none-eabi/7.2.1/../../../../arm-none-eabi/lib/thumb/v7e-m/fpv4-sp/hard\libcr_c.a(_deferredlazyseek.o) (_fflush)
c:/nxp/mcuxpressoide_10.2.0_759/ide/tools/bin/../lib/gcc/arm-none-eabi/7.2.1/../../../../arm-none-eabi/lib/thumb/v7e-m/fpv4-sp/hard\libcr_c.a(_frexpl.o)
                              c:/nxp/mcuxpressoide_10.2.0_759/ide/tools/bin/../lib/gcc/arm-none-eabi/7.2.1/../../../../arm-none-eabi/lib/thumb/v7e-m/fpv4-sp/hard\libcr_c.a(fpprintf.o) (_frexpl)
c:/nxp/mcuxpressoide_10.2.0_759/ide/tools/bin/../lib/gcc/arm-none-eabi/7.2.1/../../../../arm-none-eabi/lib/thumb/v7e-m/fpv4-sp/hard\libcr_c.a(_ldexpl.o)
                              c:/nxp/mcuxpressoide_10.2.0_759/ide/tools/bin/../lib/gcc/arm-none-eabi/7.2.1/../../../../arm-none-eabi/lib/thumb/v7e-m/fpv4-sp/hard\libcr_c.a(fpprintf.o) (_ldexpl)
c:/nxp/mcuxpressoide_10.2.0_759/ide/tools/bin/../lib/gcc/arm-none-eabi/7.2.1/../../../../arm-none-eabi/lib/thumb/v7e-m/fpv4-sp/hard\libcr_c.a(_writebuf.o)
                              c:/nxp/mcuxpressoide_10.2.0_759/ide/tools/bin/../lib/gcc/arm-none-eabi/7.2.1/../../../../arm-none-eabi/lib/thumb/v7e-m/fpv4-sp/hard\libcr_c.a(_deferredlazyseek.o) (_Cwritebuf)
c:/nxp/mcuxpressoide_10.2.0_759/ide/tools/bin/../lib/gcc/arm-none-eabi/7.2.1/../../../../arm-none-eabi/lib/thumb/v7e-m/fpv4-sp/hard\libcr_c.a(alloc.o)
                              c:/nxp/mcuxpressoide_10.2.0_759/ide/tools/bin/../lib/gcc/arm-none-eabi/7.2.1/../../../../arm-none-eabi/lib/thumb/v7e-m/fpv4-sp/hard\libcr_c.a(fpprintf.o) (malloc)
c:/nxp/mcuxpressoide_10.2.0_759/ide/tools/bin/../lib/gcc/arm-none-eabi/7.2.1/../../../../arm-none-eabi/lib/thumb/v7e-m/fpv4-sp/hard\libcr_c.a(errno.o)
[...]
Memory Configuration

Name             Origin             Length             Attributes
PROGRAM_FLASH    0x00000000         0x00100000         xr
SRAM_UPPER       0x20000000         0x00030000         xrw
SRAM_LOWER       0x1fff0000         0x00010000         xrw
FLEX_RAM         0x14000000         0x00001000         xrw
*default*        0x00000000         0xffffffff

Linker script and memory map

LOAD ./source/startup/hardware.o
LOAD ./source/startup/main.o
LOAD ./source/startup/semihost_hardfault.o
LOAD ./source/startup/startup_mk64f12.o
LOAD ./source/drivers/Led.o
LOAD ./source/drivers/MplxLed.o
LOAD ./source/drivers/Timer.o
LOAD ./source/drivers/button.o
LOAD ./source/drivers/encoder.o
LOAD ./source/drivers/lector.o
LOAD ./source/drivers/seven_seg_display.o
LOAD ./source/database/data_base.o
LOAD ./source/MCAL/SysTick.o
LOAD ./source/MCAL/gpio.o
LOAD ./source/FSM/States/add_user_state/substates/add_user_id_state.o
LOAD ./source/FSM/States/add_user_state/substates/add_user_main_state.o
LOAD ./source/FSM/States/add_user_state/substates/add_user_pin_state.o
LOAD ./source/FSM/States/add_user_state/add_user_fsm_table.o
LOAD ./source/FSM/States/add_user_state/add_user_state.o
LOAD ./source/FSM/States/config_device_state.o
LOAD ./source/FSM/States/config_me_state.o
LOAD ./source/FSM/States/delete_user_state.o
LOAD ./source/FSM/States/fail_state.o
LOAD ./source/FSM/States/id_state.o
LOAD ./source/FSM/States/menu_state.o
LOAD ./source/FSM/States/open_state.o
LOAD ./source/FSM/States/pin_state.o
LOAD ./source/FSM/States/user_input.o
LOAD ./source/FSM/States/welcome_state.o
LOAD ./source/FSM/fsm.o
LOAD ./source/FSM/fsm_table.o
LOAD ./source/App.o
LOAD ./source/queue.o
LOAD ./CMSIS/system_MK64F12.o
START GROUP
LOAD c:/nxp/mcuxpressoide_10.2.0_759/ide/tools/bin/../lib/gcc/arm-none-eabi/7.2.1/../../../../arm-none-eabi/lib/thumb/v7e-m/fpv4-sp/hard\libcr_semihost_nf.a
LOAD c:/nxp/mcuxpressoide_10.2.0_759/ide/tools/bin/../lib/gcc/arm-none-eabi/7.2.1/../../../../arm-none-eabi/lib/thumb/v7e-m/fpv4-sp/hard\libcr_c.a
LOAD c:/nxp/mcuxpressoide_10.2.0_759/ide/tools/bin/../lib/gcc/arm-none-eabi/7.2.1/thumb/v7e-m/fpv4-sp/hard\libcr_eabihelpers.a
END GROUP
                0x00000000                __base_PROGRAM_FLASH = 0x0
                0x00000000                __base_Flash = 0x0
                0x00100000                __top_PROGRAM_FLASH = 0x100000
                0x00100000                __top_Flash = 0x100000
                0x20000000                __base_SRAM_UPPER = 0x20000000
                0x20000000                __base_RAM = 0x20000000
                0x20030000                __top_SRAM_UPPER = 0x20030000
                0x20030000                __top_RAM = 0x20030000
                0x1fff0000                __base_SRAM_LOWER = 0x1fff0000
                0x1fff0000                __base_RAM2 = 0x1fff0000
                0x20000000                __top_SRAM_LOWER = 0x20000000
                0x20000000                __top_RAM2 = 0x20000000
                0x14000000                __base_FLEX_RAM = 0x14000000
                0x14000000                __base_RAM3 = 0x14000000
                0x14001000                __top_FLEX_RAM = 0x14001000
                0x14001000                __top_RAM3 = 0x14001000

.text           0x00000000     0x84e8
 FILL mask 0xff
                0x00000000                __vectors_start__ = ABSOLUTE (.)
 *(SORT_BY_ALIGNMENT(.isr_vector))
 .isr_vector    0x00000000      0x198 ./source/startup/startup_mk64f12.o
                0x00000000                g_pfnVectors
                0x00000000                __Vectors
                0x00000198                . = ALIGN (0x4)
                0x00000198                __section_table_start = .
                0x00000198                __data_section_table = .
                0x00000198        0x4 LONG 0x84e8 LOADADDR (.data)
                0x0000019c        0x4 LONG 0x20000000 ADDR (.data)
                0x000001a0        0x4 LONG 0x538 SIZEOF (.data)
                0x000001a4        0x4 LONG 0x84e8 LOADADDR (.data_RAM2)
                0x000001a8        0x4 LONG 0x1fff0000 ADDR (.data_RAM2)
                0x000001ac        0x4 LONG 0x0 SIZEOF (.data_RAM2)
                0x000001b0        0x4 LONG 0x84e8 LOADADDR (.data_RAM3)
                0x000001b4        0x4 LONG 0x14000000 ADDR (.data_RAM3)
                0x000001b8        0x4 LONG 0x0 SIZEOF (.data_RAM3)
                0x000001bc                __data_section_table_end = .
                0x000001bc                __bss_section_table = .
                0x000001bc        0x4 LONG 0x20000538 ADDR (.bss)
                0x000001c0        0x4 LONG 0x1378 SIZEOF (.bss)
                0x000001c4        0x4 LONG 0x1fff0000 ADDR (.bss_RAM2)
                0x000001c8        0x4 LONG 0x0 SIZEOF (.bss_RAM2)
                0x000001cc        0x4 LONG 0x14000000 ADDR (.bss_RAM3)
                0x000001d0        0x4 LONG 0x0 SIZEOF (.bss_RAM3)
                0x000001d4                __bss_section_table_end = .
                0x000001d4                __section_table_end = .
 *(SORT_BY_ALIGNMENT(.after_vectors*))
 .after_vectors.reset
                0x000001d4       0x4c ./source/startup/startup_mk64f12.o
                0x000001d4                ResetISR
 .after_vectors.init_data
                0x00000220       0x1e ./source/startup/startup_mk64f12.o
                0x00000220                data_init
 .after_vectors.init_bss
                0x0000023e       0x12 ./source/startup/startup_mk64f12.o
                0x0000023e                bss_init
 .after_vectors
                0x00000250       0x14 ./source/startup/startup_mk64f12.o
                0x00000250                NMI_Handler
                0x00000254                MemManage_Handler
                0x00000256                BusFault_Handler
                0x00000258                UsageFault_Handler
                0x0000025a                SVC_Handler
                0x0000025c                DebugMon_Handler
                0x0000025e                PendSV_Handler
                0x00000262                DMA_Error_DriverIRQHandler
                0x00000262                LPTMR0_DriverIRQHandler
                0x00000262                FTM1_DriverIRQHandler
                0x00000262                FTM2_DriverIRQHandler
                0x00000262                PIT2_DriverIRQHandler
                0x00000262                SDHC_DriverIRQHandler
                0x00000262                I2S0_Tx_DriverIRQHandler
                0x00000262                RTC_Seconds_DriverIRQHandler
                0x00000262                DMA6_DriverIRQHandler
                0x00000262                LLWU_DriverIRQHandler
                0x00000262                MCM_DriverIRQHandler
                0x00000262                MCG_DriverIRQHandler
                0x00000262                ENET_1588_Timer_DriverIRQHandler
                0x00000262                I2C2_DriverIRQHandler
                0x00000262                DAC1_DriverIRQHandler
                0x00000262                SPI1_DriverIRQHandler
                0x00000262                CMP1_DriverIRQHandler
                0x00000262                UART5_RX_TX_DriverIRQHandler
                0x00000262                FTM0_DriverIRQHandler
                0x00000262                IntDefaultHandler
                0x00000262                USB0_DriverIRQHandler
                0x00000262                UART5_ERR_DriverIRQHandler
                0x00000262                PORTC_DriverIRQHandler
                0x00000262                DMA11_DriverIRQHandler
                0x00000262                DAC0_DriverIRQHandler
                0x00000262                DMA10_DriverIRQHandler
                0x00000262                CMP2_DriverIRQHandler
                0x00000262                UART2_ERR_DriverIRQHandler
                0x00000262                SPI2_DriverIRQHandler
                0x00000262                LVD_LVW_DriverIRQHandler
                0x00000262                PIT0_DriverIRQHandler
                0x00000262                RNG_DriverIRQHandler
                0x00000262                DMA5_DriverIRQHandler
                0x00000262                DMA12_DriverIRQHandler
                0x00000262                UART2_RX_TX_DriverIRQHandler
                0x00000262                USBDCD_DriverIRQHandler
                0x00000262                UART3_ERR_DriverIRQHandler
                0x00000262                DMA3_DriverIRQHandler
                0x00000262                DMA8_DriverIRQHandler
                0x00000262                DMA9_DriverIRQHandler
                0x00000262                UART0_ERR_DriverIRQHandler
                0x00000262                CMT_DriverIRQHandler
                0x00000262                Reserved71_DriverIRQHandler
                0x00000262                ADC1_DriverIRQHandler
                0x00000262                PORTA_DriverIRQHandler
                0x00000262                DMA14_DriverIRQHandler
                0x00000262                PIT3_DriverIRQHandler
                0x00000262                PIT1_DriverIRQHandler
                0x00000262                WDOG_EWM_DriverIRQHandler
                0x00000262                PDB0_DriverIRQHandler
                0x00000262                RTC_DriverIRQHandler
                0x00000262                I2S0_Rx_DriverIRQHandler
                0x00000262                Read_Collision_DriverIRQHandler
                0x00000262                SWI_DriverIRQHandler
                0x00000262                UART4_RX_TX_DriverIRQHandler
                0x00000262                UART4_ERR_DriverIRQHandler
                0x00000262                PORTB_DriverIRQHandler
                0x00000262                UART0_LON_DriverIRQHandler
                0x00000262                DMA0_DriverIRQHandler
                0x00000262                DMA1_DriverIRQHandler
                0x00000262                I2C1_DriverIRQHandler
                0x00000262                UART3_RX_TX_DriverIRQHandler
                0x00000262                ENET_Receive_DriverIRQHandler
                0x00000262                DMA13_DriverIRQHandler
                0x00000262                ENET_Error_DriverIRQHandler
                0x00000262                DMA15_DriverIRQHandler
                0x00000262                UART0_RX_TX_DriverIRQHandler
                0x00000262                SPI0_DriverIRQHandler
                0x00000262                ADC0_DriverIRQHandler
                0x00000262                CMP0_DriverIRQHandler
                0x00000262                CAN0_DriverIRQHandler
                0x00000262                FTM3_DriverIRQHandler
                0x00000262                DMA4_DriverIRQHandler
                0x00000262                UART1_ERR_DriverIRQHandler
                0x00000262                DMA2_DriverIRQHandler
                0x00000262                ENET_Transmit_DriverIRQHandler
                0x00000262                PORTD_DriverIRQHandler
                0x00000262                PORTE_DriverIRQHandler
                0x00000262                FTFE_DriverIRQHandler
                0x00000262                I2C0_DriverIRQHandler
                0x00000262                DMA7_DriverIRQHandler
                0x00000262                UART1_RX_TX_DriverIRQHandler
                0x00000400                . = 0x400
 *fill*         0x00000264      0x19c ff
                0x00000400                PROVIDE (__FLASH_CONFIG_START__, .)
 *(SORT_BY_ALIGNMENT(.FlashConfig))
 .FlashConfig   0x00000400       0x10 ./source/startup/startup_mk64f12.o
                0x00000400                Flash_Config
                0x00000410                PROVIDE (__FLASH_CONFIG_END__, .)
                0x00000001                ASSERT (! ((__FLASH_CONFIG_START__ == __FLASH_CONFIG_END__)), Linker Flash Config Support Enabled, but no .FlashConfig section provided within application)
 *(SORT_BY_ALIGNMENT(.text*))
 .text.fp_display
                0x00000410      0x974 c:/nxp/mcuxpressoide_10.2.0_759/ide/tools/bin/../lib/gcc/arm-none-eabi/7.2.1/../../../../arm-none-eabi/lib/thumb/v7e-m/fpv4-sp/hard\libcr_c.a(fpprintf.o)
 *fill*         0x00000d84        0x4 ff
 .text._frexpl  0x00000d88       0x68 c:/nxp/mcuxpressoide_10.2.0_759/ide/tools/bin/../lib/gcc/arm-none-eabi/7.2.1/../../../../arm-none-eabi/lib/thumb/v7e-m/fpv4-sp/hard\libcr_c.a(_frexpl.o)
                0x00000d88                _frexpl
 .text._ldexpl  0x00000df0       0x58 c:/nxp/mcuxpressoide_10.2.0_759/ide/tools/bin/../lib/gcc/arm-none-eabi/7.2.1/../../../../arm-none-eabi/lib/thumb/v7e-m/fpv4-sp/hard\libcr_c.a(_ldexpl.o)
                0x00000df0                _ldexpl
 .text.hw_Init  0x00000e48      0x10c ./source/startup/hardware.o
                0x00000e48                hw_Init
 .text.hw_EnableInterrupts
                0x00000f54       0x30 ./source/startup/hardware.o
                0x00000f54                hw_EnableInterrupts
 .text.hw_DisableInterrupts
                0x00000f84       0x20 ./source/startup/hardware.o
                0x00000f84                hw_DisableInterrupts
 .text.Led_Init
                0x00000fa4      0x188 ./source/drivers/Led.o
                0x00000fa4                Led_Init
 .text.Led_OnForDefinedTime
                0x0000112c       0xa4 ./source/drivers/Led.o
                0x0000112c                Led_OnForDefinedTime
 .text.Led_CustomBlink
                0x000011d0       0xf0 ./source/drivers/Led.o
                0x000011d0                Led_CustomBlink
 .text.findLedIndexByID
                0x000012c0       0x4c ./source/drivers/Led.o
 .text.Led_PISR
                0x0000130c       0xcc ./source/drivers/Led.o
 .text.MplxLed_Init
                0x000013d8       0x9c ./source/drivers/MplxLed.o
                0x000013d8                MplxLed_Init
 .text.MplxLed_On
                0x00001474       0x58 ./source/drivers/MplxLed.o
                0x00001474                MplxLed_On
 .text.MplxLed_Off
                0x000014cc       0x58 ./source/drivers/MplxLed.o
                0x000014cc                MplxLed_Off
 .text.MplxLed_PISR
                0x00001524      0x33c ./source/drivers/MplxLed.o
                0x00001524                MplxLed_PISR
 .text.Timer_Init
                0x00001860       0x2c ./source/drivers/Timer.o
                0x00001860                Timer_Init
 .text.Timer_AddCallback
                0x0000188c       0x88 ./source/drivers/Timer.o
                0x0000188c                Timer_AddCallback
 .text.Timer_Delete
                0x00001914      0x1b8 ./source/drivers/Timer.o
                0x00001914                Timer_Delete
 .text.Timer_Reset
                0x00001acc       0x80 ./source/drivers/Timer.o
                0x00001acc                Timer_Reset
 .text.Timer_PISR
                0x00001b4c       0xec ./source/drivers/Timer.o
 .text.systick_callback
                0x00001c38      0x278 ./source/drivers/button.o
 .text.buttonsInit
                0x00001eb0       0x14 ./source/drivers/button.o
                0x00001eb0                buttonsInit
 .text.wasTap   0x00001ec4       0x74 ./source/drivers/button.o
                0x00001ec4                wasTap
 .text.wasLkp   0x00001f38       0x80 ./source/drivers/button.o
                0x00001f38                wasLkp
 .text.buttonConfiguration
                0x00001fb8      0x120 ./source/drivers/button.o
                0x00001fb8                buttonConfiguration
 .text.Encoder_Init
                0x000020d8       0x60 ./source/drivers/encoder.o
                0x000020d8                Encoder_Init
 .text.Encoder_GetMove
                0x00002138       0x3c ./source/drivers/encoder.o
                0x00002138                Encoder_GetMove
 .text.lookForMoves
                0x00002174       0xd0 ./source/drivers/encoder.o
                0x00002174                lookForMoves
 .text.Lector_Init
                0x00002244       0x3c ./source/drivers/lector.o
                0x00002244                Lector_Init
 .text.Lector_Event
                0x00002280       0x28 ./source/drivers/lector.o
                0x00002280                Lector_Event
 .text.Lector_GetData
                0x000022a8      0x328 ./source/drivers/lector.o
                0x000022a8                Lector_GetData
 .text.EnableIRQcallback
                0x000025d0       0x48 ./source/drivers/lector.o
                0x000025d0                EnableIRQcallback
 .text.ClockIRQcallback
                0x00002618       0x4c ./source/drivers/lector.o
                0x00002618                ClockIRQcallback
 .text.find_ss_fs_es
                0x00002664       0xb8 ./source/drivers/lector.o
                0x00002664                find_ss_fs_es
 .text.find_fs  0x0000271c       0x88 ./source/drivers/lector.o
                0x0000271c                find_fs
 .text.find_es  0x000027a4       0x88 ./source/drivers/lector.o
                0x000027a4                find_es
 .text.SevenSegDisplay_Init
                0x0000282c       0xe4 ./source/drivers/seven_seg_display.o
                0x0000282c                SevenSegDisplay_Init
 .text.SevenSegDisplay_ChangeCharacter
                0x00002910       0x44 ./source/drivers/seven_seg_display.o
                0x00002910                SevenSegDisplay_ChangeCharacter
 .text.SevenSegDisplay_BlinkScreen
                0x00002954       0x54 ./source/drivers/seven_seg_display.o
                0x00002954                SevenSegDisplay_BlinkScreen
 .text.SevenSegDisplay_BlinkCharacter
                0x000029a8       0x8c ./source/drivers/seven_seg_display.o
                0x000029a8                SevenSegDisplay_BlinkCharacter
 .text.SevenSegDisplay_SetBright
                0x00002a34       0x20 ./source/drivers/seven_seg_display.o
                0x00002a34                SevenSegDisplay_SetBright
 .text.SevenSegDisplay_WriteBuffer
                0x00002a54       0x68 ./source/drivers/seven_seg_display.o
                0x00002a54                SevenSegDisplay_WriteBuffer
 .text.SevenSegDisplay_WriteBufferAndMove
                0x00002abc       0x90 ./source/drivers/seven_seg_display.o
                0x00002abc                SevenSegDisplay_WriteBufferAndMove
 .text.SevenSegDisplay_Swipe
                0x00002b4c       0x5c ./source/drivers/seven_seg_display.o
                0x00002b4c                SevenSegDisplay_Swipe
 .text.SevenSegDisplay_SetPos
                0x00002ba8       0x30 ./source/drivers/seven_seg_display.o
                0x00002ba8                SevenSegDisplay_SetPos
 .text.SevenSegDisplay_CursorOn
                0x00002bd8       0x3c ./source/drivers/seven_seg_display.o
                0x00002bd8                SevenSegDisplay_CursorOn
 .text.SevenSegDisplay_CursorOff
                0x00002c14       0x2c ./source/drivers/seven_seg_display.o
                0x00002c14                SevenSegDisplay_CursorOff
 .text.SevenSegDisplay_CursorInc
                0x00002c40       0x48 ./source/drivers/seven_seg_display.o
                0x00002c40                SevenSegDisplay_CursorInc
 .text.SevenSegDisplay_CursorDec
                0x00002c88       0x48 ./source/drivers/seven_seg_display.o
                0x00002c88                SevenSegDisplay_CursorDec
 .text.SevenSegDisplay_PrintCharacter
                0x00002cd0       0x50 ./source/drivers/seven_seg_display.o
                0x00002cd0                SevenSegDisplay_PrintCharacter
 .text.SevenSegDisplay_PISR
                0x00002d20      0x254 ./source/drivers/seven_seg_display.o
                0x00002d20                SevenSegDisplay_PISR
 .text.SevenSegDisplay_EraseScreen
                0x00002f74       0x3c ./source/drivers/seven_seg_display.o
                0x00002f74                SevenSegDisplay_EraseScreen
 .text.SevenSegDisplay_chat2sevseg
                0x00002fb0       0x7c ./source/drivers/seven_seg_display.o
                0x00002fb0                SevenSegDisplay_chat2sevseg
 .text.SevenSegDisplay_AnimationCircles
                0x0000302c       0x3c ./source/drivers/seven_seg_display.o
                0x0000302c                SevenSegDisplay_AnimationCircles
 .text.SevenSegDisplay_StopAnimation
                0x00003068       0x18 ./source/drivers/seven_seg_display.o
                0x00003068                SevenSegDisplay_StopAnimation
 .text.initializeDataBase
                0x00003080      0x284 ./source/database/data_base.o
                0x00003080                initializeDataBase
 .text.verifyID
                0x00003304       0xa8 ./source/database/data_base.o
                0x00003304                verifyID
 .text.verifyPIN
                0x000033ac       0xc4 ./source/database/data_base.o
                0x000033ac                verifyPIN
 .text.isCurrentUserBlocked
                0x00003470       0x38 ./source/database/data_base.o
                0x00003470                isCurrentUserBlocked
 .text.getIdByCardNumber
                0x000034a8       0x9c ./source/database/data_base.o
                0x000034a8                getIdByCardNumber
 .text.UnblockUser
                0x00003544       0x68 ./source/database/data_base.o
                0x00003544                UnblockUser
 .text.IsAdmin  0x000035ac       0x38 ./source/database/data_base.o
                0x000035ac                IsAdmin
 .text.checkAddUser
                0x000035e4      0x134 ./source/database/data_base.o
                0x000035e4                checkAddUser
 .text.validateAll
                0x00003718       0x68 ./source/database/data_base.o
                0x00003718                validateAll
 .text.changePin
                0x00003780       0x6c ./source/database/data_base.o
                0x00003780                changePin
 .text.verifyCardNumber
                0x000037ec       0xe0 ./source/database/data_base.o
                0x000037ec                verifyCardNumber
 .text.removeUser
                0x000038cc       0x3c ./source/database/data_base.o
                0x000038cc                removeUser
 .text.moveAllUsersOnePlace
                0x00003908      0x18c ./source/database/data_base.o
 .text.SysTick_Init
                0x00003a94       0x3c ./source/MCAL/SysTick.o
                0x00003a94                SysTick_Init
 .text.SysTick_AddCallback
                0x00003ad0       0x88 ./source/MCAL/SysTick.o
                0x00003ad0                SysTick_AddCallback
 .text.SysTick_Handler
                0x00003b58       0xdc ./source/MCAL/SysTick.o
                0x00003b58                SysTick_Handler
 .text.__NVIC_EnableIRQ
                0x00003c34       0x3c ./source/MCAL/gpio.o
 .text.__NVIC_GetEnableIRQ
                0x00003c70       0x40 ./source/MCAL/gpio.o
 .text.gpioMode
                0x00003cb0      0x17c ./source/MCAL/gpio.o
                0x00003cb0                gpioMode
 .text.gpioToggle
                0x00003e2c       0x48 ./source/MCAL/gpio.o
                0x00003e2c                gpioToggle
 .text.gpioRead
                0x00003e74       0x48 ./source/MCAL/gpio.o
                0x00003e74                gpioRead
 .text.gpioWrite
                0x00003ebc       0x5c ./source/MCAL/gpio.o
                0x00003ebc                gpioWrite
 .text.gpioIRQ  0x00003f18       0x90 ./source/MCAL/gpio.o
                0x00003f18                gpioIRQ
 .text.interruptHandler
                0x00003fa8       0xb4 ./source/MCAL/gpio.o
                0x00003fa8                interruptHandler
 .text.addUserId_initLogin
                0x0000405c       0x28 ./source/FSM/States/add_user_state/substates/add_user_id_state.o
                0x0000405c                addUserId_initLogin
 .text.addUserId_increaseCurrent
                0x00004084       0x40 ./source/FSM/States/add_user_state/substates/add_user_id_state.o
                0x00004084                addUserId_increaseCurrent
 .text.addUserId_decreaseCurrent
                0x000040c4       0x40 ./source/FSM/States/add_user_state/substates/add_user_id_state.o
                0x000040c4                addUserId_decreaseCurrent
 .text.addUserId_confirmID
                0x00004104       0x64 ./source/FSM/States/add_user_state/substates/add_user_id_state.o
                0x00004104                addUserId_confirmID
 .text.addUserId_acceptNumber
                0x00004168       0x40 ./source/FSM/States/add_user_state/substates/add_user_id_state.o
                0x00004168                addUserId_acceptNumber
 .text.addUserId_getIDArray
                0x000041a8       0x14 ./source/FSM/States/add_user_state/substates/add_user_id_state.o
                0x000041a8                addUserId_getIDArray
 .text.showTitle
                0x000041bc       0x48 ./source/FSM/States/add_user_state/substates/add_user_id_state.o
 .text.stopShowingTitle
                0x00004204       0x30 ./source/FSM/States/add_user_state/substates/add_user_id_state.o
 .text.userInteractionStopsTitle
                0x00004234       0x28 ./source/FSM/States/add_user_state/substates/add_user_id_state.o
 .text.userInteractionStopErrorIndication
                0x0000425c       0x2c ./source/FSM/States/add_user_state/substates/add_user_id_state.o
 .text.idFail   0x00004288       0x4c ./source/FSM/States/add_user_state/substates/add_user_id_state.o
 .text.idAlreadyExists
                0x000042d4       0x4c ./source/FSM/States/add_user_state/substates/add_user_id_state.o
 .text.addUsr_initState
                0x00004320       0x30 ./source/FSM/States/add_user_state/substates/add_user_main_state.o
                0x00004320                addUsr_initState
 .text.addUsr_cardSwipe
                0x00004350       0xb4 ./source/FSM/States/add_user_state/substates/add_user_main_state.o
                0x00004350                addUsr_cardSwipe
 .text.addUsr_getCardNumber
                0x00004404       0x14 ./source/FSM/States/add_user_state/substates/add_user_main_state.o
                0x00004404                addUsr_getCardNumber
 .text.showTitle
                0x00004418       0x28 ./source/FSM/States/add_user_state/substates/add_user_main_state.o
 .text.CardFail
                0x00004440       0x40 ./source/FSM/States/add_user_state/substates/add_user_main_state.o
 .text.cardIsUsed
                0x00004480       0x40 ./source/FSM/States/add_user_state/substates/add_user_main_state.o
 .text.addUserPin_initPinInput
                0x000044c0       0x28 ./source/FSM/States/add_user_state/substates/add_user_pin_state.o
                0x000044c0                addUserPin_initPinInput
 .text.addUserPin_confirmPin
                0x000044e8       0x70 ./source/FSM/States/add_user_state/substates/add_user_pin_state.o
                0x000044e8                addUserPin_confirmPin
 .text.addUserPin_acceptNumber
                0x00004558       0x5c ./source/FSM/States/add_user_state/substates/add_user_pin_state.o
                0x00004558                addUserPin_acceptNumber
 .text.addUserPin_increaseCurrent
                0x000045b4       0x40 ./source/FSM/States/add_user_state/substates/add_user_pin_state.o
                0x000045b4                addUserPin_increaseCurrent
 .text.addUserPin_decreaseCurrent
                0x000045f4       0x40 ./source/FSM/States/add_user_state/substates/add_user_pin_state.o
                0x000045f4                addUserPin_decreaseCurrent
 .text.showTitle
                0x00004634       0x48 ./source/FSM/States/add_user_state/substates/add_user_pin_state.o
 .text.stopShowingTitle
                0x0000467c       0x30 ./source/FSM/States/add_user_state/substates/add_user_pin_state.o
 .text.userInteractionStopsTitle
                0x000046ac       0x28 ./source/FSM/States/add_user_state/substates/add_user_pin_state.o
 .text.userInteractionStopErrorIndication
                0x000046d4       0x2c ./source/FSM/States/add_user_state/substates/add_user_pin_state.o
 .text.pinFail  0x00004700       0x4c ./source/FSM/States/add_user_state/substates/add_user_pin_state.o
 .text.subFSM_GetInitState
                0x0000474c       0x14 ./source/FSM/States/add_user_state/add_user_fsm_table.o
                0x0000474c                subFSM_GetInitState
 .text.addUser_initFSM
                0x00004760       0x1c ./source/FSM/States/add_user_state/add_user_state.o
                0x00004760                addUser_initFSM
 .text.addUser_onLKP
                0x0000477c       0x20 ./source/FSM/States/add_user_state/add_user_state.o
                0x0000477c                addUser_onLKP
 .text.addUser_onPress
                0x0000479c       0x20 ./source/FSM/States/add_user_state/add_user_state.o
                0x0000479c                addUser_onPress
 .text.addUser_onEncoderRight
                0x000047bc       0x20 ./source/FSM/States/add_user_state/add_user_state.o
                0x000047bc                addUser_onEncoderRight
 .text.addUser_onEncoderLeft
                0x000047dc       0x20 ./source/FSM/States/add_user_state/add_user_state.o
                0x000047dc                addUser_onEncoderLeft
 .text.addUser_onCardSwipe
                0x000047fc       0x20 ./source/FSM/States/add_user_state/add_user_state.o
                0x000047fc                addUser_onCardSwipe
 .text.addUser_onReturn
                0x0000481c       0x20 ./source/FSM/States/add_user_state/add_user_state.o
                0x0000481c                addUser_onReturn
 .text.addUser_onIdOk
                0x0000483c       0x20 ./source/FSM/States/add_user_state/add_user_state.o
                0x0000483c                addUser_onIdOk
 .text.addUser_onIdFail
                0x0000485c       0x20 ./source/FSM/States/add_user_state/add_user_state.o
                0x0000485c                addUser_onIdFail
 .text.addUser_onCardFail
                0x0000487c       0x20 ./source/FSM/States/add_user_state/add_user_state.o
                0x0000487c                addUser_onCardFail
 .text.initConfigDevice
                0x0000489c       0x40 ./source/FSM/States/config_device_state.o
                0x0000489c                initConfigDevice
 .text.configDev_nextOption
                0x000048dc       0x2c ./source/FSM/States/config_device_state.o
                0x000048dc                configDev_nextOption
 .text.configDev_previousOption
                0x00004908       0x2c ./source/FSM/States/config_device_state.o
                0x00004908                configDev_previousOption
 .text.showCurrentOption
                0x00004934       0x38 ./source/FSM/States/config_device_state.o
 .text.configMe_initState
                0x0000496c       0x28 ./source/FSM/States/config_me_state.o
                0x0000496c                configMe_initState
 .text.configMe_confirmPin
                0x00004994       0x48 ./source/FSM/States/config_me_state.o
                0x00004994                configMe_confirmPin
 .text.configMe_acceptNumber
                0x000049dc       0x40 ./source/FSM/States/config_me_state.o
                0x000049dc                configMe_acceptNumber
 .text.configMe_increaseCurrent
                0x00004a1c       0x40 ./source/FSM/States/config_me_state.o
                0x00004a1c                configMe_increaseCurrent
 .text.configMe_decreaseCurrent
                0x00004a5c       0x40 ./source/FSM/States/config_me_state.o
                0x00004a5c                configMe_decreaseCurrent
 .text.showTitle
                0x00004a9c       0x4c ./source/FSM/States/config_me_state.o
 .text.stopShowingTitle
                0x00004ae8       0x30 ./source/FSM/States/config_me_state.o
 .text.userInteractionStopsTitle
                0x00004b18       0x28 ./source/FSM/States/config_me_state.o
 .text.userInteractionStopErrorIndication
                0x00004b40       0x2c ./source/FSM/States/config_me_state.o
 .text.pinFail  0x00004b6c       0x4c ./source/FSM/States/config_me_state.o
 .text.deleteUser_initState
                0x00004bb8       0x28 ./source/FSM/States/delete_user_state.o
                0x00004bb8                deleteUser_initState
 .text.deleteUser_increaseCurrent
                0x00004be0       0x40 ./source/FSM/States/delete_user_state.o
                0x00004be0                deleteUser_increaseCurrent
 .text.deleteUser_decreaseCurrent
                0x00004c20       0x40 ./source/FSM/States/delete_user_state.o
                0x00004c20                deleteUser_decreaseCurrent
 .text.deleteUser_confirm
                0x00004c60       0x48 ./source/FSM/States/delete_user_state.o
                0x00004c60                deleteUser_confirm
 .text.deleteUser_acceptNumber
                0x00004ca8       0x40 ./source/FSM/States/delete_user_state.o
                0x00004ca8                deleteUser_acceptNumber
 .text.deleteUser_checkCardID
                0x00004ce8       0xbc ./source/FSM/States/delete_user_state.o
                0x00004ce8                deleteUser_checkCardID
 .text.showTitle
                0x00004da4       0x48 ./source/FSM/States/delete_user_state.o
 .text.stopShowingTitle
                0x00004dec       0x30 ./source/FSM/States/delete_user_state.o
 .text.userInteractionStopsTitle
                0x00004e1c       0x28 ./source/FSM/States/delete_user_state.o
 .text.userInteractionStopErrorIndication
                0x00004e44       0x2c ./source/FSM/States/delete_user_state.o
 .text.idFail   0x00004e70       0x4c ./source/FSM/States/delete_user_state.o
 .text.idCardFail
                0x00004ebc       0x4c ./source/FSM/States/delete_user_state.o
 .text.initFailState
                0x00004f08       0x64 ./source/FSM/States/fail_state.o
                0x00004f08                initFailState
 .text.failAnimation
                0x00004f6c       0x40 ./source/FSM/States/fail_state.o
                0x00004f6c                failAnimation
 .text.finishFail
                0x00004fac       0x34 ./source/FSM/States/fail_state.o
                0x00004fac                finishFail
 .text.initLogin
                0x00004fe0       0x2c ./source/FSM/States/id_state.o
                0x00004fe0                initLogin
 .text.id_increaseCurrent
                0x0000500c       0x44 ./source/FSM/States/id_state.o
                0x0000500c                id_increaseCurrent
 .text.id_decreaseCurrent
                0x00005050       0x44 ./source/FSM/States/id_state.o
                0x00005050                id_decreaseCurrent
 .text.id_confirmID
                0x00005094       0x54 ./source/FSM/States/id_state.o
                0x00005094                id_confirmID
 .text.id_acceptNumber
                0x000050e8       0x44 ./source/FSM/States/id_state.o
                0x000050e8                id_acceptNumber
 .text.id_checkCardID
                0x0000512c       0xb0 ./source/FSM/States/id_state.o
                0x0000512c                id_checkCardID
 .text.showTitle
                0x000051dc       0x48 ./source/FSM/States/id_state.o
 .text.stopShowingTitle
                0x00005224       0x30 ./source/FSM/States/id_state.o
 .text.userInteractionStopsTitle
                0x00005254       0x28 ./source/FSM/States/id_state.o
 .text.userInteractionStopErrorIndication
                0x0000527c       0x2c ./source/FSM/States/id_state.o
 .text.idFail   0x000052a8       0x4c ./source/FSM/States/id_state.o
 .text.id_fail_animate
                0x000052f4       0x40 ./source/FSM/States/id_state.o
 .text.idCardFail
                0x00005334       0x4c ./source/FSM/States/id_state.o
 .text.menu_initState
                0x00005380       0x30 ./source/FSM/States/menu_state.o
                0x00005380                menu_initState
 .text.menu_nextOption
                0x000053b0       0x60 ./source/FSM/States/menu_state.o
                0x000053b0                menu_nextOption
 .text.menu_previousOption
                0x00005410       0x5c ./source/FSM/States/menu_state.o
                0x00005410                menu_previousOption
 .text.menu_selectOption
                0x0000546c       0x80 ./source/FSM/States/menu_state.o
                0x0000546c                menu_selectOption
 .text.showTitle
                0x000054ec       0x5c ./source/FSM/States/menu_state.o
 .text.showCurrentOption
                0x00005548       0xa8 ./source/FSM/States/menu_state.o
 .text.stopShowingTitle
                0x000055f0       0x1c ./source/FSM/States/menu_state.o
 .text.userInteractionStopsTitle
                0x0000560c       0x24 ./source/FSM/States/menu_state.o
 .text.openDoor
                0x00005630       0x20 ./source/FSM/States/open_state.o
                0x00005630                openDoor
 .text.initPinInput
                0x00005650       0x20 ./source/FSM/States/pin_state.o
                0x00005650                initPinInput
 .text.pin_confirmPin
                0x00005670       0x40 ./source/FSM/States/pin_state.o
                0x00005670                pin_confirmPin
 .text.pin_acceptNumber
                0x000056b0       0x48 ./source/FSM/States/pin_state.o
                0x000056b0                pin_acceptNumber
 .text.pin_increaseCurrent
                0x000056f8       0x30 ./source/FSM/States/pin_state.o
                0x000056f8                pin_increaseCurrent
 .text.pin_decreaseCurrent
                0x00005728       0x30 ./source/FSM/States/pin_state.o
                0x00005728                pin_decreaseCurrent
 .text.showTitle
                0x00005758       0x48 ./source/FSM/States/pin_state.o
 .text.stopShowingTitle
                0x000057a0       0x28 ./source/FSM/States/pin_state.o
 .text.userInteractionStopsTitle
                0x000057c8       0x24 ./source/FSM/States/pin_state.o
 .text.showWelcomeAnimation
                0x000057ec       0x28 ./source/FSM/States/welcome_state.o
                0x000057ec                showWelcomeAnimation
 .text.FSM_GetInitState
                0x00005814       0x14 ./source/FSM/fsm_table.o
                0x00005814                FSM_GetInitState
 .text.App_Init
                0x00005828       0x78 ./source/App.o
                0x00005828                App_Init
 .text.App_Run  0x000058a0       0x38 ./source/App.o
                0x000058a0                App_Run
 .text.fillQueue
                0x000058d8       0x94 ./source/App.o
 .text.initQueue
                0x0000596c       0x50 ./source/queue.o
                0x0000596c                initQueue
 .text.emitEvent
                0x000059bc       0x70 ./source/queue.o
                0x000059bc                emitEvent
 .text.getEvent
                0x00005a2c       0x3c ./source/queue.o
                0x00005a2c                getEvent
 .text.queueIsEmpty
                0x00005a68       0x34 ./source/queue.o
                0x00005a68                queueIsEmpty
 .text.SystemInit
                0x00005a9c       0x3c ./CMSIS/system_MK64F12.o
                0x00005a9c                SystemInit
 .text.sprintf  0x00005ad8       0x6c c:/nxp/mcuxpressoide_10.2.0_759/ide/tools/bin/../lib/gcc/arm-none-eabi/7.2.1/../../../../arm-none-eabi/lib/thumb/v7e-m/fpv4-sp/hard\libcr_c.a(fpprintf.o)
                0x00005ad8                sprintf
 .text.vsnprintf
                0x00005b44       0x5c c:/nxp/mcuxpressoide_10.2.0_759/ide/tools/bin/../lib/gcc/arm-none-eabi/7.2.1/../../../../arm-none-eabi/lib/thumb/v7e-m/fpv4-sp/hard\libcr_c.a(fpprintf.o)
                0x00005b44                vsnprintf
 .text.printf   0x00005ba0       0x54 c:/nxp/mcuxpressoide_10.2.0_759/ide/tools/bin/../lib/gcc/arm-none-eabi/7.2.1/../../../../arm-none-eabi/lib/thumb/v7e-m/fpv4-sp/hard\libcr_c.a(fpprintf.o)
                0x00005ba0                printf
 .text._initio  0x00005bf4       0x78 c:/nxp/mcuxpressoide_10.2.0_759/ide/tools/bin/../lib/gcc/arm-none-eabi/7.2.1/../../../../arm-none-eabi/lib/thumb/v7e-m/fpv4-sp/hard\libcr_c.a(initio.o)
                0x00005bf4                _initio
 .text.__vfprintf
                0x00005c6c      0xb98 c:/nxp/mcuxpressoide_10.2.0_759/ide/tools/bin/../lib/gcc/arm-none-eabi/7.2.1/../../../../arm-none-eabi/lib/thumb/v7e-m/fpv4-sp/hard\libcr_c.a(printf.o)
                0x00005c6c                __vfprintf
 .text._vsnprintf
                0x00006804       0x5c c:/nxp/mcuxpressoide_10.2.0_759/ide/tools/bin/../lib/gcc/arm-none-eabi/7.2.1/../../../../arm-none-eabi/lib/thumb/v7e-m/fpv4-sp/hard\libcr_c.a(printf.o)
                0x00006804                _vsnprintf
 .text._printf  0x00006860       0x54 c:/nxp/mcuxpressoide_10.2.0_759/ide/tools/bin/../lib/gcc/arm-none-eabi/7.2.1/../../../../arm-none-eabi/lib/thumb/v7e-m/fpv4-sp/hard\libcr_c.a(printf.o)
                0x00006860                _printf
 .text.setvbuf  0x000068b4       0x40 c:/nxp/mcuxpressoide_10.2.0_759/ide/tools/bin/../lib/gcc/arm-none-eabi/7.2.1/../../../../arm-none-eabi/lib/thumb/v7e-m/fpv4-sp/hard\libcr_c.a(setvbuf.o)
                0x000068b4                setvbuf
 .text._Cwritebuf
                0x000068f4       0x6c c:/nxp/mcuxpressoide_10.2.0_759/ide/tools/bin/../lib/gcc/arm-none-eabi/7.2.1/../../../../arm-none-eabi/lib/thumb/v7e-m/fpv4-sp/hard\libcr_c.a(_writebuf.o)
                0x000068f4                _Cwritebuf
 .text.malloc   0x00006960       0xc8 c:/nxp/mcuxpressoide_10.2.0_759/ide/tools/bin/../lib/gcc/arm-none-eabi/7.2.1/../../../../arm-none-eabi/lib/thumb/v7e-m/fpv4-sp/hard\libcr_c.a(alloc.o)
                0x00006960                malloc
 .text._Csys_alloc
                0x00006a28       0x20 c:/nxp/mcuxpressoide_10.2.0_759/ide/tools/bin/../lib/gcc/arm-none-eabi/7.2.1/../../../../arm-none-eabi/lib/thumb/v7e-m/fpv4-sp/hard\libcr_c.a(alloc.o)
                0x00006a28                _Csys_alloc
 .text.fflush   0x00006a48       0x44 c:/nxp/mcuxpressoide_10.2.0_759/ide/tools/bin/../lib/gcc/arm-none-eabi/7.2.1/../../../../arm-none-eabi/lib/thumb/v7e-m/fpv4-sp/hard\libcr_c.a(fflush.o)
                0x00006a48                fflush
 .text.fseek    0x00006a8c      0x100 c:/nxp/mcuxpressoide_10.2.0_759/ide/tools/bin/../lib/gcc/arm-none-eabi/7.2.1/../../../../arm-none-eabi/lib/thumb/v7e-m/fpv4-sp/hard\libcr_c.a(fseek.o)
                0x00006a8c                fseek
 .text.ftell    0x00006b8c       0x44 c:/nxp/mcuxpressoide_10.2.0_759/ide/tools/bin/../lib/gcc/arm-none-eabi/7.2.1/../../../../arm-none-eabi/lib/thumb/v7e-m/fpv4-sp/hard\libcr_c.a(ftell.o)
                0x00006b8c                ftell
 .text._sbrk    0x00006bd0       0x3c c:/nxp/mcuxpressoide_10.2.0_759/ide/tools/bin/../lib/gcc/arm-none-eabi/7.2.1/../../../../arm-none-eabi/lib/thumb/v7e-m/fpv4-sp/hard\libcr_c.a(_cr_sbrk.o)
                0x00006bd0                _sbrk
 .text.__check_heap_overflow
                0x00006c0c       0x18 c:/nxp/mcuxpressoide_10.2.0_759/ide/tools/bin/../lib/gcc/arm-none-eabi/7.2.1/../../../../arm-none-eabi/lib/thumb/v7e-m/fpv4-sp/hard\libcr_c.a(_cr_check_heap.o)
                0x00006c0c                __check_heap_overflow
 .text.__aeabi_dmul
                0x00006c24      0x11c c:/nxp/mcuxpressoide_10.2.0_759/ide/tools/bin/../lib/gcc/arm-none-eabi/7.2.1/thumb/v7e-m/fpv4-sp/hard\libcr_eabihelpers.a(double.o)
                0x00006c24                __aeabi_dmul
 .text.__aeabi_ddiv
                0x00006d40      0x138 c:/nxp/mcuxpressoide_10.2.0_759/ide/tools/bin/../lib/gcc/arm-none-eabi/7.2.1/thumb/v7e-m/fpv4-sp/hard\libcr_eabihelpers.a(double.o)
                0x00006d40                __aeabi_ddiv
 .text.__aeabi_dsub
                0x00006e78      0x1b4 c:/nxp/mcuxpressoide_10.2.0_759/ide/tools/bin/../lib/gcc/arm-none-eabi/7.2.1/thumb/v7e-m/fpv4-sp/hard\libcr_eabihelpers.a(double.o)
                0x00006e78                __aeabi_dsub
 .text.__aeabi_dadd
                0x0000702c      0x10c c:/nxp/mcuxpressoide_10.2.0_759/ide/tools/bin/../lib/gcc/arm-none-eabi/7.2.1/thumb/v7e-m/fpv4-sp/hard\libcr_eabihelpers.a(double.o)
                0x0000702c                __aeabi_dadd
 .text.__sys_appexit
                0x00007138        0xc c:/nxp/mcuxpressoide_10.2.0_759/ide/tools/bin/../lib/gcc/arm-none-eabi/7.2.1/../../../../arm-none-eabi/lib/thumb/v7e-m/fpv4-sp/hard\libcr_semihost_nf.a(__sys_appexit.o)
                0x00007138                __sys_appexit
                0x00007138                __exit
 .text.main     0x00007144       0x1a ./source/startup/main.o
                0x00007144                main
 .text.HardFault_Handler
                0x0000715e       0x2c ./source/startup/semihost_hardfault.o
                0x0000715e                HardFault_Handler
 .text.DMA0_IRQHandler
                0x0000718a        0x8 ./source/startup/startup_mk64f12.o
                0x0000718a                DMA0_IRQHandler
 .text.DMA1_IRQHandler
                0x00007192        0x8 ./source/startup/startup_mk64f12.o
                0x00007192                DMA1_IRQHandler
 .text.DMA2_IRQHandler
                0x0000719a        0x8 ./source/startup/startup_mk64f12.o
                0x0000719a                DMA2_IRQHandler
 .text.DMA3_IRQHandler
                0x000071a2        0x8 ./source/startup/startup_mk64f12.o
                0x000071a2                DMA3_IRQHandler
 .text.DMA4_IRQHandler
                0x000071aa        0x8 ./source/startup/startup_mk64f12.o
                0x000071aa                DMA4_IRQHandler
 .text.DMA5_IRQHandler
                0x000071b2        0x8 ./source/startup/startup_mk64f12.o
                0x000071b2                DMA5_IRQHandler
 .text.DMA6_IRQHandler
                0x000071ba        0x8 ./source/startup/startup_mk64f12.o
                0x000071ba                DMA6_IRQHandler
 .text.DMA7_IRQHandler
                0x000071c2        0x8 ./source/startup/startup_mk64f12.o
                0x000071c2                DMA7_IRQHandler
 .text.DMA8_IRQHandler
                0x000071ca        0x8 ./source/startup/startup_mk64f12.o
                0x000071ca                DMA8_IRQHandler
 .text.DMA9_IRQHandler
                0x000071d2        0x8 ./source/startup/startup_mk64f12.o
                0x000071d2                DMA9_IRQHandler
 .text.DMA10_IRQHandler
                0x000071da        0x8 ./source/startup/startup_mk64f12.o
                0x000071da                DMA10_IRQHandler
 .text.DMA11_IRQHandler
                0x000071e2        0x8 ./source/startup/startup_mk64f12.o
                0x000071e2                DMA11_IRQHandler
 .text.DMA12_IRQHandler
                0x000071ea        0x8 ./source/startup/startup_mk64f12.o
                0x000071ea                DMA12_IRQHandler
 .text.DMA13_IRQHandler
                0x000071f2        0x8 ./source/startup/startup_mk64f12.o
                0x000071f2                DMA13_IRQHandler
 .text.DMA14_IRQHandler
                0x000071fa        0x8 ./source/startup/startup_mk64f12.o
                0x000071fa                DMA14_IRQHandler
 .text.DMA15_IRQHandler
                0x00007202        0x8 ./source/startup/startup_mk64f12.o
                0x00007202                DMA15_IRQHandler
 .text.DMA_Error_IRQHandler
                0x0000720a        0x8 ./source/startup/startup_mk64f12.o
                0x0000720a                DMA_Error_IRQHandler
 .text.MCM_IRQHandler
                0x00007212        0x8 ./source/startup/startup_mk64f12.o
                0x00007212                MCM_IRQHandler
 .text.FTFE_IRQHandler
                0x0000721a        0x8 ./source/startup/startup_mk64f12.o
                0x0000721a                FTFE_IRQHandler
 .text.Read_Collision_IRQHandler
                0x00007222        0x8 ./source/startup/startup_mk64f12.o
                0x00007222                Read_Collision_IRQHandler
 .text.LVD_LVW_IRQHandler
                0x0000722a        0x8 ./source/startup/startup_mk64f12.o
                0x0000722a                LVD_LVW_IRQHandler
 .text.LLWU_IRQHandler
                0x00007232        0x8 ./source/startup/startup_mk64f12.o
                0x00007232                LLWU_IRQHandler
 .text.WDOG_EWM_IRQHandler
                0x0000723a        0x8 ./source/startup/startup_mk64f12.o
                0x0000723a                WDOG_EWM_IRQHandler
 .text.RNG_IRQHandler
                0x00007242        0x8 ./source/startup/startup_mk64f12.o
                0x00007242                RNG_IRQHandler
 .text.I2C0_IRQHandler
                0x0000724a        0x8 ./source/startup/startup_mk64f12.o
                0x0000724a                I2C0_IRQHandler
 .text.I2C1_IRQHandler
                0x00007252        0x8 ./source/startup/startup_mk64f12.o
                0x00007252                I2C1_IRQHandler
 .text.SPI0_IRQHandler
                0x0000725a        0x8 ./source/startup/startup_mk64f12.o
                0x0000725a                SPI0_IRQHandler
 .text.SPI1_IRQHandler
                0x00007262        0x8 ./source/startup/startup_mk64f12.o
                0x00007262                SPI1_IRQHandler
 .text.I2S0_Tx_IRQHandler
                0x0000726a        0x8 ./source/startup/startup_mk64f12.o
                0x0000726a                I2S0_Tx_IRQHandler
 .text.I2S0_Rx_IRQHandler
                0x00007272        0x8 ./source/startup/startup_mk64f12.o
                0x00007272                I2S0_Rx_IRQHandler
 .text.UART0_LON_IRQHandler
                0x0000727a        0x8 ./source/startup/startup_mk64f12.o
                0x0000727a                UART0_LON_IRQHandler
 .text.UART0_RX_TX_IRQHandler
                0x00007282        0x8 ./source/startup/startup_mk64f12.o
                0x00007282                UART0_RX_TX_IRQHandler
 .text.UART0_ERR_IRQHandler
                0x0000728a        0x8 ./source/startup/startup_mk64f12.o
                0x0000728a                UART0_ERR_IRQHandler
 .text.UART1_RX_TX_IRQHandler
                0x00007292        0x8 ./source/startup/startup_mk64f12.o
                0x00007292                UART1_RX_TX_IRQHandler
 .text.UART1_ERR_IRQHandler
                0x0000729a        0x8 ./source/startup/startup_mk64f12.o
                0x0000729a                UART1_ERR_IRQHandler
 .text.UART2_RX_TX_IRQHandler
                0x000072a2        0x8 ./source/startup/startup_mk64f12.o
                0x000072a2                UART2_RX_TX_IRQHandler
 .text.UART2_ERR_IRQHandler
                0x000072aa        0x8 ./source/startup/startup_mk64f12.o
                0x000072aa                UART2_ERR_IRQHandler
 .text.UART3_RX_TX_IRQHandler
                0x000072b2        0x8 ./source/startup/startup_mk64f12.o
                0x000072b2                UART3_RX_TX_IRQHandler
 .text.UART3_ERR_IRQHandler
                0x000072ba        0x8 ./source/startup/startup_mk64f12.o
                0x000072ba                UART3_ERR_IRQHandler
 .text.ADC0_IRQHandler
                0x000072c2        0x8 ./source/startup/startup_mk64f12.o
                0x000072c2                ADC0_IRQHandler
 .text.CMP0_IRQHandler
                0x000072ca        0x8 ./source/startup/startup_mk64f12.o
                0x000072ca                CMP0_IRQHandler
 .text.CMP1_IRQHandler
                0x000072d2        0x8 ./source/startup/startup_mk64f12.o
                0x000072d2                CMP1_IRQHandler
 .text.FTM0_IRQHandler
                0x000072da        0x8 ./source/startup/startup_mk64f12.o
                0x000072da                FTM0_IRQHandler
 .text.FTM1_IRQHandler
                0x000072e2        0x8 ./source/startup/startup_mk64f12.o
                0x000072e2                FTM1_IRQHandler
 .text.FTM2_IRQHandler
                0x000072ea        0x8 ./source/startup/startup_mk64f12.o
                0x000072ea                FTM2_IRQHandler
 .text.CMT_IRQHandler
                0x000072f2        0x8 ./source/startup/startup_mk64f12.o
                0x000072f2                CMT_IRQHandler
 .text.RTC_IRQHandler
                0x000072fa        0x8 ./source/startup/startup_mk64f12.o
                0x000072fa                RTC_IRQHandler
 .text.RTC_Seconds_IRQHandler
                0x00007302        0x8 ./source/startup/startup_mk64f12.o
                0x00007302                RTC_Seconds_IRQHandler
 .text.PIT0_IRQHandler
                0x0000730a        0x8 ./source/startup/startup_mk64f12.o
                0x0000730a                PIT0_IRQHandler
 .text.PIT1_IRQHandler
                0x00007312        0x8 ./source/startup/startup_mk64f12.o
                0x00007312                PIT1_IRQHandler
 .text.PIT2_IRQHandler
                0x0000731a        0x8 ./source/startup/startup_mk64f12.o
                0x0000731a                PIT2_IRQHandler
 .text.PIT3_IRQHandler
                0x00007322        0x8 ./source/startup/startup_mk64f12.o
                0x00007322                PIT3_IRQHandler
 .text.PDB0_IRQHandler
                0x0000732a        0x8 ./source/startup/startup_mk64f12.o
                0x0000732a                PDB0_IRQHandler
 .text.USB0_IRQHandler
                0x00007332        0x8 ./source/startup/startup_mk64f12.o
                0x00007332                USB0_IRQHandler
 .text.USBDCD_IRQHandler
                0x0000733a        0x8 ./source/startup/startup_mk64f12.o
                0x0000733a                USBDCD_IRQHandler
 .text.Reserved71_IRQHandler
                0x00007342        0x8 ./source/startup/startup_mk64f12.o
                0x00007342                Reserved71_IRQHandler
 .text.DAC0_IRQHandler
                0x0000734a        0x8 ./source/startup/startup_mk64f12.o
                0x0000734a                DAC0_IRQHandler
 .text.MCG_IRQHandler
                0x00007352        0x8 ./source/startup/startup_mk64f12.o
                0x00007352                MCG_IRQHandler
 .text.LPTMR0_IRQHandler
                0x0000735a        0x8 ./source/startup/startup_mk64f12.o
                0x0000735a                LPTMR0_IRQHandler
 .text.SWI_IRQHandler
                0x00007362        0x8 ./source/startup/startup_mk64f12.o
                0x00007362                SWI_IRQHandler
 .text.SPI2_IRQHandler
                0x0000736a        0x8 ./source/startup/startup_mk64f12.o
                0x0000736a                SPI2_IRQHandler
 .text.UART4_RX_TX_IRQHandler
                0x00007372        0x8 ./source/startup/startup_mk64f12.o
                0x00007372                UART4_RX_TX_IRQHandler
 .text.UART4_ERR_IRQHandler
                0x0000737a        0x8 ./source/startup/startup_mk64f12.o
                0x0000737a                UART4_ERR_IRQHandler
 .text.UART5_RX_TX_IRQHandler
                0x00007382        0x8 ./source/startup/startup_mk64f12.o
                0x00007382                UART5_RX_TX_IRQHandler
 .text.UART5_ERR_IRQHandler
                0x0000738a        0x8 ./source/startup/startup_mk64f12.o
                0x0000738a                UART5_ERR_IRQHandler
 .text.CMP2_IRQHandler
                0x00007392        0x8 ./source/startup/startup_mk64f12.o
                0x00007392                CMP2_IRQHandler
 .text.FTM3_IRQHandler
                0x0000739a        0x8 ./source/startup/startup_mk64f12.o
                0x0000739a                FTM3_IRQHandler
 .text.DAC1_IRQHandler
                0x000073a2        0x8 ./source/startup/startup_mk64f12.o
                0x000073a2                DAC1_IRQHandler
 .text.ADC1_IRQHandler
                0x000073aa        0x8 ./source/startup/startup_mk64f12.o
                0x000073aa                ADC1_IRQHandler
 .text.I2C2_IRQHandler
                0x000073b2        0x8 ./source/startup/startup_mk64f12.o
                0x000073b2                I2C2_IRQHandler
 .text.CAN0_ORed_Message_buffer_IRQHandler
                0x000073ba        0x8 ./source/startup/startup_mk64f12.o
                0x000073ba                CAN0_ORed_Message_buffer_IRQHandler
 .text.CAN0_Bus_Off_IRQHandler
                0x000073c2        0x8 ./source/startup/startup_mk64f12.o
                0x000073c2                CAN0_Bus_Off_IRQHandler
 .text.CAN0_Error_IRQHandler
                0x000073ca        0x8 ./source/startup/startup_mk64f12.o
                0x000073ca                CAN0_Error_IRQHandler
 .text.CAN0_Tx_Warning_IRQHandler
                0x000073d2        0x8 ./source/startup/startup_mk64f12.o
                0x000073d2                CAN0_Tx_Warning_IRQHandler
 .text.CAN0_Rx_Warning_IRQHandler
                0x000073da        0x8 ./source/startup/startup_mk64f12.o
                0x000073da                CAN0_Rx_Warning_IRQHandler
 .text.CAN0_Wake_Up_IRQHandler
                0x000073e2        0x8 ./source/startup/startup_mk64f12.o
                0x000073e2                CAN0_Wake_Up_IRQHandler
 .text.SDHC_IRQHandler
                0x000073ea        0x8 ./source/startup/startup_mk64f12.o
                0x000073ea                SDHC_IRQHandler
 .text.ENET_1588_Timer_IRQHandler
                0x000073f2        0x8 ./source/startup/startup_mk64f12.o
                0x000073f2                ENET_1588_Timer_IRQHandler
 .text.ENET_Transmit_IRQHandler
                0x000073fa        0x8 ./source/startup/startup_mk64f12.o
                0x000073fa                ENET_Transmit_IRQHandler
 .text.ENET_Receive_IRQHandler
                0x00007402        0x8 ./source/startup/startup_mk64f12.o
                0x00007402                ENET_Receive_IRQHandler
 .text.ENET_Error_IRQHandler
                0x0000740a        0x8 ./source/startup/startup_mk64f12.o
                0x0000740a                ENET_Error_IRQHandler
 .text.Led_On   0x00007412       0x1c ./source/drivers/Led.o
                0x00007412                Led_On
 .text.Led_Off  0x0000742e       0x1c ./source/drivers/Led.o
                0x0000742e                Led_Off
 .text.Led_Toggle
                0x0000744a       0x1a ./source/drivers/Led.o
                0x0000744a                Led_Toggle
 .text.OnForDefinedTimeCalledFromPISR
                0x00007464       0x4e ./source/drivers/Led.o
 .text.BlinkCalledFromPISR
                0x000074b2       0x74 ./source/drivers/Led.o
 .text.RepetitionBlinkCalledFromPISR
                0x00007526       0x7c ./source/drivers/Led.o
 .text.InfiniteBlinkCalledFromPISR
                0x000075a2       0x4a ./source/drivers/Led.o
 .text.getArrayEffectiveLength
                0x000075ec       0x54 ./source/drivers/Timer.o
 .text.checkIdArrayFormat
                0x00007640       0x26 ./source/database/data_base.o
 .text.getEffectiveArrayLength
                0x00007666       0x6a ./source/database/data_base.o
 .text.validateNewId
                0x000076d0       0x38 ./source/database/data_base.o
                0x000076d0                validateNewId
 .text.checkPinArrayFormat
                0x00007708       0x2c ./source/database/data_base.o
                0x00007708                checkPinArrayFormat
 .text.getArrayEffectiveLength
                0x00007734       0x54 ./source/MCAL/SysTick.o
 .text.PORTA_IRQHandler
                0x00007788       0x1e ./source/MCAL/gpio.o
                0x00007788                PORTA_IRQHandler
 .text.PORTB_IRQHandler
                0x000077a6       0x1e ./source/MCAL/gpio.o
                0x000077a6                PORTB_IRQHandler
 .text.PORTC_IRQHandler
                0x000077c4       0x1e ./source/MCAL/gpio.o
                0x000077c4                PORTC_IRQHandler
 .text.PORTD_IRQHandler
                0x000077e2       0x1e ./source/MCAL/gpio.o
                0x000077e2                PORTD_IRQHandler
 .text.PORTE_IRQHandler
                0x00007800       0x1e ./source/MCAL/gpio.o
                0x00007800                PORTE_IRQHandler
 .text.userInteractionStopErrorIndicationAndRestart
                0x0000781e       0x10 ./source/FSM/States/add_user_state/substates/add_user_id_state.o
 .text.userInteractionStopErrorIndicationAndRestart
                0x0000782e       0x10 ./source/FSM/States/add_user_state/substates/add_user_pin_state.o
 .text.subFSM_StartInitState
                0x0000783e        0xc ./source/FSM/States/add_user_state/add_user_fsm_table.o
                0x0000783e                subFSM_StartInitState
 .text.do_nothing
                0x0000784a        0xe ./source/FSM/States/add_user_state/add_user_fsm_table.o
 .text.return_to_last
                0x00007858        0xe ./source/FSM/States/add_user_state/add_user_fsm_table.o
 .text.configDev_selectOption
                0x00007866       0x12 ./source/FSM/States/config_device_state.o
                0x00007866                configDev_selectOption
 .text.userInteractionStopErrorIndicationAndRestart
                0x00007878       0x10 ./source/FSM/States/config_me_state.o
 .text.userInteractionStopErrorIndicationAndRestart
                0x00007888       0x10 ./source/FSM/States/delete_user_state.o
 .text.userInteractionStopErrorIndicationAndRestart
                0x00007898       0x10 ./source/FSM/States/id_state.o
 .text.accessTimeOut
                0x000078a8       0x14 ./source/FSM/States/open_state.o
                0x000078a8                accessTimeOut
 .text.inputIncreaseCurrent
                0x000078bc       0x8a ./source/FSM/States/user_input.o
                0x000078bc                inputIncreaseCurrent
 .text.inputDecreaseCurrent
                0x00007946       0x8c ./source/FSM/States/user_input.o
                0x00007946                inputDecreaseCurrent
 .text.inputResetArray
                0x000079d2       0x3c ./source/FSM/States/user_input.o
                0x000079d2                inputResetArray
 .text.inputAcceptNumber
                0x00007a0e       0xa8 ./source/FSM/States/user_input.o
                0x00007a0e                inputAcceptNumber
 .text.getEffectiveArrayLength
                0x00007ab6       0x60 ./source/FSM/States/user_input.o
 .text.deleteLastChar
                0x00007b16       0x52 ./source/FSM/States/user_input.o
 .text.cardSwipe
                0x00007b68       0x92 ./source/FSM/States/welcome_state.o
                0x00007b68                cardSwipe
 .text.fsm      0x00007bfa       0x3c ./source/FSM/fsm.o
                0x00007bfa                fsm
 .text.FSM_StartInitState
                0x00007c36        0xc ./source/FSM/fsm_table.o
                0x00007c36                FSM_StartInitState
 .text.do_nothing
                0x00007c42        0xe ./source/FSM/fsm_table.o
 .text.timeOutCallback
                0x00007c50        0xe ./source/App.o
 .text.SystemInitHook
                0x00007c5e        0xe ./CMSIS/system_MK64F12.o
                0x00007c5e                SystemInitHook
 .text.__main   0x00007c6c        0xe c:/nxp/mcuxpressoide_10.2.0_759/ide/tools/bin/../lib/gcc/arm-none-eabi/7.2.1/../../../../arm-none-eabi/lib/thumb/v7e-m/fpv4-sp/hard\libcr_semihost_nf.a(_cr__main.o)
                0x00007c6c                __CR_SEMIHOST
                0x00007c6c                __main
 .text.memcpy   0x00007c7a        0x4 c:/nxp/mcuxpressoide_10.2.0_759/ide/tools/bin/../lib/gcc/arm-none-eabi/7.2.1/../../../../arm-none-eabi/lib/thumb/v7e-m/fpv4-sp/hard\libcr_c.a(memcpy.o)
                0x00007c7a                memcpy
 .text.memset   0x00007c7e        0x4 c:/nxp/mcuxpressoide_10.2.0_759/ide/tools/bin/../lib/gcc/arm-none-eabi/7.2.1/../../../../arm-none-eabi/lib/thumb/v7e-m/fpv4-sp/hard\libcr_c.a(memset.o)
                0x00007c7e                memset
 .text.fp_round
                0x00007c82       0x4e c:/nxp/mcuxpressoide_10.2.0_759/ide/tools/bin/../lib/gcc/arm-none-eabi/7.2.1/../../../../arm-none-eabi/lib/thumb/v7e-m/fpv4-sp/hard\libcr_c.a(fpprintf.o)
 .text.pr_dec.constprop.1
                0x00007cd0       0x26 c:/nxp/mcuxpressoide_10.2.0_759/ide/tools/bin/../lib/gcc/arm-none-eabi/7.2.1/../../../../arm-none-eabi/lib/thumb/v7e-m/fpv4-sp/hard\libcr_c.a(fpprintf.o)
 .text.no_fp_display
                0x00007cf6        0x4 c:/nxp/mcuxpressoide_10.2.0_759/ide/tools/bin/../lib/gcc/arm-none-eabi/7.2.1/../../../../arm-none-eabi/lib/thumb/v7e-m/fpv4-sp/hard\libcr_c.a(printf.o)
 .text.strlen   0x00007cfa       0x4a c:/nxp/mcuxpressoide_10.2.0_759/ide/tools/bin/../lib/gcc/arm-none-eabi/7.2.1/../../../../arm-none-eabi/lib/thumb/v7e-m/fpv4-sp/hard\libcr_c.a(strlen.o)
                0x00007cfa                strlen
 .text._deferredlazyseek
                0x00007d44       0x40 c:/nxp/mcuxpressoide_10.2.0_759/ide/tools/bin/../lib/gcc/arm-none-eabi/7.2.1/../../../../arm-none-eabi/lib/thumb/v7e-m/fpv4-sp/hard\libcr_c.a(_deferredlazyseek.o)
                0x00007d44                _deferredlazyseek
 .text.__flsbuf
                0x00007d84      0x140 c:/nxp/mcuxpressoide_10.2.0_759/ide/tools/bin/../lib/gcc/arm-none-eabi/7.2.1/../../../../arm-none-eabi/lib/thumb/v7e-m/fpv4-sp/hard\libcr_c.a(_deferredlazyseek.o)
                0x00007d84                __flsbuf
 .text._fdopen  0x00007ec4       0x68 c:/nxp/mcuxpressoide_10.2.0_759/ide/tools/bin/../lib/gcc/arm-none-eabi/7.2.1/../../../../arm-none-eabi/lib/thumb/v7e-m/fpv4-sp/hard\libcr_c.a(_fdopen.o)
                0x00007ec4                _fdopen
 .text._fflush  0x00007f2c       0x52 c:/nxp/mcuxpressoide_10.2.0_759/ide/tools/bin/../lib/gcc/arm-none-eabi/7.2.1/../../../../arm-none-eabi/lib/thumb/v7e-m/fpv4-sp/hard\libcr_c.a(_fflush.o)
                0x00007f2c                _fflush
 .text.free     0x00007f7e       0x30 c:/nxp/mcuxpressoide_10.2.0_759/ide/tools/bin/../lib/gcc/arm-none-eabi/7.2.1/../../../../arm-none-eabi/lib/thumb/v7e-m/fpv4-sp/hard\libcr_c.a(alloc.o)
                0x00007f7e                free
 .text.fclose   0x00007fae       0x58 c:/nxp/mcuxpressoide_10.2.0_759/ide/tools/bin/../lib/gcc/arm-none-eabi/7.2.1/../../../../arm-none-eabi/lib/thumb/v7e-m/fpv4-sp/hard\libcr_c.a(fclose.o)
                0x00007fae                fclose
 .text.remove   0x00008006       0x14 c:/nxp/mcuxpressoide_10.2.0_759/ide/tools/bin/../lib/gcc/arm-none-eabi/7.2.1/../../../../arm-none-eabi/lib/thumb/v7e-m/fpv4-sp/hard\libcr_c.a(remove.o)
                0x00008006                remove
 .text._do_fflush
                0x0000801a       0x40 c:/nxp/mcuxpressoide_10.2.0_759/ide/tools/bin/../lib/gcc/arm-none-eabi/7.2.1/../../../../arm-none-eabi/lib/thumb/v7e-m/fpv4-sp/hard\libcr_c.a(_do_fflush.o)
                0x0000801a                _do_fflush
 .text.__aeabi_d2iz
                0x0000805a       0x40 c:/nxp/mcuxpressoide_10.2.0_759/ide/tools/bin/../lib/gcc/arm-none-eabi/7.2.1/thumb/v7e-m/fpv4-sp/hard\libcr_eabihelpers.a(double.o)
                0x0000805a                __aeabi_d2iz
 .text.__bhs_ui2d
                0x0000809a       0x46 c:/nxp/mcuxpressoide_10.2.0_759/ide/tools/bin/../lib/gcc/arm-none-eabi/7.2.1/thumb/v7e-m/fpv4-sp/hard\libcr_eabihelpers.a(double.o)
                0x0000809a                __bhs_ui2d
 .text.__aeabi_i2d
                0x000080e0       0x12 c:/nxp/mcuxpressoide_10.2.0_759/ide/tools/bin/../lib/gcc/arm-none-eabi/7.2.1/thumb/v7e-m/fpv4-sp/hard\libcr_eabihelpers.a(double.o)
                0x000080e0                __aeabi_i2d
 .text.__aeabi_dcmpeq
                0x000080f2       0x30 c:/nxp/mcuxpressoide_10.2.0_759/ide/tools/bin/../lib/gcc/arm-none-eabi/7.2.1/thumb/v7e-m/fpv4-sp/hard\libcr_eabihelpers.a(double.o)
                0x000080f2                __aeabi_dcmpeq
 .text.__aeabi_dcmplt
                0x00008122       0x58 c:/nxp/mcuxpressoide_10.2.0_759/ide/tools/bin/../lib/gcc/arm-none-eabi/7.2.1/thumb/v7e-m/fpv4-sp/hard\libcr_eabihelpers.a(double.o)
                0x00008122                __aeabi_dcmplt
 .text.__aeabi_dcmple
                0x0000817a       0x5a c:/nxp/mcuxpressoide_10.2.0_759/ide/tools/bin/../lib/gcc/arm-none-eabi/7.2.1/thumb/v7e-m/fpv4-sp/hard\libcr_eabihelpers.a(double.o)
                0x0000817a                __aeabi_dcmple
 .text.__aeabi_dcmpge
                0x000081d4       0x58 c:/nxp/mcuxpressoide_10.2.0_759/ide/tools/bin/../lib/gcc/arm-none-eabi/7.2.1/thumb/v7e-m/fpv4-sp/hard\libcr_eabihelpers.a(double.o)
                0x000081d4                __aeabi_dcmpge
 .text.__aeabi_memcpy
                0x0000822c       0x34 c:/nxp/mcuxpressoide_10.2.0_759/ide/tools/bin/../lib/gcc/arm-none-eabi/7.2.1/thumb/v7e-m/fpv4-sp/hard\libcr_eabihelpers.a(memcpy.o)
                0x0000822c                __aeabi_memcpy
                0x00008236                __aeabi_memcpy8
                0x00008236                __aeabi_memcpy4
 .text.__aeabi_memset_lowlevel
                0x00008260       0x32 c:/nxp/mcuxpressoide_10.2.0_759/ide/tools/bin/../lib/gcc/arm-none-eabi/7.2.1/thumb/v7e-m/fpv4-sp/hard\libcr_eabihelpers.a(memcpy.o)
                0x00008260                __aeabi_lowlevel_memset
 .text.__sys_close
                0x00008292        0xc c:/nxp/mcuxpressoide_10.2.0_759/ide/tools/bin/../lib/gcc/arm-none-eabi/7.2.1/../../../../arm-none-eabi/lib/thumb/v7e-m/fpv4-sp/hard\libcr_semihost_nf.a(__sys_close.o)
                0x00008292                __sys_close
 .text.__sys_flen
                0x0000829e        0xc c:/nxp/mcuxpressoide_10.2.0_759/ide/tools/bin/../lib/gcc/arm-none-eabi/7.2.1/../../../../arm-none-eabi/lib/thumb/v7e-m/fpv4-sp/hard\libcr_semihost_nf.a(__sys_flen.o)
                0x0000829e                __sys_flen
 .text.__sys_istty
                0x000082aa        0xc c:/nxp/mcuxpressoide_10.2.0_759/ide/tools/bin/../lib/gcc/arm-none-eabi/7.2.1/../../../../arm-none-eabi/lib/thumb/v7e-m/fpv4-sp/hard\libcr_semihost_nf.a(__sys_istty.o)
                0x000082aa                __sys_istty
 .text.__sys_remove
                0x000082b6        0xc c:/nxp/mcuxpressoide_10.2.0_759/ide/tools/bin/../lib/gcc/arm-none-eabi/7.2.1/../../../../arm-none-eabi/lib/thumb/v7e-m/fpv4-sp/hard\libcr_semihost_nf.a(__sys_remove.o)
                0x000082b6                __sys_remove
 .text.__sys_seek
                0x000082c2        0xc c:/nxp/mcuxpressoide_10.2.0_759/ide/tools/bin/../lib/gcc/arm-none-eabi/7.2.1/../../../../arm-none-eabi/lib/thumb/v7e-m/fpv4-sp/hard\libcr_semihost_nf.a(__sys_seek.o)
                0x000082c2                __sys_seek
 .text.__sys_tmpnam
                0x000082ce        0xc c:/nxp/mcuxpressoide_10.2.0_759/ide/tools/bin/../lib/gcc/arm-none-eabi/7.2.1/../../../../arm-none-eabi/lib/thumb/v7e-m/fpv4-sp/hard\libcr_semihost_nf.a(__sys_tmpnam.o)
                0x000082ce                __sys_tmpnam
 .text.__sys_write
                0x000082da        0xc c:/nxp/mcuxpressoide_10.2.0_759/ide/tools/bin/../lib/gcc/arm-none-eabi/7.2.1/../../../../arm-none-eabi/lib/thumb/v7e-m/fpv4-sp/hard\libcr_semihost_nf.a(__sys_write.o)
                0x000082da                __sys_write
 *(SORT_BY_ALIGNMENT(.rodata) SORT_BY_ALIGNMENT(.rodata.*) SORT_BY_ALIGNMENT(.constdata) SORT_BY_ALIGNMENT(.constdata.*))
 *fill*         0x000082e6        0x2 ff
 .rodata.__huge_vall
                0x000082e8        0x8 c:/nxp/mcuxpressoide_10.2.0_759/ide/tools/bin/../lib/gcc/arm-none-eabi/7.2.1/../../../../arm-none-eabi/lib/thumb/v7e-m/fpv4-sp/hard\libcr_c.a(_hugeval.o)
                0x000082e8                __huge_vall
 .rodata.numbers
                0x000082f0        0xa ./source/drivers/seven_seg_display.o
 *fill*         0x000082fa        0x2 ff
 .rodata.letters
                0x000082fc       0x1a ./source/drivers/seven_seg_display.o
 *fill*         0x00008316        0x2 ff
 .rodata.extras
                0x00008318        0xa ./source/drivers/seven_seg_display.o
 *fill*         0x00008322        0x2 ff
 .rodata        0x00008324        0x3 ./source/MCAL/gpio.o
 *fill*         0x00008327        0x1 ff
 .rodata        0x00008328       0x1f ./source/FSM/States/add_user_state/substates/add_user_id_state.o
 *fill*         0x00008347        0x1 ff
 .rodata        0x00008348       0x25 ./source/FSM/States/add_user_state/substates/add_user_main_state.o
 *fill*         0x0000836d        0x3 ff
 .rodata        0x00008370       0x13 ./source/FSM/States/add_user_state/substates/add_user_pin_state.o
 *fill*         0x00008383        0x1 ff
 .rodata        0x00008384       0x12 ./source/FSM/States/config_me_state.o
 *fill*         0x00008396        0x2 ff
 .rodata        0x00008398       0x2c ./source/FSM/States/delete_user_state.o
 .rodata        0x000083c4       0x1b ./source/FSM/States/fail_state.o
 *fill*         0x000083df        0x1 ff
 .rodata        0x000083e0       0x20 ./source/FSM/States/id_state.o
 .rodata        0x00008400       0x4c ./source/FSM/States/menu_state.o
 .rodata        0x0000844c        0x5 ./source/FSM/States/pin_state.o
 *fill*         0x00008451        0x3 ff
 .rodata        0x00008454        0x7 ./source/FSM/States/welcome_state.o
 *fill*         0x0000845b        0x1 ff
 .rodata        0x0000845c        0x3 ./source/App.o
 *fill*         0x0000845f        0x1 ff
 .rodata.__num_Ciob_streams
                0x00008460        0x4 c:/nxp/mcuxpressoide_10.2.0_759/ide/tools/bin/../lib/gcc/arm-none-eabi/7.2.1/../../../../arm-none-eabi/lib/thumb/v7e-m/fpv4-sp/hard\libcr_semihost_nf.a(__ciob.o)
                0x00008460                __num_Ciob_streams
 .rodata.fp_display.str1.1
                0x00008464       0x34 c:/nxp/mcuxpressoide_10.2.0_759/ide/tools/bin/../lib/gcc/arm-none-eabi/7.2.1/../../../../arm-none-eabi/lib/thumb/v7e-m/fpv4-sp/hard\libcr_c.a(fpprintf.o)
                                 0x35 (size before relaxing)
 .rodata._initio.str1.1
                0x00008498        0x4 c:/nxp/mcuxpressoide_10.2.0_759/ide/tools/bin/../lib/gcc/arm-none-eabi/7.2.1/../../../../arm-none-eabi/lib/thumb/v7e-m/fpv4-sp/hard\libcr_c.a(initio.o)
 .rodata.__vfprintf.str1.1
                0x0000849c       0x31 c:/nxp/mcuxpressoide_10.2.0_759/ide/tools/bin/../lib/gcc/arm-none-eabi/7.2.1/../../../../arm-none-eabi/lib/thumb/v7e-m/fpv4-sp/hard\libcr_c.a(printf.o)
                                 0x38 (size before relaxing)
 .rodata._Csys_alloc.str1.1
                0x000084cd       0x18 c:/nxp/mcuxpressoide_10.2.0_759/ide/tools/bin/../lib/gcc/arm-none-eabi/7.2.1/../../../../arm-none-eabi/lib/thumb/v7e-m/fpv4-sp/hard\libcr_c.a(alloc.o)
                0x000084e8                . = ALIGN (0x8)
 *fill*         0x000084e5        0x3 ff

.glue_7         0x000084e8        0x0
 .glue_7        0x000084e8        0x0 linker stubs

.glue_7t        0x000084e8        0x0
 .glue_7t       0x000084e8        0x0 linker stubs

.vfp11_veneer   0x000084e8        0x0
 .vfp11_veneer  0x000084e8        0x0 linker stubs

.v4_bx          0x000084e8        0x0
 .v4_bx         0x000084e8        0x0 linker stubs

.iplt           0x000084e8        0x0
 .iplt          0x000084e8        0x0 ./source/startup/hardware.o

.rel.dyn        0x000084e8        0x0
 .rel.iplt      0x000084e8        0x0 ./source/startup/hardware.o

.ARM.extab
 *(SORT_BY_ALIGNMENT(.ARM.extab*) SORT_BY_ALIGNMENT(.gnu.linkonce.armextab.*))
                0x000084e8                __exidx_start = .

.ARM.exidx
 *(SORT_BY_ALIGNMENT(.ARM.exidx*) SORT_BY_ALIGNMENT(.gnu.linkonce.armexidx.*))
                0x000084e8                __exidx_end = .
                0x000084e8                _etext = .

.m_usb_data
 *(SORT_BY_ALIGNMENT(m_usb_bdt))

.data_RAM2      0x1fff0000        0x0 load address 0x000084e8
 FILL mask 0xff
                [!provide]                PROVIDE (__start_data_RAM2, .)
 *(SORT_BY_ALIGNMENT(.ramfunc.$RAM2))
 *(SORT_BY_ALIGNMENT(.ramfunc.$SRAM_LOWER))
 *(SORT_BY_ALIGNMENT(.data.$RAM2*))
 *(SORT_BY_ALIGNMENT(.data.$SRAM_LOWER*))
                0x1fff0000                . = ALIGN (0x8)
                [!provide]                PROVIDE (__end_data_RAM2, .)

.data_RAM3      0x14000000        0x0 load address 0x000084e8
 FILL mask 0xff
                [!provide]                PROVIDE (__start_data_RAM3, .)
 *(SORT_BY_ALIGNMENT(.ramfunc.$RAM3))
 *(SORT_BY_ALIGNMENT(.ramfunc.$FLEX_RAM))
 *(SORT_BY_ALIGNMENT(.data.$RAM3*))
 *(SORT_BY_ALIGNMENT(.data.$FLEX_RAM*))
                0x14000000                . = ALIGN (0x8)
                [!provide]                PROVIDE (__end_data_RAM3, .)

.uninit_RESERVED
                0x20000000        0x0
 *(SORT_BY_ALIGNMENT(.bss.$RESERVED*))
                0x20000000                . = ALIGN (0x4)
                0x20000000                _end_uninit_RESERVED = .

.data           0x20000000      0x538 load address 0x000084e8
 FILL mask 0xff
                0x20000000                _data = .
 *(SORT_BY_ALIGNMENT(vtable))
 *(SORT_BY_ALIGNMENT(.ramfunc*))
 *(SORT_BY_ALIGNMENT(.data*))
 .data.displayPins
                0x20000000        0x8 ./source/drivers/seven_seg_display.o
 .data.selectPins
                0x20000008        0x2 ./source/drivers/seven_seg_display.o
 *fill*         0x2000000a        0x2 ff
 .data.animation_word.5351
                0x2000000c       0x30 ./source/drivers/seven_seg_display.o
 .data.ports    0x2000003c       0x14 ./source/MCAL/gpio.o
 .data.gpioPorts
                0x20000050       0x14 ./source/MCAL/gpio.o
 .data.titleTimerID
                0x20000064        0x4 ./source/FSM/States/add_user_state/substates/add_user_id_state.o
 .data.errorIndicationTimerID
                0x20000068        0x4 ./source/FSM/States/add_user_state/substates/add_user_id_state.o
 .data.errorIndicationTimerID
                0x2000006c        0x4 ./source/FSM/States/add_user_state/substates/add_user_main_state.o
 .data.titleTimerID
                0x20000070        0x4 ./source/FSM/States/add_user_state/substates/add_user_pin_state.o
 .data.errorIndicationTimerID
                0x20000074        0x4 ./source/FSM/States/add_user_state/substates/add_user_pin_state.o
 .data.addUser_card
                0x20000078       0x54 ./source/FSM/States/add_user_state/add_user_fsm_table.o
                0x20000078                addUser_card
 .data.addUser_id
                0x200000cc       0x54 ./source/FSM/States/add_user_state/add_user_fsm_table.o
                0x200000cc                addUser_id
 .data.addUser_pin
                0x20000120       0x48 ./source/FSM/States/add_user_state/add_user_fsm_table.o
                0x20000120                addUser_pin
 .data.titleTimerID
                0x20000168        0x4 ./source/FSM/States/config_me_state.o
 .data.errorIndicationTimerID
                0x2000016c        0x4 ./source/FSM/States/config_me_state.o
 .data.titleTimerID
                0x20000170        0x4 ./source/FSM/States/delete_user_state.o
 .data.errorIndicationTimerID
                0x20000174        0x4 ./source/FSM/States/delete_user_state.o
 .data.titleTimerID
                0x20000178        0x4 ./source/FSM/States/id_state.o
 .data.errorIndicationTimerID
                0x2000017c        0x4 ./source/FSM/States/id_state.o
 .data.titleTimerID
                0x20000180        0x4 ./source/FSM/States/menu_state.o
 .data.titleTimerID
                0x20000184        0x4 ./source/FSM/States/pin_state.o
 .data.welcome  0x20000188       0x48 ./source/FSM/fsm_table.o
                0x20000188                welcome
 .data.id       0x200001d0       0x6c ./source/FSM/fsm_table.o
                0x200001d0                id
 .data.pin      0x2000023c       0x6c ./source/FSM/fsm_table.o
                0x2000023c                pin
 .data.fail     0x200002a8       0x54 ./source/FSM/fsm_table.o
                0x200002a8                fail
 .data.menu     0x200002fc       0x84 ./source/FSM/fsm_table.o
                0x200002fc                menu
 .data.open     0x20000380       0x18 ./source/FSM/fsm_table.o
                0x20000380                open
 .data.cfg_me   0x20000398       0x54 ./source/FSM/fsm_table.o
                0x20000398                cfg_me
 .data.add_user
                0x200003ec       0x90 ./source/FSM/fsm_table.o
                0x200003ec                add_user
 .data.cfg_device
                0x2000047c       0x48 ./source/FSM/fsm_table.o
                0x2000047c                cfg_device
 .data.delete_user
                0x200004c4       0x6c ./source/FSM/fsm_table.o
                0x200004c4                delete_user
 .data.brightness
                0x20000530        0x1 ./source/drivers/seven_seg_display.o
 .data.currBright.5333
                0x20000531        0x1 ./source/drivers/seven_seg_display.o
 .data.window.5334
                0x20000532        0x1 ./source/drivers/seven_seg_display.o
 .data.currentIdIndex
                0x20000533        0x1 ./source/database/data_base.o
                0x20000538                . = ALIGN (0x8)
 *fill*         0x20000534        0x4 ff
                0x20000538                _edata = .

.igot.plt       0x20000538        0x0 load address 0x00008a20
 .igot.plt      0x20000538        0x0 ./source/startup/hardware.o

.bss_RAM2       0x1fff0000        0x0
                [!provide]                PROVIDE (__start_bss_RAM2, .)
 *(SORT_BY_ALIGNMENT(.bss.$RAM2*))
 *(SORT_BY_ALIGNMENT(.bss.$SRAM_LOWER*))
                0x1fff0000                . = ALIGN ((. != 0x0)?0x8:0x1)
                [!provide]                PROVIDE (__end_bss_RAM2, .)

.bss_RAM3       0x14000000        0x0
                [!provide]                PROVIDE (__start_bss_RAM3, .)
 *(SORT_BY_ALIGNMENT(.bss.$RAM3*))
 *(SORT_BY_ALIGNMENT(.bss.$FLEX_RAM*))
                0x14000000                . = ALIGN ((. != 0x0)?0x8:0x1)
                [!provide]                PROVIDE (__end_bss_RAM3, .)

.bss            0x20000538     0x1378
                0x20000538                _bss = .
 *(SORT_BY_ALIGNMENT(.bss*))
 .bss.__LDM_interruptDisableCount
                0x20000538        0x4 ./source/startup/hardware.o
 .bss.ledElements
                0x2000053c       0xd8 ./source/drivers/Led.o
 .bss.defaultOnForDefinedTimeProperties
                0x20000614        0xc ./source/drivers/Led.o
 .bss.defaultBlinkProperties
                0x20000620       0x14 ./source/drivers/Led.o
 .bss.defaultInfiniteBlinkProperties
                0x20000634        0xc ./source/drivers/Led.o
 .bss.defaultRepetitionBlinkProperties
                0x20000640       0x14 ./source/drivers/Led.o
 .bss.leds      0x20000654       0x1e ./source/drivers/MplxLed.o
                0x20000654                leds
 *fill*         0x20000672        0x2 
 .bss.timerElements
                0x20000674      0x190 ./source/drivers/Timer.o
 .bss.idCounter
                0x20000804        0x4 ./source/drivers/Timer.o
 .bss.buttons   0x20000808       0x14 ./source/drivers/button.o
 .bss.moves     0x2000081c        0x4 ./source/drivers/encoder.o
 .bss.message   0x20000820      0x190 ./source/drivers/lector.o
 .bss.screen    0x200009b0       0xf0 ./source/drivers/seven_seg_display.o
 .bss.dataBase  0x20000aa0      0x2a9 ./source/database/data_base.o
 *fill*         0x20000d49        0x3 
 .bss.database  0x20000d4c      0x2a9 ./source/database/data_base.o
 *fill*         0x20000ff5        0x3 
 .bss.validNumberArray
                0x20000ff8       0x13 ./source/database/data_base.o
 *fill*         0x2000100b        0x1 
 .bss.blockedUsersIndexes
                0x2000100c       0x1e ./source/database/data_base.o
 *fill*         0x2000102a        0x2 
 .bss.sysTickElements
                0x2000102c      0x190 ./source/MCAL/SysTick.o
 .bss.idCounter
                0x200011bc        0x4 ./source/MCAL/SysTick.o
 .bss.callbacks
                0x200011c0      0x280 ./source/MCAL/gpio.o
 .bss.id        0x20001440        0x8 ./source/FSM/States/add_user_state/substates/add_user_id_state.o
 .bss.cardNumber
                0x20001448       0x13 ./source/FSM/States/add_user_state/substates/add_user_main_state.o
 *fill*         0x2000145b        0x1 
 .bss.pin       0x2000145c        0x5 ./source/FSM/States/add_user_state/substates/add_user_pin_state.o
 *fill*         0x20001461        0x3 
 .bss.currentState
                0x20001464        0x4 ./source/FSM/States/add_user_state/add_user_state.o
 .bss.newPin    0x20001468        0x5 ./source/FSM/States/config_me_state.o
 *fill*         0x2000146d        0x3 
 .bss.id        0x20001470        0x8 ./source/FSM/States/delete_user_state.o
 .bss.errorIndicationTimerID
                0x20001478        0x4 ./source/FSM/States/fail_state.o
 .bss.id        0x2000147c        0x8 ./source/FSM/States/id_state.o
 .bss.pin       0x20001484        0x5 ./source/FSM/States/pin_state.o
 *fill*         0x20001489        0x3 
 .bss.currentState
                0x2000148c        0x4 ./source/App.o
 .bss.userTimeOutTimerID
                0x20001490        0x4 ./source/App.o
 .bss.eventQueue
                0x20001494        0xc ./source/queue.o
                0x20001494                eventQueue
 .bss.queue     0x200014a0      0x320 ./source/queue.o
                0x200014a0                queue
 .bss.errno     0x200017c0        0x4 c:/nxp/mcuxpressoide_10.2.0_759/ide/tools/bin/../lib/gcc/arm-none-eabi/7.2.1/../../../../arm-none-eabi/lib/thumb/v7e-m/fpv4-sp/hard\libcr_c.a(errno.o)
                0x200017c0                errno
 .bss.__end_of_heap
                0x200017c4        0x4 c:/nxp/mcuxpressoide_10.2.0_759/ide/tools/bin/../lib/gcc/arm-none-eabi/7.2.1/../../../../arm-none-eabi/lib/thumb/v7e-m/fpv4-sp/hard\libcr_c.a(__init_alloc.o)
                0x200017c4                __end_of_heap
 .bss.__heaps   0x200017c8        0x4 c:/nxp/mcuxpressoide_10.2.0_759/ide/tools/bin/../lib/gcc/arm-none-eabi/7.2.1/../../../../arm-none-eabi/lib/thumb/v7e-m/fpv4-sp/hard\libcr_c.a(__init_alloc.o)
                0x200017c8                __heaps
 .bss.__Ciob    0x200017cc       0xb4 c:/nxp/mcuxpressoide_10.2.0_759/ide/tools/bin/../lib/gcc/arm-none-eabi/7.2.1/../../../../arm-none-eabi/lib/thumb/v7e-m/fpv4-sp/hard\libcr_semihost_nf.a(__ciob.o)
                0x200017cc                __Ciob
 .bss.bit       0x20001880        0x2 ./source/drivers/lector.o
 .bss.moving_counter
                0x20001882        0x2 ./source/drivers/seven_seg_display.o
 .bss.isInit.5478
                0x20001884        0x1 ./source/drivers/MplxLed.o
 .bss.displayCounter.5537
                0x20001885        0x1 ./source/drivers/MplxLed.o
 .bss.var       0x20001886        0x1 ./source/drivers/button.o
                0x20001886                var
 .bss.existingEvent
                0x20001887        0x1 ./source/drivers/encoder.o
 .bss.statusA   0x20001888        0x1 ./source/drivers/encoder.o
 .bss.statusB   0x20001889        0x1 ./source/drivers/encoder.o
 .bss.init.5150
                0x2000188a        0x1 ./source/drivers/encoder.o
 .bss.enable    0x2000188b        0x1 ./source/drivers/lector.o
 .bss.event     0x2000188c        0x1 ./source/drivers/lector.o
 .bss.pos       0x2000188d        0x1 ./source/drivers/seven_seg_display.o
 .bss.moves_remainig
                0x2000188e        0x1 ./source/drivers/seven_seg_display.o
 .bss.bouncing  0x2000188f        0x1 ./source/drivers/seven_seg_display.o
 .bss.move_b    0x20001890        0x1 ./source/drivers/seven_seg_display.o
 .bss.animation
                0x20001891        0x1 ./source/drivers/seven_seg_display.o
 .bss.animation_counter
                0x20001892        0x1 ./source/drivers/seven_seg_display.o
 .bss.cursor_pos
                0x20001893        0x1 ./source/drivers/seven_seg_display.o
 .bss.cursor    0x20001894        0x1 ./source/drivers/seven_seg_display.o
 .bss.isInit.5251
                0x20001895        0x1 ./source/drivers/seven_seg_display.o
 .bss.displayCounter.5332
                0x20001896        0x1 ./source/drivers/seven_seg_display.o
 .bss.currentPos
                0x20001897        0x1 ./source/FSM/States/add_user_state/substates/add_user_id_state.o
 .bss.showingTitle
                0x20001898        0x1 ./source/FSM/States/add_user_state/substates/add_user_id_state.o
 .bss.showingErrorIndication
                0x20001899        0x1 ./source/FSM/States/add_user_state/substates/add_user_id_state.o
 .bss.currentPos
                0x2000189a        0x1 ./source/FSM/States/add_user_state/substates/add_user_pin_state.o
 .bss.showingTitle
                0x2000189b        0x1 ./source/FSM/States/add_user_state/substates/add_user_pin_state.o
 .bss.showingErrorIndication
                0x2000189c        0x1 ./source/FSM/States/add_user_state/substates/add_user_pin_state.o
 .bss.currentOptionIndex
                0x2000189d        0x1 ./source/FSM/States/config_device_state.o
 .bss.currentPos
                0x2000189e        0x1 ./source/FSM/States/config_me_state.o
 .bss.showingTitle
                0x2000189f        0x1 ./source/FSM/States/config_me_state.o
 .bss.showingErrorIndication
                0x200018a0        0x1 ./source/FSM/States/config_me_state.o
 .bss.currentPos
                0x200018a1        0x1 ./source/FSM/States/delete_user_state.o
 .bss.showingTitle
                0x200018a2        0x1 ./source/FSM/States/delete_user_state.o
 .bss.showingErrorIndication
                0x200018a3        0x1 ./source/FSM/States/delete_user_state.o
 .bss.currentPos
                0x200018a4        0x1 ./source/FSM/States/id_state.o
 .bss.showingTitle
                0x200018a5        0x1 ./source/FSM/States/id_state.o
 .bss.showingErrorIndication
                0x200018a6        0x1 ./source/FSM/States/id_state.o
 .bss.currentOptionIndex
                0x200018a7        0x1 ./source/FSM/States/menu_state.o
 .bss.showingTitle
                0x200018a8        0x1 ./source/FSM/States/menu_state.o
 .bss.admin     0x200018a9        0x1 ./source/FSM/States/menu_state.o
 .bss.currentPos
                0x200018aa        0x1 ./source/FSM/States/pin_state.o
 .bss.showingTitle
                0x200018ab        0x1 ./source/FSM/States/pin_state.o
 *(SORT_BY_ALIGNMENT(COMMON))
                0x200018b0                . = ALIGN (0x8)
 *fill*         0x200018ac        0x4 
                0x200018b0                _ebss = .
                [!provide]                PROVIDE (end, .)

.noinit_RAM2    0x1fff0000        0x0
 *(SORT_BY_ALIGNMENT(.noinit.$RAM2*))
 *(SORT_BY_ALIGNMENT(.noinit.$SRAM_LOWER*))
                0x1fff0000                . = ALIGN (0x8)

.noinit_RAM3    0x14000000        0x0
 *(SORT_BY_ALIGNMENT(.noinit.$RAM3*))
 *(SORT_BY_ALIGNMENT(.noinit.$FLEX_RAM*))
                0x14000000                . = ALIGN (0x8)

.noinit         0x200018b0        0x0
                0x200018b0                _noinit = .
 *(SORT_BY_ALIGNMENT(.noinit*))
                0x200018b0                . = ALIGN (0x8)
                0x200018b0                _end_noinit = .
                0x00001000                _HeapSize = 0x1000

.heap           0x200018b0     0x1000
                0x200018b0                _pvHeapStart = .
                0x200028b0                . = (. + _HeapSize)
 *fill*         0x200018b0     0x1000 
                0x200028b0                . = ALIGN (0x8)
                0x200028b0                _pvHeapLimit = .
                0x00001000                _StackSize = 0x1000

.heap2stackfill
                0x200028b0     0x1000
                0x200038b0                . = (. + _StackSize)
 *fill*         0x200028b0     0x1000 

.stack          0x2002f000        0x0
                0x2002f000                _vStackBase = .
                0x2002f000                . = ALIGN (0x8)
                0x20030000                _vStackTop = (. + _StackSize)
                0x00000000                _image_start = LOADADDR (.text)
                0x00008a20                _image_end = (LOADADDR (.data) + SIZEOF (.data))
                0x00008a20                _image_size = (_image_end - _image_start)
OUTPUT(ControlDeAcceso.axf elf32-littlearm)

.debug_info     0x00000000     0x98f0
 .debug_info    0x00000000      0x6aa ./source/startup/hardware.o
 .debug_info    0x000006aa       0xec ./source/startup/main.o
 .debug_info    0x00000796       0x3b ./source/startup/semihost_hardfault.o
 .debug_info    0x000007d1      0x8b0 ./source/startup/startup_mk64f12.o
 .debug_info    0x00001081      0x88f ./source/drivers/Led.o
 .debug_info    0x00001910      0x5ae ./source/drivers/MplxLed.o
 .debug_info    0x00001ebe      0x53a ./source/drivers/Timer.o
 .debug_info    0x000023f8      0x37f ./source/drivers/button.o
 .debug_info    0x00002777      0x1b3 ./source/drivers/encoder.o
 .debug_info    0x0000292a      0x441 ./source/drivers/lector.o
 .debug_info    0x00002d6b      0x6b8 ./source/drivers/seven_seg_display.o
 .debug_info    0x00003423      0x769 ./source/database/data_base.o
 .debug_info    0x00003b8c      0x552 ./source/MCAL/SysTick.o
 .debug_info    0x000040de      0xacd ./source/MCAL/gpio.o
 .debug_info    0x00004bab      0x473 ./source/FSM/States/add_user_state/substates/add_user_id_state.o
 .debug_info    0x0000501e      0x3ef ./source/FSM/States/add_user_state/substates/add_user_main_state.o
 .debug_info    0x0000540d      0x4d4 ./source/FSM/States/add_user_state/substates/add_user_pin_state.o
 .debug_info    0x000058e1      0x345 ./source/FSM/States/add_user_state/add_user_fsm_table.o
 .debug_info    0x00005c26      0x3e5 ./source/FSM/States/add_user_state/add_user_state.o
 .debug_info    0x0000600b      0x306 ./source/FSM/States/config_device_state.o
 .debug_info    0x00006311      0x424 ./source/FSM/States/config_me_state.o
 .debug_info    0x00006735      0x53a ./source/FSM/States/delete_user_state.o
 .debug_info    0x00006c6f      0x2b9 ./source/FSM/States/fail_state.o
 .debug_info    0x00006f28      0x4e3 ./source/FSM/States/id_state.o
 .debug_info    0x0000740b      0x3b8 ./source/FSM/States/menu_state.o
 .debug_info    0x000077c3      0x297 ./source/FSM/States/open_state.o
 .debug_info    0x00007a5a      0x3b6 ./source/FSM/States/pin_state.o
 .debug_info    0x00007e10      0x40d ./source/FSM/States/user_input.o
 .debug_info    0x0000821d      0x355 ./source/FSM/States/welcome_state.o
 .debug_info    0x00008572      0x22e ./source/FSM/fsm.o
 .debug_info    0x000087a0      0x3df ./source/FSM/fsm_table.o
 .debug_info    0x00008b7f      0x38f ./source/App.o
 .debug_info    0x00008f0e      0x3b1 ./source/queue.o
 .debug_info    0x000092bf      0x631 ./CMSIS/system_MK64F12.o

.debug_abbrev   0x00000000     0x2d53
 .debug_abbrev  0x00000000      0x14d ./source/startup/hardware.o
 .debug_abbrev  0x0000014d       0x9b ./source/startup/main.o
 .debug_abbrev  0x000001e8       0x2f ./source/startup/semihost_hardfault.o
 .debug_abbrev  0x00000217      0x15c ./source/startup/startup_mk64f12.o
 .debug_abbrev  0x00000373      0x1f9 ./source/drivers/Led.o
 .debug_abbrev  0x0000056c      0x166 ./source/drivers/MplxLed.o
 .debug_abbrev  0x000006d2      0x164 ./source/drivers/Timer.o
 .debug_abbrev  0x00000836      0x180 ./source/drivers/button.o
 .debug_abbrev  0x000009b6      0x109 ./source/drivers/encoder.o
 .debug_abbrev  0x00000abf      0x1b7 ./source/drivers/lector.o
 .debug_abbrev  0x00000c76      0x24a ./source/drivers/seven_seg_display.o
 .debug_abbrev  0x00000ec0      0x215 ./source/database/data_base.o