Archive member included to satisfy reference by file (symbol)

c:/nxp/mcuxpressoide_10.2.0_759/ide/tools/bin/../lib/gcc/arm-none-eabi/7.2.1/../../../../arm-none-eabi/lib/thumb/v7e-m/fpv4-sp/hard\libcr_semihost_nf.a(_cr__main.o)
                              ./source/startup/startup_mk64f12.o (__main)
c:/nxp/mcuxpressoide_10.2.0_759/ide/tools/bin/../lib/gcc/arm-none-eabi/7.2.1/../../../../arm-none-eabi/lib/thumb/v7e-m/fpv4-sp/hard\libcr_c.a(memcpy.o)
                              ./source/drivers/Led.o (memcpy)
c:/nxp/mcuxpressoide_10.2.0_759/ide/tools/bin/../lib/gcc/arm-none-eabi/7.2.1/../../../../arm-none-eabi/lib/thumb/v7e-m/fpv4-sp/hard\libcr_c.a(memset.o)
                              ./source/database/data_base.o (memset)
c:/nxp/mcuxpressoide_10.2.0_759/ide/tools/bin/../lib/gcc/arm-none-eabi/7.2.1/../../../../arm-none-eabi/lib/thumb/v7e-m/fpv4-sp/hard\libcr_c.a(initio.o)
                              c:/nxp/mcuxpressoide_10.2.0_759/ide/tools/bin/../lib/gcc/arm-none-eabi/7.2.1/../../../../arm-none-eabi/lib/thumb/v7e-m/fpv4-sp/hard\libcr_semihost_nf.a(_cr__main.o) (_initio)
c:/nxp/mcuxpressoide_10.2.0_759/ide/tools/bin/../lib/gcc/arm-none-eabi/7.2.1/../../../../arm-none-eabi/lib/thumb/v7e-m/fpv4-sp/hard\libcr_c.a(setvbuf.o)
                              c:/nxp/mcuxpressoide_10.2.0_759/ide/tools/bin/../lib/gcc/arm-none-eabi/7.2.1/../../../../arm-none-eabi/lib/thumb/v7e-m/fpv4-sp/hard\libcr_c.a(initio.o) (setvbuf)
c:/nxp/mcuxpressoide_10.2.0_759/ide/tools/bin/../lib/gcc/arm-none-eabi/7.2.1/../../../../arm-none-eabi/lib/thumb/v7e-m/fpv4-sp/hard\libcr_c.a(_fdopen.o)
                              c:/nxp/mcuxpressoide_10.2.0_759/ide/tools/bin/../lib/gcc/arm-none-eabi/7.2.1/../../../../arm-none-eabi/lib/thumb/v7e-m/fpv4-sp/hard\libcr_c.a(initio.o) (_fdopen)
c:/nxp/mcuxpressoide_10.2.0_759/ide/tools/bin/../lib/gcc/arm-none-eabi/7.2.1/../../../../arm-none-eabi/lib/thumb/v7e-m/fpv4-sp/hard\libcr_c.a(fclose.o)
                              c:/nxp/mcuxpressoide_10.2.0_759/ide/tools/bin/../lib/gcc/arm-none-eabi/7.2.1/../../../../arm-none-eabi/lib/thumb/v7e-m/fpv4-sp/hard\libcr_c.a(initio.o) (fclose)
c:/nxp/mcuxpressoide_10.2.0_759/ide/tools/bin/../lib/gcc/arm-none-eabi/7.2.1/../../../../arm-none-eabi/lib/thumb/v7e-m/fpv4-sp/hard\libcr_c.a(fflush.o)
                              c:/nxp/mcuxpressoide_10.2.0_759/ide/tools/bin/../lib/gcc/arm-none-eabi/7.2.1/../../../../arm-none-eabi/lib/thumb/v7e-m/fpv4-sp/hard\libcr_c.a(fclose.o) (fflush)
c:/nxp/mcuxpressoide_10.2.0_759/ide/tools/bin/../lib/gcc/arm-none-eabi/7.2.1/../../../../arm-none-eabi/lib/thumb/v7e-m/fpv4-sp/hard\libcr_c.a(fseek.o)
                              c:/nxp/mcuxpressoide_10.2.0_759/ide/tools/bin/../lib/gcc/arm-none-eabi/7.2.1/../../../../arm-none-eabi/lib/thumb/v7e-m/fpv4-sp/hard\libcr_c.a(_fdopen.o) (fseek)
c:/nxp/mcuxpressoide_10.2.0_759/ide/tools/bin/../lib/gcc/arm-none-eabi/7.2.1/../../../../arm-none-eabi/lib/thumb/v7e-m/fpv4-sp/hard\libcr_c.a(ftell.o)
                              c:/nxp/mcuxpressoide_10.2.0_759/ide/tools/bin/../lib/gcc/arm-none-eabi/7.2.1/../../../../arm-none-eabi/lib/thumb/v7e-m/fpv4-sp/hard\libcr_c.a(fseek.o) (ftell)
c:/nxp/mcuxpressoide_10.2.0_759/ide/tools/bin/../lib/gcc/arm-none-eabi/7.2.1/../../../../arm-none-eabi/lib/thumb/v7e-m/fpv4-sp/hard\libcr_c.a(remove.o)
                              c:/nxp/mcuxpressoide_10.2.0_759/ide/tools/bin/../lib/gcc/arm-none-eabi/7.2.1/../../../../arm-none-eabi/lib/thumb/v7e-m/fpv4-sp/hard\libcr_c.a(fclose.o) (remove)
c:/nxp/mcuxpressoide_10.2.0_759/ide/tools/bin/../lib/gcc/arm-none-eabi/7.2.1/../../../../arm-none-eabi/lib/thumb/v7e-m/fpv4-sp/hard\libcr_c.a(strlen.o)
                              c:/nxp/mcuxpressoide_10.2.0_759/ide/tools/bin/../lib/gcc/arm-none-eabi/7.2.1/../../../../arm-none-eabi/lib/thumb/v7e-m/fpv4-sp/hard\libcr_c.a(remove.o) (strlen)
c:/nxp/mcuxpressoide_10.2.0_759/ide/tools/bin/../lib/gcc/arm-none-eabi/7.2.1/../../../../arm-none-eabi/lib/thumb/v7e-m/fpv4-sp/hard\libcr_c.a(_do_fflush.o)
                              c:/nxp/mcuxpressoide_10.2.0_759/ide/tools/bin/../lib/gcc/arm-none-eabi/7.2.1/../../../../arm-none-eabi/lib/thumb/v7e-m/fpv4-sp/hard\libcr_c.a(fflush.o) (_do_fflush)
c:/nxp/mcuxpressoide_10.2.0_759/ide/tools/bin/../lib/gcc/arm-none-eabi/7.2.1/../../../../arm-none-eabi/lib/thumb/v7e-m/fpv4-sp/hard\libcr_c.a(_fflush.o)
                              c:/nxp/mcuxpressoide_10.2.0_759/ide/tools/bin/../lib/gcc/arm-none-eabi/7.2.1/../../../../arm-none-eabi/lib/thumb/v7e-m/fpv4-sp/hard\libcr_c.a(_do_fflush.o) (_fflush)
c:/nxp/mcuxpressoide_10.2.0_759/ide/tools/bin/../lib/gcc/arm-none-eabi/7.2.1/../../../../arm-none-eabi/lib/thumb/v7e-m/fpv4-sp/hard\libcr_c.a(_writebuf.o)
                              c:/nxp/mcuxpressoide_10.2.0_759/ide/tools/bin/../lib/gcc/arm-none-eabi/7.2.1/../../../../arm-none-eabi/lib/thumb/v7e-m/fpv4-sp/hard\libcr_c.a(_fflush.o) (_Cwritebuf)
[...]
Memory Configuration

Name             Origin             Length             Attributes
PROGRAM_FLASH    0x00000000         0x00100000         xr
SRAM_UPPER       0x20000000         0x00030000         xrw
SRAM_LOWER       0x1fff0000         0x00010000         xrw
FLEX_RAM         0x14000000         0x00001000         xrw
*default*        0x00000000         0xffffffff

Linker script and memory map

LOAD ./source/startup/hardware.o
LOAD ./source/startup/main.o
LOAD ./source/startup/semihost_hardfault.o
LOAD ./source/startup/startup_mk64f12.o
LOAD ./source/drivers/Led.o
LOAD ./source/drivers/MplxLed.o
LOAD ./source/drivers/Timer.o
LOAD ./source/drivers/button.o
LOAD ./source/drivers/encoder.o
LOAD ./source/drivers/lector.o
LOAD ./source/drivers/seven_seg_display.o
LOAD ./source/database/data_base.o
LOAD ./source/MCAL/SysTick.o
LOAD ./source/MCAL/gpio.o
LOAD ./source/FSM/States/add_user_state/substates/add_user_id_state.o
LOAD ./source/FSM/States/add_user_state/substates/add_user_main_state.o
LOAD ./source/FSM/States/add_user_state/substates/add_user_pin_state.o
LOAD ./source/FSM/States/add_user_state/add_user_fsm_table.o
LOAD ./source/FSM/States/add_user_state/add_user_state.o
LOAD ./source/FSM/States/config_device_state.o
LOAD ./source/FSM/States/config_me_state.o
LOAD ./source/FSM/States/delete_user_state.o
LOAD ./source/FSM/States/id_state.o
LOAD ./source/FSM/States/menu_state.o
LOAD ./source/FSM/States/open_state.o
LOAD ./source/FSM/States/pin_state.o
LOAD ./source/FSM/States/user_input.o
LOAD ./source/FSM/States/welcome_state.o
LOAD ./source/FSM/fsm.o
LOAD ./source/FSM/fsm_table.o
LOAD ./source/App.o
LOAD ./source/queue.o
LOAD ./CMSIS/system_MK64F12.o
START GROUP
LOAD c:/nxp/mcuxpressoide_10.2.0_759/ide/tools/bin/../lib/gcc/arm-none-eabi/7.2.1/../../../../arm-none-eabi/lib/thumb/v7e-m/fpv4-sp/hard\libcr_semihost_nf.a
LOAD c:/nxp/mcuxpressoide_10.2.0_759/ide/tools/bin/../lib/gcc/arm-none-eabi/7.2.1/../../../../arm-none-eabi/lib/thumb/v7e-m/fpv4-sp/hard\libcr_c.a
LOAD c:/nxp/mcuxpressoide_10.2.0_759/ide/tools/bin/../lib/gcc/arm-none-eabi/7.2.1/thumb/v7e-m/fpv4-sp/hard\libcr_eabihelpers.a
END GROUP
                0x00000000                __base_PROGRAM_FLASH = 0x0
                0x00000000                __base_Flash = 0x0
                0x00100000                __top_PROGRAM_FLASH = 0x100000
                0x00100000                __top_Flash = 0x100000
                0x20000000                __base_SRAM_UPPER = 0x20000000
                0x20000000                __base_RAM = 0x20000000
                0x20030000                __top_SRAM_UPPER = 0x20030000
                0x20030000                __top_RAM = 0x20030000
                0x1fff0000                __base_SRAM_LOWER = 0x1fff0000
                0x1fff0000                __base_RAM2 = 0x1fff0000
                0x20000000                __top_SRAM_LOWER = 0x20000000
                0x20000000                __top_RAM2 = 0x20000000
                0x14000000                __base_FLEX_RAM = 0x14000000
                0x14000000                __base_RAM3 = 0x14000000
                0x14001000                __top_FLEX_RAM = 0x14001000
                0x14001000                __top_RAM3 = 0x14001000

.text           0x00000000     0x6638
 FILL mask 0xff
                0x00000000                __vectors_start__ = ABSOLUTE (.)
 *(SORT_BY_ALIGNMENT(.isr_vector))
 .isr_vector    0x00000000      0x198 ./source/startup/startup_mk64f12.o
                0x00000000                g_pfnVectors
                0x00000000                __Vectors
                0x00000198                . = ALIGN (0x4)
                0x00000198                __section_table_start = .
                0x00000198                __data_section_table = .
                0x00000198        0x4 LONG 0x6638 LOADADDR (.data)
                0x0000019c        0x4 LONG 0x20000000 ADDR (.data)
                0x000001a0        0x4 LONG 0x4e8 SIZEOF (.data)
                0x000001a4        0x4 LONG 0x6638 LOADADDR (.data_RAM2)
                0x000001a8        0x4 LONG 0x1fff0000 ADDR (.data_RAM2)
                0x000001ac        0x4 LONG 0x0 SIZEOF (.data_RAM2)
                0x000001b0        0x4 LONG 0x6638 LOADADDR (.data_RAM3)
                0x000001b4        0x4 LONG 0x14000000 ADDR (.data_RAM3)
                0x000001b8        0x4 LONG 0x0 SIZEOF (.data_RAM3)
                0x000001bc                __data_section_table_end = .
                0x000001bc                __bss_section_table = .
                0x000001bc        0x4 LONG 0x200004e8 ADDR (.bss)
                0x000001c0        0x4 LONG 0x1370 SIZEOF (.bss)
                0x000001c4        0x4 LONG 0x1fff0000 ADDR (.bss_RAM2)
                0x000001c8        0x4 LONG 0x0 SIZEOF (.bss_RAM2)
                0x000001cc        0x4 LONG 0x14000000 ADDR (.bss_RAM3)
                0x000001d0        0x4 LONG 0x0 SIZEOF (.bss_RAM3)
                0x000001d4                __bss_section_table_end = .
                0x000001d4                __section_table_end = .
 *(SORT_BY_ALIGNMENT(.after_vectors*))
 .after_vectors.reset
                0x000001d4       0x4c ./source/startup/startup_mk64f12.o
                0x000001d4                ResetISR
 .after_vectors.init_data
                0x00000220       0x1e ./source/startup/startup_mk64f12.o
                0x00000220                data_init
 .after_vectors.init_bss
                0x0000023e       0x12 ./source/startup/startup_mk64f12.o
                0x0000023e                bss_init
 .after_vectors
                0x00000250       0x14 ./source/startup/startup_mk64f12.o
                0x00000250                NMI_Handler
                0x00000254                MemManage_Handler
                0x00000256                BusFault_Handler
                0x00000258                UsageFault_Handler
                0x0000025a                SVC_Handler
                0x0000025c                DebugMon_Handler
                0x0000025e                PendSV_Handler
                0x00000262                DMA_Error_DriverIRQHandler
                0x00000262                LPTMR0_DriverIRQHandler
                0x00000262                FTM1_DriverIRQHandler
                0x00000262                FTM2_DriverIRQHandler
                0x00000262                PIT2_DriverIRQHandler
                0x00000262                SDHC_DriverIRQHandler
                0x00000262                I2S0_Tx_DriverIRQHandler
                0x00000262                RTC_Seconds_DriverIRQHandler
                0x00000262                DMA6_DriverIRQHandler
                0x00000262                LLWU_DriverIRQHandler
                0x00000262                MCM_DriverIRQHandler
                0x00000262                MCG_DriverIRQHandler
                0x00000262                ENET_1588_Timer_DriverIRQHandler
                0x00000262                I2C2_DriverIRQHandler
                0x00000262                DAC1_DriverIRQHandler
                0x00000262                SPI1_DriverIRQHandler
                0x00000262                CMP1_DriverIRQHandler
                0x00000262                UART5_RX_TX_DriverIRQHandler
                0x00000262                FTM0_DriverIRQHandler
                0x00000262                IntDefaultHandler
                0x00000262                USB0_DriverIRQHandler
                0x00000262                UART5_ERR_DriverIRQHandler
                0x00000262                PORTC_DriverIRQHandler
                0x00000262                DMA11_DriverIRQHandler
                0x00000262                DAC0_DriverIRQHandler
                0x00000262                DMA10_DriverIRQHandler
                0x00000262                CMP2_DriverIRQHandler
                0x00000262                UART2_ERR_DriverIRQHandler
                0x00000262                SPI2_DriverIRQHandler
                0x00000262                LVD_LVW_DriverIRQHandler
                0x00000262                PIT0_DriverIRQHandler
                0x00000262                RNG_DriverIRQHandler
                0x00000262                DMA5_DriverIRQHandler
                0x00000262                DMA12_DriverIRQHandler
                0x00000262                UART2_RX_TX_DriverIRQHandler
                0x00000262                USBDCD_DriverIRQHandler
                0x00000262                UART3_ERR_DriverIRQHandler
                0x00000262                DMA3_DriverIRQHandler
                0x00000262                DMA8_DriverIRQHandler
                0x00000262                DMA9_DriverIRQHandler
                0x00000262                UART0_ERR_DriverIRQHandler
                0x00000262                CMT_DriverIRQHandler
                0x00000262                Reserved71_DriverIRQHandler
                0x00000262                ADC1_DriverIRQHandler
                0x00000262                PORTA_DriverIRQHandler
                0x00000262                DMA14_DriverIRQHandler
                0x00000262                PIT3_DriverIRQHandler
                0x00000262                PIT1_DriverIRQHandler
                0x00000262                WDOG_EWM_DriverIRQHandler
                0x00000262                PDB0_DriverIRQHandler
                0x00000262                RTC_DriverIRQHandler
                0x00000262                I2S0_Rx_DriverIRQHandler
                0x00000262                Read_Collision_DriverIRQHandler
                0x00000262                SWI_DriverIRQHandler
                0x00000262                UART4_RX_TX_DriverIRQHandler
                0x00000262                UART4_ERR_DriverIRQHandler
                0x00000262                PORTB_DriverIRQHandler
                0x00000262                UART0_LON_DriverIRQHandler
                0x00000262                DMA0_DriverIRQHandler
                0x00000262                DMA1_DriverIRQHandler
                0x00000262                I2C1_DriverIRQHandler
                0x00000262                UART3_RX_TX_DriverIRQHandler
                0x00000262                ENET_Receive_DriverIRQHandler
                0x00000262                DMA13_DriverIRQHandler
                0x00000262                ENET_Error_DriverIRQHandler
                0x00000262                DMA15_DriverIRQHandler
                0x00000262                UART0_RX_TX_DriverIRQHandler
                0x00000262                SPI0_DriverIRQHandler
                0x00000262                ADC0_DriverIRQHandler
                0x00000262                CMP0_DriverIRQHandler
                0x00000262                CAN0_DriverIRQHandler
                0x00000262                FTM3_DriverIRQHandler
                0x00000262                DMA4_DriverIRQHandler
                0x00000262                UART1_ERR_DriverIRQHandler
                0x00000262                DMA2_DriverIRQHandler
                0x00000262                ENET_Transmit_DriverIRQHandler
                0x00000262                PORTD_DriverIRQHandler
                0x00000262                PORTE_DriverIRQHandler
                0x00000262                FTFE_DriverIRQHandler
                0x00000262                I2C0_DriverIRQHandler
                0x00000262                DMA7_DriverIRQHandler
                0x00000262                UART1_RX_TX_DriverIRQHandler
                0x00000400                . = 0x400
 *fill*         0x00000264      0x19c ff
                0x00000400                PROVIDE (__FLASH_CONFIG_START__, .)
 *(SORT_BY_ALIGNMENT(.FlashConfig))
 .FlashConfig   0x00000400       0x10 ./source/startup/startup_mk64f12.o
                0x00000400                Flash_Config
                0x00000410                PROVIDE (__FLASH_CONFIG_END__, .)
                0x00000001                ASSERT (! ((__FLASH_CONFIG_START__ == __FLASH_CONFIG_END__)), Linker Flash Config Support Enabled, but no .FlashConfig section provided within application)
 *(SORT_BY_ALIGNMENT(.text*))
 .text.hw_Init  0x00000410      0x10c ./source/startup/hardware.o
                0x00000410                hw_Init
 .text.hw_EnableInterrupts
                0x0000051c       0x30 ./source/startup/hardware.o
                0x0000051c                hw_EnableInterrupts
 .text.hw_DisableInterrupts
                0x0000054c       0x20 ./source/startup/hardware.o
                0x0000054c                hw_DisableInterrupts
 .text.Led_Init
                0x0000056c      0x188 ./source/drivers/Led.o
                0x0000056c                Led_Init
 .text.Led_OnForDefinedTime
                0x000006f4       0xa4 ./source/drivers/Led.o
                0x000006f4                Led_OnForDefinedTime
 .text.Led_CustomBlink
                0x00000798       0xf0 ./source/drivers/Led.o
                0x00000798                Led_CustomBlink
 .text.Led_InfiniteBlink
                0x00000888       0x80 ./source/drivers/Led.o
                0x00000888                Led_InfiniteBlink
 .text.Led_StopInfiniteBlink
                0x00000908       0x6c ./source/drivers/Led.o
                0x00000908                Led_StopInfiniteBlink
 .text.findLedIndexByID
                0x00000974       0x4c ./source/drivers/Led.o
 .text.Led_PISR
                0x000009c0       0xcc ./source/drivers/Led.o
 .text.MplxLed_Init
                0x00000a8c       0x9c ./source/drivers/MplxLed.o
                0x00000a8c                MplxLed_Init
 .text.MplxLed_On
                0x00000b28       0x58 ./source/drivers/MplxLed.o
                0x00000b28                MplxLed_On
 .text.MplxLed_Off
                0x00000b80       0x58 ./source/drivers/MplxLed.o
                0x00000b80                MplxLed_Off
 .text.MplxLed_StopAllProcessedFromAllLeds
                0x00000bd8       0x50 ./source/drivers/MplxLed.o
                0x00000bd8                MplxLed_StopAllProcessedFromAllLeds
 .text.MplxLed_PISR
                0x00000c28      0x33c ./source/drivers/MplxLed.o
                0x00000c28                MplxLed_PISR
 .text.Timer_Init
                0x00000f64       0x2c ./source/drivers/Timer.o
                0x00000f64                Timer_Init
 .text.Timer_AddCallback
                0x00000f90       0x88 ./source/drivers/Timer.o
                0x00000f90                Timer_AddCallback
 .text.Timer_Delete
                0x00001018      0x1b8 ./source/drivers/Timer.o
                0x00001018                Timer_Delete
 .text.Timer_Reset
                0x000011d0       0x80 ./source/drivers/Timer.o
                0x000011d0                Timer_Reset
 .text.Timer_PISR
                0x00001250       0xec ./source/drivers/Timer.o
 .text.systick_callback
                0x0000133c      0x278 ./source/drivers/button.o
 .text.buttonsInit
                0x000015b4       0x14 ./source/drivers/button.o
                0x000015b4                buttonsInit
 .text.wasTap   0x000015c8       0x74 ./source/drivers/button.o
                0x000015c8                wasTap
 .text.wasLkp   0x0000163c       0x80 ./source/drivers/button.o
                0x0000163c                wasLkp
 .text.buttonConfiguration
                0x000016bc      0x120 ./source/drivers/button.o
                0x000016bc                buttonConfiguration
 .text.Encoder_Init
                0x000017dc       0x60 ./source/drivers/encoder.o
                0x000017dc                Encoder_Init
 .text.Encoder_GetMove
                0x0000183c       0x3c ./source/drivers/encoder.o
                0x0000183c                Encoder_GetMove
 .text.lookForMoves
                0x00001878       0xd0 ./source/drivers/encoder.o
                0x00001878                lookForMoves
 .text.Lector_Init
                0x00001948       0x3c ./source/drivers/lector.o
                0x00001948                Lector_Init
 .text.Lector_Event
                0x00001984       0x28 ./source/drivers/lector.o
                0x00001984                Lector_Event
 .text.Lector_GetData
                0x000019ac      0x328 ./source/drivers/lector.o
                0x000019ac                Lector_GetData
 .text.EnableIRQcallback
                0x00001cd4       0x48 ./source/drivers/lector.o
                0x00001cd4                EnableIRQcallback
 .text.ClockIRQcallback
                0x00001d1c       0x4c ./source/drivers/lector.o
                0x00001d1c                ClockIRQcallback
 .text.find_ss_fs_es
                0x00001d68       0xb8 ./source/drivers/lector.o
                0x00001d68                find_ss_fs_es
 .text.find_fs  0x00001e20       0x88 ./source/drivers/lector.o
                0x00001e20                find_fs
 .text.find_es  0x00001ea8       0x88 ./source/drivers/lector.o
                0x00001ea8                find_es
 .text.SevenSegDisplay_Init
                0x00001f30       0xe4 ./source/drivers/seven_seg_display.o
                0x00001f30                SevenSegDisplay_Init
 .text.SevenSegDisplay_ChangeCharacter
                0x00002014       0x44 ./source/drivers/seven_seg_display.o
                0x00002014                SevenSegDisplay_ChangeCharacter
 .text.SevenSegDisplay_BlinkScreen
                0x00002058       0x54 ./source/drivers/seven_seg_display.o
                0x00002058                SevenSegDisplay_BlinkScreen
 .text.SevenSegDisplay_BlinkCharacter
                0x000020ac       0x8c ./source/drivers/seven_seg_display.o
                0x000020ac                SevenSegDisplay_BlinkCharacter
 .text.SevenSegDisplay_SetBright
                0x00002138       0x20 ./source/drivers/seven_seg_display.o
                0x00002138                SevenSegDisplay_SetBright
 .text.SevenSegDisplay_WriteBuffer
                0x00002158       0x64 ./source/drivers/seven_seg_display.o
                0x00002158                SevenSegDisplay_WriteBuffer
 .text.SevenSegDisplay_WriteBufferAndMove
                0x000021bc       0x90 ./source/drivers/seven_seg_display.o
                0x000021bc                SevenSegDisplay_WriteBufferAndMove
 .text.SevenSegDisplay_Swipe
                0x0000224c       0x5c ./source/drivers/seven_seg_display.o
                0x0000224c                SevenSegDisplay_Swipe
 .text.SevenSegDisplay_SetPos
                0x000022a8       0x30 ./source/drivers/seven_seg_display.o
                0x000022a8                SevenSegDisplay_SetPos
 .text.SevenSegDisplay_CursorOn
                0x000022d8       0x3c ./source/drivers/seven_seg_display.o
                0x000022d8                SevenSegDisplay_CursorOn
 .text.SevenSegDisplay_CursorOff
                0x00002314       0x2c ./source/drivers/seven_seg_display.o
                0x00002314                SevenSegDisplay_CursorOff
 .text.SevenSegDisplay_CursorInc
                0x00002340       0x48 ./source/drivers/seven_seg_display.o
                0x00002340                SevenSegDisplay_CursorInc
 .text.SevenSegDisplay_CursorDec
                0x00002388       0x48 ./source/drivers/seven_seg_display.o
                0x00002388                SevenSegDisplay_CursorDec
 .text.SevenSegDisplay_PrintCharacter
                0x000023d0       0x50 ./source/drivers/seven_seg_display.o
                0x000023d0                SevenSegDisplay_PrintCharacter
 .text.SevenSegDisplay_PISR
                0x00002420      0x254 ./source/drivers/seven_seg_display.o
                0x00002420                SevenSegDisplay_PISR
 .text.SevenSegDisplay_EraseScreen
                0x00002674       0x3c ./source/drivers/seven_seg_display.o
                0x00002674                SevenSegDisplay_EraseScreen
 .text.SevenSegDisplay_chat2sevseg
                0x000026b0       0x7c ./source/drivers/seven_seg_display.o
                0x000026b0                SevenSegDisplay_chat2sevseg
 .text.SevenSegDisplay_AnimationCircles
                0x0000272c       0x3c ./source/drivers/seven_seg_display.o
                0x0000272c                SevenSegDisplay_AnimationCircles
 .text.SevenSegDisplay_StopAnimation
                0x00002768       0x18 ./source/drivers/seven_seg_display.o
                0x00002768                SevenSegDisplay_StopAnimation
 .text.initializeDataBase
                0x00002780      0x284 ./source/database/data_base.o
                0x00002780                initializeDataBase
 .text.verifyID
                0x00002a04       0xa8 ./source/database/data_base.o
                0x00002a04                verifyID
 .text.verifyPIN
                0x00002aac       0xdc ./source/database/data_base.o
                0x00002aac                verifyPIN
 .text.isCurrentUserBlocked
                0x00002b88       0x38 ./source/database/data_base.o
                0x00002b88                isCurrentUserBlocked
 .text.AttemptsOnCurrent
                0x00002bc0       0x30 ./source/database/data_base.o
                0x00002bc0                AttemptsOnCurrent
 .text.getIdByCardNumber
                0x00002bf0       0x9c ./source/database/data_base.o
                0x00002bf0                getIdByCardNumber
 .text.UnblockUser
                0x00002c8c       0x68 ./source/database/data_base.o
                0x00002c8c                UnblockUser
 .text.IsAdmin  0x00002cf4       0x38 ./source/database/data_base.o
                0x00002cf4                IsAdmin
 .text.checkAddUser
                0x00002d2c      0x134 ./source/database/data_base.o
                0x00002d2c                checkAddUser
 .text.validateAll
                0x00002e60       0x68 ./source/database/data_base.o
                0x00002e60                validateAll
 .text.changePin
                0x00002ec8       0x6c ./source/database/data_base.o
                0x00002ec8                changePin
 .text.verifyCardNumber
                0x00002f34       0xe0 ./source/database/data_base.o
                0x00002f34                verifyCardNumber
 .text.removeUser
                0x00003014       0x58 ./source/database/data_base.o
                0x00003014                removeUser
 .text.moveAllUsersOnePlace
                0x0000306c      0x18c ./source/database/data_base.o
 .text.SysTick_Init
                0x000031f8       0x3c ./source/MCAL/SysTick.o
                0x000031f8                SysTick_Init
 .text.SysTick_AddCallback
                0x00003234       0x88 ./source/MCAL/SysTick.o
                0x00003234                SysTick_AddCallback
 .text.SysTick_Handler
                0x000032bc       0xdc ./source/MCAL/SysTick.o
                0x000032bc                SysTick_Handler
 .text.__NVIC_EnableIRQ
                0x00003398       0x3c ./source/MCAL/gpio.o
 .text.__NVIC_GetEnableIRQ
                0x000033d4       0x40 ./source/MCAL/gpio.o
 .text.gpioMode
                0x00003414      0x17c ./source/MCAL/gpio.o
                0x00003414                gpioMode
 .text.gpioToggle
                0x00003590       0x48 ./source/MCAL/gpio.o
                0x00003590                gpioToggle
 .text.gpioRead
                0x000035d8       0x48 ./source/MCAL/gpio.o
                0x000035d8                gpioRead
 .text.gpioWrite
                0x00003620       0x5c ./source/MCAL/gpio.o
                0x00003620                gpioWrite
 .text.gpioIRQ  0x0000367c       0x90 ./source/MCAL/gpio.o
                0x0000367c                gpioIRQ
 .text.interruptHandler
                0x0000370c       0xa0 ./source/MCAL/gpio.o
                0x0000370c                interruptHandler
 .text.addUserId_initLogin
                0x000037ac       0x28 ./source/FSM/States/add_user_state/substates/add_user_id_state.o
                0x000037ac                addUserId_initLogin
 .text.addUserId_increaseCurrent
                0x000037d4       0x40 ./source/FSM/States/add_user_state/substates/add_user_id_state.o
                0x000037d4                addUserId_increaseCurrent
 .text.addUserId_decreaseCurrent
                0x00003814       0x40 ./source/FSM/States/add_user_state/substates/add_user_id_state.o
                0x00003814                addUserId_decreaseCurrent
 .text.addUserId_confirmID
                0x00003854       0x64 ./source/FSM/States/add_user_state/substates/add_user_id_state.o
                0x00003854                addUserId_confirmID
 .text.addUserId_acceptNumber
                0x000038b8       0x40 ./source/FSM/States/add_user_state/substates/add_user_id_state.o
                0x000038b8                addUserId_acceptNumber
 .text.addUserId_getIDArray
                0x000038f8       0x14 ./source/FSM/States/add_user_state/substates/add_user_id_state.o
                0x000038f8                addUserId_getIDArray
 .text.showTitle
                0x0000390c       0x48 ./source/FSM/States/add_user_state/substates/add_user_id_state.o
 .text.stopShowingTitle
                0x00003954       0x30 ./source/FSM/States/add_user_state/substates/add_user_id_state.o
 .text.userInteractionStopsTitle
                0x00003984       0x28 ./source/FSM/States/add_user_state/substates/add_user_id_state.o
 .text.userInteractionStopsErrorIndication
                0x000039ac       0x30 ./source/FSM/States/add_user_state/substates/add_user_id_state.o
 .text.idFail   0x000039dc       0x4c ./source/FSM/States/add_user_state/substates/add_user_id_state.o
 .text.idAlreadyExists
                0x00003a28       0x4c ./source/FSM/States/add_user_state/substates/add_user_id_state.o
 .text.addUsr_initState
                0x00003a74       0x30 ./source/FSM/States/add_user_state/substates/add_user_main_state.o
                0x00003a74                addUsr_initState
 .text.addUsr_cardSwipe
                0x00003aa4       0xb4 ./source/FSM/States/add_user_state/substates/add_user_main_state.o
                0x00003aa4                addUsr_cardSwipe
 .text.addUsr_getCardNumber
                0x00003b58       0x14 ./source/FSM/States/add_user_state/substates/add_user_main_state.o
                0x00003b58                addUsr_getCardNumber
 .text.showTitle
                0x00003b6c       0x28 ./source/FSM/States/add_user_state/substates/add_user_main_state.o
 .text.CardFail
                0x00003b94       0x40 ./source/FSM/States/add_user_state/substates/add_user_main_state.o
 .text.cardIsUsed
                0x00003bd4       0x40 ./source/FSM/States/add_user_state/substates/add_user_main_state.o
 .text.addUserPin_initPinInput
                0x00003c14       0x28 ./source/FSM/States/add_user_state/substates/add_user_pin_state.o
                0x00003c14                addUserPin_initPinInput
 .text.addUserPin_confirmPin
                0x00003c3c       0x70 ./source/FSM/States/add_user_state/substates/add_user_pin_state.o
                0x00003c3c                addUserPin_confirmPin
 .text.addUserPin_acceptNumber
                0x00003cac       0x5c ./source/FSM/States/add_user_state/substates/add_user_pin_state.o
                0x00003cac                addUserPin_acceptNumber
 .text.addUserPin_increaseCurrent
                0x00003d08       0x40 ./source/FSM/States/add_user_state/substates/add_user_pin_state.o
                0x00003d08                addUserPin_increaseCurrent
 .text.addUserPin_decreaseCurrent
                0x00003d48       0x40 ./source/FSM/States/add_user_state/substates/add_user_pin_state.o
                0x00003d48                addUserPin_decreaseCurrent
 .text.showTitle
                0x00003d88       0x48 ./source/FSM/States/add_user_state/substates/add_user_pin_state.o
 .text.stopShowingTitle
                0x00003dd0       0x30 ./source/FSM/States/add_user_state/substates/add_user_pin_state.o
 .text.userInteractionStopsTitle
                0x00003e00       0x28 ./source/FSM/States/add_user_state/substates/add_user_pin_state.o
 .text.userInteractionStopsErrorIndication
                0x00003e28       0x30 ./source/FSM/States/add_user_state/substates/add_user_pin_state.o
 .text.pinFail  0x00003e58       0x4c ./source/FSM/States/add_user_state/substates/add_user_pin_state.o
 .text.subFSM_GetInitState
                0x00003ea4       0x14 ./source/FSM/States/add_user_state/add_user_fsm_table.o
                0x00003ea4                subFSM_GetInitState
 .text.addUser_initFSM
                0x00003eb8       0x1c ./source/FSM/States/add_user_state/add_user_state.o
                0x00003eb8                addUser_initFSM
 .text.addUser_onLKP
                0x00003ed4       0x20 ./source/FSM/States/add_user_state/add_user_state.o
                0x00003ed4                addUser_onLKP
 .text.addUser_onPress
                0x00003ef4       0x20 ./source/FSM/States/add_user_state/add_user_state.o
                0x00003ef4                addUser_onPress
 .text.addUser_onEncoderRight
                0x00003f14       0x20 ./source/FSM/States/add_user_state/add_user_state.o
                0x00003f14                addUser_onEncoderRight
 .text.addUser_onEncoderLeft
                0x00003f34       0x20 ./source/FSM/States/add_user_state/add_user_state.o
                0x00003f34                addUser_onEncoderLeft
 .text.addUser_onCardSwipe
                0x00003f54       0x20 ./source/FSM/States/add_user_state/add_user_state.o
                0x00003f54                addUser_onCardSwipe
 .text.addUser_onReturn
                0x00003f74       0x20 ./source/FSM/States/add_user_state/add_user_state.o
                0x00003f74                addUser_onReturn
 .text.addUser_onIdOk
                0x00003f94       0x20 ./source/FSM/States/add_user_state/add_user_state.o
                0x00003f94                addUser_onIdOk
 .text.addUser_onIdFail
                0x00003fb4       0x20 ./source/FSM/States/add_user_state/add_user_state.o
                0x00003fb4                addUser_onIdFail
 .text.addUser_onCardFail
                0x00003fd4       0x20 ./source/FSM/States/add_user_state/add_user_state.o
                0x00003fd4                addUser_onCardFail
 .text.initConfigDevice
                0x00003ff4       0x40 ./source/FSM/States/config_device_state.o
                0x00003ff4                initConfigDevice
 .text.configDev_nextOption
                0x00004034       0x2c ./source/FSM/States/config_device_state.o
                0x00004034                configDev_nextOption
 .text.configDev_previousOption
                0x00004060       0x2c ./source/FSM/States/config_device_state.o
                0x00004060                configDev_previousOption
 .text.setCurrentOption
                0x0000408c       0x38 ./source/FSM/States/config_device_state.o
 .text.configMe_initState
                0x000040c4       0x28 ./source/FSM/States/config_me_state.o
                0x000040c4                configMe_initState
 .text.configMe_confirmPin
                0x000040ec       0x48 ./source/FSM/States/config_me_state.o
                0x000040ec                configMe_confirmPin
 .text.configMe_acceptNumber
                0x00004134       0x40 ./source/FSM/States/config_me_state.o
                0x00004134                configMe_acceptNumber
 .text.configMe_increaseCurrent
                0x00004174       0x40 ./source/FSM/States/config_me_state.o
                0x00004174                configMe_increaseCurrent
 .text.configMe_decreaseCurrent
                0x000041b4       0x40 ./source/FSM/States/config_me_state.o
                0x000041b4                configMe_decreaseCurrent
 .text.showTitle
                0x000041f4       0x4c ./source/FSM/States/config_me_state.o
 .text.stopShowingTitle
                0x00004240       0x30 ./source/FSM/States/config_me_state.o
 .text.userInteractionStopsTitle
                0x00004270       0x24 ./source/FSM/States/config_me_state.o
 .text.userInteractionStopsErrorIndication
                0x00004294       0x30 ./source/FSM/States/config_me_state.o
 .text.pinFail  0x000042c4       0x4c ./source/FSM/States/config_me_state.o
 .text.deleteUser_initState
                0x00004310       0x28 ./source/FSM/States/delete_user_state.o
                0x00004310                deleteUser_initState
 .text.deleteUser_increaseCurrent
                0x00004338       0x40 ./source/FSM/States/delete_user_state.o
                0x00004338                deleteUser_increaseCurrent
 .text.deleteUser_decreaseCurrent
                0x00004378       0x40 ./source/FSM/States/delete_user_state.o
                0x00004378                deleteUser_decreaseCurrent
 .text.deleteUser_confirm
                0x000043b8       0x48 ./source/FSM/States/delete_user_state.o
                0x000043b8                deleteUser_confirm
 .text.deleteUser_acceptNumber
                0x00004400       0x40 ./source/FSM/States/delete_user_state.o
                0x00004400                deleteUser_acceptNumber
 .text.deleteUser_checkCardID
                0x00004440       0xdc ./source/FSM/States/delete_user_state.o
                0x00004440                deleteUser_checkCardID
 .text.showTitle
                0x0000451c       0x4c ./source/FSM/States/delete_user_state.o
 .text.stopShowingTitle
                0x00004568       0x30 ./source/FSM/States/delete_user_state.o
 .text.userInteractionStopsTitle
                0x00004598       0x24 ./source/FSM/States/delete_user_state.o
 .text.userInteractionStopsErrorIndication
                0x000045bc       0x2c ./source/FSM/States/delete_user_state.o
 .text.idFail   0x000045e8       0x4c ./source/FSM/States/delete_user_state.o
 .text.idCardFail
                0x00004634       0x4c ./source/FSM/States/delete_user_state.o
 .text.initLogin
                0x00004680       0x34 ./source/FSM/States/id_state.o
                0x00004680                initLogin
 .text.id_increaseCurrent
                0x000046b4       0x44 ./source/FSM/States/id_state.o
                0x000046b4                id_increaseCurrent
 .text.id_decreaseCurrent
                0x000046f8       0x44 ./source/FSM/States/id_state.o
                0x000046f8                id_decreaseCurrent
 .text.id_confirmID
                0x0000473c       0x54 ./source/FSM/States/id_state.o
                0x0000473c                id_confirmID
 .text.id_acceptNumber
                0x00004790       0x44 ./source/FSM/States/id_state.o
                0x00004790                id_acceptNumber
 .text.id_checkCardID
                0x000047d4       0xb0 ./source/FSM/States/id_state.o
                0x000047d4                id_checkCardID
 .text.showTitle
                0x00004884       0x48 ./source/FSM/States/id_state.o
 .text.stopShowingTitle
                0x000048cc       0x30 ./source/FSM/States/id_state.o
 .text.userInteractionStopsTitle
                0x000048fc       0x28 ./source/FSM/States/id_state.o
 .text.userInteractionStopsErrorIndication
                0x00004924       0x38 ./source/FSM/States/id_state.o
 .text.idFail   0x0000495c       0x58 ./source/FSM/States/id_state.o
 .text.id_fail_animate
                0x000049b4       0x4c ./source/FSM/States/id_state.o
 .text.idCardFail
                0x00004a00       0x58 ./source/FSM/States/id_state.o
 .text.menu_initState
                0x00004a58       0x30 ./source/FSM/States/menu_state.o
                0x00004a58                menu_initState
 .text.menu_nextOption
                0x00004a88       0x60 ./source/FSM/States/menu_state.o
                0x00004a88                menu_nextOption
 .text.menu_previousOption
                0x00004ae8       0x5c ./source/FSM/States/menu_state.o
                0x00004ae8                menu_previousOption
 .text.menu_selectOption
                0x00004b44       0x80 ./source/FSM/States/menu_state.o
                0x00004b44                menu_selectOption
 .text.showTitle
                0x00004bc4       0x68 ./source/FSM/States/menu_state.o
 .text.setCurrentOption
                0x00004c2c       0xa8 ./source/FSM/States/menu_state.o
 .text.stopShowingTitle
                0x00004cd4       0x28 ./source/FSM/States/menu_state.o
 .text.userInteractionStopsTitle
                0x00004cfc       0x24 ./source/FSM/States/menu_state.o
 .text.openDoor
                0x00004d20       0x20 ./source/FSM/States/open_state.o
                0x00004d20                openDoor
 .text.initPinInput
                0x00004d40       0x34 ./source/FSM/States/pin_state.o
                0x00004d40                initPinInput
 .text.pin_confirmPin
                0x00004d74       0x64 ./source/FSM/States/pin_state.o
                0x00004d74                pin_confirmPin
 .text.pin_acceptNumber
                0x00004dd8       0x6c ./source/FSM/States/pin_state.o
                0x00004dd8                pin_acceptNumber
 .text.pin_increaseCurrent
                0x00004e44       0x54 ./source/FSM/States/pin_state.o
                0x00004e44                pin_increaseCurrent
 .text.pin_decreaseCurrent
                0x00004e98       0x54 ./source/FSM/States/pin_state.o
                0x00004e98                pin_decreaseCurrent
 .text.showTitle
                0x00004eec       0x58 ./source/FSM/States/pin_state.o
 .text.stopShowingTitle
                0x00004f44       0x34 ./source/FSM/States/pin_state.o
 .text.userInteractionStopsTitle
                0x00004f78       0x30 ./source/FSM/States/pin_state.o
 .text.pinFail  0x00004fa8       0xa0 ./source/FSM/States/pin_state.o
 .text.stopErrorIndication
                0x00005048       0x2c ./source/FSM/States/pin_state.o
 .text.userInteractionStopsErrorIndication
                0x00005074       0x30 ./source/FSM/States/pin_state.o
 .text.startFailAnimation
                0x000050a4       0x40 ./source/FSM/States/pin_state.o
 .text.finishFailAnimation
                0x000050e4       0x34 ./source/FSM/States/pin_state.o
 .text.userInteractionFinishesFailAnimation
                0x00005118       0x28 ./source/FSM/States/pin_state.o
 .text.showWelcomeAnimation
                0x00005140       0x28 ./source/FSM/States/welcome_state.o
                0x00005140                showWelcomeAnimation
 .text.FSM_GetInitState
                0x00005168       0x14 ./source/FSM/fsm_table.o
                0x00005168                FSM_GetInitState
 .text.App_Init
                0x0000517c       0x6c ./source/App.o
                0x0000517c                App_Init
 .text.App_Run  0x000051e8       0x38 ./source/App.o
                0x000051e8                App_Run
 .text.fillQueue
                0x00005220       0x94 ./source/App.o
 .text.initQueue
                0x000052b4       0x50 ./source/queue.o
                0x000052b4                initQueue
 .text.emitEvent
                0x00005304       0x70 ./source/queue.o
                0x00005304                emitEvent
 .text.getEvent
                0x00005374       0x3c ./source/queue.o
                0x00005374                getEvent
 .text.queueIsEmpty
                0x000053b0       0x34 ./source/queue.o
                0x000053b0                queueIsEmpty
 .text.SystemInit
                0x000053e4       0x3c ./CMSIS/system_MK64F12.o
                0x000053e4                SystemInit
 .text._initio  0x00005420       0x78 c:/nxp/mcuxpressoide_10.2.0_759/ide/tools/bin/../lib/gcc/arm-none-eabi/7.2.1/../../../../arm-none-eabi/lib/thumb/v7e-m/fpv4-sp/hard\libcr_c.a(initio.o)
                0x00005420                _initio
 .text.setvbuf  0x00005498       0x40 c:/nxp/mcuxpressoide_10.2.0_759/ide/tools/bin/../lib/gcc/arm-none-eabi/7.2.1/../../../../arm-none-eabi/lib/thumb/v7e-m/fpv4-sp/hard\libcr_c.a(setvbuf.o)
                0x00005498                setvbuf
 .text.fflush   0x000054d8       0x44 c:/nxp/mcuxpressoide_10.2.0_759/ide/tools/bin/../lib/gcc/arm-none-eabi/7.2.1/../../../../arm-none-eabi/lib/thumb/v7e-m/fpv4-sp/hard\libcr_c.a(fflush.o)
                0x000054d8                fflush
 .text.fseek    0x0000551c      0x100 c:/nxp/mcuxpressoide_10.2.0_759/ide/tools/bin/../lib/gcc/arm-none-eabi/7.2.1/../../../../arm-none-eabi/lib/thumb/v7e-m/fpv4-sp/hard\libcr_c.a(fseek.o)
                0x0000551c                fseek
 .text.ftell    0x0000561c       0x44 c:/nxp/mcuxpressoide_10.2.0_759/ide/tools/bin/../lib/gcc/arm-none-eabi/7.2.1/../../../../arm-none-eabi/lib/thumb/v7e-m/fpv4-sp/hard\libcr_c.a(ftell.o)
                0x0000561c                ftell
 .text._Cwritebuf
                0x00005660       0x6c c:/nxp/mcuxpressoide_10.2.0_759/ide/tools/bin/../lib/gcc/arm-none-eabi/7.2.1/../../../../arm-none-eabi/lib/thumb/v7e-m/fpv4-sp/hard\libcr_c.a(_writebuf.o)
                0x00005660                _Cwritebuf
 .text.main     0x000056cc       0x1a ./source/startup/main.o
                0x000056cc                main
 .text.HardFault_Handler
                0x000056e6       0x2c ./source/startup/semihost_hardfault.o
                0x000056e6                HardFault_Handler
 .text.DMA0_IRQHandler
                0x00005712        0x8 ./source/startup/startup_mk64f12.o
                0x00005712                DMA0_IRQHandler
 .text.DMA1_IRQHandler
                0x0000571a        0x8 ./source/startup/startup_mk64f12.o
                0x0000571a                DMA1_IRQHandler
 .text.DMA2_IRQHandler
                0x00005722        0x8 ./source/startup/startup_mk64f12.o
                0x00005722                DMA2_IRQHandler
 .text.DMA3_IRQHandler
                0x0000572a        0x8 ./source/startup/startup_mk64f12.o
                0x0000572a                DMA3_IRQHandler
 .text.DMA4_IRQHandler
                0x00005732        0x8 ./source/startup/startup_mk64f12.o
                0x00005732                DMA4_IRQHandler
 .text.DMA5_IRQHandler
                0x0000573a        0x8 ./source/startup/startup_mk64f12.o
                0x0000573a                DMA5_IRQHandler
 .text.DMA6_IRQHandler
                0x00005742        0x8 ./source/startup/startup_mk64f12.o
                0x00005742                DMA6_IRQHandler
 .text.DMA7_IRQHandler
                0x0000574a        0x8 ./source/startup/startup_mk64f12.o
                0x0000574a                DMA7_IRQHandler
 .text.DMA8_IRQHandler
                0x00005752        0x8 ./source/startup/startup_mk64f12.o
                0x00005752                DMA8_IRQHandler
 .text.DMA9_IRQHandler
                0x0000575a        0x8 ./source/startup/startup_mk64f12.o
                0x0000575a                DMA9_IRQHandler
 .text.DMA10_IRQHandler
                0x00005762        0x8 ./source/startup/startup_mk64f12.o
                0x00005762                DMA10_IRQHandler
 .text.DMA11_IRQHandler
                0x0000576a        0x8 ./source/startup/startup_mk64f12.o
                0x0000576a                DMA11_IRQHandler
 .text.DMA12_IRQHandler
                0x00005772        0x8 ./source/startup/startup_mk64f12.o
                0x00005772                DMA12_IRQHandler
 .text.DMA13_IRQHandler
                0x0000577a        0x8 ./source/startup/startup_mk64f12.o
                0x0000577a                DMA13_IRQHandler
 .text.DMA14_IRQHandler
                0x00005782        0x8 ./source/startup/startup_mk64f12.o
                0x00005782                DMA14_IRQHandler
 .text.DMA15_IRQHandler
                0x0000578a        0x8 ./source/startup/startup_mk64f12.o
                0x0000578a                DMA15_IRQHandler
 .text.DMA_Error_IRQHandler
                0x00005792        0x8 ./source/startup/startup_mk64f12.o
                0x00005792                DMA_Error_IRQHandler
 .text.MCM_IRQHandler
                0x0000579a        0x8 ./source/startup/startup_mk64f12.o
                0x0000579a                MCM_IRQHandler
 .text.FTFE_IRQHandler
                0x000057a2        0x8 ./source/startup/startup_mk64f12.o
                0x000057a2                FTFE_IRQHandler
 .text.Read_Collision_IRQHandler
                0x000057aa        0x8 ./source/startup/startup_mk64f12.o
                0x000057aa                Read_Collision_IRQHandler
 .text.LVD_LVW_IRQHandler
                0x000057b2        0x8 ./source/startup/startup_mk64f12.o
                0x000057b2                LVD_LVW_IRQHandler
 .text.LLWU_IRQHandler
                0x000057ba        0x8 ./source/startup/startup_mk64f12.o
                0x000057ba                LLWU_IRQHandler
 .text.WDOG_EWM_IRQHandler
                0x000057c2        0x8 ./source/startup/startup_mk64f12.o
                0x000057c2                WDOG_EWM_IRQHandler
 .text.RNG_IRQHandler
                0x000057ca        0x8 ./source/startup/startup_mk64f12.o
                0x000057ca                RNG_IRQHandler
 .text.I2C0_IRQHandler
                0x000057d2        0x8 ./source/startup/startup_mk64f12.o
                0x000057d2                I2C0_IRQHandler
 .text.I2C1_IRQHandler
                0x000057da        0x8 ./source/startup/startup_mk64f12.o
                0x000057da                I2C1_IRQHandler
 .text.SPI0_IRQHandler
                0x000057e2        0x8 ./source/startup/startup_mk64f12.o
                0x000057e2                SPI0_IRQHandler
 .text.SPI1_IRQHandler
                0x000057ea        0x8 ./source/startup/startup_mk64f12.o
                0x000057ea                SPI1_IRQHandler
 .text.I2S0_Tx_IRQHandler
                0x000057f2        0x8 ./source/startup/startup_mk64f12.o
                0x000057f2                I2S0_Tx_IRQHandler
 .text.I2S0_Rx_IRQHandler
                0x000057fa        0x8 ./source/startup/startup_mk64f12.o
                0x000057fa                I2S0_Rx_IRQHandler
 .text.UART0_LON_IRQHandler
                0x00005802        0x8 ./source/startup/startup_mk64f12.o
                0x00005802                UART0_LON_IRQHandler
 .text.UART0_RX_TX_IRQHandler
                0x0000580a        0x8 ./source/startup/startup_mk64f12.o
                0x0000580a                UART0_RX_TX_IRQHandler
 .text.UART0_ERR_IRQHandler
                0x00005812        0x8 ./source/startup/startup_mk64f12.o
                0x00005812                UART0_ERR_IRQHandler
 .text.UART1_RX_TX_IRQHandler
                0x0000581a        0x8 ./source/startup/startup_mk64f12.o
                0x0000581a                UART1_RX_TX_IRQHandler
 .text.UART1_ERR_IRQHandler
                0x00005822        0x8 ./source/startup/startup_mk64f12.o
                0x00005822                UART1_ERR_IRQHandler
 .text.UART2_RX_TX_IRQHandler
                0x0000582a        0x8 ./source/startup/startup_mk64f12.o
                0x0000582a                UART2_RX_TX_IRQHandler
 .text.UART2_ERR_IRQHandler
                0x00005832        0x8 ./source/startup/startup_mk64f12.o
                0x00005832                UART2_ERR_IRQHandler
 .text.UART3_RX_TX_IRQHandler
                0x0000583a        0x8 ./source/startup/startup_mk64f12.o
                0x0000583a                UART3_RX_TX_IRQHandler
 .text.UART3_ERR_IRQHandler
                0x00005842        0x8 ./source/startup/startup_mk64f12.o
                0x00005842                UART3_ERR_IRQHandler
 .text.ADC0_IRQHandler
                0x0000584a        0x8 ./source/startup/startup_mk64f12.o
                0x0000584a                ADC0_IRQHandler
 .text.CMP0_IRQHandler
                0x00005852        0x8 ./source/startup/startup_mk64f12.o
                0x00005852                CMP0_IRQHandler
 .text.CMP1_IRQHandler
                0x0000585a        0x8 ./source/startup/startup_mk64f12.o
                0x0000585a                CMP1_IRQHandler
 .text.FTM0_IRQHandler
                0x00005862        0x8 ./source/startup/startup_mk64f12.o
                0x00005862                FTM0_IRQHandler
 .text.FTM1_IRQHandler
                0x0000586a        0x8 ./source/startup/startup_mk64f12.o
                0x0000586a                FTM1_IRQHandler
 .text.FTM2_IRQHandler
                0x00005872        0x8 ./source/startup/startup_mk64f12.o
                0x00005872                FTM2_IRQHandler
 .text.CMT_IRQHandler
                0x0000587a        0x8 ./source/startup/startup_mk64f12.o
                0x0000587a                CMT_IRQHandler
 .text.RTC_IRQHandler
                0x00005882        0x8 ./source/startup/startup_mk64f12.o
                0x00005882                RTC_IRQHandler
 .text.RTC_Seconds_IRQHandler
                0x0000588a        0x8 ./source/startup/startup_mk64f12.o
                0x0000588a                RTC_Seconds_IRQHandler
 .text.PIT0_IRQHandler
                0x00005892        0x8 ./source/startup/startup_mk64f12.o
                0x00005892                PIT0_IRQHandler
 .text.PIT1_IRQHandler
                0x0000589a        0x8 ./source/startup/startup_mk64f12.o
                0x0000589a                PIT1_IRQHandler
 .text.PIT2_IRQHandler
                0x000058a2        0x8 ./source/startup/startup_mk64f12.o
                0x000058a2                PIT2_IRQHandler
 .text.PIT3_IRQHandler
                0x000058aa        0x8 ./source/startup/startup_mk64f12.o
                0x000058aa                PIT3_IRQHandler
 .text.PDB0_IRQHandler
                0x000058b2        0x8 ./source/startup/startup_mk64f12.o
                0x000058b2                PDB0_IRQHandler
 .text.USB0_IRQHandler
                0x000058ba        0x8 ./source/startup/startup_mk64f12.o
                0x000058ba                USB0_IRQHandler
 .text.USBDCD_IRQHandler
                0x000058c2        0x8 ./source/startup/startup_mk64f12.o
                0x000058c2                USBDCD_IRQHandler
 .text.Reserved71_IRQHandler
                0x000058ca        0x8 ./source/startup/startup_mk64f12.o
                0x000058ca                Reserved71_IRQHandler
 .text.DAC0_IRQHandler
                0x000058d2        0x8 ./source/startup/startup_mk64f12.o
                0x000058d2                DAC0_IRQHandler
 .text.MCG_IRQHandler
                0x000058da        0x8 ./source/startup/startup_mk64f12.o
                0x000058da                MCG_IRQHandler
 .text.LPTMR0_IRQHandler
                0x000058e2        0x8 ./source/startup/startup_mk64f12.o
                0x000058e2                LPTMR0_IRQHandler
 .text.SWI_IRQHandler
                0x000058ea        0x8 ./source/startup/startup_mk64f12.o
                0x000058ea                SWI_IRQHandler
 .text.SPI2_IRQHandler
                0x000058f2        0x8 ./source/startup/startup_mk64f12.o
                0x000058f2                SPI2_IRQHandler
 .text.UART4_RX_TX_IRQHandler
                0x000058fa        0x8 ./source/startup/startup_mk64f12.o
                0x000058fa                UART4_RX_TX_IRQHandler
 .text.UART4_ERR_IRQHandler
                0x00005902        0x8 ./source/startup/startup_mk64f12.o
                0x00005902                UART4_ERR_IRQHandler
 .text.UART5_RX_TX_IRQHandler
                0x0000590a        0x8 ./source/startup/startup_mk64f12.o
                0x0000590a                UART5_RX_TX_IRQHandler
 .text.UART5_ERR_IRQHandler
                0x00005912        0x8 ./source/startup/startup_mk64f12.o
                0x00005912                UART5_ERR_IRQHandler
 .text.CMP2_IRQHandler
                0x0000591a        0x8 ./source/startup/startup_mk64f12.o
                0x0000591a                CMP2_IRQHandler
 .text.FTM3_IRQHandler
                0x00005922        0x8 ./source/startup/startup_mk64f12.o
                0x00005922                FTM3_IRQHandler
 .text.DAC1_IRQHandler
                0x0000592a        0x8 ./source/startup/startup_mk64f12.o
                0x0000592a                DAC1_IRQHandler
 .text.ADC1_IRQHandler
                0x00005932        0x8 ./source/startup/startup_mk64f12.o
                0x00005932                ADC1_IRQHandler
 .text.I2C2_IRQHandler
                0x0000593a        0x8 ./source/startup/startup_mk64f12.o
                0x0000593a                I2C2_IRQHandler
 .text.CAN0_ORed_Message_buffer_IRQHandler
                0x00005942        0x8 ./source/startup/startup_mk64f12.o
                0x00005942                CAN0_ORed_Message_buffer_IRQHandler
 .text.CAN0_Bus_Off_IRQHandler
                0x0000594a        0x8 ./source/startup/startup_mk64f12.o
                0x0000594a                CAN0_Bus_Off_IRQHandler
 .text.CAN0_Error_IRQHandler
                0x00005952        0x8 ./source/startup/startup_mk64f12.o
                0x00005952                CAN0_Error_IRQHandler
 .text.CAN0_Tx_Warning_IRQHandler
                0x0000595a        0x8 ./source/startup/startup_mk64f12.o
                0x0000595a                CAN0_Tx_Warning_IRQHandler
 .text.CAN0_Rx_Warning_IRQHandler
                0x00005962        0x8 ./source/startup/startup_mk64f12.o
                0x00005962                CAN0_Rx_Warning_IRQHandler
 .text.CAN0_Wake_Up_IRQHandler
                0x0000596a        0x8 ./source/startup/startup_mk64f12.o
                0x0000596a                CAN0_Wake_Up_IRQHandler
 .text.SDHC_IRQHandler
                0x00005972        0x8 ./source/startup/startup_mk64f12.o
                0x00005972                SDHC_IRQHandler
 .text.ENET_1588_Timer_IRQHandler
                0x0000597a        0x8 ./source/startup/startup_mk64f12.o
                0x0000597a                ENET_1588_Timer_IRQHandler
 .text.ENET_Transmit_IRQHandler
                0x00005982        0x8 ./source/startup/startup_mk64f12.o
                0x00005982                ENET_Transmit_IRQHandler
 .text.ENET_Receive_IRQHandler
                0x0000598a        0x8 ./source/startup/startup_mk64f12.o
                0x0000598a                ENET_Receive_IRQHandler
 .text.ENET_Error_IRQHandler
                0x00005992        0x8 ./source/startup/startup_mk64f12.o
                0x00005992                ENET_Error_IRQHandler
 .text.Led_On   0x0000599a       0x1c ./source/drivers/Led.o
                0x0000599a                Led_On
 .text.Led_Off  0x000059b6       0x1c ./source/drivers/Led.o
                0x000059b6                Led_Off
 .text.Led_Toggle
                0x000059d2       0x1a ./source/drivers/Led.o
                0x000059d2                Led_Toggle
 .text.OnForDefinedTimeCalledFromPISR
                0x000059ec       0x4e ./source/drivers/Led.o
 .text.BlinkCalledFromPISR
                0x00005a3a       0x74 ./source/drivers/Led.o
 .text.RepetitionBlinkCalledFromPISR
                0x00005aae       0x7c ./source/drivers/Led.o
 .text.InfiniteBlinkCalledFromPISR
                0x00005b2a       0x4a ./source/drivers/Led.o
 .text.getArrayEffectiveLength
                0x00005b74       0x54 ./source/drivers/Timer.o
 .text.checkIdArrayFormat
                0x00005bc8       0x26 ./source/database/data_base.o
 .text.getEffectiveArrayLength
                0x00005bee       0x6a ./source/database/data_base.o
 .text.validateNewId
                0x00005c58       0x38 ./source/database/data_base.o
                0x00005c58                validateNewId
 .text.checkPinArrayFormat
                0x00005c90       0x2c ./source/database/data_base.o
                0x00005c90                checkPinArrayFormat
 .text.getArrayEffectiveLength
                0x00005cbc       0x54 ./source/MCAL/SysTick.o
 .text.PORTA_IRQHandler
                0x00005d10       0x1e ./source/MCAL/gpio.o
                0x00005d10                PORTA_IRQHandler
 .text.PORTB_IRQHandler
                0x00005d2e       0x1e ./source/MCAL/gpio.o
                0x00005d2e                PORTB_IRQHandler
 .text.PORTC_IRQHandler
                0x00005d4c       0x1e ./source/MCAL/gpio.o
                0x00005d4c                PORTC_IRQHandler
 .text.PORTD_IRQHandler
                0x00005d6a       0x1e ./source/MCAL/gpio.o
                0x00005d6a                PORTD_IRQHandler
 .text.PORTE_IRQHandler
                0x00005d88       0x1e ./source/MCAL/gpio.o
                0x00005d88                PORTE_IRQHandler
 .text.subFSM_StartInitState
                0x00005da6        0xc ./source/FSM/States/add_user_state/add_user_fsm_table.o
                0x00005da6                subFSM_StartInitState
 .text.do_nothing
                0x00005db2        0xe ./source/FSM/States/add_user_state/add_user_fsm_table.o
 .text.return_to_last
                0x00005dc0        0xe ./source/FSM/States/add_user_state/add_user_fsm_table.o
 .text.configDev_selectOption
                0x00005dce       0x12 ./source/FSM/States/config_device_state.o
                0x00005dce                configDev_selectOption
 .text.userInteractionStopErrorIndicationAndRestart
                0x00005de0       0x10 ./source/FSM/States/delete_user_state.o
 .text.userInteractionStopErrorIndicationAndRestart
                0x00005df0       0x1c ./source/FSM/States/id_state.o
 .text.accessTimeOut
                0x00005e0c       0x14 ./source/FSM/States/open_state.o
                0x00005e0c                accessTimeOut
 .text.inputIncreaseCurrent
                0x00005e20       0x8a ./source/FSM/States/user_input.o
                0x00005e20                inputIncreaseCurrent
 .text.inputDecreaseCurrent
                0x00005eaa       0x8c ./source/FSM/States/user_input.o
                0x00005eaa                inputDecreaseCurrent
 .text.inputResetArray
                0x00005f36       0x3c ./source/FSM/States/user_input.o
                0x00005f36                inputResetArray
 .text.inputAcceptNumber
                0x00005f72       0xa8 ./source/FSM/States/user_input.o
                0x00005f72                inputAcceptNumber
 .text.getEffectiveArrayLength
                0x0000601a       0x60 ./source/FSM/States/user_input.o
                0x0000601a                getEffectiveArrayLength
 .text.deleteLastChar
                0x0000607a       0x52 ./source/FSM/States/user_input.o
 .text.cardSwipe
                0x000060cc       0x94 ./source/FSM/States/welcome_state.o
                0x000060cc                cardSwipe
 .text.fsm      0x00006160       0x3c ./source/FSM/fsm.o
                0x00006160                fsm
 .text.FSM_StartInitState
                0x0000619c        0xc ./source/FSM/fsm_table.o
                0x0000619c                FSM_StartInitState
 .text.do_nothing
                0x000061a8        0xe ./source/FSM/fsm_table.o
 .text.timeOutCallback
                0x000061b6        0xe ./source/App.o
 .text.SystemInitHook
                0x000061c4        0xe ./CMSIS/system_MK64F12.o
                0x000061c4                SystemInitHook
 .text.__main   0x000061d2        0xe c:/nxp/mcuxpressoide_10.2.0_759/ide/tools/bin/../lib/gcc/arm-none-eabi/7.2.1/../../../../arm-none-eabi/lib/thumb/v7e-m/fpv4-sp/hard\libcr_semihost_nf.a(_cr__main.o)
                0x000061d2                __CR_SEMIHOST
                0x000061d2                __main
 .text.memcpy   0x000061e0        0x4 c:/nxp/mcuxpressoide_10.2.0_759/ide/tools/bin/../lib/gcc/arm-none-eabi/7.2.1/../../../../arm-none-eabi/lib/thumb/v7e-m/fpv4-sp/hard\libcr_c.a(memcpy.o)
                0x000061e0                memcpy
 .text.memset   0x000061e4        0x4 c:/nxp/mcuxpressoide_10.2.0_759/ide/tools/bin/../lib/gcc/arm-none-eabi/7.2.1/../../../../arm-none-eabi/lib/thumb/v7e-m/fpv4-sp/hard\libcr_c.a(memset.o)
                0x000061e4                memset
 .text._fdopen  0x000061e8       0x68 c:/nxp/mcuxpressoide_10.2.0_759/ide/tools/bin/../lib/gcc/arm-none-eabi/7.2.1/../../../../arm-none-eabi/lib/thumb/v7e-m/fpv4-sp/hard\libcr_c.a(_fdopen.o)
                0x000061e8                _fdopen
 .text.fclose   0x00006250       0x58 c:/nxp/mcuxpressoide_10.2.0_759/ide/tools/bin/../lib/gcc/arm-none-eabi/7.2.1/../../../../arm-none-eabi/lib/thumb/v7e-m/fpv4-sp/hard\libcr_c.a(fclose.o)
                0x00006250                fclose
 .text.remove   0x000062a8       0x14 c:/nxp/mcuxpressoide_10.2.0_759/ide/tools/bin/../lib/gcc/arm-none-eabi/7.2.1/../../../../arm-none-eabi/lib/thumb/v7e-m/fpv4-sp/hard\libcr_c.a(remove.o)
                0x000062a8                remove
 .text.strlen   0x000062bc       0x4a c:/nxp/mcuxpressoide_10.2.0_759/ide/tools/bin/../lib/gcc/arm-none-eabi/7.2.1/../../../../arm-none-eabi/lib/thumb/v7e-m/fpv4-sp/hard\libcr_c.a(strlen.o)
                0x000062bc                strlen
 .text._do_fflush
                0x00006306       0x40 c:/nxp/mcuxpressoide_10.2.0_759/ide/tools/bin/../lib/gcc/arm-none-eabi/7.2.1/../../../../arm-none-eabi/lib/thumb/v7e-m/fpv4-sp/hard\libcr_c.a(_do_fflush.o)
                0x00006306                _do_fflush
 .text._fflush  0x00006346       0x52 c:/nxp/mcuxpressoide_10.2.0_759/ide/tools/bin/../lib/gcc/arm-none-eabi/7.2.1/../../../../arm-none-eabi/lib/thumb/v7e-m/fpv4-sp/hard\libcr_c.a(_fflush.o)
                0x00006346                _fflush
 .text.free     0x00006398       0x30 c:/nxp/mcuxpressoide_10.2.0_759/ide/tools/bin/../lib/gcc/arm-none-eabi/7.2.1/../../../../arm-none-eabi/lib/thumb/v7e-m/fpv4-sp/hard\libcr_c.a(alloc.o)
                0x00006398                free
 .text._deferredlazyseek
                0x000063c8       0x40 c:/nxp/mcuxpressoide_10.2.0_759/ide/tools/bin/../lib/gcc/arm-none-eabi/7.2.1/../../../../arm-none-eabi/lib/thumb/v7e-m/fpv4-sp/hard\libcr_c.a(_deferredlazyseek.o)
                0x000063c8                _deferredlazyseek
 .text.__aeabi_memcpy
                0x00006408       0x34 c:/nxp/mcuxpressoide_10.2.0_759/ide/tools/bin/../lib/gcc/arm-none-eabi/7.2.1/thumb/v7e-m/fpv4-sp/hard\libcr_eabihelpers.a(memcpy.o)
                0x00006408                __aeabi_memcpy
                0x00006412                __aeabi_memcpy8
                0x00006412                __aeabi_memcpy4
 .text.__aeabi_memset_lowlevel
                0x0000643c       0x32 c:/nxp/mcuxpressoide_10.2.0_759/ide/tools/bin/../lib/gcc/arm-none-eabi/7.2.1/thumb/v7e-m/fpv4-sp/hard\libcr_eabihelpers.a(memcpy.o)
                0x0000643c                __aeabi_lowlevel_memset
 .text.__sys_close
                0x0000646e        0xc c:/nxp/mcuxpressoide_10.2.0_759/ide/tools/bin/../lib/gcc/arm-none-eabi/7.2.1/../../../../arm-none-eabi/lib/thumb/v7e-m/fpv4-sp/hard\libcr_semihost_nf.a(__sys_close.o)
                0x0000646e                __sys_close
 .text.__sys_flen
                0x0000647a        0xc c:/nxp/mcuxpressoide_10.2.0_759/ide/tools/bin/../lib/gcc/arm-none-eabi/7.2.1/../../../../arm-none-eabi/lib/thumb/v7e-m/fpv4-sp/hard\libcr_semihost_nf.a(__sys_flen.o)
                0x0000647a                __sys_flen
 .text.__sys_istty
                0x00006486        0xc c:/nxp/mcuxpressoide_10.2.0_759/ide/tools/bin/../lib/gcc/arm-none-eabi/7.2.1/../../../../arm-none-eabi/lib/thumb/v7e-m/fpv4-sp/hard\libcr_semihost_nf.a(__sys_istty.o)
                0x00006486                __sys_istty
 .text.__sys_remove
                0x00006492        0xc c:/nxp/mcuxpressoide_10.2.0_759/ide/tools/bin/../lib/gcc/arm-none-eabi/7.2.1/../../../../arm-none-eabi/lib/thumb/v7e-m/fpv4-sp/hard\libcr_semihost_nf.a(__sys_remove.o)
                0x00006492                __sys_remove
 .text.__sys_seek
                0x0000649e        0xc c:/nxp/mcuxpressoide_10.2.0_759/ide/tools/bin/../lib/gcc/arm-none-eabi/7.2.1/../../../../arm-none-eabi/lib/thumb/v7e-m/fpv4-sp/hard\libcr_semihost_nf.a(__sys_seek.o)
                0x0000649e                __sys_seek
 .text.__sys_tmpnam
                0x000064aa        0xc c:/nxp/mcuxpressoide_10.2.0_759/ide/tools/bin/../lib/gcc/arm-none-eabi/7.2.1/../../../../arm-none-eabi/lib/thumb/v7e-m/fpv4-sp/hard\libcr_semihost_nf.a(__sys_tmpnam.o)
                0x000064aa                __sys_tmpnam
 .text.__sys_write
                0x000064b6        0xc c:/nxp/mcuxpressoide_10.2.0_759/ide/tools/bin/../lib/gcc/arm-none-eabi/7.2.1/../../../../arm-none-eabi/lib/thumb/v7e-m/fpv4-sp/hard\libcr_semihost_nf.a(__sys_write.o)
                0x000064b6                __sys_write
 *(SORT_BY_ALIGNMENT(.rodata) SORT_BY_ALIGNMENT(.rodata.*) SORT_BY_ALIGNMENT(.constdata) SORT_BY_ALIGNMENT(.constdata.*))
 *fill*         0x000064c2        0x2 ff
 .rodata.numbers
                0x000064c4        0xa ./source/drivers/seven_seg_display.o
 *fill*         0x000064ce        0x2 ff
 .rodata.letters
                0x000064d0       0x1a ./source/drivers/seven_seg_display.o
 *fill*         0x000064ea        0x2 ff
 .rodata.extras
                0x000064ec        0xa ./source/drivers/seven_seg_display.o
 *fill*         0x000064f6        0x2 ff
 .rodata        0x000064f8       0x1f ./source/FSM/States/add_user_state/substates/add_user_id_state.o
 *fill*         0x00006517        0x1 ff
 .rodata        0x00006518       0x25 ./source/FSM/States/add_user_state/substates/add_user_main_state.o
 *fill*         0x0000653d        0x3 ff
 .rodata        0x00006540       0x13 ./source/FSM/States/add_user_state/substates/add_user_pin_state.o
 *fill*         0x00006553        0x1 ff
 .rodata        0x00006554       0x12 ./source/FSM/States/config_me_state.o
 *fill*         0x00006566        0x2 ff
 .rodata        0x00006568       0x2c ./source/FSM/States/delete_user_state.o
 .rodata        0x00006594       0x20 ./source/FSM/States/id_state.o
 .rodata        0x000065b4       0x4c ./source/FSM/States/menu_state.o
 .rodata        0x00006600       0x23 ./source/FSM/States/pin_state.o
 *fill*         0x00006623        0x1 ff
 .rodata        0x00006624        0x7 ./source/FSM/States/welcome_state.o
 *fill*         0x0000662b        0x1 ff
 .rodata.__num_Ciob_streams
                0x0000662c        0x4 c:/nxp/mcuxpressoide_10.2.0_759/ide/tools/bin/../lib/gcc/arm-none-eabi/7.2.1/../../../../arm-none-eabi/lib/thumb/v7e-m/fpv4-sp/hard\libcr_semihost_nf.a(__ciob.o)
                0x0000662c                __num_Ciob_streams
 .rodata._initio.str1.1
                0x00006630        0x4 c:/nxp/mcuxpressoide_10.2.0_759/ide/tools/bin/../lib/gcc/arm-none-eabi/7.2.1/../../../../arm-none-eabi/lib/thumb/v7e-m/fpv4-sp/hard\libcr_c.a(initio.o)
                0x00006638                . = ALIGN (0x8)
 *fill*         0x00006634        0x4 ff

.glue_7         0x00006638        0x0
 .glue_7        0x00006638        0x0 linker stubs

.glue_7t        0x00006638        0x0
 .glue_7t       0x00006638        0x0 linker stubs

.vfp11_veneer   0x00006638        0x0
 .vfp11_veneer  0x00006638        0x0 linker stubs

.v4_bx          0x00006638        0x0
 .v4_bx         0x00006638        0x0 linker stubs

.iplt           0x00006638        0x0
 .iplt          0x00006638        0x0 ./source/startup/hardware.o

.rel.dyn        0x00006638        0x0
 .rel.iplt      0x00006638        0x0 ./source/startup/hardware.o

.ARM.extab
 *(SORT_BY_ALIGNMENT(.ARM.extab*) SORT_BY_ALIGNMENT(.gnu.linkonce.armextab.*))
                0x00006638                __exidx_start = .

.ARM.exidx
 *(SORT_BY_ALIGNMENT(.ARM.exidx*) SORT_BY_ALIGNMENT(.gnu.linkonce.armexidx.*))
                0x00006638                __exidx_end = .
                0x00006638                _etext = .

.m_usb_data
 *(SORT_BY_ALIGNMENT(m_usb_bdt))

.data_RAM2      0x1fff0000        0x0 load address 0x00006638
 FILL mask 0xff
                [!provide]                PROVIDE (__start_data_RAM2, .)
 *(SORT_BY_ALIGNMENT(.ramfunc.$RAM2))
 *(SORT_BY_ALIGNMENT(.ramfunc.$SRAM_LOWER))
 *(SORT_BY_ALIGNMENT(.data.$RAM2*))
 *(SORT_BY_ALIGNMENT(.data.$SRAM_LOWER*))
                0x1fff0000                . = ALIGN (0x8)
                [!provide]                PROVIDE (__end_data_RAM2, .)

.data_RAM3      0x14000000        0x0 load address 0x00006638
 FILL mask 0xff
                [!provide]                PROVIDE (__start_data_RAM3, .)
 *(SORT_BY_ALIGNMENT(.ramfunc.$RAM3))
 *(SORT_BY_ALIGNMENT(.ramfunc.$FLEX_RAM))
 *(SORT_BY_ALIGNMENT(.data.$RAM3*))
 *(SORT_BY_ALIGNMENT(.data.$FLEX_RAM*))
                0x14000000                . = ALIGN (0x8)
                [!provide]                PROVIDE (__end_data_RAM3, .)

.uninit_RESERVED
                0x20000000        0x0
 *(SORT_BY_ALIGNMENT(.bss.$RESERVED*))
                0x20000000                . = ALIGN (0x4)
                0x20000000                _end_uninit_RESERVED = .

.data           0x20000000      0x4e8 load address 0x00006638
 FILL mask 0xff
                0x20000000                _data = .
 *(SORT_BY_ALIGNMENT(vtable))
 *(SORT_BY_ALIGNMENT(.ramfunc*))
 *(SORT_BY_ALIGNMENT(.data*))
 .data.displayPins
                0x20000000        0x8 ./source/drivers/seven_seg_display.o
 .data.selectPins
                0x20000008        0x2 ./source/drivers/seven_seg_display.o
 *fill*         0x2000000a        0x2 ff
 .data.animation_word.5351
                0x2000000c       0x30 ./source/drivers/seven_seg_display.o
 .data.ports    0x2000003c       0x14 ./source/MCAL/gpio.o
 .data.gpioPorts
                0x20000050       0x14 ./source/MCAL/gpio.o
 .data.titleTimerID
                0x20000064        0x4 ./source/FSM/States/add_user_state/substates/add_user_id_state.o
 .data.errorIndicationTimerID
                0x20000068        0x4 ./source/FSM/States/add_user_state/substates/add_user_id_state.o
 .data.errorIndicationTimerID
                0x2000006c        0x4 ./source/FSM/States/add_user_state/substates/add_user_main_state.o
 .data.titleTimerID
                0x20000070        0x4 ./source/FSM/States/add_user_state/substates/add_user_pin_state.o
 .data.errorIndicationTimerID
                0x20000074        0x4 ./source/FSM/States/add_user_state/substates/add_user_pin_state.o
 .data.addUser_card
                0x20000078       0x54 ./source/FSM/States/add_user_state/add_user_fsm_table.o
                0x20000078                addUser_card
 .data.addUser_id
                0x200000cc       0x54 ./source/FSM/States/add_user_state/add_user_fsm_table.o
                0x200000cc                addUser_id
 .data.addUser_pin
                0x20000120       0x48 ./source/FSM/States/add_user_state/add_user_fsm_table.o
                0x20000120                addUser_pin
 .data.titleTimerID
                0x20000168        0x4 ./source/FSM/States/config_me_state.o
 .data.errorIndicationTimerID
                0x2000016c        0x4 ./source/FSM/States/config_me_state.o
 .data.titleTimerID
                0x20000170        0x4 ./source/FSM/States/delete_user_state.o
 .data.errorIndicationTimerID
                0x20000174        0x4 ./source/FSM/States/delete_user_state.o
 .data.titleTimerID
                0x20000178        0x4 ./source/FSM/States/id_state.o
 .data.errorIndicationTimerID
                0x2000017c        0x4 ./source/FSM/States/id_state.o
 .data.titleTimerID
                0x20000180        0x4 ./source/FSM/States/menu_state.o
 .data.titleTimerID
                0x20000184        0x4 ./source/FSM/States/pin_state.o
 .data.errorIndicationTimerID
                0x20000188        0x4 ./source/FSM/States/pin_state.o
 .data.animationTimerID
                0x2000018c        0x4 ./source/FSM/States/pin_state.o
 .data.welcome  0x20000190       0x48 ./source/FSM/fsm_table.o
                0x20000190                welcome
 .data.id       0x200001d8       0x6c ./source/FSM/fsm_table.o
                0x200001d8                id
 .data.pin      0x20000244       0x6c ./source/FSM/fsm_table.o
                0x20000244                pin
 .data.menu     0x200002b0       0x84 ./source/FSM/fsm_table.o
                0x200002b0                menu
 .data.open     0x20000334       0x18 ./source/FSM/fsm_table.o
                0x20000334                open
 .data.cfg_me   0x2000034c       0x54 ./source/FSM/fsm_table.o
                0x2000034c                cfg_me
 .data.add_user
                0x200003a0       0x90 ./source/FSM/fsm_table.o
                0x200003a0                add_user
 .data.cfg_device
                0x20000430       0x48 ./source/FSM/fsm_table.o
                0x20000430                cfg_device
 .data.delete_user
                0x20000478       0x6c ./source/FSM/fsm_table.o
                0x20000478                delete_user
 .data.brightness
                0x200004e4        0x1 ./source/drivers/seven_seg_display.o
 .data.currBright.5333
                0x200004e5        0x1 ./source/drivers/seven_seg_display.o
 .data.window.5334
                0x200004e6        0x1 ./source/drivers/seven_seg_display.o
 .data.currentIdIndex
                0x200004e7        0x1 ./source/database/data_base.o
                0x200004e8                . = ALIGN (0x8)
                0x200004e8                _edata = .

.igot.plt       0x200004e8        0x0 load address 0x00006b20
 .igot.plt      0x200004e8        0x0 ./source/startup/hardware.o

.bss_RAM2       0x1fff0000        0x0
                [!provide]                PROVIDE (__start_bss_RAM2, .)
 *(SORT_BY_ALIGNMENT(.bss.$RAM2*))
 *(SORT_BY_ALIGNMENT(.bss.$SRAM_LOWER*))
                0x1fff0000                . = ALIGN ((. != 0x0)?0x8:0x1)
                [!provide]                PROVIDE (__end_bss_RAM2, .)

.bss_RAM3       0x14000000        0x0
                [!provide]                PROVIDE (__start_bss_RAM3, .)
 *(SORT_BY_ALIGNMENT(.bss.$RAM3*))
 *(SORT_BY_ALIGNMENT(.bss.$FLEX_RAM*))
                0x14000000                . = ALIGN ((. != 0x0)?0x8:0x1)
                [!provide]                PROVIDE (__end_bss_RAM3, .)

.bss            0x200004e8     0x1370
                0x200004e8                _bss = .
 *(SORT_BY_ALIGNMENT(.bss*))
 .bss.__LDM_interruptDisableCount
                0x200004e8        0x4 ./source/startup/hardware.o
 .bss.ledElements
                0x200004ec       0xd8 ./source/drivers/Led.o
 .bss.defaultOnForDefinedTimeProperties
                0x200005c4        0xc ./source/drivers/Led.o
 .bss.defaultBlinkProperties
                0x200005d0       0x14 ./source/drivers/Led.o
 .bss.defaultInfiniteBlinkProperties
                0x200005e4        0xc ./source/drivers/Led.o
 .bss.defaultRepetitionBlinkProperties
                0x200005f0       0x14 ./source/drivers/Led.o
 .bss.leds      0x20000604       0x1e ./source/drivers/MplxLed.o
                0x20000604                leds
 *fill*         0x20000622        0x2 
 .bss.timerElements
                0x20000624      0x190 ./source/drivers/Timer.o
 .bss.idCounter
                0x200007b4        0x4 ./source/drivers/Timer.o
 .bss.buttons   0x200007b8       0x14 ./source/drivers/button.o
 .bss.moves     0x200007cc        0x4 ./source/drivers/encoder.o
 .bss.message   0x200007d0      0x190 ./source/drivers/lector.o
 .bss.screen    0x20000960       0xf0 ./source/drivers/seven_seg_display.o
 .bss.dataBase  0x20000a50      0x2a9 ./source/database/data_base.o
 *fill*         0x20000cf9        0x3 
 .bss.database  0x20000cfc      0x2a9 ./source/database/data_base.o
 *fill*         0x20000fa5        0x3 
 .bss.validNumberArray
                0x20000fa8       0x13 ./source/database/data_base.o
 *fill*         0x20000fbb        0x1 
 .bss.blockedUsersIndexes
                0x20000fbc       0x1e ./source/database/data_base.o
 *fill*         0x20000fda        0x2 
 .bss.sysTickElements
                0x20000fdc      0x190 ./source/MCAL/SysTick.o
 .bss.idCounter
                0x2000116c        0x4 ./source/MCAL/SysTick.o
 .bss.callbacks
                0x20001170      0x280 ./source/MCAL/gpio.o
 .bss.id        0x200013f0        0x8 ./source/FSM/States/add_user_state/substates/add_user_id_state.o
 .bss.cardNumber
                0x200013f8       0x13 ./source/FSM/States/add_user_state/substates/add_user_main_state.o
 *fill*         0x2000140b        0x1 
 .bss.pin       0x2000140c        0x5 ./source/FSM/States/add_user_state/substates/add_user_pin_state.o
 *fill*         0x20001411        0x3 
 .bss.currentState
                0x20001414        0x4 ./source/FSM/States/add_user_state/add_user_state.o
 .bss.newPin    0x20001418        0x5 ./source/FSM/States/config_me_state.o
 *fill*         0x2000141d        0x3 
 .bss.id        0x20001420        0x8 ./source/FSM/States/delete_user_state.o
 .bss.id        0x20001428        0x8 ./source/FSM/States/id_state.o
 .bss.pin       0x20001430        0x5 ./source/FSM/States/pin_state.o
 *fill*         0x20001435        0x3 
 .bss.currentState
                0x20001438        0x4 ./source/App.o
 .bss.userTimeOutTimerID
                0x2000143c        0x4 ./source/App.o
 .bss.eventQueue
                0x20001440        0xc ./source/queue.o
                0x20001440                eventQueue
 .bss.queue     0x2000144c      0x320 ./source/queue.o
                0x2000144c                queue
 .bss.errno     0x2000176c        0x4 c:/nxp/mcuxpressoide_10.2.0_759/ide/tools/bin/../lib/gcc/arm-none-eabi/7.2.1/../../../../arm-none-eabi/lib/thumb/v7e-m/fpv4-sp/hard\libcr_c.a(errno.o)
                0x2000176c                errno
 .bss.__Ciob    0x20001770       0xb4 c:/nxp/mcuxpressoide_10.2.0_759/ide/tools/bin/../lib/gcc/arm-none-eabi/7.2.1/../../../../arm-none-eabi/lib/thumb/v7e-m/fpv4-sp/hard\libcr_semihost_nf.a(__ciob.o)
                0x20001770                __Ciob
 .bss.bit       0x20001824        0x2 ./source/drivers/lector.o
 .bss.moving_counter
                0x20001826        0x2 ./source/drivers/seven_seg_display.o
 .bss.isInit.5478
                0x20001828        0x1 ./source/drivers/MplxLed.o
 .bss.displayCounter.5537
                0x20001829        0x1 ./source/drivers/MplxLed.o
 .bss.var       0x2000182a        0x1 ./source/drivers/button.o
                0x2000182a                var
 .bss.existingEvent
                0x2000182b        0x1 ./source/drivers/encoder.o
 .bss.statusA   0x2000182c        0x1 ./source/drivers/encoder.o
 .bss.statusB   0x2000182d        0x1 ./source/drivers/encoder.o
 .bss.init.5150
                0x2000182e        0x1 ./source/drivers/encoder.o
 .bss.enable    0x2000182f        0x1 ./source/drivers/lector.o
 .bss.event     0x20001830        0x1 ./source/drivers/lector.o
 .bss.pos       0x20001831        0x1 ./source/drivers/seven_seg_display.o
 .bss.moves_remainig
                0x20001832        0x1 ./source/drivers/seven_seg_display.o
 .bss.bouncing  0x20001833        0x1 ./source/drivers/seven_seg_display.o
 .bss.move_b    0x20001834        0x1 ./source/drivers/seven_seg_display.o
 .bss.animation
                0x20001835        0x1 ./source/drivers/seven_seg_display.o
 .bss.animation_counter
                0x20001836        0x1 ./source/drivers/seven_seg_display.o
 .bss.cursor_pos
                0x20001837        0x1 ./source/drivers/seven_seg_display.o
 .bss.cursor    0x20001838        0x1 ./source/drivers/seven_seg_display.o
 .bss.isInit.5251
                0x20001839        0x1 ./source/drivers/seven_seg_display.o
 .bss.displayCounter.5332
                0x2000183a        0x1 ./source/drivers/seven_seg_display.o
 .bss.currentPos
                0x2000183b        0x1 ./source/FSM/States/add_user_state/substates/add_user_id_state.o
 .bss.showingTitle
                0x2000183c        0x1 ./source/FSM/States/add_user_state/substates/add_user_id_state.o
 .bss.showingErrorIndication
                0x2000183d        0x1 ./source/FSM/States/add_user_state/substates/add_user_id_state.o
 .bss.currentPos
                0x2000183e        0x1 ./source/FSM/States/add_user_state/substates/add_user_pin_state.o
 .bss.showingTitle
                0x2000183f        0x1 ./source/FSM/States/add_user_state/substates/add_user_pin_state.o
 .bss.showingErrorIndication
                0x20001840        0x1 ./source/FSM/States/add_user_state/substates/add_user_pin_state.o
 .bss.currentOptionIndex
                0x20001841        0x1 ./source/FSM/States/config_device_state.o
 .bss.currentPos
                0x20001842        0x1 ./source/FSM/States/config_me_state.o
 .bss.showingTitle
                0x20001843        0x1 ./source/FSM/States/config_me_state.o
 .bss.showingErrorIndication
                0x20001844        0x1 ./source/FSM/States/config_me_state.o
 .bss.currentPos
                0x20001845        0x1 ./source/FSM/States/delete_user_state.o
 .bss.showingTitle
                0x20001846        0x1 ./source/FSM/States/delete_user_state.o
 .bss.showingErrorIndication
                0x20001847        0x1 ./source/FSM/States/delete_user_state.o
 .bss.currentPos
                0x20001848        0x1 ./source/FSM/States/id_state.o
 .bss.showingTitle
                0x20001849        0x1 ./source/FSM/States/id_state.o
 .bss.showingErrorIndication
                0x2000184a        0x1 ./source/FSM/States/id_state.o
 .bss.currentOptionIndex
                0x2000184b        0x1 ./source/FSM/States/menu_state.o
 .bss.showingTitle
                0x2000184c        0x1 ./source/FSM/States/menu_state.o
 .bss.admin     0x2000184d        0x1 ./source/FSM/States/menu_state.o
 .bss.currentPos
                0x2000184e        0x1 ./source/FSM/States/pin_state.o
 .bss.showingTitle
                0x2000184f        0x1 ./source/FSM/States/pin_state.o
 .bss.showingErrorIndication
                0x20001850        0x1 ./source/FSM/States/pin_state.o
 .bss.showingAnimation
                0x20001851        0x1 ./source/FSM/States/pin_state.o
 *(SORT_BY_ALIGNMENT(COMMON))
                0x20001858                . = ALIGN (0x8)
 *fill*         0x20001852        0x6 
                0x20001858                _ebss = .
                [!provide]                PROVIDE (end, .)

.noinit_RAM2    0x1fff0000        0x0
 *(SORT_BY_ALIGNMENT(.noinit.$RAM2*))
 *(SORT_BY_ALIGNMENT(.noinit.$SRAM_LOWER*))
                0x1fff0000                . = ALIGN (0x8)

.noinit_RAM3    0x14000000        0x0
 *(SORT_BY_ALIGNMENT(.noinit.$RAM3*))
 *(SORT_BY_ALIGNMENT(.noinit.$FLEX_RAM*))
                0x14000000                . = ALIGN (0x8)

.noinit         0x20001858        0x0
                0x20001858                _noinit = .
 *(SORT_BY_ALIGNMENT(.noinit*))
                0x20001858                . = ALIGN (0x8)
                0x20001858                _end_noinit = .
                0x00001000                _HeapSize = 0x1000

.heap           0x20001858     0x1000
                0x20001858                _pvHeapStart = .
                0x20002858                . = (. + _HeapSize)
 *fill*         0x20001858     0x1000 
                0x20002858                . = ALIGN (0x8)
                0x20002858                _pvHeapLimit = .
                0x00001000                _StackSize = 0x1000

.heap2stackfill
                0x20002858     0x1000
                0x20003858                . = (. + _StackSize)
 *fill*         0x20002858     0x1000 

.stack          0x2002f000        0x0
                0x2002f000                _vStackBase = .
                0x2002f000                . = ALIGN (0x8)
                0x20030000                _vStackTop = (. + _StackSize)
                0x00000000                _image_start = LOADADDR (.text)
                0x00006b20                _image_end = (LOADADDR (.data) + SIZEOF (.data))
                0x00006b20                _image_size = (_image_end - _image_start)
OUTPUT(ControlDeAcceso.axf elf32-littlearm)

.debug_info     0x00000000     0x97a2
 .debug_info    0x00000000      0x6aa ./source/startup/hardware.o
 .debug_info    0x000006aa       0xec ./source/startup/main.o
 .debug_info    0x00000796       0x3b ./source/startup/semihost_hardfault.o
 .debug_info    0x000007d1      0x8b0 ./source/startup/startup_mk64f12.o
 .debug_info    0x00001081      0x88f ./source/drivers/Led.o
 .debug_info    0x00001910      0x5ae ./source/drivers/MplxLed.o
 .debug_info    0x00001ebe      0x53a ./source/drivers/Timer.o
 .debug_info    0x000023f8      0x37f ./source/drivers/button.o
 .debug_info    0x00002777      0x1b3 ./source/drivers/encoder.o
 .debug_info    0x0000292a      0x441 ./source/drivers/lector.o
 .debug_info    0x00002d6b      0x6b8 ./source/drivers/seven_seg_display.o
 .debug_info    0x00003423      0x757 ./source/database/data_base.o
 .debug_info    0x00003b7a      0x552 ./source/MCAL/SysTick.o
 .debug_info    0x000040cc      0xac0 ./source/MCAL/gpio.o
 .debug_info    0x00004b8c      0x44a ./source/FSM/States/add_user_state/substates/add_user_id_state.o
 .debug_info    0x00004fd6      0x3e9 ./source/FSM/States/add_user_state/substates/add_user_main_state.o
 .debug_info    0x000053bf      0x4ab ./source/FSM/States/add_user_state/substates/add_user_pin_state.o
 .debug_info    0x0000586a      0x33f ./source/FSM/States/add_user_state/add_user_fsm_table.o
 .debug_info    0x00005ba9      0x3df ./source/FSM/States/add_user_state/add_user_state.o
 .debug_info    0x00005f88      0x300 ./source/FSM/States/config_device_state.o
 .debug_info    0x00006288      0x3fb ./source/FSM/States/config_me_state.o
 .debug_info    0x00006683      0x531 ./source/FSM/States/delete_user_state.o
 .debug_info    0x00006bb4      0x554 ./source/FSM/States/id_state.o
 .debug_info    0x00007108      0x427 ./source/FSM/States/menu_state.o
 .debug_info    0x0000752f      0x291 ./source/FSM/States/open_state.o
 .debug_info    0x000077c0      0x51c ./source/FSM/States/pin_state.o
 .debug_info    0x00007cdc      0x407 ./source/FSM/States/user_input.o
 .debug_info    0x000080e3      0x36a ./source/FSM/States/welcome_state.o
 .debug_info    0x0000844d      0x22e ./source/FSM/fsm.o
 .debug_info    0x0000867b      0x3c2 ./source/FSM/fsm_table.o
 .debug_info    0x00008a3d      0x389 ./source/App.o
 .debug_info    0x00008dc6      0x3ab ./source/queue.o
 .debug_info    0x00009171      0x631 ./CMSIS/system_MK64F12.o

.debug_abbrev   0x00000000     0x2c23
 .debug_abbrev  0x00000000      0x14d ./source/startup/hardware.o
 .debug_abbrev  0x0000014d       0x9b ./source/startup/main.o
 .debug_abbrev  0x000001e8       0x2f ./source/startup/semihost_hardfault.o
 .debug_abbrev  0x00000217      0x15c ./source/startup/startup_mk64f12.o
 .debug_abbrev  0x00000373      0x1f9 ./source/drivers/Led.o
 .debug_abbrev  0x0000056c      0x166 ./source/drivers/MplxLed.o
 .debug_abbrev  0x000006d2      0x164 ./source/drivers/Timer.o
 .debug_abbrev  0x00000836      0x180 ./source/drivers/button.o
 .debug_abbrev  0x000009b6      0x109 ./source/drivers/encoder.o
 .debug_abbrev  0x00000abf      0x1b7 ./source/drivers/lector.o
 .debug_abbrev  0x00000c76      0x24a ./source/drivers/seven_seg_display.o
 .debug_abbrev  0x00000ec0      0x1fb ./source/database/data_base.o
 .debug_abbrev  0x000010bb      0x1d5 ./source/MCAL/SysTick.o
 .debug_abbrev  0x00001290      0x23b ./source/MCAL/gpio.o
 .debug_abbrev  0x000014cb      0x142 ./source/FSM/States/add_user_state/substates/add_user_id_state.o
 .debug_abbrev  0x0000160d      0x14f ./source/FSM/States/add_user_state/substates/add_user_main_state.o
 .debug_abbrev  0x0000175c      0x155 ./source/FSM/States/add_user_state/substates/add_user_pin_state.o
 .debug_abbrev  0x000018b1      0x122 ./source/FSM/States/add_user_state/add_user_fsm_table.o
 .debug_abbrev  0x000019d3      0x137 ./source/FSM/States/add_user_state/add_user_state.o
 .debug_abbrev  0x00001b0a      0x101 ./source/FSM/States/config_device_state.o
 .debug_abbrev  0x00001c0b       0xf8 ./source/FSM/States/config_me_state.o
 .debug_abbrev  0x00001d03      0x160 ./source/FSM/States/delete_user_state.o
 .debug_abbrev  0x00001e63      0x192 ./source/FSM/States/id_state.o
 .debug_abbrev  0x00001ff5      0x146 ./source/FSM/States/menu_state.o
 .debug_abbrev  0x0000213b       0xd3 ./source/FSM/States/open_state.o
 .debug_abbrev  0x0000220e      0x19f ./source/FSM/States/pin_state.o
 .debug_abbrev  0x000023ad      0x157 ./source/FSM/States/user_input.o
 .debug_abbrev  0x00002504      0x11f ./source/FSM/States/welcome_state.o
 .debug_abbrev  0x00002623       0xca ./source/FSM/fsm.o
 .debug_abbrev  0x000026ed      0x11d ./source/FSM/fsm_table.o
 .debug_abbrev  0x0000280a      0x146 ./source/App.o
 .debug_abbrev  0x00002950      0x17f ./source/queue.o
 .debug_abbrev  0x00002acf      0x154 ./CMSIS/system_MK64F12.o

.debug_aranges  0x00000000      0xe30
 .debug_aranges
                0x00000000       0x30 ./source/startup/hardware.o
 .debug_aranges
                0x00000030       0x20 ./source/startup/main.o
 .debug_aranges
                0x00000050       0x20 ./source/startup/semihost_hardfault.o
 .debug_aranges
                0x00000070      0x330 ./source/startup/startup_mk64f12.o
 .debug_aranges
                0x000003a0       0xa0 ./source/drivers/Led.o
 .debug_aranges
                0x00000440       0x70 ./source/drivers/MplxLed.o
 .debug_aranges
                0x000004b0       0x68 ./source/drivers/Timer.o
 .debug_aranges
                0x00000518       0x50 ./source/drivers/button.o
 .debug_aranges
                0x00000568       0x30 ./source/drivers/encoder.o
 .debug_aranges
                0x00000598       0x58 ./source/drivers/lector.o
 .debug_aranges
                0x000005f0       0xb0 ./source/drivers/seven_seg_display.o
 .debug_aranges
                0x000006a0       0xa8 ./source/database/data_base.o
 .debug_aranges
                0x00000748       0x58 ./source/MCAL/SysTick.o
 .debug_aranges
                0x000007a0       0x88 ./source/MCAL/gpio.o
 .debug_aranges
                0x00000828       0x78 ./source/FSM/States/add_user_state/substates/add_user_id_state.o
 .debug_aranges
                0x000008a0       0x48 ./source/FSM/States/add_user_state/substates/add_user_main_state.o
 .debug_aranges
                0x000008e8       0x70 ./source/FSM/States/add_user_state/substates/add_user_pin_state.o
 .debug_aranges
                0x00000958       0x38 ./source/FSM/States/add_user_state/add_user_fsm_table.o
 .debug_aranges
                0x00000990       0x70 ./source/FSM/States/add_user_state/add_user_state.o
 .debug_aranges
                0x00000a00       0x40 ./source/FSM/States/config_device_state.o
 .debug_aranges
                0x00000a40       0x68 ./source/FSM/States/config_me_state.o
 .debug_aranges
                0x00000aa8       0x88 ./source/FSM/States/delete_user_state.o
 .debug_aranges
                0x00000b30       0x90 ./source/FSM/States/id_state.o
 .debug_aranges
                0x00000bc0       0x58 ./source/FSM/States/menu_state.o
 .debug_aranges
                0x00000c18       0x28 ./source/FSM/States/open_state.o
 .debug_aranges
                0x00000c40       0x90 ./source/FSM/States/pin_state.o
 .debug_aranges
                0x00000cd0       0x48 ./source/FSM/States/user_input.o
 .debug_aranges
                0x00000d18       0x28 ./source/FSM/States/welcome_state.o
 .debug_aranges
                0x00000d40       0x20 ./source/FSM/fsm.o
 .debug_aranges
                0x00000d60       0x30 ./source/FSM/fsm_table.o
 .debug_aranges
                0x00000d90       0x38 ./source/App.o
 .debug_aranges
                0x00000dc8       0x38 ./source/queue.o
 .debug_aranges
                0x00000e00       0x30 ./CMSIS/system_MK64F12.o

.debug_ranges   0x00000000      0xca0
 .debug_ranges  0x00000000       0x20 ./source/startup/hardware.o
 .debug_ranges  0x00000020       0x10 ./source/startup/main.o
 .debug_ranges  0x00000030       0x10 ./source/startup/semihost_hardfault.o
 .debug_ranges  0x00000040      0x320 ./source/startup/startup_mk64f12.o
 .debug_ranges  0x00000360       0x90 ./source/drivers/Led.o
 .debug_ranges  0x000003f0       0x60 ./source/drivers/MplxLed.o
 .debug_ranges  0x00000450       0x58 ./source/drivers/Timer.o
 .debug_ranges  0x000004a8       0x40 ./source/drivers/button.o
 .debug_ranges  0x000004e8       0x20 ./source/drivers/encoder.o
 .debug_ranges  0x00000508       0x48 ./source/drivers/lector.o
 .debug_ranges  0x00000550       0xa0 ./source/drivers/seven_seg_display.o
 .debug_ranges  0x000005f0       0x98 ./source/database/data_base.o
 .debug_ranges  0x00000688       0x48 ./source/MCAL/SysTick.o
 .debug_ranges  0x000006d0       0x78 ./source/MCAL/gpio.o
 .debug_ranges  0x00000748       0x88 ./source/FSM/States/add_user_state/substates/add_user_id_state.o
 .debug_ranges  0x000007d0       0x50 ./source/FSM/States/add_user_state/substates/add_user_main_state.o
 .debug_ranges  0x00000820       0x60 ./source/FSM/States/add_user_state/substates/add_user_pin_state.o
 .debug_ranges  0x00000880       0x28 ./source/FSM/States/add_user_state/add_user_fsm_table.o
 .debug_ranges  0x000008a8       0x60 ./source/FSM/States/add_user_state/add_user_state.o
 .debug_ranges  0x00000908       0x30 ./source/FSM/States/config_device_state.o
 .debug_ranges  0x00000938       0x58 ./source/FSM/States/config_me_state.o
 .debug_ranges  0x00000990       0x90 ./source/FSM/States/delete_user_state.o
 .debug_ranges  0x00000a20       0x98 ./source/FSM/States/id_state.o
 .debug_ranges  0x00000ab8       0x48 ./source/FSM/States/menu_state.o
 .debug_ranges  0x00000b00       0x18 ./source/FSM/States/open_state.o
 .debug_ranges  0x00000b18       0x80 ./source/FSM/States/pin_state.o
 .debug_ranges  0x00000b98       0x38 ./source/FSM/States/user_input.o
 .debug_ranges  0x00000bd0       0x30 ./source/FSM/States/welcome_state.o
 .debug_ranges  0x00000c00       0x10 ./source/FSM/fsm.o
 .debug_ranges  0x00000c10       0x20 ./source/FSM/fsm_table.o
 .debug_ranges  0x00000c30       0x28 ./source/App.o
 .debug_ranges  0x00000c58       0x28 ./source/queue.o
 .debug_ranges  0x00000c80       0x20 ./CMSIS/system_MK64F12.o

.debug_macro    0x00000000    0x1317a
 .debug_macro   0x00000000       0xb4 ./source/startup/hardware.o
 .debug_macro   0x000000b4      0xa96 ./source/startup/hardware.o
 .debug_macro   0x00000b4a       0x10 ./source/startup/hardware.o
 .debug_macro   0x00000b5a      0x12d ./source/startup/hardware.o
 .debug_macro   0x00000c87      0x5b2 ./source/startup/hardware.o
 .debug_macro   0x00001239       0x22 ./source/startup/hardware.o
 .debug_macro   0x0000125b       0x10 ./source/startup/hardware.o
 .debug_macro   0x0000126b       0x5c ./source/startup/hardware.o
 .debug_macro   0x000012c7       0x1c ./source/startup/hardware.o
 .debug_macro   0x000012e3       0x22 ./source/startup/hardware.o
 .debug_macro   0x00001305       0xdf ./source/startup/hardware.o
 .debug_macro   0x000013e4      0xecf ./source/startup/hardware.o
 .debug_macro   0x000022b3       0x48 ./source/startup/hardware.o
 .debug_macro   0x000022fb     0xe07b ./source/startup/hardware.o
 .debug_macro   0x00010376     0x122b ./source/startup/hardware.o
 .debug_macro   0x000115a1       0x16 ./source/startup/hardware.o
 .debug_macro   0x000115b7       0xb4 ./source/startup/main.o
 .debug_macro   0x0001166b       0x11 ./source/startup/semihost_hardfault.o
 .debug_macro   0x0001167c       0x29 ./source/startup/startup_mk64f12.o
 .debug_macro   0x000116a5       0xb8 ./source/drivers/Led.o
 .debug_macro   0x0001175d       0x3a ./source/drivers/Led.o
 .debug_macro   0x00011797       0xa6 ./source/drivers/Led.o
 .debug_macro   0x0001183d       0x16 ./source/drivers/Led.o
 .debug_macro   0x00011853       0x1c ./source/drivers/Led.o
 .debug_macro   0x0001186f       0xd2 ./source/drivers/Led.o
 .debug_macro   0x00011941       0x10 ./source/drivers/Led.o