Archive member included to satisfy reference by file (symbol)

c:/nxp/mcuxpressoide_10.2.0_759/ide/tools/bin/../lib/gcc/arm-none-eabi/7.2.1/../../../../arm-none-eabi/lib/thumb/v7e-m/fpv4-sp/hard\libcr_semihost_nf.a(_cr__main.o)
                              ./source/startup/startup_mk64f12.o (__main)
c:/nxp/mcuxpressoide_10.2.0_759/ide/tools/bin/../lib/gcc/arm-none-eabi/7.2.1/../../../../arm-none-eabi/lib/thumb/v7e-m/fpv4-sp/hard\libcr_c.a(memcpy.o)
                              ./source/drivers/Led.o (memcpy)
c:/nxp/mcuxpressoide_10.2.0_759/ide/tools/bin/../lib/gcc/arm-none-eabi/7.2.1/../../../../arm-none-eabi/lib/thumb/v7e-m/fpv4-sp/hard\libcr_c.a(memset.o)
                              ./source/database/data_base.o (memset)
c:/nxp/mcuxpressoide_10.2.0_759/ide/tools/bin/../lib/gcc/arm-none-eabi/7.2.1/../../../../arm-none-eabi/lib/thumb/v7e-m/fpv4-sp/hard\libcr_c.a(initio.o)
                              c:/nxp/mcuxpressoide_10.2.0_759/ide/tools/bin/../lib/gcc/arm-none-eabi/7.2.1/../../../../arm-none-eabi/lib/thumb/v7e-m/fpv4-sp/hard\libcr_semihost_nf.a(_cr__main.o) (_initio)
c:/nxp/mcuxpressoide_10.2.0_759/ide/tools/bin/../lib/gcc/arm-none-eabi/7.2.1/../../../../arm-none-eabi/lib/thumb/v7e-m/fpv4-sp/hard\libcr_c.a(setvbuf.o)
                              c:/nxp/mcuxpressoide_10.2.0_759/ide/tools/bin/../lib/gcc/arm-none-eabi/7.2.1/../../../../arm-none-eabi/lib/thumb/v7e-m/fpv4-sp/hard\libcr_c.a(initio.o) (setvbuf)
c:/nxp/mcuxpressoide_10.2.0_759/ide/tools/bin/../lib/gcc/arm-none-eabi/7.2.1/../../../../arm-none-eabi/lib/thumb/v7e-m/fpv4-sp/hard\libcr_c.a(_fdopen.o)
                              c:/nxp/mcuxpressoide_10.2.0_759/ide/tools/bin/../lib/gcc/arm-none-eabi/7.2.1/../../../../arm-none-eabi/lib/thumb/v7e-m/fpv4-sp/hard\libcr_c.a(initio.o) (_fdopen)
c:/nxp/mcuxpressoide_10.2.0_759/ide/tools/bin/../lib/gcc/arm-none-eabi/7.2.1/../../../../arm-none-eabi/lib/thumb/v7e-m/fpv4-sp/hard\libcr_c.a(fclose.o)
                              c:/nxp/mcuxpressoide_10.2.0_759/ide/tools/bin/../lib/gcc/arm-none-eabi/7.2.1/../../../../arm-none-eabi/lib/thumb/v7e-m/fpv4-sp/hard\libcr_c.a(initio.o) (fclose)
c:/nxp/mcuxpressoide_10.2.0_759/ide/tools/bin/../lib/gcc/arm-none-eabi/7.2.1/../../../../arm-none-eabi/lib/thumb/v7e-m/fpv4-sp/hard\libcr_c.a(fflush.o)
                              c:/nxp/mcuxpressoide_10.2.0_759/ide/tools/bin/../lib/gcc/arm-none-eabi/7.2.1/../../../../arm-none-eabi/lib/thumb/v7e-m/fpv4-sp/hard\libcr_c.a(fclose.o) (fflush)
c:/nxp/mcuxpressoide_10.2.0_759/ide/tools/bin/../lib/gcc/arm-none-eabi/7.2.1/../../../../arm-none-eabi/lib/thumb/v7e-m/fpv4-sp/hard\libcr_c.a(fseek.o)
                              c:/nxp/mcuxpressoide_10.2.0_759/ide/tools/bin/../lib/gcc/arm-none-eabi/7.2.1/../../../../arm-none-eabi/lib/thumb/v7e-m/fpv4-sp/hard\libcr_c.a(_fdopen.o) (fseek)
c:/nxp/mcuxpressoide_10.2.0_759/ide/tools/bin/../lib/gcc/arm-none-eabi/7.2.1/../../../../arm-none-eabi/lib/thumb/v7e-m/fpv4-sp/hard\libcr_c.a(ftell.o)
                              c:/nxp/mcuxpressoide_10.2.0_759/ide/tools/bin/../lib/gcc/arm-none-eabi/7.2.1/../../../../arm-none-eabi/lib/thumb/v7e-m/fpv4-sp/hard\libcr_c.a(fseek.o) (ftell)
c:/nxp/mcuxpressoide_10.2.0_759/ide/tools/bin/../lib/gcc/arm-none-eabi/7.2.1/../../../../arm-none-eabi/lib/thumb/v7e-m/fpv4-sp/hard\libcr_c.a(remove.o)
                              c:/nxp/mcuxpressoide_10.2.0_759/ide/tools/bin/../lib/gcc/arm-none-eabi/7.2.1/../../../../arm-none-eabi/lib/thumb/v7e-m/fpv4-sp/hard\libcr_c.a(fclose.o) (remove)
c:/nxp/mcuxpressoide_10.2.0_759/ide/tools/bin/../lib/gcc/arm-none-eabi/7.2.1/../../../../arm-none-eabi/lib/thumb/v7e-m/fpv4-sp/hard\libcr_c.a(strlen.o)
                              c:/nxp/mcuxpressoide_10.2.0_759/ide/tools/bin/../lib/gcc/arm-none-eabi/7.2.1/../../../../arm-none-eabi/lib/thumb/v7e-m/fpv4-sp/hard\libcr_c.a(remove.o) (strlen)
c:/nxp/mcuxpressoide_10.2.0_759/ide/tools/bin/../lib/gcc/arm-none-eabi/7.2.1/../../../../arm-none-eabi/lib/thumb/v7e-m/fpv4-sp/hard\libcr_c.a(_do_fflush.o)
                              c:/nxp/mcuxpressoide_10.2.0_759/ide/tools/bin/../lib/gcc/arm-none-eabi/7.2.1/../../../../arm-none-eabi/lib/thumb/v7e-m/fpv4-sp/hard\libcr_c.a(fflush.o) (_do_fflush)
c:/nxp/mcuxpressoide_10.2.0_759/ide/tools/bin/../lib/gcc/arm-none-eabi/7.2.1/../../../../arm-none-eabi/lib/thumb/v7e-m/fpv4-sp/hard\libcr_c.a(_fflush.o)
                              c:/nxp/mcuxpressoide_10.2.0_759/ide/tools/bin/../lib/gcc/arm-none-eabi/7.2.1/../../../../arm-none-eabi/lib/thumb/v7e-m/fpv4-sp/hard\libcr_c.a(_do_fflush.o) (_fflush)
c:/nxp/mcuxpressoide_10.2.0_759/ide/tools/bin/../lib/gcc/arm-none-eabi/7.2.1/../../../../arm-none-eabi/lib/thumb/v7e-m/fpv4-sp/hard\libcr_c.a(_writebuf.o)
                              c:/nxp/mcuxpressoide_10.2.0_759/ide/tools/bin/../lib/gcc/arm-none-eabi/7.2.1/../../../../arm-none-eabi/lib/thumb/v7e-m/fpv4-sp/hard\libcr_c.a(_fflush.o) (_Cwritebuf)
[...]
Memory Configuration

Name             Origin             Length             Attributes
PROGRAM_FLASH    0x00000000         0x00100000         xr
SRAM_UPPER       0x20000000         0x00030000         xrw
SRAM_LOWER       0x1fff0000         0x00010000         xrw
FLEX_RAM         0x14000000         0x00001000         xrw
*default*        0x00000000         0xffffffff

Linker script and memory map

LOAD ./source/startup/hardware.o
LOAD ./source/startup/main.o
LOAD ./source/startup/semihost_hardfault.o
LOAD ./source/startup/startup_mk64f12.o
LOAD ./source/drivers/Led.o
LOAD ./source/drivers/MplxLed.o
LOAD ./source/drivers/Timer.o
LOAD ./source/drivers/button.o
LOAD ./source/drivers/encoder.o
LOAD ./source/drivers/lector.o
LOAD ./source/drivers/seven_seg_display.o
LOAD ./source/database/data_base.o
LOAD ./source/MCAL/SysTick.o
LOAD ./source/MCAL/gpio.o
LOAD ./source/FSM/States/add_user_state/substates/add_user_id_state.o
LOAD ./source/FSM/States/add_user_state/substates/add_user_main_state.o
LOAD ./source/FSM/States/add_user_state/substates/add_user_pin_state.o
LOAD ./source/FSM/States/add_user_state/add_user_fsm_table.o
LOAD ./source/FSM/States/add_user_state/add_user_state.o
LOAD ./source/FSM/States/config_device_state.o
LOAD ./source/FSM/States/config_me_state.o
LOAD ./source/FSM/States/delete_user_state.o
LOAD ./source/FSM/States/fail_state.o
LOAD ./source/FSM/States/id_state.o
LOAD ./source/FSM/States/menu_state.o
LOAD ./source/FSM/States/open_state.o
LOAD ./source/FSM/States/pin_state.o
LOAD ./source/FSM/States/user_input.o
LOAD ./source/FSM/States/welcome_state.o
LOAD ./source/FSM/fsm.o
LOAD ./source/FSM/fsm_table.o
LOAD ./source/App.o
LOAD ./source/queue.o
LOAD ./CMSIS/system_MK64F12.o
START GROUP
LOAD c:/nxp/mcuxpressoide_10.2.0_759/ide/tools/bin/../lib/gcc/arm-none-eabi/7.2.1/../../../../arm-none-eabi/lib/thumb/v7e-m/fpv4-sp/hard\libcr_semihost_nf.a
LOAD c:/nxp/mcuxpressoide_10.2.0_759/ide/tools/bin/../lib/gcc/arm-none-eabi/7.2.1/../../../../arm-none-eabi/lib/thumb/v7e-m/fpv4-sp/hard\libcr_c.a
LOAD c:/nxp/mcuxpressoide_10.2.0_759/ide/tools/bin/../lib/gcc/arm-none-eabi/7.2.1/thumb/v7e-m/fpv4-sp/hard\libcr_eabihelpers.a
END GROUP
                0x00000000                __base_PROGRAM_FLASH = 0x0
                0x00000000                __base_Flash = 0x0
                0x00100000                __top_PROGRAM_FLASH = 0x100000
                0x00100000                __top_Flash = 0x100000
                0x20000000                __base_SRAM_UPPER = 0x20000000
                0x20000000                __base_RAM = 0x20000000
                0x20030000                __top_SRAM_UPPER = 0x20030000
                0x20030000                __top_RAM = 0x20030000
                0x1fff0000                __base_SRAM_LOWER = 0x1fff0000
                0x1fff0000                __base_RAM2 = 0x1fff0000
                0x20000000                __top_SRAM_LOWER = 0x20000000
                0x20000000                __top_RAM2 = 0x20000000
                0x14000000                __base_FLEX_RAM = 0x14000000
                0x14000000                __base_RAM3 = 0x14000000
                0x14001000                __top_FLEX_RAM = 0x14001000
                0x14001000                __top_RAM3 = 0x14001000

.text           0x00000000     0x5a40
 FILL mask 0xff
                0x00000000                __vectors_start__ = ABSOLUTE (.)
 *(SORT_BY_ALIGNMENT(.isr_vector))
 .isr_vector    0x00000000      0x198 ./source/startup/startup_mk64f12.o
                0x00000000                g_pfnVectors
                0x00000000                __Vectors
                0x00000198                . = ALIGN (0x4)
                0x00000198                __section_table_start = .
                0x00000198                __data_section_table = .
                0x00000198        0x4 LONG 0x5a40 LOADADDR (.data)
                0x0000019c        0x4 LONG 0x20000000 ADDR (.data)
                0x000001a0        0x4 LONG 0x498 SIZEOF (.data)
                0x000001a4        0x4 LONG 0x5a40 LOADADDR (.data_RAM2)
                0x000001a8        0x4 LONG 0x1fff0000 ADDR (.data_RAM2)
                0x000001ac        0x4 LONG 0x0 SIZEOF (.data_RAM2)
                0x000001b0        0x4 LONG 0x5a40 LOADADDR (.data_RAM3)
                0x000001b4        0x4 LONG 0x14000000 ADDR (.data_RAM3)
                0x000001b8        0x4 LONG 0x0 SIZEOF (.data_RAM3)
                0x000001bc                __data_section_table_end = .
                0x000001bc                __bss_section_table = .
                0x000001bc        0x4 LONG 0x20000498 ADDR (.bss)
                0x000001c0        0x4 LONG 0x1360 SIZEOF (.bss)
                0x000001c4        0x4 LONG 0x1fff0000 ADDR (.bss_RAM2)
                0x000001c8        0x4 LONG 0x0 SIZEOF (.bss_RAM2)
                0x000001cc        0x4 LONG 0x14000000 ADDR (.bss_RAM3)
                0x000001d0        0x4 LONG 0x0 SIZEOF (.bss_RAM3)
                0x000001d4                __bss_section_table_end = .
                0x000001d4                __section_table_end = .
 *(SORT_BY_ALIGNMENT(.after_vectors*))
 .after_vectors.reset
                0x000001d4       0x4c ./source/startup/startup_mk64f12.o
                0x000001d4                ResetISR
 .after_vectors.init_data
                0x00000220       0x1e ./source/startup/startup_mk64f12.o
                0x00000220                data_init
 .after_vectors.init_bss
                0x0000023e       0x12 ./source/startup/startup_mk64f12.o
                0x0000023e                bss_init
 .after_vectors
                0x00000250       0x14 ./source/startup/startup_mk64f12.o
                0x00000250                NMI_Handler
                0x00000254                MemManage_Handler
                0x00000256                BusFault_Handler
                0x00000258                UsageFault_Handler
                0x0000025a                SVC_Handler
                0x0000025c                DebugMon_Handler
                0x0000025e                PendSV_Handler
                0x00000262                DMA_Error_DriverIRQHandler
                0x00000262                LPTMR0_DriverIRQHandler
                0x00000262                FTM1_DriverIRQHandler
                0x00000262                FTM2_DriverIRQHandler
                0x00000262                PIT2_DriverIRQHandler
                0x00000262                SDHC_DriverIRQHandler
                0x00000262                I2S0_Tx_DriverIRQHandler
                0x00000262                RTC_Seconds_DriverIRQHandler
                0x00000262                DMA6_DriverIRQHandler
                0x00000262                LLWU_DriverIRQHandler
                0x00000262                MCM_DriverIRQHandler
                0x00000262                MCG_DriverIRQHandler
                0x00000262                ENET_1588_Timer_DriverIRQHandler
                0x00000262                I2C2_DriverIRQHandler
                0x00000262                DAC1_DriverIRQHandler
                0x00000262                SPI1_DriverIRQHandler
                0x00000262                CMP1_DriverIRQHandler
                0x00000262                UART5_RX_TX_DriverIRQHandler
                0x00000262                FTM0_DriverIRQHandler
                0x00000262                IntDefaultHandler
                0x00000262                USB0_DriverIRQHandler
                0x00000262                UART5_ERR_DriverIRQHandler
                0x00000262                PORTC_DriverIRQHandler
                0x00000262                DMA11_DriverIRQHandler
                0x00000262                DAC0_DriverIRQHandler
                0x00000262                DMA10_DriverIRQHandler
                0x00000262                CMP2_DriverIRQHandler
                0x00000262                UART2_ERR_DriverIRQHandler
                0x00000262                SPI2_DriverIRQHandler
                0x00000262                LVD_LVW_DriverIRQHandler
                0x00000262                PIT0_DriverIRQHandler
                0x00000262                RNG_DriverIRQHandler
                0x00000262                DMA5_DriverIRQHandler
                0x00000262                DMA12_DriverIRQHandler
                0x00000262                UART2_RX_TX_DriverIRQHandler
                0x00000262                USBDCD_DriverIRQHandler
                0x00000262                UART3_ERR_DriverIRQHandler
                0x00000262                DMA3_DriverIRQHandler
                0x00000262                DMA8_DriverIRQHandler
                0x00000262                DMA9_DriverIRQHandler
                0x00000262                UART0_ERR_DriverIRQHandler
                0x00000262                CMT_DriverIRQHandler
                0x00000262                Reserved71_DriverIRQHandler
                0x00000262                ADC1_DriverIRQHandler
                0x00000262                PORTA_DriverIRQHandler
                0x00000262                DMA14_DriverIRQHandler
                0x00000262                PIT3_DriverIRQHandler
                0x00000262                PIT1_DriverIRQHandler
                0x00000262                WDOG_EWM_DriverIRQHandler
                0x00000262                PDB0_DriverIRQHandler
                0x00000262                RTC_DriverIRQHandler
                0x00000262                I2S0_Rx_DriverIRQHandler
                0x00000262                Read_Collision_DriverIRQHandler
                0x00000262                SWI_DriverIRQHandler
                0x00000262                UART4_RX_TX_DriverIRQHandler
                0x00000262                UART4_ERR_DriverIRQHandler
                0x00000262                PORTB_DriverIRQHandler
                0x00000262                UART0_LON_DriverIRQHandler
                0x00000262                DMA0_DriverIRQHandler
                0x00000262                DMA1_DriverIRQHandler
                0x00000262                I2C1_DriverIRQHandler
                0x00000262                UART3_RX_TX_DriverIRQHandler
                0x00000262                ENET_Receive_DriverIRQHandler
                0x00000262                DMA13_DriverIRQHandler
                0x00000262                ENET_Error_DriverIRQHandler
                0x00000262                DMA15_DriverIRQHandler
                0x00000262                UART0_RX_TX_DriverIRQHandler
                0x00000262                SPI0_DriverIRQHandler
                0x00000262                ADC0_DriverIRQHandler
                0x00000262                CMP0_DriverIRQHandler
                0x00000262                CAN0_DriverIRQHandler
                0x00000262                FTM3_DriverIRQHandler
                0x00000262                DMA4_DriverIRQHandler
                0x00000262                UART1_ERR_DriverIRQHandler
                0x00000262                DMA2_DriverIRQHandler
                0x00000262                ENET_Transmit_DriverIRQHandler
                0x00000262                PORTD_DriverIRQHandler
                0x00000262                PORTE_DriverIRQHandler
                0x00000262                FTFE_DriverIRQHandler
                0x00000262                I2C0_DriverIRQHandler
                0x00000262                DMA7_DriverIRQHandler
                0x00000262                UART1_RX_TX_DriverIRQHandler
                0x00000400                . = 0x400
 *fill*         0x00000264      0x19c ff
                0x00000400                PROVIDE (__FLASH_CONFIG_START__, .)
 *(SORT_BY_ALIGNMENT(.FlashConfig))
 .FlashConfig   0x00000400       0x10 ./source/startup/startup_mk64f12.o
                0x00000400                Flash_Config
                0x00000410                PROVIDE (__FLASH_CONFIG_END__, .)
                0x00000001                ASSERT (! ((__FLASH_CONFIG_START__ == __FLASH_CONFIG_END__)), Linker Flash Config Support Enabled, but no .FlashConfig section provided within application)
 *(SORT_BY_ALIGNMENT(.text*))
 .text.hw_Init  0x00000410      0x10c ./source/startup/hardware.o
                0x00000410                hw_Init
 .text.hw_EnableInterrupts
                0x0000051c       0x30 ./source/startup/hardware.o
                0x0000051c                hw_EnableInterrupts
 .text.hw_DisableInterrupts
                0x0000054c       0x20 ./source/startup/hardware.o
                0x0000054c                hw_DisableInterrupts
 .text.Led_Init
                0x0000056c      0x188 ./source/drivers/Led.o
                0x0000056c                Led_Init
 .text.Led_OnForDefinedTime
                0x000006f4       0xa4 ./source/drivers/Led.o
                0x000006f4                Led_OnForDefinedTime
 .text.Led_CustomBlink
                0x00000798       0xf0 ./source/drivers/Led.o
                0x00000798                Led_CustomBlink
 .text.findLedIndexByID
                0x00000888       0x4c ./source/drivers/Led.o
 .text.Led_PISR
                0x000008d4       0xcc ./source/drivers/Led.o
 .text.MplxLed_Init
                0x000009a0       0x9c ./source/drivers/MplxLed.o
                0x000009a0                MplxLed_Init
 .text.MplxLed_On
                0x00000a3c       0x58 ./source/drivers/MplxLed.o
                0x00000a3c                MplxLed_On
 .text.MplxLed_Off
                0x00000a94       0x58 ./source/drivers/MplxLed.o
                0x00000a94                MplxLed_Off
 .text.MplxLed_PISR
                0x00000aec      0x33c ./source/drivers/MplxLed.o
                0x00000aec                MplxLed_PISR
 .text.Timer_Init
                0x00000e28       0x2c ./source/drivers/Timer.o
                0x00000e28                Timer_Init
 .text.Timer_AddCallback
                0x00000e54       0x88 ./source/drivers/Timer.o
                0x00000e54                Timer_AddCallback
 .text.Timer_Delete
                0x00000edc      0x1b8 ./source/drivers/Timer.o
                0x00000edc                Timer_Delete
 .text.Timer_Reset
                0x00001094       0x80 ./source/drivers/Timer.o
                0x00001094                Timer_Reset
 .text.Timer_PISR
                0x00001114       0xec ./source/drivers/Timer.o
 .text.systick_callback
                0x00001200      0x278 ./source/drivers/button.o
 .text.buttonsInit
                0x00001478       0x14 ./source/drivers/button.o
                0x00001478                buttonsInit
 .text.wasTap   0x0000148c       0x74 ./source/drivers/button.o
                0x0000148c                wasTap
 .text.wasLkp   0x00001500       0x80 ./source/drivers/button.o
                0x00001500                wasLkp
 .text.buttonConfiguration
                0x00001580      0x120 ./source/drivers/button.o
                0x00001580                buttonConfiguration
 .text.Encoder_Init
                0x000016a0       0x60 ./source/drivers/encoder.o
                0x000016a0                Encoder_Init
 .text.Encoder_GetMove
                0x00001700       0x3c ./source/drivers/encoder.o
                0x00001700                Encoder_GetMove
 .text.lookForMoves
                0x0000173c       0xd0 ./source/drivers/encoder.o
                0x0000173c                lookForMoves
 .text.Lector_Init
                0x0000180c       0x3c ./source/drivers/lector.o
                0x0000180c                Lector_Init
 .text.Lector_Event
                0x00001848       0x18 ./source/drivers/lector.o
                0x00001848                Lector_Event
 .text.Lector_GetData
                0x00001860      0x328 ./source/drivers/lector.o
                0x00001860                Lector_GetData
 .text.EnableIRQcallback
                0x00001b88       0x48 ./source/drivers/lector.o
                0x00001b88                EnableIRQcallback
 .text.ClockIRQcallback
                0x00001bd0       0x4c ./source/drivers/lector.o
                0x00001bd0                ClockIRQcallback
 .text.find_ss_fs_es
                0x00001c1c       0xb8 ./source/drivers/lector.o
                0x00001c1c                find_ss_fs_es
 .text.find_fs  0x00001cd4       0x88 ./source/drivers/lector.o
                0x00001cd4                find_fs
 .text.find_es  0x00001d5c       0x88 ./source/drivers/lector.o
                0x00001d5c                find_es
 .text.SevenSegDisplay_Init
                0x00001de4       0xe4 ./source/drivers/seven_seg_display.o
                0x00001de4                SevenSegDisplay_Init
 .text.SevenSegDisplay_ChangeCharacter
                0x00001ec8       0x44 ./source/drivers/seven_seg_display.o
                0x00001ec8                SevenSegDisplay_ChangeCharacter
 .text.SevenSegDisplay_BlinkScreen
                0x00001f0c       0x54 ./source/drivers/seven_seg_display.o
                0x00001f0c                SevenSegDisplay_BlinkScreen
 .text.SevenSegDisplay_BlinkCharacter
                0x00001f60       0x8c ./source/drivers/seven_seg_display.o
                0x00001f60                SevenSegDisplay_BlinkCharacter
 .text.SevenSegDisplay_SetBright
                0x00001fec       0x20 ./source/drivers/seven_seg_display.o
                0x00001fec                SevenSegDisplay_SetBright
 .text.SevenSegDisplay_WriteBuffer
                0x0000200c       0x68 ./source/drivers/seven_seg_display.o
                0x0000200c                SevenSegDisplay_WriteBuffer
 .text.SevenSegDisplay_WriteBufferAndMove
                0x00002074       0x90 ./source/drivers/seven_seg_display.o
                0x00002074                SevenSegDisplay_WriteBufferAndMove
 .text.SevenSegDisplay_Swipe
                0x00002104       0x5c ./source/drivers/seven_seg_display.o
                0x00002104                SevenSegDisplay_Swipe
 .text.SevenSegDisplay_SetPos
                0x00002160       0x30 ./source/drivers/seven_seg_display.o
                0x00002160                SevenSegDisplay_SetPos
 .text.SevenSegDisplay_CursorOn
                0x00002190       0x3c ./source/drivers/seven_seg_display.o
                0x00002190                SevenSegDisplay_CursorOn
 .text.SevenSegDisplay_CursorOff
                0x000021cc       0x2c ./source/drivers/seven_seg_display.o
                0x000021cc                SevenSegDisplay_CursorOff
 .text.SevenSegDisplay_CursorInc
                0x000021f8       0x48 ./source/drivers/seven_seg_display.o
                0x000021f8                SevenSegDisplay_CursorInc
 .text.SevenSegDisplay_CursorDec
                0x00002240       0x48 ./source/drivers/seven_seg_display.o
                0x00002240                SevenSegDisplay_CursorDec
 .text.SevenSegDisplay_PrintCharacter
                0x00002288       0x50 ./source/drivers/seven_seg_display.o
                0x00002288                SevenSegDisplay_PrintCharacter
 .text.SevenSegDisplay_PISR
                0x000022d8      0x210 ./source/drivers/seven_seg_display.o
                0x000022d8                SevenSegDisplay_PISR
 .text.SevenSegDisplay_EraseScreen
                0x000024e8       0x3c ./source/drivers/seven_seg_display.o
                0x000024e8                SevenSegDisplay_EraseScreen
 .text.SevenSegDisplay_chat2sevseg
                0x00002524       0x7c ./source/drivers/seven_seg_display.o
                0x00002524                SevenSegDisplay_chat2sevseg
 .text.initializeDataBase
                0x000025a0      0x284 ./source/database/data_base.o
                0x000025a0                initializeDataBase
 .text.verifyID
                0x00002824       0xa8 ./source/database/data_base.o
                0x00002824                verifyID
 .text.verifyPIN
                0x000028cc       0xc4 ./source/database/data_base.o
                0x000028cc                verifyPIN
 .text.isCurrentUserBlocked
                0x00002990       0x38 ./source/database/data_base.o
                0x00002990                isCurrentUserBlocked
 .text.UnblockUser
                0x000029c8       0x64 ./source/database/data_base.o
                0x000029c8                UnblockUser
 .text.IsAdmin  0x00002a2c       0x38 ./source/database/data_base.o
                0x00002a2c                IsAdmin
 .text.checkAddUser
                0x00002a64      0x134 ./source/database/data_base.o
                0x00002a64                checkAddUser
 .text.validateAll
                0x00002b98       0x68 ./source/database/data_base.o
                0x00002b98                validateAll
 .text.changePin
                0x00002c00       0x6c ./source/database/data_base.o
                0x00002c00                changePin
 .text.verifyCardNumber
                0x00002c6c       0xd0 ./source/database/data_base.o
                0x00002c6c                verifyCardNumber
 .text.SysTick_Init
                0x00002d3c       0x3c ./source/MCAL/SysTick.o
                0x00002d3c                SysTick_Init
 .text.SysTick_AddCallback
                0x00002d78       0x88 ./source/MCAL/SysTick.o
                0x00002d78                SysTick_AddCallback
 .text.SysTick_Handler
                0x00002e00       0xcc ./source/MCAL/SysTick.o
                0x00002e00                SysTick_Handler
 .text.__NVIC_EnableIRQ
                0x00002ecc       0x3c ./source/MCAL/gpio.o
 .text.__NVIC_GetEnableIRQ
                0x00002f08       0x40 ./source/MCAL/gpio.o
 .text.gpioMode
                0x00002f48      0x17c ./source/MCAL/gpio.o
                0x00002f48                gpioMode
 .text.gpioToggle
                0x000030c4       0x48 ./source/MCAL/gpio.o
                0x000030c4                gpioToggle
 .text.gpioRead
                0x0000310c       0x48 ./source/MCAL/gpio.o
                0x0000310c                gpioRead
 .text.gpioWrite
                0x00003154       0x5c ./source/MCAL/gpio.o
                0x00003154                gpioWrite
 .text.gpioIRQ  0x000031b0       0x90 ./source/MCAL/gpio.o
                0x000031b0                gpioIRQ
 .text.interruptHandler
                0x00003240       0x90 ./source/MCAL/gpio.o
                0x00003240                interruptHandler
 .text.addUserId_initLogin
                0x000032d0       0x28 ./source/FSM/States/add_user_state/substates/add_user_id_state.o
                0x000032d0                addUserId_initLogin
 .text.addUserId_increaseCurrent
                0x000032f8       0x40 ./source/FSM/States/add_user_state/substates/add_user_id_state.o
                0x000032f8                addUserId_increaseCurrent
 .text.addUserId_decreaseCurrent
                0x00003338       0x40 ./source/FSM/States/add_user_state/substates/add_user_id_state.o
                0x00003338                addUserId_decreaseCurrent
 .text.addUserId_confirmID
                0x00003378       0x64 ./source/FSM/States/add_user_state/substates/add_user_id_state.o
                0x00003378                addUserId_confirmID
 .text.addUserId_acceptNumber
                0x000033dc       0x40 ./source/FSM/States/add_user_state/substates/add_user_id_state.o
                0x000033dc                addUserId_acceptNumber
 .text.addUserId_getIDArray
                0x0000341c       0x14 ./source/FSM/States/add_user_state/substates/add_user_id_state.o
                0x0000341c                addUserId_getIDArray
 .text.showTitle
                0x00003430       0x48 ./source/FSM/States/add_user_state/substates/add_user_id_state.o
 .text.stopShowingTitle
                0x00003478       0x30 ./source/FSM/States/add_user_state/substates/add_user_id_state.o
 .text.userInteractionStopsTitle
                0x000034a8       0x28 ./source/FSM/States/add_user_state/substates/add_user_id_state.o
 .text.userInteractionStopErrorIndication
                0x000034d0       0x2c ./source/FSM/States/add_user_state/substates/add_user_id_state.o
 .text.idFail   0x000034fc       0x4c ./source/FSM/States/add_user_state/substates/add_user_id_state.o
 .text.idAlreadyExists
                0x00003548       0x4c ./source/FSM/States/add_user_state/substates/add_user_id_state.o
 .text.addUsr_initState
                0x00003594       0x4c ./source/FSM/States/add_user_state/substates/add_user_main_state.o
                0x00003594                addUsr_initState
 .text.addUsr_cardSwipe
                0x000035e0       0xb8 ./source/FSM/States/add_user_state/substates/add_user_main_state.o
                0x000035e0                addUsr_cardSwipe
 .text.addUsr_getCardNumber
                0x00003698       0x14 ./source/FSM/States/add_user_state/substates/add_user_main_state.o
                0x00003698                addUsr_getCardNumber
 .text.addUserPin_initPinInput
                0x000036ac       0x28 ./source/FSM/States/add_user_state/substates/add_user_pin_state.o
                0x000036ac                addUserPin_initPinInput
 .text.addUserPin_confirmPin
                0x000036d4       0x70 ./source/FSM/States/add_user_state/substates/add_user_pin_state.o
                0x000036d4                addUserPin_confirmPin
 .text.addUserPin_acceptNumber
                0x00003744       0x5c ./source/FSM/States/add_user_state/substates/add_user_pin_state.o
                0x00003744                addUserPin_acceptNumber
 .text.addUserPin_increaseCurrent
                0x000037a0       0x40 ./source/FSM/States/add_user_state/substates/add_user_pin_state.o
                0x000037a0                addUserPin_increaseCurrent
 .text.addUserPin_decreaseCurrent
                0x000037e0       0x40 ./source/FSM/States/add_user_state/substates/add_user_pin_state.o
                0x000037e0                addUserPin_decreaseCurrent
 .text.showTitle
                0x00003820       0x48 ./source/FSM/States/add_user_state/substates/add_user_pin_state.o
 .text.stopShowingTitle
                0x00003868       0x30 ./source/FSM/States/add_user_state/substates/add_user_pin_state.o
 .text.userInteractionStopsTitle
                0x00003898       0x28 ./source/FSM/States/add_user_state/substates/add_user_pin_state.o
 .text.userInteractionStopErrorIndication
                0x000038c0       0x2c ./source/FSM/States/add_user_state/substates/add_user_pin_state.o
 .text.pinFail  0x000038ec       0x4c ./source/FSM/States/add_user_state/substates/add_user_pin_state.o
 .text.subFSM_GetInitState
                0x00003938       0x14 ./source/FSM/States/add_user_state/add_user_fsm_table.o
                0x00003938                subFSM_GetInitState
 .text.addUser_initFSM
                0x0000394c       0x1c ./source/FSM/States/add_user_state/add_user_state.o
                0x0000394c                addUser_initFSM
 .text.addUser_onLKP
                0x00003968       0x20 ./source/FSM/States/add_user_state/add_user_state.o
                0x00003968                addUser_onLKP
 .text.addUser_onPress
                0x00003988       0x20 ./source/FSM/States/add_user_state/add_user_state.o
                0x00003988                addUser_onPress
 .text.addUser_onEncoderRight
                0x000039a8       0x20 ./source/FSM/States/add_user_state/add_user_state.o
                0x000039a8                addUser_onEncoderRight
 .text.addUser_onEncoderLeft
                0x000039c8       0x20 ./source/FSM/States/add_user_state/add_user_state.o
                0x000039c8                addUser_onEncoderLeft
 .text.addUser_onCardSwipe
                0x000039e8       0x20 ./source/FSM/States/add_user_state/add_user_state.o
                0x000039e8                addUser_onCardSwipe
 .text.addUser_onReturn
                0x00003a08       0x20 ./source/FSM/States/add_user_state/add_user_state.o
                0x00003a08                addUser_onReturn
 .text.addUser_onIdOk
                0x00003a28       0x20 ./source/FSM/States/add_user_state/add_user_state.o
                0x00003a28                addUser_onIdOk
 .text.initConfigDevice
                0x00003a48       0x40 ./source/FSM/States/config_device_state.o
                0x00003a48                initConfigDevice
 .text.configDev_nextOption
                0x00003a88       0x2c ./source/FSM/States/config_device_state.o
                0x00003a88                configDev_nextOption
 .text.configDev_previousOption
                0x00003ab4       0x2c ./source/FSM/States/config_device_state.o
                0x00003ab4                configDev_previousOption
 .text.showCurrentOption
                0x00003ae0       0x38 ./source/FSM/States/config_device_state.o
 .text.configMe_initState
                0x00003b18       0x28 ./source/FSM/States/config_me_state.o
                0x00003b18                configMe_initState
 .text.configMe_confirmPin
                0x00003b40       0x48 ./source/FSM/States/config_me_state.o
                0x00003b40                configMe_confirmPin
 .text.configMe_acceptNumber
                0x00003b88       0x40 ./source/FSM/States/config_me_state.o
                0x00003b88                configMe_acceptNumber
 .text.configMe_increaseCurrent
                0x00003bc8       0x40 ./source/FSM/States/config_me_state.o
                0x00003bc8                configMe_increaseCurrent
 .text.configMe_decreaseCurrent
                0x00003c08       0x40 ./source/FSM/States/config_me_state.o
                0x00003c08                configMe_decreaseCurrent
 .text.showTitle
                0x00003c48       0x4c ./source/FSM/States/config_me_state.o
 .text.stopShowingTitle
                0x00003c94       0x30 ./source/FSM/States/config_me_state.o
 .text.userInteractionStopsTitle
                0x00003cc4       0x28 ./source/FSM/States/config_me_state.o
 .text.userInteractionStopErrorIndication
                0x00003cec       0x2c ./source/FSM/States/config_me_state.o
 .text.pinFail  0x00003d18       0x4c ./source/FSM/States/config_me_state.o
 .text.initFailState
                0x00003d64       0x64 ./source/FSM/States/fail_state.o
                0x00003d64                initFailState
 .text.finishFail
                0x00003dc8       0x30 ./source/FSM/States/fail_state.o
                0x00003dc8                finishFail
 .text.initLogin
                0x00003df8       0x28 ./source/FSM/States/id_state.o
                0x00003df8                initLogin
 .text.id_increaseCurrent
                0x00003e20       0x40 ./source/FSM/States/id_state.o
                0x00003e20                id_increaseCurrent
 .text.id_decreaseCurrent
                0x00003e60       0x40 ./source/FSM/States/id_state.o
                0x00003e60                id_decreaseCurrent
 .text.id_confirmID
                0x00003ea0       0x50 ./source/FSM/States/id_state.o
                0x00003ea0                id_confirmID
 .text.id_acceptNumber
                0x00003ef0       0x40 ./source/FSM/States/id_state.o
                0x00003ef0                id_acceptNumber
 .text.id_checkCardID
                0x00003f30       0xb0 ./source/FSM/States/id_state.o
                0x00003f30                id_checkCardID
 .text.showTitle
                0x00003fe0       0x48 ./source/FSM/States/id_state.o
 .text.stopShowingTitle
                0x00004028       0x30 ./source/FSM/States/id_state.o
 .text.userInteractionStopsTitle
                0x00004058       0x28 ./source/FSM/States/id_state.o
 .text.userInteractionStopErrorIndication
                0x00004080       0x2c ./source/FSM/States/id_state.o
 .text.idFail   0x000040ac       0x4c ./source/FSM/States/id_state.o
 .text.idCardFail
                0x000040f8       0x4c ./source/FSM/States/id_state.o
 .text.menu_initState
                0x00004144       0x30 ./source/FSM/States/menu_state.o
                0x00004144                menu_initState
 .text.menu_nextOption
                0x00004174       0x60 ./source/FSM/States/menu_state.o
                0x00004174                menu_nextOption
 .text.menu_previousOption
                0x000041d4       0x5c ./source/FSM/States/menu_state.o
                0x000041d4                menu_previousOption
 .text.menu_selectOption
                0x00004230       0x80 ./source/FSM/States/menu_state.o
                0x00004230                menu_selectOption
 .text.showTitle
                0x000042b0       0x50 ./source/FSM/States/menu_state.o
 .text.showCurrentOption
                0x00004300       0xa8 ./source/FSM/States/menu_state.o
 .text.stopShowingTitle
                0x000043a8       0x1c ./source/FSM/States/menu_state.o
 .text.userInteractionStopsTitle
                0x000043c4       0x24 ./source/FSM/States/menu_state.o
 .text.openDoor
                0x000043e8       0x20 ./source/FSM/States/open_state.o
                0x000043e8                openDoor
 .text.initPinInput
                0x00004408       0x20 ./source/FSM/States/pin_state.o
                0x00004408                initPinInput
 .text.pin_confirmPin
                0x00004428       0x40 ./source/FSM/States/pin_state.o
                0x00004428                pin_confirmPin
 .text.pin_acceptNumber
                0x00004468       0x48 ./source/FSM/States/pin_state.o
                0x00004468                pin_acceptNumber
 .text.pin_increaseCurrent
                0x000044b0       0x30 ./source/FSM/States/pin_state.o
                0x000044b0                pin_increaseCurrent
 .text.pin_decreaseCurrent
                0x000044e0       0x30 ./source/FSM/States/pin_state.o
                0x000044e0                pin_decreaseCurrent
 .text.showTitle
                0x00004510       0x48 ./source/FSM/States/pin_state.o
 .text.stopShowingTitle
                0x00004558       0x28 ./source/FSM/States/pin_state.o
 .text.userInteractionStopsTitle
                0x00004580       0x24 ./source/FSM/States/pin_state.o
 .text.showWelcomeAnimation
                0x000045a4       0x28 ./source/FSM/States/welcome_state.o
                0x000045a4                showWelcomeAnimation
 .text.FSM_GetInitState
                0x000045cc       0x14 ./source/FSM/fsm_table.o
                0x000045cc                FSM_GetInitState
 .text.App_Init
                0x000045e0       0x64 ./source/App.o
                0x000045e0                App_Init
 .text.App_Run  0x00004644       0x38 ./source/App.o
                0x00004644                App_Run
 .text.fillQueue
                0x0000467c       0x94 ./source/App.o
 .text.initQueue
                0x00004710       0x50 ./source/queue.o
                0x00004710                initQueue
 .text.emitEvent
                0x00004760       0x70 ./source/queue.o
                0x00004760                emitEvent
 .text.getEvent
                0x000047d0       0x3c ./source/queue.o
                0x000047d0                getEvent
 .text.queueIsEmpty
                0x0000480c       0x34 ./source/queue.o
                0x0000480c                queueIsEmpty
 .text.SystemInit
                0x00004840       0x3c ./CMSIS/system_MK64F12.o
                0x00004840                SystemInit
 .text._initio  0x0000487c       0x78 c:/nxp/mcuxpressoide_10.2.0_759/ide/tools/bin/../lib/gcc/arm-none-eabi/7.2.1/../../../../arm-none-eabi/lib/thumb/v7e-m/fpv4-sp/hard\libcr_c.a(initio.o)
                0x0000487c                _initio
 .text.setvbuf  0x000048f4       0x40 c:/nxp/mcuxpressoide_10.2.0_759/ide/tools/bin/../lib/gcc/arm-none-eabi/7.2.1/../../../../arm-none-eabi/lib/thumb/v7e-m/fpv4-sp/hard\libcr_c.a(setvbuf.o)
                0x000048f4                setvbuf
 .text.fflush   0x00004934       0x44 c:/nxp/mcuxpressoide_10.2.0_759/ide/tools/bin/../lib/gcc/arm-none-eabi/7.2.1/../../../../arm-none-eabi/lib/thumb/v7e-m/fpv4-sp/hard\libcr_c.a(fflush.o)
                0x00004934                fflush
 .text.fseek    0x00004978      0x100 c:/nxp/mcuxpressoide_10.2.0_759/ide/tools/bin/../lib/gcc/arm-none-eabi/7.2.1/../../../../arm-none-eabi/lib/thumb/v7e-m/fpv4-sp/hard\libcr_c.a(fseek.o)
                0x00004978                fseek
 .text.ftell    0x00004a78       0x44 c:/nxp/mcuxpressoide_10.2.0_759/ide/tools/bin/../lib/gcc/arm-none-eabi/7.2.1/../../../../arm-none-eabi/lib/thumb/v7e-m/fpv4-sp/hard\libcr_c.a(ftell.o)
                0x00004a78                ftell
 .text._Cwritebuf
                0x00004abc       0x6c c:/nxp/mcuxpressoide_10.2.0_759/ide/tools/bin/../lib/gcc/arm-none-eabi/7.2.1/../../../../arm-none-eabi/lib/thumb/v7e-m/fpv4-sp/hard\libcr_c.a(_writebuf.o)
                0x00004abc                _Cwritebuf
 .text.main     0x00004b28       0x1a ./source/startup/main.o
                0x00004b28                main
 .text.HardFault_Handler
                0x00004b42       0x2c ./source/startup/semihost_hardfault.o
                0x00004b42                HardFault_Handler
 .text.DMA0_IRQHandler
                0x00004b6e        0x8 ./source/startup/startup_mk64f12.o
                0x00004b6e                DMA0_IRQHandler
 .text.DMA1_IRQHandler
                0x00004b76        0x8 ./source/startup/startup_mk64f12.o
                0x00004b76                DMA1_IRQHandler
 .text.DMA2_IRQHandler
                0x00004b7e        0x8 ./source/startup/startup_mk64f12.o
                0x00004b7e                DMA2_IRQHandler
 .text.DMA3_IRQHandler
                0x00004b86        0x8 ./source/startup/startup_mk64f12.o
                0x00004b86                DMA3_IRQHandler
 .text.DMA4_IRQHandler
                0x00004b8e        0x8 ./source/startup/startup_mk64f12.o
                0x00004b8e                DMA4_IRQHandler
 .text.DMA5_IRQHandler
                0x00004b96        0x8 ./source/startup/startup_mk64f12.o
                0x00004b96                DMA5_IRQHandler
 .text.DMA6_IRQHandler
                0x00004b9e        0x8 ./source/startup/startup_mk64f12.o
                0x00004b9e                DMA6_IRQHandler
 .text.DMA7_IRQHandler
                0x00004ba6        0x8 ./source/startup/startup_mk64f12.o
                0x00004ba6                DMA7_IRQHandler
 .text.DMA8_IRQHandler
                0x00004bae        0x8 ./source/startup/startup_mk64f12.o
                0x00004bae                DMA8_IRQHandler
 .text.DMA9_IRQHandler
                0x00004bb6        0x8 ./source/startup/startup_mk64f12.o
                0x00004bb6                DMA9_IRQHandler
 .text.DMA10_IRQHandler
                0x00004bbe        0x8 ./source/startup/startup_mk64f12.o
                0x00004bbe                DMA10_IRQHandler
 .text.DMA11_IRQHandler
                0x00004bc6        0x8 ./source/startup/startup_mk64f12.o
                0x00004bc6                DMA11_IRQHandler
 .text.DMA12_IRQHandler
                0x00004bce        0x8 ./source/startup/startup_mk64f12.o
                0x00004bce                DMA12_IRQHandler
 .text.DMA13_IRQHandler
                0x00004bd6        0x8 ./source/startup/startup_mk64f12.o
                0x00004bd6                DMA13_IRQHandler
 .text.DMA14_IRQHandler
                0x00004bde        0x8 ./source/startup/startup_mk64f12.o
                0x00004bde                DMA14_IRQHandler
 .text.DMA15_IRQHandler
                0x00004be6        0x8 ./source/startup/startup_mk64f12.o
                0x00004be6                DMA15_IRQHandler
 .text.DMA_Error_IRQHandler
                0x00004bee        0x8 ./source/startup/startup_mk64f12.o
                0x00004bee                DMA_Error_IRQHandler
 .text.MCM_IRQHandler
                0x00004bf6        0x8 ./source/startup/startup_mk64f12.o
                0x00004bf6                MCM_IRQHandler
 .text.FTFE_IRQHandler
                0x00004bfe        0x8 ./source/startup/startup_mk64f12.o
                0x00004bfe                FTFE_IRQHandler
 .text.Read_Collision_IRQHandler
                0x00004c06        0x8 ./source/startup/startup_mk64f12.o
                0x00004c06                Read_Collision_IRQHandler
 .text.LVD_LVW_IRQHandler
                0x00004c0e        0x8 ./source/startup/startup_mk64f12.o
                0x00004c0e                LVD_LVW_IRQHandler
 .text.LLWU_IRQHandler
                0x00004c16        0x8 ./source/startup/startup_mk64f12.o
                0x00004c16                LLWU_IRQHandler
 .text.WDOG_EWM_IRQHandler
                0x00004c1e        0x8 ./source/startup/startup_mk64f12.o
                0x00004c1e                WDOG_EWM_IRQHandler
 .text.RNG_IRQHandler
                0x00004c26        0x8 ./source/startup/startup_mk64f12.o
                0x00004c26                RNG_IRQHandler
 .text.I2C0_IRQHandler
                0x00004c2e        0x8 ./source/startup/startup_mk64f12.o
                0x00004c2e                I2C0_IRQHandler
 .text.I2C1_IRQHandler
                0x00004c36        0x8 ./source/startup/startup_mk64f12.o
                0x00004c36                I2C1_IRQHandler
 .text.SPI0_IRQHandler
                0x00004c3e        0x8 ./source/startup/startup_mk64f12.o
                0x00004c3e                SPI0_IRQHandler
 .text.SPI1_IRQHandler
                0x00004c46        0x8 ./source/startup/startup_mk64f12.o
                0x00004c46                SPI1_IRQHandler
 .text.I2S0_Tx_IRQHandler
                0x00004c4e        0x8 ./source/startup/startup_mk64f12.o
                0x00004c4e                I2S0_Tx_IRQHandler
 .text.I2S0_Rx_IRQHandler
                0x00004c56        0x8 ./source/startup/startup_mk64f12.o
                0x00004c56                I2S0_Rx_IRQHandler
 .text.UART0_LON_IRQHandler
                0x00004c5e        0x8 ./source/startup/startup_mk64f12.o
                0x00004c5e                UART0_LON_IRQHandler
 .text.UART0_RX_TX_IRQHandler
                0x00004c66        0x8 ./source/startup/startup_mk64f12.o
                0x00004c66                UART0_RX_TX_IRQHandler
 .text.UART0_ERR_IRQHandler
                0x00004c6e        0x8 ./source/startup/startup_mk64f12.o
                0x00004c6e                UART0_ERR_IRQHandler
 .text.UART1_RX_TX_IRQHandler
                0x00004c76        0x8 ./source/startup/startup_mk64f12.o
                0x00004c76                UART1_RX_TX_IRQHandler
 .text.UART1_ERR_IRQHandler
                0x00004c7e        0x8 ./source/startup/startup_mk64f12.o
                0x00004c7e                UART1_ERR_IRQHandler
 .text.UART2_RX_TX_IRQHandler
                0x00004c86        0x8 ./source/startup/startup_mk64f12.o
                0x00004c86                UART2_RX_TX_IRQHandler
 .text.UART2_ERR_IRQHandler
                0x00004c8e        0x8 ./source/startup/startup_mk64f12.o
                0x00004c8e                UART2_ERR_IRQHandler
 .text.UART3_RX_TX_IRQHandler
                0x00004c96        0x8 ./source/startup/startup_mk64f12.o
                0x00004c96                UART3_RX_TX_IRQHandler
 .text.UART3_ERR_IRQHandler
                0x00004c9e        0x8 ./source/startup/startup_mk64f12.o
                0x00004c9e                UART3_ERR_IRQHandler
 .text.ADC0_IRQHandler
                0x00004ca6        0x8 ./source/startup/startup_mk64f12.o
                0x00004ca6                ADC0_IRQHandler
 .text.CMP0_IRQHandler
                0x00004cae        0x8 ./source/startup/startup_mk64f12.o
                0x00004cae                CMP0_IRQHandler
 .text.CMP1_IRQHandler
                0x00004cb6        0x8 ./source/startup/startup_mk64f12.o
                0x00004cb6                CMP1_IRQHandler
 .text.FTM0_IRQHandler
                0x00004cbe        0x8 ./source/startup/startup_mk64f12.o
                0x00004cbe                FTM0_IRQHandler
 .text.FTM1_IRQHandler
                0x00004cc6        0x8 ./source/startup/startup_mk64f12.o
                0x00004cc6                FTM1_IRQHandler
 .text.FTM2_IRQHandler
                0x00004cce        0x8 ./source/startup/startup_mk64f12.o
                0x00004cce                FTM2_IRQHandler
 .text.CMT_IRQHandler
                0x00004cd6        0x8 ./source/startup/startup_mk64f12.o
                0x00004cd6                CMT_IRQHandler
 .text.RTC_IRQHandler
                0x00004cde        0x8 ./source/startup/startup_mk64f12.o
                0x00004cde                RTC_IRQHandler
 .text.RTC_Seconds_IRQHandler
                0x00004ce6        0x8 ./source/startup/startup_mk64f12.o
                0x00004ce6                RTC_Seconds_IRQHandler
 .text.PIT0_IRQHandler
                0x00004cee        0x8 ./source/startup/startup_mk64f12.o
                0x00004cee                PIT0_IRQHandler
 .text.PIT1_IRQHandler
                0x00004cf6        0x8 ./source/startup/startup_mk64f12.o
                0x00004cf6                PIT1_IRQHandler
 .text.PIT2_IRQHandler
                0x00004cfe        0x8 ./source/startup/startup_mk64f12.o
                0x00004cfe                PIT2_IRQHandler
 .text.PIT3_IRQHandler
                0x00004d06        0x8 ./source/startup/startup_mk64f12.o
                0x00004d06                PIT3_IRQHandler
 .text.PDB0_IRQHandler
                0x00004d0e        0x8 ./source/startup/startup_mk64f12.o
                0x00004d0e                PDB0_IRQHandler
 .text.USB0_IRQHandler
                0x00004d16        0x8 ./source/startup/startup_mk64f12.o
                0x00004d16                USB0_IRQHandler
 .text.USBDCD_IRQHandler
                0x00004d1e        0x8 ./source/startup/startup_mk64f12.o
                0x00004d1e                USBDCD_IRQHandler
 .text.Reserved71_IRQHandler
                0x00004d26        0x8 ./source/startup/startup_mk64f12.o
                0x00004d26                Reserved71_IRQHandler
 .text.DAC0_IRQHandler
                0x00004d2e        0x8 ./source/startup/startup_mk64f12.o
                0x00004d2e                DAC0_IRQHandler
 .text.MCG_IRQHandler
                0x00004d36        0x8 ./source/startup/startup_mk64f12.o
                0x00004d36                MCG_IRQHandler
 .text.LPTMR0_IRQHandler
                0x00004d3e        0x8 ./source/startup/startup_mk64f12.o
                0x00004d3e                LPTMR0_IRQHandler
 .text.SWI_IRQHandler
                0x00004d46        0x8 ./source/startup/startup_mk64f12.o
                0x00004d46                SWI_IRQHandler
 .text.SPI2_IRQHandler
                0x00004d4e        0x8 ./source/startup/startup_mk64f12.o
                0x00004d4e                SPI2_IRQHandler
 .text.UART4_RX_TX_IRQHandler
                0x00004d56        0x8 ./source/startup/startup_mk64f12.o
                0x00004d56                UART4_RX_TX_IRQHandler
 .text.UART4_ERR_IRQHandler
                0x00004d5e        0x8 ./source/startup/startup_mk64f12.o
                0x00004d5e                UART4_ERR_IRQHandler
 .text.UART5_RX_TX_IRQHandler
                0x00004d66        0x8 ./source/startup/startup_mk64f12.o
                0x00004d66                UART5_RX_TX_IRQHandler
 .text.UART5_ERR_IRQHandler
                0x00004d6e        0x8 ./source/startup/startup_mk64f12.o
                0x00004d6e                UART5_ERR_IRQHandler
 .text.CMP2_IRQHandler
                0x00004d76        0x8 ./source/startup/startup_mk64f12.o
                0x00004d76                CMP2_IRQHandler
 .text.FTM3_IRQHandler
                0x00004d7e        0x8 ./source/startup/startup_mk64f12.o
                0x00004d7e                FTM3_IRQHandler
 .text.DAC1_IRQHandler
                0x00004d86        0x8 ./source/startup/startup_mk64f12.o
                0x00004d86                DAC1_IRQHandler
 .text.ADC1_IRQHandler
                0x00004d8e        0x8 ./source/startup/startup_mk64f12.o
                0x00004d8e                ADC1_IRQHandler
 .text.I2C2_IRQHandler
                0x00004d96        0x8 ./source/startup/startup_mk64f12.o
                0x00004d96                I2C2_IRQHandler
 .text.CAN0_ORed_Message_buffer_IRQHandler
                0x00004d9e        0x8 ./source/startup/startup_mk64f12.o
                0x00004d9e                CAN0_ORed_Message_buffer_IRQHandler
 .text.CAN0_Bus_Off_IRQHandler
                0x00004da6        0x8 ./source/startup/startup_mk64f12.o
                0x00004da6                CAN0_Bus_Off_IRQHandler
 .text.CAN0_Error_IRQHandler
                0x00004dae        0x8 ./source/startup/startup_mk64f12.o
                0x00004dae                CAN0_Error_IRQHandler
 .text.CAN0_Tx_Warning_IRQHandler
                0x00004db6        0x8 ./source/startup/startup_mk64f12.o
                0x00004db6                CAN0_Tx_Warning_IRQHandler
 .text.CAN0_Rx_Warning_IRQHandler
                0x00004dbe        0x8 ./source/startup/startup_mk64f12.o
                0x00004dbe                CAN0_Rx_Warning_IRQHandler
 .text.CAN0_Wake_Up_IRQHandler
                0x00004dc6        0x8 ./source/startup/startup_mk64f12.o
                0x00004dc6                CAN0_Wake_Up_IRQHandler
 .text.SDHC_IRQHandler
                0x00004dce        0x8 ./source/startup/startup_mk64f12.o
                0x00004dce                SDHC_IRQHandler
 .text.ENET_1588_Timer_IRQHandler
                0x00004dd6        0x8 ./source/startup/startup_mk64f12.o
                0x00004dd6                ENET_1588_Timer_IRQHandler
 .text.ENET_Transmit_IRQHandler
                0x00004dde        0x8 ./source/startup/startup_mk64f12.o
                0x00004dde                ENET_Transmit_IRQHandler
 .text.ENET_Receive_IRQHandler
                0x00004de6        0x8 ./source/startup/startup_mk64f12.o
                0x00004de6                ENET_Receive_IRQHandler
 .text.ENET_Error_IRQHandler
                0x00004dee        0x8 ./source/startup/startup_mk64f12.o
                0x00004dee                ENET_Error_IRQHandler
 .text.Led_On   0x00004df6       0x1c ./source/drivers/Led.o
                0x00004df6                Led_On
 .text.Led_Off  0x00004e12       0x1c ./source/drivers/Led.o
                0x00004e12                Led_Off
 .text.Led_Toggle
                0x00004e2e       0x1a ./source/drivers/Led.o
                0x00004e2e                Led_Toggle
 .text.OnForDefinedTimeCalledFromPISR
                0x00004e48       0x4e ./source/drivers/Led.o
 .text.BlinkCalledFromPISR
                0x00004e96       0x74 ./source/drivers/Led.o
 .text.RepetitionBlinkCalledFromPISR
                0x00004f0a       0x7c ./source/drivers/Led.o
 .text.InfiniteBlinkCalledFromPISR
                0x00004f86       0x4a ./source/drivers/Led.o
 .text.getArrayEffectiveLength
                0x00004fd0       0x54 ./source/drivers/Timer.o
 .text.validateNewId
                0x00005024       0x38 ./source/database/data_base.o
                0x00005024                validateNewId
 .text.checkPinArrayFormat
                0x0000505c       0x2c ./source/database/data_base.o
                0x0000505c                checkPinArrayFormat
 .text.checkIdArrayFormat
                0x00005088       0x26 ./source/database/data_base.o
 .text.getEffectiveArrayLength
                0x000050ae       0x48 ./source/database/data_base.o
 .text.getArrayEffectiveLength
                0x000050f6       0x54 ./source/MCAL/SysTick.o
 .text.PORTA_IRQHandler
                0x0000514a       0x1e ./source/MCAL/gpio.o
                0x0000514a                PORTA_IRQHandler
 .text.PORTB_IRQHandler
                0x00005168       0x1e ./source/MCAL/gpio.o
                0x00005168                PORTB_IRQHandler
 .text.PORTC_IRQHandler
                0x00005186       0x1e ./source/MCAL/gpio.o
                0x00005186                PORTC_IRQHandler
 .text.PORTD_IRQHandler
                0x000051a4       0x1e ./source/MCAL/gpio.o
                0x000051a4                PORTD_IRQHandler
 .text.PORTE_IRQHandler
                0x000051c2       0x1e ./source/MCAL/gpio.o
                0x000051c2                PORTE_IRQHandler
 .text.userInteractionStopErrorIndicationAndRestart
                0x000051e0       0x10 ./source/FSM/States/add_user_state/substates/add_user_id_state.o
 .text.userInteractionStopErrorIndicationAndRestart
                0x000051f0       0x10 ./source/FSM/States/add_user_state/substates/add_user_pin_state.o
 .text.subFSM_StartInitState
                0x00005200        0xc ./source/FSM/States/add_user_state/add_user_fsm_table.o
                0x00005200                subFSM_StartInitState
 .text.do_nothing
                0x0000520c        0xe ./source/FSM/States/add_user_state/add_user_fsm_table.o
 .text.return_to_last
                0x0000521a        0xe ./source/FSM/States/add_user_state/add_user_fsm_table.o
 .text.configDev_selectOption
                0x00005228       0x12 ./source/FSM/States/config_device_state.o
                0x00005228                configDev_selectOption
 .text.userInteractionStopErrorIndicationAndRestart
                0x0000523a       0x10 ./source/FSM/States/config_me_state.o
 .text.userInteractionStopErrorIndicationAndRestart
                0x0000524a       0x10 ./source/FSM/States/id_state.o
 .text.accessTimeOut
                0x0000525a       0x14 ./source/FSM/States/open_state.o
                0x0000525a                accessTimeOut
 .text.inputIncreaseCurrent
                0x0000526e       0x8a ./source/FSM/States/user_input.o
                0x0000526e                inputIncreaseCurrent
 .text.inputDecreaseCurrent
                0x000052f8       0x8c ./source/FSM/States/user_input.o
                0x000052f8                inputDecreaseCurrent
 .text.inputResetArray
                0x00005384       0x3c ./source/FSM/States/user_input.o
                0x00005384                inputResetArray
 .text.inputAcceptNumber
                0x000053c0       0xa8 ./source/FSM/States/user_input.o
                0x000053c0                inputAcceptNumber
 .text.getEffectiveArrayLength
                0x00005468       0x60 ./source/FSM/States/user_input.o
 .text.deleteLastChar
                0x000054c8       0x52 ./source/FSM/States/user_input.o
 .text.cardSwipe
                0x0000551a       0x92 ./source/FSM/States/welcome_state.o
                0x0000551a                cardSwipe
 .text.fsm      0x000055ac       0x3c ./source/FSM/fsm.o
                0x000055ac                fsm
 .text.FSM_StartInitState
                0x000055e8        0xc ./source/FSM/fsm_table.o
                0x000055e8                FSM_StartInitState
 .text.do_nothing
                0x000055f4        0xe ./source/FSM/fsm_table.o
 .text.timeOutCallback
                0x00005602        0xe ./source/App.o
 .text.SystemInitHook
                0x00005610        0xe ./CMSIS/system_MK64F12.o
                0x00005610                SystemInitHook
 .text.__main   0x0000561e        0xe c:/nxp/mcuxpressoide_10.2.0_759/ide/tools/bin/../lib/gcc/arm-none-eabi/7.2.1/../../../../arm-none-eabi/lib/thumb/v7e-m/fpv4-sp/hard\libcr_semihost_nf.a(_cr__main.o)
                0x0000561e                __CR_SEMIHOST
                0x0000561e                __main
 .text.memcpy   0x0000562c        0x4 c:/nxp/mcuxpressoide_10.2.0_759/ide/tools/bin/../lib/gcc/arm-none-eabi/7.2.1/../../../../arm-none-eabi/lib/thumb/v7e-m/fpv4-sp/hard\libcr_c.a(memcpy.o)
                0x0000562c                memcpy
 .text.memset   0x00005630        0x4 c:/nxp/mcuxpressoide_10.2.0_759/ide/tools/bin/../lib/gcc/arm-none-eabi/7.2.1/../../../../arm-none-eabi/lib/thumb/v7e-m/fpv4-sp/hard\libcr_c.a(memset.o)
                0x00005630                memset
 .text._fdopen  0x00005634       0x68 c:/nxp/mcuxpressoide_10.2.0_759/ide/tools/bin/../lib/gcc/arm-none-eabi/7.2.1/../../../../arm-none-eabi/lib/thumb/v7e-m/fpv4-sp/hard\libcr_c.a(_fdopen.o)
                0x00005634                _fdopen
 .text.fclose   0x0000569c       0x58 c:/nxp/mcuxpressoide_10.2.0_759/ide/tools/bin/../lib/gcc/arm-none-eabi/7.2.1/../../../../arm-none-eabi/lib/thumb/v7e-m/fpv4-sp/hard\libcr_c.a(fclose.o)
                0x0000569c                fclose
 .text.remove   0x000056f4       0x14 c:/nxp/mcuxpressoide_10.2.0_759/ide/tools/bin/../lib/gcc/arm-none-eabi/7.2.1/../../../../arm-none-eabi/lib/thumb/v7e-m/fpv4-sp/hard\libcr_c.a(remove.o)
                0x000056f4                remove
 .text.strlen   0x00005708       0x4a c:/nxp/mcuxpressoide_10.2.0_759/ide/tools/bin/../lib/gcc/arm-none-eabi/7.2.1/../../../../arm-none-eabi/lib/thumb/v7e-m/fpv4-sp/hard\libcr_c.a(strlen.o)
                0x00005708                strlen
 .text._do_fflush
                0x00005752       0x40 c:/nxp/mcuxpressoide_10.2.0_759/ide/tools/bin/../lib/gcc/arm-none-eabi/7.2.1/../../../../arm-none-eabi/lib/thumb/v7e-m/fpv4-sp/hard\libcr_c.a(_do_fflush.o)
                0x00005752                _do_fflush
 .text._fflush  0x00005792       0x52 c:/nxp/mcuxpressoide_10.2.0_759/ide/tools/bin/../lib/gcc/arm-none-eabi/7.2.1/../../../../arm-none-eabi/lib/thumb/v7e-m/fpv4-sp/hard\libcr_c.a(_fflush.o)
                0x00005792                _fflush
 .text.free     0x000057e4       0x30 c:/nxp/mcuxpressoide_10.2.0_759/ide/tools/bin/../lib/gcc/arm-none-eabi/7.2.1/../../../../arm-none-eabi/lib/thumb/v7e-m/fpv4-sp/hard\libcr_c.a(alloc.o)
                0x000057e4                free
 .text._deferredlazyseek
                0x00005814       0x40 c:/nxp/mcuxpressoide_10.2.0_759/ide/tools/bin/../lib/gcc/arm-none-eabi/7.2.1/../../../../arm-none-eabi/lib/thumb/v7e-m/fpv4-sp/hard\libcr_c.a(_deferredlazyseek.o)
                0x00005814                _deferredlazyseek
 .text.__aeabi_memcpy
                0x00005854       0x34 c:/nxp/mcuxpressoide_10.2.0_759/ide/tools/bin/../lib/gcc/arm-none-eabi/7.2.1/thumb/v7e-m/fpv4-sp/hard\libcr_eabihelpers.a(memcpy.o)
                0x00005854                __aeabi_memcpy
                0x0000585e                __aeabi_memcpy8
                0x0000585e                __aeabi_memcpy4
 .text.__aeabi_memset_lowlevel
                0x00005888       0x32 c:/nxp/mcuxpressoide_10.2.0_759/ide/tools/bin/../lib/gcc/arm-none-eabi/7.2.1/thumb/v7e-m/fpv4-sp/hard\libcr_eabihelpers.a(memcpy.o)
                0x00005888                __aeabi_lowlevel_memset
 .text.__sys_close
                0x000058ba        0xc c:/nxp/mcuxpressoide_10.2.0_759/ide/tools/bin/../lib/gcc/arm-none-eabi/7.2.1/../../../../arm-none-eabi/lib/thumb/v7e-m/fpv4-sp/hard\libcr_semihost_nf.a(__sys_close.o)
                0x000058ba                __sys_close
 .text.__sys_flen
                0x000058c6        0xc c:/nxp/mcuxpressoide_10.2.0_759/ide/tools/bin/../lib/gcc/arm-none-eabi/7.2.1/../../../../arm-none-eabi/lib/thumb/v7e-m/fpv4-sp/hard\libcr_semihost_nf.a(__sys_flen.o)
                0x000058c6                __sys_flen
 .text.__sys_istty
                0x000058d2        0xc c:/nxp/mcuxpressoide_10.2.0_759/ide/tools/bin/../lib/gcc/arm-none-eabi/7.2.1/../../../../arm-none-eabi/lib/thumb/v7e-m/fpv4-sp/hard\libcr_semihost_nf.a(__sys_istty.o)
                0x000058d2                __sys_istty
 .text.__sys_remove
                0x000058de        0xc c:/nxp/mcuxpressoide_10.2.0_759/ide/tools/bin/../lib/gcc/arm-none-eabi/7.2.1/../../../../arm-none-eabi/lib/thumb/v7e-m/fpv4-sp/hard\libcr_semihost_nf.a(__sys_remove.o)
                0x000058de                __sys_remove
 .text.__sys_seek
                0x000058ea        0xc c:/nxp/mcuxpressoide_10.2.0_759/ide/tools/bin/../lib/gcc/arm-none-eabi/7.2.1/../../../../arm-none-eabi/lib/thumb/v7e-m/fpv4-sp/hard\libcr_semihost_nf.a(__sys_seek.o)
                0x000058ea                __sys_seek
 .text.__sys_tmpnam
                0x000058f6        0xc c:/nxp/mcuxpressoide_10.2.0_759/ide/tools/bin/../lib/gcc/arm-none-eabi/7.2.1/../../../../arm-none-eabi/lib/thumb/v7e-m/fpv4-sp/hard\libcr_semihost_nf.a(__sys_tmpnam.o)
                0x000058f6                __sys_tmpnam
 .text.__sys_write
                0x00005902        0xc c:/nxp/mcuxpressoide_10.2.0_759/ide/tools/bin/../lib/gcc/arm-none-eabi/7.2.1/../../../../arm-none-eabi/lib/thumb/v7e-m/fpv4-sp/hard\libcr_semihost_nf.a(__sys_write.o)
                0x00005902                __sys_write
 *(SORT_BY_ALIGNMENT(.rodata) SORT_BY_ALIGNMENT(.rodata.*) SORT_BY_ALIGNMENT(.constdata) SORT_BY_ALIGNMENT(.constdata.*))
 *fill*         0x0000590e        0x2 ff
 .rodata.numbers
                0x00005910        0xa ./source/drivers/seven_seg_display.o
 *fill*         0x0000591a        0x2 ff
 .rodata.letters
                0x0000591c       0x1a ./source/drivers/seven_seg_display.o
 *fill*         0x00005936        0x2 ff
 .rodata.extras
                0x00005938        0x4 ./source/drivers/seven_seg_display.o
 .rodata        0x0000593c       0x2b ./source/FSM/States/add_user_state/substates/add_user_id_state.o
 *fill*         0x00005967        0x1 ff
 .rodata        0x00005968        0xb ./source/FSM/States/add_user_state/substates/add_user_main_state.o
 *fill*         0x00005973        0x1 ff
 .rodata        0x00005974       0x13 ./source/FSM/States/add_user_state/substates/add_user_pin_state.o
 *fill*         0x00005987        0x1 ff
 .rodata        0x00005988       0x12 ./source/FSM/States/config_me_state.o
 *fill*         0x0000599a        0x2 ff
 .rodata        0x0000599c       0x1b ./source/FSM/States/fail_state.o
 *fill*         0x000059b7        0x1 ff
 .rodata        0x000059b8       0x20 ./source/FSM/States/id_state.o
 .rodata        0x000059d8       0x4c ./source/FSM/States/menu_state.o
 .rodata        0x00005a24        0x5 ./source/FSM/States/pin_state.o
 *fill*         0x00005a29        0x3 ff
 .rodata        0x00005a2c        0x6 ./source/FSM/States/welcome_state.o
 *fill*         0x00005a32        0x2 ff
 .rodata.__num_Ciob_streams
                0x00005a34        0x4 c:/nxp/mcuxpressoide_10.2.0_759/ide/tools/bin/../lib/gcc/arm-none-eabi/7.2.1/../../../../arm-none-eabi/lib/thumb/v7e-m/fpv4-sp/hard\libcr_semihost_nf.a(__ciob.o)
                0x00005a34                __num_Ciob_streams
 .rodata._initio.str1.1
                0x00005a38        0x4 c:/nxp/mcuxpressoide_10.2.0_759/ide/tools/bin/../lib/gcc/arm-none-eabi/7.2.1/../../../../arm-none-eabi/lib/thumb/v7e-m/fpv4-sp/hard\libcr_c.a(initio.o)
                0x00005a40                . = ALIGN (0x8)
 *fill*         0x00005a3c        0x4 ff

.glue_7         0x00005a40        0x0
 .glue_7        0x00005a40        0x0 linker stubs

.glue_7t        0x00005a40        0x0
 .glue_7t       0x00005a40        0x0 linker stubs

.vfp11_veneer   0x00005a40        0x0
 .vfp11_veneer  0x00005a40        0x0 linker stubs

.v4_bx          0x00005a40        0x0
 .v4_bx         0x00005a40        0x0 linker stubs

.iplt           0x00005a40        0x0
 .iplt          0x00005a40        0x0 ./source/startup/hardware.o

.rel.dyn        0x00005a40        0x0
 .rel.iplt      0x00005a40        0x0 ./source/startup/hardware.o

.ARM.extab
 *(SORT_BY_ALIGNMENT(.ARM.extab*) SORT_BY_ALIGNMENT(.gnu.linkonce.armextab.*))
                0x00005a40                __exidx_start = .

.ARM.exidx
 *(SORT_BY_ALIGNMENT(.ARM.exidx*) SORT_BY_ALIGNMENT(.gnu.linkonce.armexidx.*))
                0x00005a40                __exidx_end = .
                0x00005a40                _etext = .

.m_usb_data
 *(SORT_BY_ALIGNMENT(m_usb_bdt))

.data_RAM2      0x1fff0000        0x0 load address 0x00005a40
 FILL mask 0xff
                [!provide]                PROVIDE (__start_data_RAM2, .)
 *(SORT_BY_ALIGNMENT(.ramfunc.$RAM2))
 *(SORT_BY_ALIGNMENT(.ramfunc.$SRAM_LOWER))
 *(SORT_BY_ALIGNMENT(.data.$RAM2*))
 *(SORT_BY_ALIGNMENT(.data.$SRAM_LOWER*))
                0x1fff0000                . = ALIGN (0x8)
                [!provide]                PROVIDE (__end_data_RAM2, .)

.data_RAM3      0x14000000        0x0 load address 0x00005a40
 FILL mask 0xff
                [!provide]                PROVIDE (__start_data_RAM3, .)
 *(SORT_BY_ALIGNMENT(.ramfunc.$RAM3))
 *(SORT_BY_ALIGNMENT(.ramfunc.$FLEX_RAM))
 *(SORT_BY_ALIGNMENT(.data.$RAM3*))
 *(SORT_BY_ALIGNMENT(.data.$FLEX_RAM*))
                0x14000000                . = ALIGN (0x8)
                [!provide]                PROVIDE (__end_data_RAM3, .)

.uninit_RESERVED
                0x20000000        0x0
 *(SORT_BY_ALIGNMENT(.bss.$RESERVED*))
                0x20000000                . = ALIGN (0x4)
                0x20000000                _end_uninit_RESERVED = .

.data           0x20000000      0x498 load address 0x00005a40
 FILL mask 0xff
                0x20000000                _data = .
 *(SORT_BY_ALIGNMENT(vtable))
 *(SORT_BY_ALIGNMENT(.ramfunc*))
 *(SORT_BY_ALIGNMENT(.data*))
 .data.displayPins
                0x20000000        0x8 ./source/drivers/seven_seg_display.o
 .data.selectPins
                0x20000008        0x2 ./source/drivers/seven_seg_display.o
 *fill*         0x2000000a        0x2 ff
 .data.ports    0x2000000c       0x14 ./source/MCAL/gpio.o
 .data.gpioPorts
                0x20000020       0x14 ./source/MCAL/gpio.o
 .data.titleTimerID
                0x20000034        0x4 ./source/FSM/States/add_user_state/substates/add_user_id_state.o
 .data.errorIndicationTimerID
                0x20000038        0x4 ./source/FSM/States/add_user_state/substates/add_user_id_state.o
 .data.titleTimerID
                0x2000003c        0x4 ./source/FSM/States/add_user_state/substates/add_user_pin_state.o
 .data.errorIndicationTimerID
                0x20000040        0x4 ./source/FSM/States/add_user_state/substates/add_user_pin_state.o
 .data.addUser_card
                0x20000044       0x6c ./source/FSM/States/add_user_state/add_user_fsm_table.o
                0x20000044                addUser_card
 .data.addUser_id
                0x200000b0       0x54 ./source/FSM/States/add_user_state/add_user_fsm_table.o
                0x200000b0                addUser_id
 .data.addUser_pin
                0x20000104       0x48 ./source/FSM/States/add_user_state/add_user_fsm_table.o
                0x20000104                addUser_pin
 .data.titleTimerID
                0x2000014c        0x4 ./source/FSM/States/config_me_state.o
 .data.errorIndicationTimerID
                0x20000150        0x4 ./source/FSM/States/config_me_state.o
 .data.titleTimerID
                0x20000154        0x4 ./source/FSM/States/id_state.o
 .data.errorIndicationTimerID
                0x20000158        0x4 ./source/FSM/States/id_state.o
 .data.titleTimerID
                0x2000015c        0x4 ./source/FSM/States/menu_state.o
 .data.titleTimerID
                0x20000160        0x4 ./source/FSM/States/pin_state.o
 .data.welcome  0x20000164       0x48 ./source/FSM/fsm_table.o
                0x20000164                welcome
 .data.id       0x200001ac       0x6c ./source/FSM/fsm_table.o
                0x200001ac                id
 .data.pin      0x20000218       0x6c ./source/FSM/fsm_table.o
                0x20000218                pin
 .data.fail     0x20000284       0x54 ./source/FSM/fsm_table.o
                0x20000284                fail
 .data.menu     0x200002d8       0x78 ./source/FSM/fsm_table.o
                0x200002d8                menu
 .data.open     0x20000350       0x18 ./source/FSM/fsm_table.o
                0x20000350                open
 .data.cfg_me   0x20000368       0x54 ./source/FSM/fsm_table.o
                0x20000368                cfg_me
 .data.add_user
                0x200003bc       0x90 ./source/FSM/fsm_table.o
                0x200003bc                add_user
 .data.cfg_device
                0x2000044c       0x48 ./source/FSM/fsm_table.o
                0x2000044c                cfg_device
 .data.brightness
                0x20000494        0x1 ./source/drivers/seven_seg_display.o
 .data.currBright.5327
                0x20000495        0x1 ./source/drivers/seven_seg_display.o
 .data.window.5328
                0x20000496        0x1 ./source/drivers/seven_seg_display.o
 .data.currentIdIndex
                0x20000497        0x1 ./source/database/data_base.o
                0x20000498                . = ALIGN (0x8)
                0x20000498                _edata = .

.igot.plt       0x20000498        0x0 load address 0x00005ed8
 .igot.plt      0x20000498        0x0 ./source/startup/hardware.o

.bss_RAM2       0x1fff0000        0x0
                [!provide]                PROVIDE (__start_bss_RAM2, .)
 *(SORT_BY_ALIGNMENT(.bss.$RAM2*))
 *(SORT_BY_ALIGNMENT(.bss.$SRAM_LOWER*))
                0x1fff0000                . = ALIGN ((. != 0x0)?0x8:0x1)
                [!provide]                PROVIDE (__end_bss_RAM2, .)

.bss_RAM3       0x14000000        0x0
                [!provide]                PROVIDE (__start_bss_RAM3, .)
 *(SORT_BY_ALIGNMENT(.bss.$RAM3*))
 *(SORT_BY_ALIGNMENT(.bss.$FLEX_RAM*))
                0x14000000                . = ALIGN ((. != 0x0)?0x8:0x1)
                [!provide]                PROVIDE (__end_bss_RAM3, .)

.bss            0x20000498     0x1360
                0x20000498                _bss = .
 *(SORT_BY_ALIGNMENT(.bss*))
 .bss.__LDM_interruptDisableCount
                0x20000498        0x4 ./source/startup/hardware.o
 .bss.ledElements
                0x2000049c       0xd8 ./source/drivers/Led.o
 .bss.defaultOnForDefinedTimeProperties
                0x20000574        0xc ./source/drivers/Led.o
 .bss.defaultBlinkProperties
                0x20000580       0x14 ./source/drivers/Led.o
 .bss.defaultInfiniteBlinkProperties
                0x20000594        0xc ./source/drivers/Led.o
 .bss.defaultRepetitionBlinkProperties
                0x200005a0       0x14 ./source/drivers/Led.o
 .bss.leds      0x200005b4       0x1e ./source/drivers/MplxLed.o
                0x200005b4                leds
 *fill*         0x200005d2        0x2 
 .bss.timerElements
                0x200005d4      0x190 ./source/drivers/Timer.o
 .bss.idCounter
                0x20000764        0x4 ./source/drivers/Timer.o
 .bss.buttons   0x20000768       0x14 ./source/drivers/button.o
 .bss.moves     0x2000077c        0x4 ./source/drivers/encoder.o
 .bss.message   0x20000780      0x190 ./source/drivers/lector.o
 .bss.screen    0x20000910       0xf0 ./source/drivers/seven_seg_display.o
 .bss.dataBase  0x20000a00      0x2a9 ./source/database/data_base.o
 *fill*         0x20000ca9        0x3 
 .bss.database  0x20000cac      0x2a9 ./source/database/data_base.o
 *fill*         0x20000f55        0x3 
 .bss.validNumberArray
                0x20000f58       0x13 ./source/database/data_base.o
 *fill*         0x20000f6b        0x1 
 .bss.blockedUsersIndexes
                0x20000f6c       0x1e ./source/database/data_base.o
 *fill*         0x20000f8a        0x2 
 .bss.sysTickElements
                0x20000f8c      0x190 ./source/MCAL/SysTick.o
 .bss.idCounter
                0x2000111c        0x4 ./source/MCAL/SysTick.o
 .bss.callbacks
                0x20001120      0x280 ./source/MCAL/gpio.o
 .bss.id        0x200013a0        0x8 ./source/FSM/States/add_user_state/substates/add_user_id_state.o
 .bss.cardNumber
                0x200013a8       0x13 ./source/FSM/States/add_user_state/substates/add_user_main_state.o
 *fill*         0x200013bb        0x1 
 .bss.pin       0x200013bc        0x5 ./source/FSM/States/add_user_state/substates/add_user_pin_state.o
 *fill*         0x200013c1        0x3 
 .bss.currentState
                0x200013c4        0x4 ./source/FSM/States/add_user_state/add_user_state.o
 .bss.newPin    0x200013c8        0x5 ./source/FSM/States/config_me_state.o
 *fill*         0x200013cd        0x3 
 .bss.errorIndicationTimerID
                0x200013d0        0x4 ./source/FSM/States/fail_state.o
 .bss.id        0x200013d4        0x8 ./source/FSM/States/id_state.o
 .bss.pin       0x200013dc        0x5 ./source/FSM/States/pin_state.o
 *fill*         0x200013e1        0x3 
 .bss.currentState
                0x200013e4        0x4 ./source/App.o
 .bss.userTimeOutTimerID
                0x200013e8        0x4 ./source/App.o
 .bss.eventQueue
                0x200013ec        0xc ./source/queue.o
                0x200013ec                eventQueue
 .bss.queue     0x200013f8      0x320 ./source/queue.o
                0x200013f8                queue
 .bss.errno     0x20001718        0x4 c:/nxp/mcuxpressoide_10.2.0_759/ide/tools/bin/../lib/gcc/arm-none-eabi/7.2.1/../../../../arm-none-eabi/lib/thumb/v7e-m/fpv4-sp/hard\libcr_c.a(errno.o)
                0x20001718                errno
 .bss.__Ciob    0x2000171c       0xb4 c:/nxp/mcuxpressoide_10.2.0_759/ide/tools/bin/../lib/gcc/arm-none-eabi/7.2.1/../../../../arm-none-eabi/lib/thumb/v7e-m/fpv4-sp/hard\libcr_semihost_nf.a(__ciob.o)
                0x2000171c                __Ciob
 .bss.bit       0x200017d0        0x2 ./source/drivers/lector.o
 .bss.moving_counter
                0x200017d2        0x2 ./source/drivers/seven_seg_display.o
 .bss.isInit.5478
                0x200017d4        0x1 ./source/drivers/MplxLed.o
 .bss.displayCounter.5537
                0x200017d5        0x1 ./source/drivers/MplxLed.o
 .bss.var       0x200017d6        0x1 ./source/drivers/button.o
                0x200017d6                var
 .bss.existingEvent
                0x200017d7        0x1 ./source/drivers/encoder.o
 .bss.statusA   0x200017d8        0x1 ./source/drivers/encoder.o
 .bss.statusB   0x200017d9        0x1 ./source/drivers/encoder.o
 .bss.init.5150
                0x200017da        0x1 ./source/drivers/encoder.o
 .bss.enable    0x200017db        0x1 ./source/drivers/lector.o
 .bss.event     0x200017dc        0x1 ./source/drivers/lector.o
 .bss.pos       0x200017dd        0x1 ./source/drivers/seven_seg_display.o
 .bss.moves_remainig
                0x200017de        0x1 ./source/drivers/seven_seg_display.o
 .bss.bouncing  0x200017df        0x1 ./source/drivers/seven_seg_display.o
 .bss.move_b    0x200017e0        0x1 ./source/drivers/seven_seg_display.o
 .bss.cursor_pos
                0x200017e1        0x1 ./source/drivers/seven_seg_display.o
 .bss.cursor    0x200017e2        0x1 ./source/drivers/seven_seg_display.o
 .bss.isInit.5245
                0x200017e3        0x1 ./source/drivers/seven_seg_display.o
 .bss.displayCounter.5326
                0x200017e4        0x1 ./source/drivers/seven_seg_display.o
 .bss.currentPos
                0x200017e5        0x1 ./source/FSM/States/add_user_state/substates/add_user_id_state.o
 .bss.showingTitle
                0x200017e6        0x1 ./source/FSM/States/add_user_state/substates/add_user_id_state.o
 .bss.showingErrorIndication
                0x200017e7        0x1 ./source/FSM/States/add_user_state/substates/add_user_id_state.o
 .bss.currentPos
                0x200017e8        0x1 ./source/FSM/States/add_user_state/substates/add_user_pin_state.o
 .bss.showingTitle
                0x200017e9        0x1 ./source/FSM/States/add_user_state/substates/add_user_pin_state.o
 .bss.showingErrorIndication
                0x200017ea        0x1 ./source/FSM/States/add_user_state/substates/add_user_pin_state.o
 .bss.currentOptionIndex
                0x200017eb        0x1 ./source/FSM/States/config_device_state.o
 .bss.currentPos
                0x200017ec        0x1 ./source/FSM/States/config_me_state.o
 .bss.showingTitle
                0x200017ed        0x1 ./source/FSM/States/config_me_state.o
 .bss.showingErrorIndication
                0x200017ee        0x1 ./source/FSM/States/config_me_state.o
 .bss.currentPos
                0x200017ef        0x1 ./source/FSM/States/id_state.o
 .bss.showingTitle
                0x200017f0        0x1 ./source/FSM/States/id_state.o
 .bss.showingErrorIndication
                0x200017f1        0x1 ./source/FSM/States/id_state.o
 .bss.currentOptionIndex
                0x200017f2        0x1 ./source/FSM/States/menu_state.o
 .bss.showingTitle
                0x200017f3        0x1 ./source/FSM/States/menu_state.o
 .bss.admin     0x200017f4        0x1 ./source/FSM/States/menu_state.o
 .bss.currentPos
                0x200017f5        0x1 ./source/FSM/States/pin_state.o
 .bss.showingTitle
                0x200017f6        0x1 ./source/FSM/States/pin_state.o
 *(SORT_BY_ALIGNMENT(COMMON))
                0x200017f8                . = ALIGN (0x8)
 *fill*         0x200017f7        0x1 
                0x200017f8                _ebss = .
                [!provide]                PROVIDE (end, .)

.noinit_RAM2    0x1fff0000        0x0
 *(SORT_BY_ALIGNMENT(.noinit.$RAM2*))
 *(SORT_BY_ALIGNMENT(.noinit.$SRAM_LOWER*))
                0x1fff0000                . = ALIGN (0x8)

.noinit_RAM3    0x14000000        0x0
 *(SORT_BY_ALIGNMENT(.noinit.$RAM3*))
 *(SORT_BY_ALIGNMENT(.noinit.$FLEX_RAM*))
                0x14000000                . = ALIGN (0x8)

.noinit         0x200017f8        0x0
                0x200017f8                _noinit = .
 *(SORT_BY_ALIGNMENT(.noinit*))
                0x200017f8                . = ALIGN (0x8)
                0x200017f8                _end_noinit = .
                0x00001000                _HeapSize = 0x1000

.heap           0x200017f8     0x1000
                0x200017f8                _pvHeapStart = .
                0x200027f8                . = (. + _HeapSize)
 *fill*         0x200017f8     0x1000 
                0x200027f8                . = ALIGN (0x8)
                0x200027f8                _pvHeapLimit = .
                0x00001000                _StackSize = 0x1000

.heap2stackfill
                0x200027f8     0x1000
                0x200037f8                . = (. + _StackSize)
 *fill*         0x200027f8     0x1000 

.stack          0x2002f000        0x0
                0x2002f000                _vStackBase = .
                0x2002f000                . = ALIGN (0x8)
                0x20030000                _vStackTop = (. + _StackSize)
                0x00000000                _image_start = LOADADDR (.text)
                0x00005ed8                _image_end = (LOADADDR (.data) + SIZEOF (.data))
                0x00005ed8                _image_size = (_image_end - _image_start)
OUTPUT(ControlDeAcceso.axf elf32-littlearm)

.debug_info     0x00000000     0x91eb
 .debug_info    0x00000000      0x6aa ./source/startup/hardware.o
 .debug_info    0x000006aa       0xec ./source/startup/main.o
 .debug_info    0x00000796       0x3b ./source/startup/semihost_hardfault.o
 .debug_info    0x000007d1      0x8b0 ./source/startup/startup_mk64f12.o
 .debug_info    0x00001081      0x88f ./source/drivers/Led.o
 .debug_info    0x00001910      0x5ae ./source/drivers/MplxLed.o
 .debug_info    0x00001ebe      0x53a ./source/drivers/Timer.o
 .debug_info    0x000023f8      0x37f ./source/drivers/button.o
 .debug_info    0x00002777      0x1b3 ./source/drivers/encoder.o
 .debug_info    0x0000292a      0x441 ./source/drivers/lector.o
 .debug_info    0x00002d6b      0x659 ./source/drivers/seven_seg_display.o
 .debug_info    0x000033c4      0x6f7 ./source/database/data_base.o
 .debug_info    0x00003abb      0x52b ./source/MCAL/SysTick.o
 .debug_info    0x00003fe6      0xa99 ./source/MCAL/gpio.o
 .debug_info    0x00004a7f      0x484 ./source/FSM/States/add_user_state/substates/add_user_id_state.o
 .debug_info    0x00004f03      0x39a ./source/FSM/States/add_user_state/substates/add_user_main_state.o
 .debug_info    0x0000529d      0x4d4 ./source/FSM/States/add_user_state/substates/add_user_pin_state.o
 .debug_info    0x00005771      0x345 ./source/FSM/States/add_user_state/add_user_fsm_table.o
 .debug_info    0x00005ab6      0x3c3 ./source/FSM/States/add_user_state/add_user_state.o
 .debug_info    0x00005e79      0x306 ./source/FSM/States/config_device_state.o
 .debug_info    0x0000617f      0x424 ./source/FSM/States/config_me_state.o
 .debug_info    0x000065a3      0x2a8 ./source/FSM/States/fail_state.o
 .debug_info    0x0000684b      0x4d2 ./source/FSM/States/id_state.o
 .debug_info    0x00006d1d      0x3b8 ./source/FSM/States/menu_state.o
 .debug_info    0x000070d5      0x297 ./source/FSM/States/open_state.o
 .debug_info    0x0000736c      0x3b6 ./source/FSM/States/pin_state.o
 .debug_info    0x00007722      0x40d ./source/FSM/States/user_input.o
 .debug_info    0x00007b2f      0x355 ./source/FSM/States/welcome_state.o
 .debug_info    0x00007e84      0x22e ./source/FSM/fsm.o
 .debug_info    0x000080b2      0x3c8 ./source/FSM/fsm_table.o
 .debug_info    0x0000847a      0x38f ./source/App.o
 .debug_info    0x00008809      0x3b1 ./source/queue.o
 .debug_info    0x00008bba      0x631 ./CMSIS/system_MK64F12.o

.debug_abbrev   0x00000000     0x2b35
 .debug_abbrev  0x00000000      0x14d ./source/startup/hardware.o
 .debug_abbrev  0x0000014d       0x9b ./source/startup/main.o
 .debug_abbrev  0x000001e8       0x2f ./source/startup/semihost_hardfault.o
 .debug_abbrev  0x00000217      0x15c ./source/startup/startup_mk64f12.o
 .debug_abbrev  0x00000373      0x1f9 ./source/drivers/Led.o
 .debug_abbrev  0x0000056c      0x166 ./source/drivers/MplxLed.o
 .debug_abbrev  0x000006d2      0x164 ./source/drivers/Timer.o
 .debug_abbrev  0x00000836      0x180 ./source/drivers/button.o
 .debug_abbrev  0x000009b6      0x109 ./source/drivers/encoder.o
 .debug_abbrev  0x00000abf      0x1b7 ./source/drivers/lector.o
 .debug_abbrev  0x00000c76      0x21a ./source/drivers/seven_seg_display.o
 .debug_abbrev  0x00000e90      0x215 ./source/database/data_base.o
 .debug_abbrev  0x000010a5      0x1bb ./source/MCAL/SysTick.o
 .debug_abbrev  0x00001260      0x221 ./source/MCAL/gpio.o
 .debug_abbrev  0x00001481      0x170 ./source/FSM/States/add_user_state/substates/add_user_id_state.o
 .debug_abbrev  0x000015f1      0x139 ./source/FSM/States/add_user_state/substates/add_user_main_state.o
 .debug_abbrev  0x0000172a      0x183 ./source/FSM/States/add_user_state/substates/add_user_pin_state.o
 .debug_abbrev  0x000018ad      0x122 ./source/FSM/States/add_user_state/add_user_fsm_table.o
 .debug_abbrev  0x000019cf      0x137 ./source/FSM/States/add_user_state/add_user_state.o
 .debug_abbrev  0x00001b06      0x101 ./source/FSM/States/config_device_state.o
 .debug_abbrev  0x00001c07      0x126 ./source/FSM/States/config_me_state.o
 .debug_abbrev  0x00001d2d       0xe2 ./source/FSM/States/fail_state.o
 .debug_abbrev  0x00001e0f      0x160 ./source/FSM/States/id_state.o
 .debug_abbrev  0x00001f6f      0x12a ./source/FSM/States/menu_state.o
 .debug_abbrev  0x00002099       0xd3 ./source/FSM/States/open_state.o
 .debug_abbrev  0x0000216c      0x155 ./source/FSM/States/pin_state.o
 .debug_abbrev  0x000022c1      0x155 ./source/FSM/States/user_input.o
 .debug_abbrev  0x00002416      0x11f ./source/FSM/States/welcome_state.o
 .debug_abbrev  0x00002535       0xca ./source/FSM/fsm.o
 .debug_abbrev  0x000025ff      0x11d ./source/FSM/fsm_table.o
 .debug_abbrev  0x0000271c      0x146 ./source/App.o
 .debug_abbrev  0x00002862      0x17f ./source/queue.o
 .debug_abbrev  0x000029e1      0x154 ./CMSIS/system_MK64F12.o

.debug_aranges  0x00000000      0xd78
 .debug_aranges
                0x00000000       0x30 ./source/startup/hardware.o
 .debug_aranges
                0x00000030       0x20 ./source/startup/main.o
 .debug_aranges
                0x00000050       0x20 ./source/startup/semihost_hardfault.o
 .debug_aranges
                0x00000070      0x330 ./source/startup/startup_mk64f12.o
 .debug_aranges
                0x000003a0       0xa0 ./source/drivers/Led.o
 .debug_aranges
                0x00000440       0x70 ./source/drivers/MplxLed.o
 .debug_aranges
                0x000004b0       0x68 ./source/drivers/Timer.o
 .debug_aranges
                0x00000518       0x50 ./source/drivers/button.o
 .debug_aranges
                0x00000568       0x30 ./source/drivers/encoder.o
 .debug_aranges
                0x00000598       0x58 ./source/drivers/lector.o
 .debug_aranges
                0x000005f0       0xa0 ./source/drivers/seven_seg_display.o
 .debug_aranges
                0x00000690       0xa0 ./source/database/data_base.o
 .debug_aranges
                0x00000730       0x58 ./source/MCAL/SysTick.o
 .debug_aranges
                0x00000788       0x88 ./source/MCAL/gpio.o
 .debug_aranges
                0x00000810       0x88 ./source/FSM/States/add_user_state/substates/add_user_id_state.o
 .debug_aranges
                0x00000898       0x30 ./source/FSM/States/add_user_state/substates/add_user_main_state.o
 .debug_aranges
                0x000008c8       0x78 ./source/FSM/States/add_user_state/substates/add_user_pin_state.o
 .debug_aranges
                0x00000940       0x38 ./source/FSM/States/add_user_state/add_user_fsm_table.o
 .debug_aranges
                0x00000978       0x60 ./source/FSM/States/add_user_state/add_user_state.o
 .debug_aranges
                0x000009d8       0x40 ./source/FSM/States/config_device_state.o
 .debug_aranges
                0x00000a18       0x70 ./source/FSM/States/config_me_state.o
 .debug_aranges
                0x00000a88       0x28 ./source/FSM/States/fail_state.o
 .debug_aranges
                0x00000ab0       0x88 ./source/FSM/States/id_state.o
 .debug_aranges
                0x00000b38       0x58 ./source/FSM/States/menu_state.o
 .debug_aranges
                0x00000b90       0x28 ./source/FSM/States/open_state.o
 .debug_aranges
                0x00000bb8       0x60 ./source/FSM/States/pin_state.o
 .debug_aranges
                0x00000c18       0x48 ./source/FSM/States/user_input.o
 .debug_aranges
                0x00000c60       0x28 ./source/FSM/States/welcome_state.o
 .debug_aranges
                0x00000c88       0x20 ./source/FSM/fsm.o
 .debug_aranges
                0x00000ca8       0x30 ./source/FSM/fsm_table.o
 .debug_aranges
                0x00000cd8       0x38 ./source/App.o
 .debug_aranges
                0x00000d10       0x38 ./source/queue.o
 .debug_aranges
                0x00000d48       0x30 ./CMSIS/system_MK64F12.o

.debug_ranges   0x00000000      0xbd0
 .debug_ranges  0x00000000       0x20 ./source/startup/hardware.o
 .debug_ranges  0x00000020       0x10 ./source/startup/main.o
 .debug_ranges  0x00000030       0x10 ./source/startup/semihost_hardfault.o
 .debug_ranges  0x00000040      0x320 ./source/startup/startup_mk64f12.o
 .debug_ranges  0x00000360       0x90 ./source/drivers/Led.o
 .debug_ranges  0x000003f0       0x60 ./source/drivers/MplxLed.o
 .debug_ranges  0x00000450       0x58 ./source/drivers/Timer.o
 .debug_ranges  0x000004a8       0x40 ./source/drivers/button.o
 .debug_ranges  0x000004e8       0x20 ./source/drivers/encoder.o
 .debug_ranges  0x00000508       0x48 ./source/drivers/lector.o
 .debug_ranges  0x00000550       0x90 ./source/drivers/seven_seg_display.o
 .debug_ranges  0x000005e0       0x90 ./source/database/data_base.o
 .debug_ranges  0x00000670       0x48 ./source/MCAL/SysTick.o
 .debug_ranges  0x000006b8       0x78 ./source/MCAL/gpio.o
 .debug_ranges  0x00000730       0x98 ./source/FSM/States/add_user_state/substates/add_user_id_state.o
 .debug_ranges  0x000007c8       0x38 ./source/FSM/States/add_user_state/substates/add_user_main_state.o
 .debug_ranges  0x00000800       0x68 ./source/FSM/States/add_user_state/substates/add_user_pin_state.o
 .debug_ranges  0x00000868       0x28 ./source/FSM/States/add_user_state/add_user_fsm_table.o
 .debug_ranges  0x00000890       0x50 ./source/FSM/States/add_user_state/add_user_state.o
 .debug_ranges  0x000008e0       0x30 ./source/FSM/States/config_device_state.o
 .debug_ranges  0x00000910       0x60 ./source/FSM/States/config_me_state.o
 .debug_ranges  0x00000970       0x18 ./source/FSM/States/fail_state.o
 .debug_ranges  0x00000988       0x90 ./source/FSM/States/id_state.o
 .debug_ranges  0x00000a18       0x48 ./source/FSM/States/menu_state.o
 .debug_ranges  0x00000a60       0x18 ./source/FSM/States/open_state.o
 .debug_ranges  0x00000a78       0x50 ./source/FSM/States/pin_state.o
 .debug_ranges  0x00000ac8       0x38 ./source/FSM/States/user_input.o
 .debug_ranges  0x00000b00       0x30 ./source/FSM/States/welcome_state.o
 .debug_ranges  0x00000b30       0x10 ./source/FSM/fsm.o
 .debug_ranges  0x00000b40       0x20 ./source/FSM/fsm_table.o
 .debug_ranges  0x00000b60       0x28 ./source/App.o
 .debug_ranges  0x00000b88       0x28 ./source/queue.o
 .debug_ranges  0x00000bb0       0x20 ./CMSIS/system_MK64F12.o

.debug_macro    0x00000000    0x13168
 .debug_macro   0x00000000       0xb4 ./source/startup/hardware.o
 .debug_macro   0x000000b4      0xa90 ./source/startup/hardware.o
 .debug_macro   0x00000b44       0x10 ./source/startup/hardware.o
 .debug_macro   0x00000b54      0x12d ./source/startup/hardware.o
 .debug_macro   0x00000c81      0x5b2 ./source/startup/hardware.o
 .debug_macro   0x00001233       0x22 ./source/startup/hardware.o
 .debug_macro   0x00001255       0x10 ./source/startup/hardware.o
 .debug_macro   0x00001265       0x5c ./source/startup/hardware.o
 .debug_macro   0x000012c1       0x1c ./source/startup/hardware.o
 .debug_macro   0x000012dd       0x22 ./source/startup/hardware.o
 .debug_macro   0x000012ff       0xdf ./source/startup/hardware.o
 .debug_macro   0x000013de      0xecf ./source/startup/hardware.o
 .debug_macro   0x000022ad       0x48 ./source/startup/hardware.o
 .debug_macro   0x000022f5     0xe07b ./source/startup/hardware.o
 .debug_macro   0x00010370     0x122b ./source/startup/hardware.o
 .debug_macro   0x0001159b       0x16 ./source/startup/hardware.o
 .debug_macro   0x000115b1       0xb4 ./source/startup/main.o
 .debug_macro   0x00011665       0x11 ./source/startup/semihost_hardfault.o
 .debug_macro   0x00011676       0x29 ./source/startup/startup_mk64f12.o
 .debug_macro   0x0001169f       0xb8 ./source/drivers/Led.o
 .debug_macro   0x00011757       0x3a ./source/drivers/Led.o
 .debug_macro   0x00011791       0xa6 ./source/drivers/Led.o
 .debug_macro   0x00011837       0x16 ./source/drivers/Led.o
 .debug_macro   0x0001184d       0x1c ./source/drivers/Led.o
 .debug_macro   0x00011869       0xd2 ./source/drivers/Led.o
 .debug_macro   0x0001193b       0x10 ./source/drivers/Led.o
 .debug_macro   0x0001194b       0x16 ./source/drivers/Led.o
 .debug_macro   0x00011961       0xc1 ./source/drivers/MplxLed.o
 .debug_macro   0x00011a22       0x1c ./source/drivers/MplxLed.o
 .debug_macro   0x00011a3e       0x7d ./source/drivers/Timer.o
 .debug_macro   0x00011abb       0x60 ./source/drivers/button.o
 .debug_macro   0x00011b1b       0x16 ./source/drivers/button.o
 .debug_macro   0x00011b31       0x40 ./source/drivers/button.o
 .debug_macro   0x00011b71       0x6a ./source/drivers/encoder.o
 .debug_macro   0x00011bdb       0xac ./source/drivers/encoder.o
 .debug_macro   0x00011c87       0x7e ./source/drivers/lector.o
 .debug_macro   0x00011d05       0x10 ./source/drivers/lector.o
 .debug_macro   0x00011d15       0x96 ./source/drivers/seven_seg_display.o
 .debug_macro   0x00011dab       0x94 ./source/drivers/seven_seg_display.o
 .debug_macro   0x00011e3f       0x16 ./source/drivers/seven_seg_display.o
 .debug_macro   0x00011e55       0x83 ./source/database/data_base.o
 .debug_macro   0x00011ed8       0x34 ./source/database/data_base.o
 .debug_macro   0x00011f0c       0xf6 ./source/MCAL/SysTick.o
 .debug_macro   0x00012002       0xd1 ./source/MCAL/gpio.o
 .debug_macro   0x000120d3       0xd2 ./source/FSM/States/add_user_state/substates/add_user_id_state.o
 .debug_macro   0x000121a5       0x1c ./source/FSM/States/add_user_state/substates/add_user_id_state.o
 .debug_macro   0x000121c1       0x16 ./source/FSM/States/add_user_state/substates/add_user_id_state.o
 .debug_macro   0x000121d7       0x9a ./source/FSM/States/add_user_state/substates/add_user_id_state.o
 .debug_macro   0x00012271       0x22 ./source/FSM/States/add_user_state/substates/add_user_id_state.o
 .debug_macro   0x00012293       0xc0 ./source/FSM/States/add_user_state/substates/add_user_main_state.o
 .debug_macro   0x00012353       0xdd ./source/FSM/States/add_user_state/substates/add_user_pin_state.o
 .debug_macro   0x00012430       0xb7 ./source/FSM/States/add_user_state/add_user_fsm_table.o
 .debug_macro   0x000124e7       0xd8 ./source/FSM/States/add_user_state/add_user_fsm_table.o
 .debug_macro   0x000125bf       0xcf ./source/FSM/States/add_user_state/add_user_state.o
 .debug_macro   0x0001268e       0x94 ./source/FSM/States/config_device_state.o
 .debug_macro   0x00012722       0xc9 ./source/FSM/States/config_me_state.o
 .debug_macro   0x000127eb       0xc4 ./source/FSM/States/fail_state.o
 .debug_macro   0x000128af       0xd2 ./source/FSM/States/id_state.o
 .debug_macro   0x00012981       0xc6 ./source/FSM/States/menu_state.o
 .debug_macro   0x00012a47       0x9e ./source/FSM/States/open_state.o
 .debug_macro   0x00012ae5       0xc9 ./source/FSM/States/pin_state.o
 .debug_macro   0x00012bae       0x9c ./source/FSM/States/user_input.o
 .debug_macro   0x00012c4a       0x16 ./source/FSM/States/user_input.o
 .debug_macro   0x00012c60       0x9a ./source/FSM/States/user_input.o
 .debug_macro   0x00012cfa       0xc0 ./source/FSM/States/welcome_state.o
 .debug_macro   0x00012dba       0x5f ./source/FSM/fsm.o
 .debug_macro   0x00012e19       0xec ./source/FSM/fsm_table.o
 .debug_macro   0x00012f05       0x10 ./source/FSM/fsm_table.o
 .debug_macro   0x00012f15      0x130 ./source/App.o
 .debug_macro   0x00013045       0x10 ./source/App.o
 .debug_macro   0x00013055       0x7b ./source/queue.o
 .debug_macro   0x000130d0       0x98 ./CMSIS/system_MK64F12.o

.debug_line     0x00000000     0x566e
 .debug_line    0x00000000      0x221 ./source/startup/hardware.o
 .debug_line    0x00000221      0x1c2 ./source/startup/main.o
 .debug_line    0x000003e3       0x5c ./source/startup/semihost_hardfault.o
 .debug_line    0x0000043f      0x6db ./source/startup/startup_mk64f12.o
 .debug_line    0x00000b1a      0x36b ./source/drivers/Led.o
 .debug_line    0x00000e85      0x2ef ./source/drivers/MplxLed.o
 .debug_line    0x00001174      0x2dc ./source/drivers/Timer.o
 .debug_line    0x00001450      0x273 ./source/drivers/button.o
 .debug_line    0x000016c3      0x1d2 ./source/drivers/encoder.o
 .debug_line    0x00001895      0x2fe ./source/drivers/lector.o
 .debug_line    0x00001b93      0x408 ./source/drivers/seven_seg_display.o
 .debug_line    0x00001f9b      0x3f9 ./source/database/data_base.o
 .debug_line    0x00002394      0x33c ./source/MCAL/SysTick.o
 .debug_line    0x000026d0      0x322 ./source/MCAL/gpio.o
 .debug_line    0x000029f2      0x342 ./source/FSM/States/add_user_state/substates/add_user_id_state.o
 .debug_line    0x00002d34      0x24a ./source/FSM/States/add_user_state/substates/add_user_main_state.o
 .debug_line    0x00002f7e      0x335 ./source/FSM/States/add_user_state/substates/add_user_pin_state.o
 .debug_line    0x000032b3      0x281 ./source/FSM/States/add_user_state/add_user_fsm_table.o
 .debug_line    0x00003534      0x2ba ./source/FSM/States/add_user_state/add_user_state.o
 .debug_line    0x000037ee      0x1ef ./source/FSM/States/config_device_state.o
 .debug_line    0x000039dd      0x2bf ./source/FSM/States/config_me_state.o
 .debug_line    0x00003c9c      0x1e0 ./source/FSM/States/fail_state.o
 .debug_line    0x00003e7c      0x31a ./source/FSM/States/id_state.o
 .debug_line    0x00004196      0x2a7 ./source/FSM/States/menu_state.o