Archive member included to satisfy reference by file (symbol)

c:/nxp/mcuxpressoide_10.2.0_759/ide/tools/bin/../lib/gcc/arm-none-eabi/7.2.1/../../../../arm-none-eabi/lib/thumb/v7e-m/fpv4-sp/hard\libcr_semihost_nf.a(_cr__main.o)
                              ./source/startup/startup_mk64f12.o (__main)
c:/nxp/mcuxpressoide_10.2.0_759/ide/tools/bin/../lib/gcc/arm-none-eabi/7.2.1/../../../../arm-none-eabi/lib/thumb/v7e-m/fpv4-sp/hard\libcr_c.a(memcpy.o)
                              ./source/drivers/Led.o (memcpy)
c:/nxp/mcuxpressoide_10.2.0_759/ide/tools/bin/../lib/gcc/arm-none-eabi/7.2.1/../../../../arm-none-eabi/lib/thumb/v7e-m/fpv4-sp/hard\libcr_c.a(memset.o)
                              ./source/database/data_base.o (memset)
c:/nxp/mcuxpressoide_10.2.0_759/ide/tools/bin/../lib/gcc/arm-none-eabi/7.2.1/../../../../arm-none-eabi/lib/thumb/v7e-m/fpv4-sp/hard\libcr_c.a(initio.o)
                              c:/nxp/mcuxpressoide_10.2.0_759/ide/tools/bin/../lib/gcc/arm-none-eabi/7.2.1/../../../../arm-none-eabi/lib/thumb/v7e-m/fpv4-sp/hard\libcr_semihost_nf.a(_cr__main.o) (_initio)
c:/nxp/mcuxpressoide_10.2.0_759/ide/tools/bin/../lib/gcc/arm-none-eabi/7.2.1/../../../../arm-none-eabi/lib/thumb/v7e-m/fpv4-sp/hard\libcr_c.a(setvbuf.o)
                              c:/nxp/mcuxpressoide_10.2.0_759/ide/tools/bin/../lib/gcc/arm-none-eabi/7.2.1/../../../../arm-none-eabi/lib/thumb/v7e-m/fpv4-sp/hard\libcr_c.a(initio.o) (setvbuf)
c:/nxp/mcuxpressoide_10.2.0_759/ide/tools/bin/../lib/gcc/arm-none-eabi/7.2.1/../../../../arm-none-eabi/lib/thumb/v7e-m/fpv4-sp/hard\libcr_c.a(_fdopen.o)
                              c:/nxp/mcuxpressoide_10.2.0_759/ide/tools/bin/../lib/gcc/arm-none-eabi/7.2.1/../../../../arm-none-eabi/lib/thumb/v7e-m/fpv4-sp/hard\libcr_c.a(initio.o) (_fdopen)
c:/nxp/mcuxpressoide_10.2.0_759/ide/tools/bin/../lib/gcc/arm-none-eabi/7.2.1/../../../../arm-none-eabi/lib/thumb/v7e-m/fpv4-sp/hard\libcr_c.a(fclose.o)
                              c:/nxp/mcuxpressoide_10.2.0_759/ide/tools/bin/../lib/gcc/arm-none-eabi/7.2.1/../../../../arm-none-eabi/lib/thumb/v7e-m/fpv4-sp/hard\libcr_c.a(initio.o) (fclose)
c:/nxp/mcuxpressoide_10.2.0_759/ide/tools/bin/../lib/gcc/arm-none-eabi/7.2.1/../../../../arm-none-eabi/lib/thumb/v7e-m/fpv4-sp/hard\libcr_c.a(fflush.o)
                              c:/nxp/mcuxpressoide_10.2.0_759/ide/tools/bin/../lib/gcc/arm-none-eabi/7.2.1/../../../../arm-none-eabi/lib/thumb/v7e-m/fpv4-sp/hard\libcr_c.a(fclose.o) (fflush)
c:/nxp/mcuxpressoide_10.2.0_759/ide/tools/bin/../lib/gcc/arm-none-eabi/7.2.1/../../../../arm-none-eabi/lib/thumb/v7e-m/fpv4-sp/hard\libcr_c.a(fseek.o)
                              c:/nxp/mcuxpressoide_10.2.0_759/ide/tools/bin/../lib/gcc/arm-none-eabi/7.2.1/../../../../arm-none-eabi/lib/thumb/v7e-m/fpv4-sp/hard\libcr_c.a(_fdopen.o) (fseek)
c:/nxp/mcuxpressoide_10.2.0_759/ide/tools/bin/../lib/gcc/arm-none-eabi/7.2.1/../../../../arm-none-eabi/lib/thumb/v7e-m/fpv4-sp/hard\libcr_c.a(ftell.o)
                              c:/nxp/mcuxpressoide_10.2.0_759/ide/tools/bin/../lib/gcc/arm-none-eabi/7.2.1/../../../../arm-none-eabi/lib/thumb/v7e-m/fpv4-sp/hard\libcr_c.a(fseek.o) (ftell)
c:/nxp/mcuxpressoide_10.2.0_759/ide/tools/bin/../lib/gcc/arm-none-eabi/7.2.1/../../../../arm-none-eabi/lib/thumb/v7e-m/fpv4-sp/hard\libcr_c.a(remove.o)
                              c:/nxp/mcuxpressoide_10.2.0_759/ide/tools/bin/../lib/gcc/arm-none-eabi/7.2.1/../../../../arm-none-eabi/lib/thumb/v7e-m/fpv4-sp/hard\libcr_c.a(fclose.o) (remove)
c:/nxp/mcuxpressoide_10.2.0_759/ide/tools/bin/../lib/gcc/arm-none-eabi/7.2.1/../../../../arm-none-eabi/lib/thumb/v7e-m/fpv4-sp/hard\libcr_c.a(strlen.o)
                              c:/nxp/mcuxpressoide_10.2.0_759/ide/tools/bin/../lib/gcc/arm-none-eabi/7.2.1/../../../../arm-none-eabi/lib/thumb/v7e-m/fpv4-sp/hard\libcr_c.a(remove.o) (strlen)
c:/nxp/mcuxpressoide_10.2.0_759/ide/tools/bin/../lib/gcc/arm-none-eabi/7.2.1/../../../../arm-none-eabi/lib/thumb/v7e-m/fpv4-sp/hard\libcr_c.a(_do_fflush.o)
                              c:/nxp/mcuxpressoide_10.2.0_759/ide/tools/bin/../lib/gcc/arm-none-eabi/7.2.1/../../../../arm-none-eabi/lib/thumb/v7e-m/fpv4-sp/hard\libcr_c.a(fflush.o) (_do_fflush)
c:/nxp/mcuxpressoide_10.2.0_759/ide/tools/bin/../lib/gcc/arm-none-eabi/7.2.1/../../../../arm-none-eabi/lib/thumb/v7e-m/fpv4-sp/hard\libcr_c.a(_fflush.o)
                              c:/nxp/mcuxpressoide_10.2.0_759/ide/tools/bin/../lib/gcc/arm-none-eabi/7.2.1/../../../../arm-none-eabi/lib/thumb/v7e-m/fpv4-sp/hard\libcr_c.a(_do_fflush.o) (_fflush)
c:/nxp/mcuxpressoide_10.2.0_759/ide/tools/bin/../lib/gcc/arm-none-eabi/7.2.1/../../../../arm-none-eabi/lib/thumb/v7e-m/fpv4-sp/hard\libcr_c.a(_writebuf.o)
                              c:/nxp/mcuxpressoide_10.2.0_759/ide/tools/bin/../lib/gcc/arm-none-eabi/7.2.1/../../../../arm-none-eabi/lib/thumb/v7e-m/fpv4-sp/hard\libcr_c.a(_fflush.o) (_Cwritebuf)
[...]
Memory Configuration

Name             Origin             Length             Attributes
PROGRAM_FLASH    0x00000000         0x00100000         xr
SRAM_UPPER       0x20000000         0x00030000         xrw
SRAM_LOWER       0x1fff0000         0x00010000         xrw
FLEX_RAM         0x14000000         0x00001000         xrw
*default*        0x00000000         0xffffffff

Linker script and memory map

LOAD ./source/startup/hardware.o
LOAD ./source/startup/main.o
LOAD ./source/startup/semihost_hardfault.o
LOAD ./source/startup/startup_mk64f12.o
LOAD ./source/drivers/Led.o
LOAD ./source/drivers/MplxLed.o
LOAD ./source/drivers/Timer.o
LOAD ./source/drivers/button.o
LOAD ./source/drivers/encoder.o
LOAD ./source/drivers/lector.o
LOAD ./source/drivers/seven_seg_display.o
LOAD ./source/database/data_base.o
LOAD ./source/MCAL/SysTick.o
LOAD ./source/MCAL/gpio.o
LOAD ./source/FSM/States/admin_state.o
LOAD ./source/FSM/States/config_device_state.o
LOAD ./source/FSM/States/config_me_state.o
LOAD ./source/FSM/States/config_usr_state.o
LOAD ./source/FSM/States/fail_state.o
LOAD ./source/FSM/States/id_state.o
LOAD ./source/FSM/States/main_menu_state.o
LOAD ./source/FSM/States/open_state.o
LOAD ./source/FSM/States/pin_state.o
LOAD ./source/FSM/States/user_input.o
LOAD ./source/FSM/States/usr_state.o
LOAD ./source/FSM/fsm.o
LOAD ./source/FSM/fsm_table.o
LOAD ./source/App.o
LOAD ./source/queue.o
LOAD ./CMSIS/system_MK64F12.o
START GROUP
LOAD c:/nxp/mcuxpressoide_10.2.0_759/ide/tools/bin/../lib/gcc/arm-none-eabi/7.2.1/../../../../arm-none-eabi/lib/thumb/v7e-m/fpv4-sp/hard\libcr_semihost_nf.a
LOAD c:/nxp/mcuxpressoide_10.2.0_759/ide/tools/bin/../lib/gcc/arm-none-eabi/7.2.1/../../../../arm-none-eabi/lib/thumb/v7e-m/fpv4-sp/hard\libcr_c.a
LOAD c:/nxp/mcuxpressoide_10.2.0_759/ide/tools/bin/../lib/gcc/arm-none-eabi/7.2.1/thumb/v7e-m/fpv4-sp/hard\libcr_eabihelpers.a
END GROUP
                0x00000000                __base_PROGRAM_FLASH = 0x0
                0x00000000                __base_Flash = 0x0
                0x00100000                __top_PROGRAM_FLASH = 0x100000
                0x00100000                __top_Flash = 0x100000
                0x20000000                __base_SRAM_UPPER = 0x20000000
                0x20000000                __base_RAM = 0x20000000
                0x20030000                __top_SRAM_UPPER = 0x20030000
                0x20030000                __top_RAM = 0x20030000
                0x1fff0000                __base_SRAM_LOWER = 0x1fff0000
                0x1fff0000                __base_RAM2 = 0x1fff0000
                0x20000000                __top_SRAM_LOWER = 0x20000000
                0x20000000                __top_RAM2 = 0x20000000
                0x14000000                __base_FLEX_RAM = 0x14000000
                0x14000000                __base_RAM3 = 0x14000000
                0x14001000                __top_FLEX_RAM = 0x14001000
                0x14001000                __top_RAM3 = 0x14001000

.text           0x00000000     0x4ae0
 FILL mask 0xff
                0x00000000                __vectors_start__ = ABSOLUTE (.)
 *(SORT_BY_ALIGNMENT(.isr_vector))
 .isr_vector    0x00000000      0x198 ./source/startup/startup_mk64f12.o
                0x00000000                g_pfnVectors
                0x00000000                __Vectors
                0x00000198                . = ALIGN (0x4)
                0x00000198                __section_table_start = .
                0x00000198                __data_section_table = .
                0x00000198        0x4 LONG 0x4ae0 LOADADDR (.data)
                0x0000019c        0x4 LONG 0x20000000 ADDR (.data)
                0x000001a0        0x4 LONG 0x238 SIZEOF (.data)
                0x000001a4        0x4 LONG 0x4ae0 LOADADDR (.data_RAM2)
                0x000001a8        0x4 LONG 0x1fff0000 ADDR (.data_RAM2)
                0x000001ac        0x4 LONG 0x0 SIZEOF (.data_RAM2)
                0x000001b0        0x4 LONG 0x4ae0 LOADADDR (.data_RAM3)
                0x000001b4        0x4 LONG 0x14000000 ADDR (.data_RAM3)
                0x000001b8        0x4 LONG 0x0 SIZEOF (.data_RAM3)
                0x000001bc                __data_section_table_end = .
                0x000001bc                __bss_section_table = .
                0x000001bc        0x4 LONG 0x20000238 ADDR (.bss)
                0x000001c0        0x4 LONG 0x1318 SIZEOF (.bss)
                0x000001c4        0x4 LONG 0x1fff0000 ADDR (.bss_RAM2)
                0x000001c8        0x4 LONG 0x0 SIZEOF (.bss_RAM2)
                0x000001cc        0x4 LONG 0x14000000 ADDR (.bss_RAM3)
                0x000001d0        0x4 LONG 0x0 SIZEOF (.bss_RAM3)
                0x000001d4                __bss_section_table_end = .
                0x000001d4                __section_table_end = .
 *(SORT_BY_ALIGNMENT(.after_vectors*))
 .after_vectors.reset
                0x000001d4       0x4c ./source/startup/startup_mk64f12.o
                0x000001d4                ResetISR
 .after_vectors.init_data
                0x00000220       0x1e ./source/startup/startup_mk64f12.o
                0x00000220                data_init
 .after_vectors.init_bss
                0x0000023e       0x12 ./source/startup/startup_mk64f12.o
                0x0000023e                bss_init
 .after_vectors
                0x00000250       0x14 ./source/startup/startup_mk64f12.o
                0x00000250                NMI_Handler
                0x00000254                MemManage_Handler
                0x00000256                BusFault_Handler
                0x00000258                UsageFault_Handler
                0x0000025a                SVC_Handler
                0x0000025c                DebugMon_Handler
                0x0000025e                PendSV_Handler
                0x00000262                DMA_Error_DriverIRQHandler
                0x00000262                LPTMR0_DriverIRQHandler
                0x00000262                FTM1_DriverIRQHandler
                0x00000262                FTM2_DriverIRQHandler
                0x00000262                PIT2_DriverIRQHandler
                0x00000262                SDHC_DriverIRQHandler
                0x00000262                I2S0_Tx_DriverIRQHandler
                0x00000262                RTC_Seconds_DriverIRQHandler
                0x00000262                DMA6_DriverIRQHandler
                0x00000262                LLWU_DriverIRQHandler
                0x00000262                MCM_DriverIRQHandler
                0x00000262                MCG_DriverIRQHandler
                0x00000262                ENET_1588_Timer_DriverIRQHandler
                0x00000262                I2C2_DriverIRQHandler
                0x00000262                DAC1_DriverIRQHandler
                0x00000262                SPI1_DriverIRQHandler
                0x00000262                CMP1_DriverIRQHandler
                0x00000262                UART5_RX_TX_DriverIRQHandler
                0x00000262                FTM0_DriverIRQHandler
                0x00000262                IntDefaultHandler
                0x00000262                USB0_DriverIRQHandler
                0x00000262                UART5_ERR_DriverIRQHandler
                0x00000262                PORTC_DriverIRQHandler
                0x00000262                DMA11_DriverIRQHandler
                0x00000262                DAC0_DriverIRQHandler
                0x00000262                DMA10_DriverIRQHandler
                0x00000262                CMP2_DriverIRQHandler
                0x00000262                UART2_ERR_DriverIRQHandler
                0x00000262                SPI2_DriverIRQHandler
                0x00000262                LVD_LVW_DriverIRQHandler
                0x00000262                PIT0_DriverIRQHandler
                0x00000262                RNG_DriverIRQHandler
                0x00000262                DMA5_DriverIRQHandler
                0x00000262                DMA12_DriverIRQHandler
                0x00000262                UART2_RX_TX_DriverIRQHandler
                0x00000262                USBDCD_DriverIRQHandler
                0x00000262                UART3_ERR_DriverIRQHandler
                0x00000262                DMA3_DriverIRQHandler
                0x00000262                DMA8_DriverIRQHandler
                0x00000262                DMA9_DriverIRQHandler
                0x00000262                UART0_ERR_DriverIRQHandler
                0x00000262                CMT_DriverIRQHandler
                0x00000262                Reserved71_DriverIRQHandler
                0x00000262                ADC1_DriverIRQHandler
                0x00000262                PORTA_DriverIRQHandler
                0x00000262                DMA14_DriverIRQHandler
                0x00000262                PIT3_DriverIRQHandler
                0x00000262                PIT1_DriverIRQHandler
                0x00000262                WDOG_EWM_DriverIRQHandler
                0x00000262                PDB0_DriverIRQHandler
                0x00000262                RTC_DriverIRQHandler
                0x00000262                I2S0_Rx_DriverIRQHandler
                0x00000262                Read_Collision_DriverIRQHandler
                0x00000262                SWI_DriverIRQHandler
                0x00000262                UART4_RX_TX_DriverIRQHandler
                0x00000262                UART4_ERR_DriverIRQHandler
                0x00000262                PORTB_DriverIRQHandler
                0x00000262                UART0_LON_DriverIRQHandler
                0x00000262                DMA0_DriverIRQHandler
                0x00000262                DMA1_DriverIRQHandler
                0x00000262                I2C1_DriverIRQHandler
                0x00000262                UART3_RX_TX_DriverIRQHandler
                0x00000262                ENET_Receive_DriverIRQHandler
                0x00000262                DMA13_DriverIRQHandler
                0x00000262                ENET_Error_DriverIRQHandler
                0x00000262                DMA15_DriverIRQHandler
                0x00000262                UART0_RX_TX_DriverIRQHandler
                0x00000262                SPI0_DriverIRQHandler
                0x00000262                ADC0_DriverIRQHandler
                0x00000262                CMP0_DriverIRQHandler
                0x00000262                CAN0_DriverIRQHandler
                0x00000262                FTM3_DriverIRQHandler
                0x00000262                DMA4_DriverIRQHandler
                0x00000262                UART1_ERR_DriverIRQHandler
                0x00000262                DMA2_DriverIRQHandler
                0x00000262                ENET_Transmit_DriverIRQHandler
                0x00000262                PORTD_DriverIRQHandler
                0x00000262                PORTE_DriverIRQHandler
                0x00000262                FTFE_DriverIRQHandler
                0x00000262                I2C0_DriverIRQHandler
                0x00000262                DMA7_DriverIRQHandler
                0x00000262                UART1_RX_TX_DriverIRQHandler
                0x00000400                . = 0x400
 *fill*         0x00000264      0x19c ff
                0x00000400                PROVIDE (__FLASH_CONFIG_START__, .)
 *(SORT_BY_ALIGNMENT(.FlashConfig))
 .FlashConfig   0x00000400       0x10 ./source/startup/startup_mk64f12.o
                0x00000400                Flash_Config
                0x00000410                PROVIDE (__FLASH_CONFIG_END__, .)
                0x00000001                ASSERT (! ((__FLASH_CONFIG_START__ == __FLASH_CONFIG_END__)), Linker Flash Config Support Enabled, but no .FlashConfig section provided within application)
 *(SORT_BY_ALIGNMENT(.text*))
 .text.hw_Init  0x00000410      0x10c ./source/startup/hardware.o
                0x00000410                hw_Init
 .text.hw_EnableInterrupts
                0x0000051c       0x30 ./source/startup/hardware.o
                0x0000051c                hw_EnableInterrupts
 .text.hw_DisableInterrupts
                0x0000054c       0x20 ./source/startup/hardware.o
                0x0000054c                hw_DisableInterrupts
 .text.Led_Init
                0x0000056c      0x188 ./source/drivers/Led.o
                0x0000056c                Led_Init
 .text.Led_OnForDefinedTime
                0x000006f4       0xa4 ./source/drivers/Led.o
                0x000006f4                Led_OnForDefinedTime
 .text.Led_CustomBlink
                0x00000798       0xf0 ./source/drivers/Led.o
                0x00000798                Led_CustomBlink
 .text.findLedIndexByID
                0x00000888       0x4c ./source/drivers/Led.o
 .text.Led_PISR
                0x000008d4       0xcc ./source/drivers/Led.o
 .text.MplxLed_Init
                0x000009a0       0x9c ./source/drivers/MplxLed.o
                0x000009a0                MplxLed_Init
 .text.MplxLed_On
                0x00000a3c       0x58 ./source/drivers/MplxLed.o
                0x00000a3c                MplxLed_On
 .text.MplxLed_Off
                0x00000a94       0x58 ./source/drivers/MplxLed.o
                0x00000a94                MplxLed_Off
 .text.MplxLed_PISR
                0x00000aec      0x33c ./source/drivers/MplxLed.o
                0x00000aec                MplxLed_PISR
 .text.Timer_Init
                0x00000e28       0x2c ./source/drivers/Timer.o
                0x00000e28                Timer_Init
 .text.Timer_AddCallback
                0x00000e54       0x88 ./source/drivers/Timer.o
                0x00000e54                Timer_AddCallback
 .text.Timer_Delete
                0x00000edc      0x1b8 ./source/drivers/Timer.o
                0x00000edc                Timer_Delete
 .text.Timer_Reset
                0x00001094       0x80 ./source/drivers/Timer.o
                0x00001094                Timer_Reset
 .text.Timer_PISR
                0x00001114       0xec ./source/drivers/Timer.o
 .text.systick_callback
                0x00001200      0x278 ./source/drivers/button.o
 .text.buttonsInit
                0x00001478       0x14 ./source/drivers/button.o
                0x00001478                buttonsInit
 .text.wasTap   0x0000148c       0x74 ./source/drivers/button.o
                0x0000148c                wasTap
 .text.wasLkp   0x00001500       0x80 ./source/drivers/button.o
                0x00001500                wasLkp
 .text.buttonConfiguration
                0x00001580      0x120 ./source/drivers/button.o
                0x00001580                buttonConfiguration
 .text.Encoder_Init
                0x000016a0       0x60 ./source/drivers/encoder.o
                0x000016a0                Encoder_Init
 .text.Encoder_GetMove
                0x00001700       0x3c ./source/drivers/encoder.o
                0x00001700                Encoder_GetMove
 .text.lookForMoves
                0x0000173c       0xd0 ./source/drivers/encoder.o
                0x0000173c                lookForMoves
 .text.Lector_Init
                0x0000180c       0x3c ./source/drivers/lector.o
                0x0000180c                Lector_Init
 .text.Lector_Event
                0x00001848       0x18 ./source/drivers/lector.o
                0x00001848                Lector_Event
 .text.Lector_GetData
                0x00001860      0x328 ./source/drivers/lector.o
                0x00001860                Lector_GetData
 .text.EnableIRQcallback
                0x00001b88       0x48 ./source/drivers/lector.o
                0x00001b88                EnableIRQcallback
 .text.ClockIRQcallback
                0x00001bd0       0x4c ./source/drivers/lector.o
                0x00001bd0                ClockIRQcallback
 .text.find_ss_fs_es
                0x00001c1c       0xb8 ./source/drivers/lector.o
                0x00001c1c                find_ss_fs_es
 .text.find_fs  0x00001cd4       0x88 ./source/drivers/lector.o
                0x00001cd4                find_fs
 .text.find_es  0x00001d5c       0x88 ./source/drivers/lector.o
                0x00001d5c                find_es
 .text.SevenSegDisplay_Init
                0x00001de4       0xe4 ./source/drivers/seven_seg_display.o
                0x00001de4                SevenSegDisplay_Init
 .text.SevenSegDisplay_ChangeCharacter
                0x00001ec8       0x44 ./source/drivers/seven_seg_display.o
                0x00001ec8                SevenSegDisplay_ChangeCharacter
 .text.SevenSegDisplay_BlinkScreen
                0x00001f0c       0x54 ./source/drivers/seven_seg_display.o
                0x00001f0c                SevenSegDisplay_BlinkScreen
 .text.SevenSegDisplay_BlinkCharacter
                0x00001f60       0x8c ./source/drivers/seven_seg_display.o
                0x00001f60                SevenSegDisplay_BlinkCharacter
 .text.SevenSegDisplay_WriteBuffer
                0x00001fec       0x64 ./source/drivers/seven_seg_display.o
                0x00001fec                SevenSegDisplay_WriteBuffer
 .text.SevenSegDisplay_WriteBufferAndMove
                0x00002050       0x90 ./source/drivers/seven_seg_display.o
                0x00002050                SevenSegDisplay_WriteBufferAndMove
 .text.SevenSegDisplay_Swipe
                0x000020e0       0x5c ./source/drivers/seven_seg_display.o
                0x000020e0                SevenSegDisplay_Swipe
 .text.SevenSegDisplay_SetPos
                0x0000213c       0x30 ./source/drivers/seven_seg_display.o
                0x0000213c                SevenSegDisplay_SetPos
 .text.SevenSegDisplay_CursorOn
                0x0000216c       0x3c ./source/drivers/seven_seg_display.o
                0x0000216c                SevenSegDisplay_CursorOn
 .text.SevenSegDisplay_CursorOff
                0x000021a8       0x2c ./source/drivers/seven_seg_display.o
                0x000021a8                SevenSegDisplay_CursorOff
 .text.SevenSegDisplay_CursorInc
                0x000021d4       0x48 ./source/drivers/seven_seg_display.o
                0x000021d4                SevenSegDisplay_CursorInc
 .text.SevenSegDisplay_CursorDec
                0x0000221c       0x48 ./source/drivers/seven_seg_display.o
                0x0000221c                SevenSegDisplay_CursorDec
 .text.SevenSegDisplay_PrintCharacter
                0x00002264       0x50 ./source/drivers/seven_seg_display.o
                0x00002264                SevenSegDisplay_PrintCharacter
 .text.SevenSegDisplay_PISR
                0x000022b4      0x210 ./source/drivers/seven_seg_display.o
                0x000022b4                SevenSegDisplay_PISR
 .text.SevenSegDisplay_EraseScreen
                0x000024c4       0x3c ./source/drivers/seven_seg_display.o
                0x000024c4                SevenSegDisplay_EraseScreen
 .text.SevenSegDisplay_chat2sevseg
                0x00002500       0x7c ./source/drivers/seven_seg_display.o
                0x00002500                SevenSegDisplay_chat2sevseg
 .text.initializeDataBase
                0x0000257c      0x284 ./source/database/data_base.o
                0x0000257c                initializeDataBase
 .text.verifyID
                0x00002800       0xa0 ./source/database/data_base.o
                0x00002800                verifyID
 .text.isCurrentUserBlocked
                0x000028a0       0x38 ./source/database/data_base.o
                0x000028a0                isCurrentUserBlocked
 .text.checkAddUser
                0x000028d8      0x164 ./source/database/data_base.o
                0x000028d8                checkAddUser
 .text.validateAll
                0x00002a3c       0x7c ./source/database/data_base.o
                0x00002a3c                validateAll
 .text.verifyCardNumber
                0x00002ab8       0xdc ./source/database/data_base.o
                0x00002ab8                verifyCardNumber
 .text.SysTick_Init
                0x00002b94       0x3c ./source/MCAL/SysTick.o
                0x00002b94                SysTick_Init
 .text.SysTick_AddCallback
                0x00002bd0       0x88 ./source/MCAL/SysTick.o
                0x00002bd0                SysTick_AddCallback
 .text.SysTick_Handler
                0x00002c58       0xcc ./source/MCAL/SysTick.o
                0x00002c58                SysTick_Handler
 .text.__NVIC_EnableIRQ
                0x00002d24       0x3c ./source/MCAL/gpio.o
 .text.__NVIC_GetEnableIRQ
                0x00002d60       0x40 ./source/MCAL/gpio.o
 .text.gpioMode
                0x00002da0      0x17c ./source/MCAL/gpio.o
                0x00002da0                gpioMode
 .text.gpioToggle
                0x00002f1c       0x48 ./source/MCAL/gpio.o
                0x00002f1c                gpioToggle
 .text.gpioRead
                0x00002f64       0x48 ./source/MCAL/gpio.o
                0x00002f64                gpioRead
 .text.gpioWrite
                0x00002fac       0x5c ./source/MCAL/gpio.o
                0x00002fac                gpioWrite
 .text.gpioIRQ  0x00003008       0x90 ./source/MCAL/gpio.o
                0x00003008                gpioIRQ
 .text.interruptHandler
                0x00003098       0x90 ./source/MCAL/gpio.o
                0x00003098                interruptHandler
 .text.admin_initAdminMenu
                0x00003128       0x20 ./source/FSM/States/admin_state.o
                0x00003128                admin_initAdminMenu
 .text.showTitle
                0x00003148       0x40 ./source/FSM/States/admin_state.o
 .text.stopShowingTitle
                0x00003188       0x1c ./source/FSM/States/admin_state.o
 .text.showCurrentOption
                0x000031a4       0x8c ./source/FSM/States/admin_state.o
 .text.initFailState
                0x00003230       0x5c ./source/FSM/States/fail_state.o
                0x00003230                initFailState
 .text.finishFail
                0x0000328c       0x30 ./source/FSM/States/fail_state.o
                0x0000328c                finishFail
 .text.initLogin
                0x000032bc       0x28 ./source/FSM/States/id_state.o
                0x000032bc                initLogin
 .text.id_increaseCurrent
                0x000032e4       0x40 ./source/FSM/States/id_state.o
                0x000032e4                id_increaseCurrent
 .text.id_decreaseCurrent
                0x00003324       0x40 ./source/FSM/States/id_state.o
                0x00003324                id_decreaseCurrent
 .text.id_confirmID
                0x00003364       0x50 ./source/FSM/States/id_state.o
                0x00003364                id_confirmID
 .text.id_acceptNumber
                0x000033b4       0x40 ./source/FSM/States/id_state.o
                0x000033b4                id_acceptNumber
 .text.id_checkCardID
                0x000033f4       0xb0 ./source/FSM/States/id_state.o
                0x000033f4                id_checkCardID
 .text.showTitle
                0x000034a4       0x48 ./source/FSM/States/id_state.o
 .text.stopShowingTitle
                0x000034ec       0x28 ./source/FSM/States/id_state.o
 .text.userInteractionStopsTitle
                0x00003514       0x28 ./source/FSM/States/id_state.o
 .text.userInteractionStopErrorIndication
                0x0000353c       0x28 ./source/FSM/States/id_state.o
 .text.showWelcomeAnimation
                0x00003564       0x20 ./source/FSM/States/main_menu_state.o
                0x00003564                showWelcomeAnimation
 .text.openDoor
                0x00003584       0x20 ./source/FSM/States/open_state.o
                0x00003584                openDoor
 .text.initPinInput
                0x000035a4       0x20 ./source/FSM/States/pin_state.o
                0x000035a4                initPinInput
 .text.pin_acceptNumber
                0x000035c4       0x2c ./source/FSM/States/pin_state.o
                0x000035c4                pin_acceptNumber
 .text.pin_increaseCurrent
                0x000035f0       0x30 ./source/FSM/States/pin_state.o
                0x000035f0                pin_increaseCurrent
 .text.pin_decreaseCurrent
                0x00003620       0x30 ./source/FSM/States/pin_state.o
                0x00003620                pin_decreaseCurrent
 .text.showTitle
                0x00003650       0x40 ./source/FSM/States/pin_state.o
 .text.stopShowingTitle
                0x00003690       0x28 ./source/FSM/States/pin_state.o
 .text.userInteractionStopsTitle
                0x000036b8       0x24 ./source/FSM/States/pin_state.o
 .text.initUserMenu
                0x000036dc       0x20 ./source/FSM/States/usr_state.o
                0x000036dc                initUserMenu
 .text.showTitle
                0x000036fc       0x40 ./source/FSM/States/usr_state.o
 .text.stopShowingTitle
                0x0000373c       0x1c ./source/FSM/States/usr_state.o
 .text.showCurrentOption
                0x00003758       0x40 ./source/FSM/States/usr_state.o
 .text.FSM_GetInitState
                0x00003798       0x14 ./source/FSM/fsm_table.o
                0x00003798                FSM_GetInitState
 .text.App_Init
                0x000037ac       0x64 ./source/App.o
                0x000037ac                App_Init
 .text.App_Run  0x00003810       0x38 ./source/App.o
                0x00003810                App_Run
 .text.fillQueue
                0x00003848       0x94 ./source/App.o
 .text.initQueue
                0x000038dc       0x50 ./source/queue.o
                0x000038dc                initQueue
 .text.emitEvent
                0x0000392c       0x70 ./source/queue.o
                0x0000392c                emitEvent
 .text.getEvent
                0x0000399c       0x3c ./source/queue.o
                0x0000399c                getEvent
 .text.queueIsEmpty
                0x000039d8       0x34 ./source/queue.o
                0x000039d8                queueIsEmpty
 .text.SystemInit
                0x00003a0c       0x3c ./CMSIS/system_MK64F12.o
                0x00003a0c                SystemInit
 .text._initio  0x00003a48       0x78 c:/nxp/mcuxpressoide_10.2.0_759/ide/tools/bin/../lib/gcc/arm-none-eabi/7.2.1/../../../../arm-none-eabi/lib/thumb/v7e-m/fpv4-sp/hard\libcr_c.a(initio.o)
                0x00003a48                _initio
 .text.setvbuf  0x00003ac0       0x40 c:/nxp/mcuxpressoide_10.2.0_759/ide/tools/bin/../lib/gcc/arm-none-eabi/7.2.1/../../../../arm-none-eabi/lib/thumb/v7e-m/fpv4-sp/hard\libcr_c.a(setvbuf.o)
                0x00003ac0                setvbuf
 .text.fflush   0x00003b00       0x44 c:/nxp/mcuxpressoide_10.2.0_759/ide/tools/bin/../lib/gcc/arm-none-eabi/7.2.1/../../../../arm-none-eabi/lib/thumb/v7e-m/fpv4-sp/hard\libcr_c.a(fflush.o)
                0x00003b00                fflush
 .text.fseek    0x00003b44      0x100 c:/nxp/mcuxpressoide_10.2.0_759/ide/tools/bin/../lib/gcc/arm-none-eabi/7.2.1/../../../../arm-none-eabi/lib/thumb/v7e-m/fpv4-sp/hard\libcr_c.a(fseek.o)
                0x00003b44                fseek
 .text.ftell    0x00003c44       0x44 c:/nxp/mcuxpressoide_10.2.0_759/ide/tools/bin/../lib/gcc/arm-none-eabi/7.2.1/../../../../arm-none-eabi/lib/thumb/v7e-m/fpv4-sp/hard\libcr_c.a(ftell.o)
                0x00003c44                ftell
 .text._Cwritebuf
                0x00003c88       0x6c c:/nxp/mcuxpressoide_10.2.0_759/ide/tools/bin/../lib/gcc/arm-none-eabi/7.2.1/../../../../arm-none-eabi/lib/thumb/v7e-m/fpv4-sp/hard\libcr_c.a(_writebuf.o)
                0x00003c88                _Cwritebuf
 .text.main     0x00003cf4       0x1a ./source/startup/main.o
                0x00003cf4                main
 .text.HardFault_Handler
                0x00003d0e       0x2c ./source/startup/semihost_hardfault.o
                0x00003d0e                HardFault_Handler
 .text.DMA0_IRQHandler
                0x00003d3a        0x8 ./source/startup/startup_mk64f12.o
                0x00003d3a                DMA0_IRQHandler
 .text.DMA1_IRQHandler
                0x00003d42        0x8 ./source/startup/startup_mk64f12.o
                0x00003d42                DMA1_IRQHandler
 .text.DMA2_IRQHandler
                0x00003d4a        0x8 ./source/startup/startup_mk64f12.o
                0x00003d4a                DMA2_IRQHandler
 .text.DMA3_IRQHandler
                0x00003d52        0x8 ./source/startup/startup_mk64f12.o
                0x00003d52                DMA3_IRQHandler
 .text.DMA4_IRQHandler
                0x00003d5a        0x8 ./source/startup/startup_mk64f12.o
                0x00003d5a                DMA4_IRQHandler
 .text.DMA5_IRQHandler
                0x00003d62        0x8 ./source/startup/startup_mk64f12.o
                0x00003d62                DMA5_IRQHandler
 .text.DMA6_IRQHandler
                0x00003d6a        0x8 ./source/startup/startup_mk64f12.o
                0x00003d6a                DMA6_IRQHandler
 .text.DMA7_IRQHandler
                0x00003d72        0x8 ./source/startup/startup_mk64f12.o
                0x00003d72                DMA7_IRQHandler
 .text.DMA8_IRQHandler
                0x00003d7a        0x8 ./source/startup/startup_mk64f12.o
                0x00003d7a                DMA8_IRQHandler
 .text.DMA9_IRQHandler
                0x00003d82        0x8 ./source/startup/startup_mk64f12.o
                0x00003d82                DMA9_IRQHandler
 .text.DMA10_IRQHandler
                0x00003d8a        0x8 ./source/startup/startup_mk64f12.o
                0x00003d8a                DMA10_IRQHandler
 .text.DMA11_IRQHandler
                0x00003d92        0x8 ./source/startup/startup_mk64f12.o
                0x00003d92                DMA11_IRQHandler
 .text.DMA12_IRQHandler
                0x00003d9a        0x8 ./source/startup/startup_mk64f12.o
                0x00003d9a                DMA12_IRQHandler
 .text.DMA13_IRQHandler
                0x00003da2        0x8 ./source/startup/startup_mk64f12.o
                0x00003da2                DMA13_IRQHandler
 .text.DMA14_IRQHandler
                0x00003daa        0x8 ./source/startup/startup_mk64f12.o
                0x00003daa                DMA14_IRQHandler
 .text.DMA15_IRQHandler
                0x00003db2        0x8 ./source/startup/startup_mk64f12.o
                0x00003db2                DMA15_IRQHandler
 .text.DMA_Error_IRQHandler
                0x00003dba        0x8 ./source/startup/startup_mk64f12.o
                0x00003dba                DMA_Error_IRQHandler
 .text.MCM_IRQHandler
                0x00003dc2        0x8 ./source/startup/startup_mk64f12.o
                0x00003dc2                MCM_IRQHandler
 .text.FTFE_IRQHandler
                0x00003dca        0x8 ./source/startup/startup_mk64f12.o
                0x00003dca                FTFE_IRQHandler
 .text.Read_Collision_IRQHandler
                0x00003dd2        0x8 ./source/startup/startup_mk64f12.o
                0x00003dd2                Read_Collision_IRQHandler
 .text.LVD_LVW_IRQHandler
                0x00003dda        0x8 ./source/startup/startup_mk64f12.o
                0x00003dda                LVD_LVW_IRQHandler
 .text.LLWU_IRQHandler
                0x00003de2        0x8 ./source/startup/startup_mk64f12.o
                0x00003de2                LLWU_IRQHandler
 .text.WDOG_EWM_IRQHandler
                0x00003dea        0x8 ./source/startup/startup_mk64f12.o
                0x00003dea                WDOG_EWM_IRQHandler
 .text.RNG_IRQHandler
                0x00003df2        0x8 ./source/startup/startup_mk64f12.o
                0x00003df2                RNG_IRQHandler
 .text.I2C0_IRQHandler
                0x00003dfa        0x8 ./source/startup/startup_mk64f12.o
                0x00003dfa                I2C0_IRQHandler
 .text.I2C1_IRQHandler
                0x00003e02        0x8 ./source/startup/startup_mk64f12.o
                0x00003e02                I2C1_IRQHandler
 .text.SPI0_IRQHandler
                0x00003e0a        0x8 ./source/startup/startup_mk64f12.o
                0x00003e0a                SPI0_IRQHandler
 .text.SPI1_IRQHandler
                0x00003e12        0x8 ./source/startup/startup_mk64f12.o
                0x00003e12                SPI1_IRQHandler
 .text.I2S0_Tx_IRQHandler
                0x00003e1a        0x8 ./source/startup/startup_mk64f12.o
                0x00003e1a                I2S0_Tx_IRQHandler
 .text.I2S0_Rx_IRQHandler
                0x00003e22        0x8 ./source/startup/startup_mk64f12.o
                0x00003e22                I2S0_Rx_IRQHandler
 .text.UART0_LON_IRQHandler
                0x00003e2a        0x8 ./source/startup/startup_mk64f12.o
                0x00003e2a                UART0_LON_IRQHandler
 .text.UART0_RX_TX_IRQHandler
                0x00003e32        0x8 ./source/startup/startup_mk64f12.o
                0x00003e32                UART0_RX_TX_IRQHandler
 .text.UART0_ERR_IRQHandler
                0x00003e3a        0x8 ./source/startup/startup_mk64f12.o
                0x00003e3a                UART0_ERR_IRQHandler
 .text.UART1_RX_TX_IRQHandler
                0x00003e42        0x8 ./source/startup/startup_mk64f12.o
                0x00003e42                UART1_RX_TX_IRQHandler
 .text.UART1_ERR_IRQHandler
                0x00003e4a        0x8 ./source/startup/startup_mk64f12.o
                0x00003e4a                UART1_ERR_IRQHandler
 .text.UART2_RX_TX_IRQHandler
                0x00003e52        0x8 ./source/startup/startup_mk64f12.o
                0x00003e52                UART2_RX_TX_IRQHandler
 .text.UART2_ERR_IRQHandler
                0x00003e5a        0x8 ./source/startup/startup_mk64f12.o
                0x00003e5a                UART2_ERR_IRQHandler
 .text.UART3_RX_TX_IRQHandler
                0x00003e62        0x8 ./source/startup/startup_mk64f12.o
                0x00003e62                UART3_RX_TX_IRQHandler
 .text.UART3_ERR_IRQHandler
                0x00003e6a        0x8 ./source/startup/startup_mk64f12.o
                0x00003e6a                UART3_ERR_IRQHandler
 .text.ADC0_IRQHandler
                0x00003e72        0x8 ./source/startup/startup_mk64f12.o
                0x00003e72                ADC0_IRQHandler
 .text.CMP0_IRQHandler
                0x00003e7a        0x8 ./source/startup/startup_mk64f12.o
                0x00003e7a                CMP0_IRQHandler
 .text.CMP1_IRQHandler
                0x00003e82        0x8 ./source/startup/startup_mk64f12.o
                0x00003e82                CMP1_IRQHandler
 .text.FTM0_IRQHandler
                0x00003e8a        0x8 ./source/startup/startup_mk64f12.o
                0x00003e8a                FTM0_IRQHandler
 .text.FTM1_IRQHandler
                0x00003e92        0x8 ./source/startup/startup_mk64f12.o
                0x00003e92                FTM1_IRQHandler
 .text.FTM2_IRQHandler
                0x00003e9a        0x8 ./source/startup/startup_mk64f12.o
                0x00003e9a                FTM2_IRQHandler
 .text.CMT_IRQHandler
                0x00003ea2        0x8 ./source/startup/startup_mk64f12.o
                0x00003ea2                CMT_IRQHandler
 .text.RTC_IRQHandler
                0x00003eaa        0x8 ./source/startup/startup_mk64f12.o
                0x00003eaa                RTC_IRQHandler
 .text.RTC_Seconds_IRQHandler
                0x00003eb2        0x8 ./source/startup/startup_mk64f12.o
                0x00003eb2                RTC_Seconds_IRQHandler
 .text.PIT0_IRQHandler
                0x00003eba        0x8 ./source/startup/startup_mk64f12.o
                0x00003eba                PIT0_IRQHandler
 .text.PIT1_IRQHandler
                0x00003ec2        0x8 ./source/startup/startup_mk64f12.o
                0x00003ec2                PIT1_IRQHandler
 .text.PIT2_IRQHandler
                0x00003eca        0x8 ./source/startup/startup_mk64f12.o
                0x00003eca                PIT2_IRQHandler
 .text.PIT3_IRQHandler
                0x00003ed2        0x8 ./source/startup/startup_mk64f12.o
                0x00003ed2                PIT3_IRQHandler
 .text.PDB0_IRQHandler
                0x00003eda        0x8 ./source/startup/startup_mk64f12.o
                0x00003eda                PDB0_IRQHandler
 .text.USB0_IRQHandler
                0x00003ee2        0x8 ./source/startup/startup_mk64f12.o
                0x00003ee2                USB0_IRQHandler
 .text.USBDCD_IRQHandler
                0x00003eea        0x8 ./source/startup/startup_mk64f12.o
                0x00003eea                USBDCD_IRQHandler
 .text.Reserved71_IRQHandler
                0x00003ef2        0x8 ./source/startup/startup_mk64f12.o
                0x00003ef2                Reserved71_IRQHandler
 .text.DAC0_IRQHandler
                0x00003efa        0x8 ./source/startup/startup_mk64f12.o
                0x00003efa                DAC0_IRQHandler
 .text.MCG_IRQHandler
                0x00003f02        0x8 ./source/startup/startup_mk64f12.o
                0x00003f02                MCG_IRQHandler
 .text.LPTMR0_IRQHandler
                0x00003f0a        0x8 ./source/startup/startup_mk64f12.o
                0x00003f0a                LPTMR0_IRQHandler
 .text.SWI_IRQHandler
                0x00003f12        0x8 ./source/startup/startup_mk64f12.o
                0x00003f12                SWI_IRQHandler
 .text.SPI2_IRQHandler
                0x00003f1a        0x8 ./source/startup/startup_mk64f12.o
                0x00003f1a                SPI2_IRQHandler
 .text.UART4_RX_TX_IRQHandler
                0x00003f22        0x8 ./source/startup/startup_mk64f12.o
                0x00003f22                UART4_RX_TX_IRQHandler
 .text.UART4_ERR_IRQHandler
                0x00003f2a        0x8 ./source/startup/startup_mk64f12.o
                0x00003f2a                UART4_ERR_IRQHandler
 .text.UART5_RX_TX_IRQHandler
                0x00003f32        0x8 ./source/startup/startup_mk64f12.o
                0x00003f32                UART5_RX_TX_IRQHandler
 .text.UART5_ERR_IRQHandler
                0x00003f3a        0x8 ./source/startup/startup_mk64f12.o
                0x00003f3a                UART5_ERR_IRQHandler
 .text.CMP2_IRQHandler
                0x00003f42        0x8 ./source/startup/startup_mk64f12.o
                0x00003f42                CMP2_IRQHandler
 .text.FTM3_IRQHandler
                0x00003f4a        0x8 ./source/startup/startup_mk64f12.o
                0x00003f4a                FTM3_IRQHandler
 .text.DAC1_IRQHandler
                0x00003f52        0x8 ./source/startup/startup_mk64f12.o
                0x00003f52                DAC1_IRQHandler
 .text.ADC1_IRQHandler
                0x00003f5a        0x8 ./source/startup/startup_mk64f12.o
                0x00003f5a                ADC1_IRQHandler
 .text.I2C2_IRQHandler
                0x00003f62        0x8 ./source/startup/startup_mk64f12.o
                0x00003f62                I2C2_IRQHandler
 .text.CAN0_ORed_Message_buffer_IRQHandler
                0x00003f6a        0x8 ./source/startup/startup_mk64f12.o
                0x00003f6a                CAN0_ORed_Message_buffer_IRQHandler
 .text.CAN0_Bus_Off_IRQHandler
                0x00003f72        0x8 ./source/startup/startup_mk64f12.o
                0x00003f72                CAN0_Bus_Off_IRQHandler
 .text.CAN0_Error_IRQHandler
                0x00003f7a        0x8 ./source/startup/startup_mk64f12.o
                0x00003f7a                CAN0_Error_IRQHandler
 .text.CAN0_Tx_Warning_IRQHandler
                0x00003f82        0x8 ./source/startup/startup_mk64f12.o
                0x00003f82                CAN0_Tx_Warning_IRQHandler
 .text.CAN0_Rx_Warning_IRQHandler
                0x00003f8a        0x8 ./source/startup/startup_mk64f12.o
                0x00003f8a                CAN0_Rx_Warning_IRQHandler
 .text.CAN0_Wake_Up_IRQHandler
                0x00003f92        0x8 ./source/startup/startup_mk64f12.o
                0x00003f92                CAN0_Wake_Up_IRQHandler
 .text.SDHC_IRQHandler
                0x00003f9a        0x8 ./source/startup/startup_mk64f12.o
                0x00003f9a                SDHC_IRQHandler
 .text.ENET_1588_Timer_IRQHandler
                0x00003fa2        0x8 ./source/startup/startup_mk64f12.o
                0x00003fa2                ENET_1588_Timer_IRQHandler
 .text.ENET_Transmit_IRQHandler
                0x00003faa        0x8 ./source/startup/startup_mk64f12.o
                0x00003faa                ENET_Transmit_IRQHandler
 .text.ENET_Receive_IRQHandler
                0x00003fb2        0x8 ./source/startup/startup_mk64f12.o
                0x00003fb2                ENET_Receive_IRQHandler
 .text.ENET_Error_IRQHandler
                0x00003fba        0x8 ./source/startup/startup_mk64f12.o
                0x00003fba                ENET_Error_IRQHandler
 .text.Led_On   0x00003fc2       0x1c ./source/drivers/Led.o
                0x00003fc2                Led_On
 .text.Led_Off  0x00003fde       0x1c ./source/drivers/Led.o
                0x00003fde                Led_Off
 .text.Led_Toggle
                0x00003ffa       0x1a ./source/drivers/Led.o
                0x00003ffa                Led_Toggle
 .text.OnForDefinedTimeCalledFromPISR
                0x00004014       0x4e ./source/drivers/Led.o
 .text.BlinkCalledFromPISR
                0x00004062       0x74 ./source/drivers/Led.o
 .text.RepetitionBlinkCalledFromPISR
                0x000040d6       0x7c ./source/drivers/Led.o
 .text.InfiniteBlinkCalledFromPISR
                0x00004152       0x4a ./source/drivers/Led.o
 .text.getArrayEffectiveLength
                0x0000419c       0x54 ./source/drivers/Timer.o
 .text.checkIdArrayFormat
                0x000041f0       0x26 ./source/database/data_base.o
 .text.checkPinArrayFormat
                0x00004216       0x2c ./source/database/data_base.o
 .text.getEffectiveArrayLength
                0x00004242       0x46 ./source/database/data_base.o
 .text.getArrayEffectiveLength
                0x00004288       0x54 ./source/MCAL/SysTick.o
 .text.PORTA_IRQHandler
                0x000042dc       0x1e ./source/MCAL/gpio.o
                0x000042dc                PORTA_IRQHandler
 .text.PORTB_IRQHandler
                0x000042fa       0x1e ./source/MCAL/gpio.o
                0x000042fa                PORTB_IRQHandler
 .text.PORTC_IRQHandler
                0x00004318       0x1e ./source/MCAL/gpio.o
                0x00004318                PORTC_IRQHandler
 .text.PORTD_IRQHandler
                0x00004336       0x1e ./source/MCAL/gpio.o
                0x00004336                PORTD_IRQHandler
 .text.PORTE_IRQHandler
                0x00004354       0x1e ./source/MCAL/gpio.o
                0x00004354                PORTE_IRQHandler
 .text.userInteractionStopErrorIndicationAndRestart
                0x00004372       0x10 ./source/FSM/States/id_state.o
 .text.id_fail  0x00004382       0x10 ./source/FSM/States/id_state.o
 .text.id_cardFail
                0x00004392       0x10 ./source/FSM/States/id_state.o
 .text.cardSwipe
                0x000043a2       0x92 ./source/FSM/States/main_menu_state.o
                0x000043a2                cardSwipe
 .text.accessTimeOut
                0x00004434       0x14 ./source/FSM/States/open_state.o
                0x00004434                accessTimeOut
 .text.inputIncreaseCurrent
                0x00004448       0x7a ./source/FSM/States/user_input.o
                0x00004448                inputIncreaseCurrent
 .text.inputDecreaseCurrent
                0x000044c2       0x7a ./source/FSM/States/user_input.o
                0x000044c2                inputDecreaseCurrent
 .text.inputResetArray
                0x0000453c       0x3c ./source/FSM/States/user_input.o
                0x0000453c                inputResetArray
 .text.inputAcceptNumber
                0x00004578       0x92 ./source/FSM/States/user_input.o
                0x00004578                inputAcceptNumber
 .text.getEffectiveArrayLength
                0x0000460a       0x46 ./source/FSM/States/user_input.o
 .text.deleteLastChar
                0x00004650       0x52 ./source/FSM/States/user_input.o
 .text.fsm      0x000046a2       0x3c ./source/FSM/fsm.o
                0x000046a2                fsm
 .text.FMS_StartInitState
                0x000046de        0xc ./source/FSM/fsm_table.o
                0x000046de                FMS_StartInitState
 .text.do_nothing
                0x000046ea        0xe ./source/FSM/fsm_table.o
 .text.timeOutCallback
                0x000046f8        0xe ./source/App.o
 .text.SystemInitHook
                0x00004706        0xe ./CMSIS/system_MK64F12.o
                0x00004706                SystemInitHook
 .text.__main   0x00004714        0xe c:/nxp/mcuxpressoide_10.2.0_759/ide/tools/bin/../lib/gcc/arm-none-eabi/7.2.1/../../../../arm-none-eabi/lib/thumb/v7e-m/fpv4-sp/hard\libcr_semihost_nf.a(_cr__main.o)
                0x00004714                __CR_SEMIHOST
                0x00004714                __main
 .text.memcpy   0x00004722        0x4 c:/nxp/mcuxpressoide_10.2.0_759/ide/tools/bin/../lib/gcc/arm-none-eabi/7.2.1/../../../../arm-none-eabi/lib/thumb/v7e-m/fpv4-sp/hard\libcr_c.a(memcpy.o)
                0x00004722                memcpy
 .text.memset   0x00004726        0x4 c:/nxp/mcuxpressoide_10.2.0_759/ide/tools/bin/../lib/gcc/arm-none-eabi/7.2.1/../../../../arm-none-eabi/lib/thumb/v7e-m/fpv4-sp/hard\libcr_c.a(memset.o)
                0x00004726                memset
 .text._fdopen  0x0000472a       0x68 c:/nxp/mcuxpressoide_10.2.0_759/ide/tools/bin/../lib/gcc/arm-none-eabi/7.2.1/../../../../arm-none-eabi/lib/thumb/v7e-m/fpv4-sp/hard\libcr_c.a(_fdopen.o)
                0x0000472a                _fdopen
 .text.fclose   0x00004792       0x58 c:/nxp/mcuxpressoide_10.2.0_759/ide/tools/bin/../lib/gcc/arm-none-eabi/7.2.1/../../../../arm-none-eabi/lib/thumb/v7e-m/fpv4-sp/hard\libcr_c.a(fclose.o)
                0x00004792                fclose
 .text.remove   0x000047ea       0x14 c:/nxp/mcuxpressoide_10.2.0_759/ide/tools/bin/../lib/gcc/arm-none-eabi/7.2.1/../../../../arm-none-eabi/lib/thumb/v7e-m/fpv4-sp/hard\libcr_c.a(remove.o)
                0x000047ea                remove
 .text.strlen   0x000047fe       0x4a c:/nxp/mcuxpressoide_10.2.0_759/ide/tools/bin/../lib/gcc/arm-none-eabi/7.2.1/../../../../arm-none-eabi/lib/thumb/v7e-m/fpv4-sp/hard\libcr_c.a(strlen.o)
                0x000047fe                strlen
 .text._do_fflush
                0x00004848       0x40 c:/nxp/mcuxpressoide_10.2.0_759/ide/tools/bin/../lib/gcc/arm-none-eabi/7.2.1/../../../../arm-none-eabi/lib/thumb/v7e-m/fpv4-sp/hard\libcr_c.a(_do_fflush.o)
                0x00004848                _do_fflush
 .text._fflush  0x00004888       0x52 c:/nxp/mcuxpressoide_10.2.0_759/ide/tools/bin/../lib/gcc/arm-none-eabi/7.2.1/../../../../arm-none-eabi/lib/thumb/v7e-m/fpv4-sp/hard\libcr_c.a(_fflush.o)
                0x00004888                _fflush
 .text.free     0x000048da       0x30 c:/nxp/mcuxpressoide_10.2.0_759/ide/tools/bin/../lib/gcc/arm-none-eabi/7.2.1/../../../../arm-none-eabi/lib/thumb/v7e-m/fpv4-sp/hard\libcr_c.a(alloc.o)
                0x000048da                free
 .text._deferredlazyseek
                0x0000490a       0x40 c:/nxp/mcuxpressoide_10.2.0_759/ide/tools/bin/../lib/gcc/arm-none-eabi/7.2.1/../../../../arm-none-eabi/lib/thumb/v7e-m/fpv4-sp/hard\libcr_c.a(_deferredlazyseek.o)
                0x0000490a                _deferredlazyseek
 .text.__aeabi_memcpy
                0x0000494a       0x34 c:/nxp/mcuxpressoide_10.2.0_759/ide/tools/bin/../lib/gcc/arm-none-eabi/7.2.1/thumb/v7e-m/fpv4-sp/hard\libcr_eabihelpers.a(memcpy.o)
                0x0000494a                __aeabi_memcpy
                0x00004954                __aeabi_memcpy8
                0x00004954                __aeabi_memcpy4
 .text.__aeabi_memset_lowlevel
                0x0000497e       0x32 c:/nxp/mcuxpressoide_10.2.0_759/ide/tools/bin/../lib/gcc/arm-none-eabi/7.2.1/thumb/v7e-m/fpv4-sp/hard\libcr_eabihelpers.a(memcpy.o)
                0x0000497e                __aeabi_lowlevel_memset
 .text.__sys_close
                0x000049b0        0xc c:/nxp/mcuxpressoide_10.2.0_759/ide/tools/bin/../lib/gcc/arm-none-eabi/7.2.1/../../../../arm-none-eabi/lib/thumb/v7e-m/fpv4-sp/hard\libcr_semihost_nf.a(__sys_close.o)
                0x000049b0                __sys_close
 .text.__sys_flen
                0x000049bc        0xc c:/nxp/mcuxpressoide_10.2.0_759/ide/tools/bin/../lib/gcc/arm-none-eabi/7.2.1/../../../../arm-none-eabi/lib/thumb/v7e-m/fpv4-sp/hard\libcr_semihost_nf.a(__sys_flen.o)
                0x000049bc                __sys_flen
 .text.__sys_istty
                0x000049c8        0xc c:/nxp/mcuxpressoide_10.2.0_759/ide/tools/bin/../lib/gcc/arm-none-eabi/7.2.1/../../../../arm-none-eabi/lib/thumb/v7e-m/fpv4-sp/hard\libcr_semihost_nf.a(__sys_istty.o)
                0x000049c8                __sys_istty
 .text.__sys_remove
                0x000049d4        0xc c:/nxp/mcuxpressoide_10.2.0_759/ide/tools/bin/../lib/gcc/arm-none-eabi/7.2.1/../../../../arm-none-eabi/lib/thumb/v7e-m/fpv4-sp/hard\libcr_semihost_nf.a(__sys_remove.o)
                0x000049d4                __sys_remove
 .text.__sys_seek
                0x000049e0        0xc c:/nxp/mcuxpressoide_10.2.0_759/ide/tools/bin/../lib/gcc/arm-none-eabi/7.2.1/../../../../arm-none-eabi/lib/thumb/v7e-m/fpv4-sp/hard\libcr_semihost_nf.a(__sys_seek.o)
                0x000049e0                __sys_seek
 .text.__sys_tmpnam
                0x000049ec        0xc c:/nxp/mcuxpressoide_10.2.0_759/ide/tools/bin/../lib/gcc/arm-none-eabi/7.2.1/../../../../arm-none-eabi/lib/thumb/v7e-m/fpv4-sp/hard\libcr_semihost_nf.a(__sys_tmpnam.o)
                0x000049ec                __sys_tmpnam
 .text.__sys_write
                0x000049f8        0xc c:/nxp/mcuxpressoide_10.2.0_759/ide/tools/bin/../lib/gcc/arm-none-eabi/7.2.1/../../../../arm-none-eabi/lib/thumb/v7e-m/fpv4-sp/hard\libcr_semihost_nf.a(__sys_write.o)
                0x000049f8                __sys_write
 *(SORT_BY_ALIGNMENT(.rodata) SORT_BY_ALIGNMENT(.rodata.*) SORT_BY_ALIGNMENT(.constdata) SORT_BY_ALIGNMENT(.constdata.*))
 .rodata.numbers
                0x00004a04        0xa ./source/drivers/seven_seg_display.o
 *fill*         0x00004a0e        0x2 ff
 .rodata.letters
                0x00004a10       0x1a ./source/drivers/seven_seg_display.o
 *fill*         0x00004a2a        0x2 ff
 .rodata.extras
                0x00004a2c        0x3 ./source/drivers/seven_seg_display.o
 *fill*         0x00004a2f        0x1 ff
 .rodata        0x00004a30       0x46 ./source/FSM/States/admin_state.o
 *fill*         0x00004a76        0x2 ff
 .rodata        0x00004a78       0x1b ./source/FSM/States/fail_state.o
 *fill*         0x00004a93        0x1 ff
 .rodata        0x00004a94        0x5 ./source/FSM/States/id_state.o
 *fill*         0x00004a99        0x3 ff
 .rodata        0x00004a9c        0x6 ./source/FSM/States/main_menu_state.o
 *fill*         0x00004aa2        0x2 ff
 .rodata        0x00004aa4       0x11 ./source/FSM/States/pin_state.o
 *fill*         0x00004ab5        0x3 ff
 .rodata        0x00004ab8       0x1e ./source/FSM/States/usr_state.o
 *fill*         0x00004ad6        0x2 ff
 .rodata.__num_Ciob_streams
                0x00004ad8        0x4 c:/nxp/mcuxpressoide_10.2.0_759/ide/tools/bin/../lib/gcc/arm-none-eabi/7.2.1/../../../../arm-none-eabi/lib/thumb/v7e-m/fpv4-sp/hard\libcr_semihost_nf.a(__ciob.o)
                0x00004ad8                __num_Ciob_streams
 .rodata._initio.str1.1
                0x00004adc        0x4 c:/nxp/mcuxpressoide_10.2.0_759/ide/tools/bin/../lib/gcc/arm-none-eabi/7.2.1/../../../../arm-none-eabi/lib/thumb/v7e-m/fpv4-sp/hard\libcr_c.a(initio.o)
                0x00004ae0                . = ALIGN (0x8)

.glue_7         0x00004ae0        0x0
 .glue_7        0x00004ae0        0x0 linker stubs

.glue_7t        0x00004ae0        0x0
 .glue_7t       0x00004ae0        0x0 linker stubs

.vfp11_veneer   0x00004ae0        0x0
 .vfp11_veneer  0x00004ae0        0x0 linker stubs

.v4_bx          0x00004ae0        0x0
 .v4_bx         0x00004ae0        0x0 linker stubs

.iplt           0x00004ae0        0x0
 .iplt          0x00004ae0        0x0 ./source/startup/hardware.o

.rel.dyn        0x00004ae0        0x0
 .rel.iplt      0x00004ae0        0x0 ./source/startup/hardware.o

.ARM.extab
 *(SORT_BY_ALIGNMENT(.ARM.extab*) SORT_BY_ALIGNMENT(.gnu.linkonce.armextab.*))
                0x00004ae0                __exidx_start = .

.ARM.exidx
 *(SORT_BY_ALIGNMENT(.ARM.exidx*) SORT_BY_ALIGNMENT(.gnu.linkonce.armexidx.*))
                0x00004ae0                __exidx_end = .
                0x00004ae0                _etext = .

.m_usb_data
 *(SORT_BY_ALIGNMENT(m_usb_bdt))

.data_RAM2      0x1fff0000        0x0 load address 0x00004ae0
 FILL mask 0xff
                [!provide]                PROVIDE (__start_data_RAM2, .)
 *(SORT_BY_ALIGNMENT(.ramfunc.$RAM2))
 *(SORT_BY_ALIGNMENT(.ramfunc.$SRAM_LOWER))
 *(SORT_BY_ALIGNMENT(.data.$RAM2*))
 *(SORT_BY_ALIGNMENT(.data.$SRAM_LOWER*))
                0x1fff0000                . = ALIGN (0x8)
                [!provide]                PROVIDE (__end_data_RAM2, .)

.data_RAM3      0x14000000        0x0 load address 0x00004ae0
 FILL mask 0xff
                [!provide]                PROVIDE (__start_data_RAM3, .)
 *(SORT_BY_ALIGNMENT(.ramfunc.$RAM3))
 *(SORT_BY_ALIGNMENT(.ramfunc.$FLEX_RAM))
 *(SORT_BY_ALIGNMENT(.data.$RAM3*))
 *(SORT_BY_ALIGNMENT(.data.$FLEX_RAM*))
                0x14000000                . = ALIGN (0x8)
                [!provide]                PROVIDE (__end_data_RAM3, .)

.uninit_RESERVED
                0x20000000        0x0
 *(SORT_BY_ALIGNMENT(.bss.$RESERVED*))
                0x20000000                . = ALIGN (0x4)
                0x20000000                _end_uninit_RESERVED = .

.data           0x20000000      0x238 load address 0x00004ae0
 FILL mask 0xff
                0x20000000                _data = .
 *(SORT_BY_ALIGNMENT(vtable))
 *(SORT_BY_ALIGNMENT(.ramfunc*))
 *(SORT_BY_ALIGNMENT(.data*))
 .data.displayPins
                0x20000000        0x8 ./source/drivers/seven_seg_display.o
 .data.selectPins
                0x20000008        0x2 ./source/drivers/seven_seg_display.o
 *fill*         0x2000000a        0x2 ff
 .data.ports    0x2000000c       0x14 ./source/MCAL/gpio.o
 .data.gpioPorts
                0x20000020       0x14 ./source/MCAL/gpio.o
 .data.titleTimerID
                0x20000034        0x4 ./source/FSM/States/admin_state.o
 .data.titleTimerID
                0x20000038        0x4 ./source/FSM/States/id_state.o
 .data.errorIndicationTimerID
                0x2000003c        0x4 ./source/FSM/States/id_state.o
 .data.titleTimerID
                0x20000040        0x4 ./source/FSM/States/pin_state.o
 .data.titleTimerID
                0x20000044        0x4 ./source/FSM/States/usr_state.o
 .data.menu     0x20000048       0x48 ./source/FSM/fsm_table.o
                0x20000048                menu
 .data.id       0x20000090       0x6c ./source/FSM/fsm_table.o
                0x20000090                id
 .data.pin      0x200000fc       0x6c ./source/FSM/fsm_table.o
                0x200000fc                pin
 .data.fail     0x20000168       0x3c ./source/FSM/fsm_table.o
                0x20000168                fail
 .data.usr      0x200001a4       0x30 ./source/FSM/fsm_table.o
                0x200001a4                usr
 .data.admin    0x200001d4       0x24 ./source/FSM/fsm_table.o
                0x200001d4                admin
 .data.open     0x200001f8       0x18 ./source/FSM/fsm_table.o
                0x200001f8                open
 .data.cfg_me   0x20000210       0x24 ./source/FSM/fsm_table.o
                0x20000210                cfg_me
 .data.brightness
                0x20000234        0x1 ./source/drivers/seven_seg_display.o
 .data.currBright.5327
                0x20000235        0x1 ./source/drivers/seven_seg_display.o
 .data.window.5328
                0x20000236        0x1 ./source/drivers/seven_seg_display.o
 .data.currentIdIndex
                0x20000237        0x1 ./source/database/data_base.o
                0x20000238                . = ALIGN (0x8)
                0x20000238                _edata = .

.igot.plt       0x20000238        0x0 load address 0x00004d18
 .igot.plt      0x20000238        0x0 ./source/startup/hardware.o

.bss_RAM2       0x1fff0000        0x0
                [!provide]                PROVIDE (__start_bss_RAM2, .)
 *(SORT_BY_ALIGNMENT(.bss.$RAM2*))
 *(SORT_BY_ALIGNMENT(.bss.$SRAM_LOWER*))
                0x1fff0000                . = ALIGN ((. != 0x0)?0x8:0x1)
                [!provide]                PROVIDE (__end_bss_RAM2, .)

.bss_RAM3       0x14000000        0x0
                [!provide]                PROVIDE (__start_bss_RAM3, .)
 *(SORT_BY_ALIGNMENT(.bss.$RAM3*))
 *(SORT_BY_ALIGNMENT(.bss.$FLEX_RAM*))
                0x14000000                . = ALIGN ((. != 0x0)?0x8:0x1)
                [!provide]                PROVIDE (__end_bss_RAM3, .)

.bss            0x20000238     0x1318
                0x20000238                _bss = .
 *(SORT_BY_ALIGNMENT(.bss*))
 .bss.__LDM_interruptDisableCount
                0x20000238        0x4 ./source/startup/hardware.o
 .bss.ledElements
                0x2000023c       0xd8 ./source/drivers/Led.o
 .bss.defaultOnForDefinedTimeProperties
                0x20000314        0xc ./source/drivers/Led.o
 .bss.defaultBlinkProperties
                0x20000320       0x14 ./source/drivers/Led.o
 .bss.defaultInfiniteBlinkProperties
                0x20000334        0xc ./source/drivers/Led.o
 .bss.defaultRepetitionBlinkProperties
                0x20000340       0x14 ./source/drivers/Led.o
 .bss.leds      0x20000354       0x1e ./source/drivers/MplxLed.o
                0x20000354                leds
 *fill*         0x20000372        0x2 
 .bss.timerElements
                0x20000374      0x190 ./source/drivers/Timer.o
 .bss.idCounter
                0x20000504        0x4 ./source/drivers/Timer.o
 .bss.buttons   0x20000508       0x14 ./source/drivers/button.o
 .bss.moves     0x2000051c        0x4 ./source/drivers/encoder.o
 .bss.message   0x20000520      0x190 ./source/drivers/lector.o
 .bss.screen    0x200006b0       0xf0 ./source/drivers/seven_seg_display.o
 .bss.dataBase  0x200007a0      0x2a9 ./source/database/data_base.o
 *fill*         0x20000a49        0x3 
 .bss.database  0x20000a4c      0x2a9 ./source/database/data_base.o
 *fill*         0x20000cf5        0x3 
 .bss.blockedUsersIndexes
                0x20000cf8       0x1e ./source/database/data_base.o
 *fill*         0x20000d16        0x2 
 .bss.sysTickElements
                0x20000d18      0x190 ./source/MCAL/SysTick.o
 .bss.idCounter
                0x20000ea8        0x4 ./source/MCAL/SysTick.o
 .bss.callbacks
                0x20000eac      0x280 ./source/MCAL/gpio.o
 .bss.errorIndicationTimerID
                0x2000112c        0x4 ./source/FSM/States/fail_state.o
 .bss.id        0x20001130        0x8 ./source/FSM/States/id_state.o
 .bss.pin       0x20001138        0x5 ./source/FSM/States/pin_state.o
 *fill*         0x2000113d        0x3 
 .bss.currentState
                0x20001140        0x4 ./source/App.o
 .bss.userTimeOutTimerID
                0x20001144        0x4 ./source/App.o
 .bss.eventQueue
                0x20001148        0xc ./source/queue.o
                0x20001148                eventQueue
 .bss.queue     0x20001154      0x320 ./source/queue.o
                0x20001154                queue
 .bss.errno     0x20001474        0x4 c:/nxp/mcuxpressoide_10.2.0_759/ide/tools/bin/../lib/gcc/arm-none-eabi/7.2.1/../../../../arm-none-eabi/lib/thumb/v7e-m/fpv4-sp/hard\libcr_c.a(errno.o)
                0x20001474                errno
 .bss.__Ciob    0x20001478       0xb4 c:/nxp/mcuxpressoide_10.2.0_759/ide/tools/bin/../lib/gcc/arm-none-eabi/7.2.1/../../../../arm-none-eabi/lib/thumb/v7e-m/fpv4-sp/hard\libcr_semihost_nf.a(__ciob.o)
                0x20001478                __Ciob
 .bss.bit       0x2000152c        0x2 ./source/drivers/lector.o
 .bss.moving_counter
                0x2000152e        0x2 ./source/drivers/seven_seg_display.o
 .bss.isInit.5478
                0x20001530        0x1 ./source/drivers/MplxLed.o
 .bss.displayCounter.5537
                0x20001531        0x1 ./source/drivers/MplxLed.o
 .bss.var       0x20001532        0x1 ./source/drivers/button.o
                0x20001532                var
 .bss.existingEvent
                0x20001533        0x1 ./source/drivers/encoder.o
 .bss.statusA   0x20001534        0x1 ./source/drivers/encoder.o
 .bss.statusB   0x20001535        0x1 ./source/drivers/encoder.o
 .bss.init.5150
                0x20001536        0x1 ./source/drivers/encoder.o
 .bss.enable    0x20001537        0x1 ./source/drivers/lector.o
 .bss.event     0x20001538        0x1 ./source/drivers/lector.o
 .bss.pos       0x20001539        0x1 ./source/drivers/seven_seg_display.o
 .bss.moves_remainig
                0x2000153a        0x1 ./source/drivers/seven_seg_display.o
 .bss.bouncing  0x2000153b        0x1 ./source/drivers/seven_seg_display.o
 .bss.move_b    0x2000153c        0x1 ./source/drivers/seven_seg_display.o
 .bss.cursor_pos
                0x2000153d        0x1 ./source/drivers/seven_seg_display.o
 .bss.cursor    0x2000153e        0x1 ./source/drivers/seven_seg_display.o
 .bss.isInit.5245
                0x2000153f        0x1 ./source/drivers/seven_seg_display.o
 .bss.displayCounter.5326
                0x20001540        0x1 ./source/drivers/seven_seg_display.o
 .bss.currentOptionIndex
                0x20001541        0x1 ./source/FSM/States/admin_state.o
 .bss.showingTitle
                0x20001542        0x1 ./source/FSM/States/admin_state.o
 .bss.currentPos
                0x20001543        0x1 ./source/FSM/States/id_state.o
 .bss.showingTitle
                0x20001544        0x1 ./source/FSM/States/id_state.o
 .bss.showingErrorIndication
                0x20001545        0x1 ./source/FSM/States/id_state.o
 .bss.currentPos
                0x20001546        0x1 ./source/FSM/States/pin_state.o
 .bss.showingTitle
                0x20001547        0x1 ./source/FSM/States/pin_state.o
 .bss.currentOptionIndex
                0x20001548        0x1 ./source/FSM/States/usr_state.o
 .bss.showingTitle
                0x20001549        0x1 ./source/FSM/States/usr_state.o
 *(SORT_BY_ALIGNMENT(COMMON))
                0x20001550                . = ALIGN (0x8)
 *fill*         0x2000154a        0x6 
                0x20001550                _ebss = .
                [!provide]                PROVIDE (end, .)

.noinit_RAM2    0x1fff0000        0x0
 *(SORT_BY_ALIGNMENT(.noinit.$RAM2*))
 *(SORT_BY_ALIGNMENT(.noinit.$SRAM_LOWER*))
                0x1fff0000                . = ALIGN (0x8)

.noinit_RAM3    0x14000000        0x0
 *(SORT_BY_ALIGNMENT(.noinit.$RAM3*))
 *(SORT_BY_ALIGNMENT(.noinit.$FLEX_RAM*))
                0x14000000                . = ALIGN (0x8)

.noinit         0x20001550        0x0
                0x20001550                _noinit = .
 *(SORT_BY_ALIGNMENT(.noinit*))
                0x20001550                . = ALIGN (0x8)
                0x20001550                _end_noinit = .
                0x00001000                _HeapSize = 0x1000

.heap           0x20001550     0x1000
                0x20001550                _pvHeapStart = .
                0x20002550                . = (. + _HeapSize)
 *fill*         0x20001550     0x1000 
                0x20002550                . = ALIGN (0x8)
                0x20002550                _pvHeapLimit = .
                0x00001000                _StackSize = 0x1000

.heap2stackfill
                0x20002550     0x1000
                0x20003550                . = (. + _StackSize)
 *fill*         0x20002550     0x1000 

.stack          0x2002f000        0x0
                0x2002f000                _vStackBase = .
                0x2002f000                . = ALIGN (0x8)
                0x20030000                _vStackTop = (. + _StackSize)
                0x00000000                _image_start = LOADADDR (.text)
                0x00004d18                _image_end = (LOADADDR (.data) + SIZEOF (.data))
                0x00004d18                _image_size = (_image_end - _image_start)
OUTPUT(ControlDeAcceso.axf elf32-littlearm)

.debug_info     0x00000000     0x7a75
 .debug_info    0x00000000      0x6aa ./source/startup/hardware.o
 .debug_info    0x000006aa       0xec ./source/startup/main.o
 .debug_info    0x00000796       0x3b ./source/startup/semihost_hardfault.o
 .debug_info    0x000007d1      0x8b0 ./source/startup/startup_mk64f12.o
 .debug_info    0x00001081      0x88f ./source/drivers/Led.o
 .debug_info    0x00001910      0x5ae ./source/drivers/MplxLed.o
 .debug_info    0x00001ebe      0x53a ./source/drivers/Timer.o
 .debug_info    0x000023f8      0x37f ./source/drivers/button.o
 .debug_info    0x00002777      0x1b3 ./source/drivers/encoder.o
 .debug_info    0x0000292a      0x441 ./source/drivers/lector.o
 .debug_info    0x00002d6b      0x659 ./source/drivers/seven_seg_display.o
 .debug_info    0x000033c4      0x738 ./source/database/data_base.o
 .debug_info    0x00003afc      0x52b ./source/MCAL/SysTick.o
 .debug_info    0x00004027      0xa99 ./source/MCAL/gpio.o
 .debug_info    0x00004ac0      0x379 ./source/FSM/States/admin_state.o
 .debug_info    0x00004e39      0x2ba ./source/FSM/States/fail_state.o
 .debug_info    0x000050f3      0x4b9 ./source/FSM/States/id_state.o
 .debug_info    0x000055ac      0x367 ./source/FSM/States/main_menu_state.o
 .debug_info    0x00005913      0x2a9 ./source/FSM/States/open_state.o
 .debug_info    0x00005bbc      0x390 ./source/FSM/States/pin_state.o
 .debug_info    0x00005f4c      0x40e ./source/FSM/States/user_input.o
 .debug_info    0x0000635a      0x367 ./source/FSM/States/usr_state.o
 .debug_info    0x000066c1      0x22e ./source/FSM/fsm.o
 .debug_info    0x000068ef      0x3f1 ./source/FSM/fsm_table.o
 .debug_info    0x00006ce0      0x3a1 ./source/App.o
 .debug_info    0x00007081      0x3c3 ./source/queue.o
 .debug_info    0x00007444      0x631 ./CMSIS/system_MK64F12.o

.debug_abbrev   0x00000000     0x2346
 .debug_abbrev  0x00000000      0x14d ./source/startup/hardware.o
 .debug_abbrev  0x0000014d       0x9b ./source/startup/main.o
 .debug_abbrev  0x000001e8       0x2f ./source/startup/semihost_hardfault.o
 .debug_abbrev  0x00000217      0x15c ./source/startup/startup_mk64f12.o
 .debug_abbrev  0x00000373      0x1f9 ./source/drivers/Led.o
 .debug_abbrev  0x0000056c      0x166 ./source/drivers/MplxLed.o
 .debug_abbrev  0x000006d2      0x164 ./source/drivers/Timer.o
 .debug_abbrev  0x00000836      0x180 ./source/drivers/button.o
 .debug_abbrev  0x000009b6      0x109 ./source/drivers/encoder.o
 .debug_abbrev  0x00000abf      0x1b7 ./source/drivers/lector.o
 .debug_abbrev  0x00000c76      0x21a ./source/drivers/seven_seg_display.o
 .debug_abbrev  0x00000e90      0x22f ./source/database/data_base.o
 .debug_abbrev  0x000010bf      0x1bb ./source/MCAL/SysTick.o
 .debug_abbrev  0x0000127a      0x221 ./source/MCAL/gpio.o
 .debug_abbrev  0x0000149b       0xf8 ./source/FSM/States/admin_state.o
 .debug_abbrev  0x00001593       0xe2 ./source/FSM/States/fail_state.o
 .debug_abbrev  0x00001675      0x160 ./source/FSM/States/id_state.o
 .debug_abbrev  0x000017d5      0x11f ./source/FSM/States/main_menu_state.o
 .debug_abbrev  0x000018f4       0xd3 ./source/FSM/States/open_state.o
 .debug_abbrev  0x000019c7      0x132 ./source/FSM/States/pin_state.o
 .debug_abbrev  0x00001af9      0x155 ./source/FSM/States/user_input.o
 .debug_abbrev  0x00001c4e       0xf8 ./source/FSM/States/usr_state.o
 .debug_abbrev  0x00001d46       0xca ./source/FSM/fsm.o
 .debug_abbrev  0x00001e10      0x11d ./source/FSM/fsm_table.o
 .debug_abbrev  0x00001f2d      0x146 ./source/App.o
 .debug_abbrev  0x00002073      0x17f ./source/queue.o
 .debug_abbrev  0x000021f2      0x154 ./CMSIS/system_MK64F12.o

.debug_aranges  0x00000000      0xb58
 .debug_aranges
                0x00000000       0x30 ./source/startup/hardware.o
 .debug_aranges
                0x00000030       0x20 ./source/startup/main.o
 .debug_aranges
                0x00000050       0x20 ./source/startup/semihost_hardfault.o
 .debug_aranges
                0x00000070      0x330 ./source/startup/startup_mk64f12.o
 .debug_aranges
                0x000003a0       0xa0 ./source/drivers/Led.o
 .debug_aranges
                0x00000440       0x70 ./source/drivers/MplxLed.o
 .debug_aranges
                0x000004b0       0x68 ./source/drivers/Timer.o
 .debug_aranges
                0x00000518       0x50 ./source/drivers/button.o
 .debug_aranges
                0x00000568       0x30 ./source/drivers/encoder.o
 .debug_aranges
                0x00000598       0x58 ./source/drivers/lector.o
 .debug_aranges
                0x000005f0       0xa0 ./source/drivers/seven_seg_display.o
 .debug_aranges
                0x00000690       0xa0 ./source/database/data_base.o
 .debug_aranges
                0x00000730       0x58 ./source/MCAL/SysTick.o
 .debug_aranges
                0x00000788       0x88 ./source/MCAL/gpio.o
 .debug_aranges
                0x00000810       0x58 ./source/FSM/States/admin_state.o
 .debug_aranges
                0x00000868       0x28 ./source/FSM/States/fail_state.o
 .debug_aranges
                0x00000890       0x88 ./source/FSM/States/id_state.o
 .debug_aranges
                0x00000918       0x28 ./source/FSM/States/main_menu_state.o
 .debug_aranges
                0x00000940       0x28 ./source/FSM/States/open_state.o
 .debug_aranges
                0x00000968       0x60 ./source/FSM/States/pin_state.o
 .debug_aranges
                0x000009c8       0x48 ./source/FSM/States/user_input.o
 .debug_aranges
                0x00000a10       0x58 ./source/FSM/States/usr_state.o
 .debug_aranges
                0x00000a68       0x20 ./source/FSM/fsm.o
 .debug_aranges
                0x00000a88       0x30 ./source/FSM/fsm_table.o
 .debug_aranges
                0x00000ab8       0x38 ./source/App.o
 .debug_aranges
                0x00000af0       0x38 ./source/queue.o
 .debug_aranges
                0x00000b28       0x30 ./CMSIS/system_MK64F12.o

.debug_ranges   0x00000000      0x9d8
 .debug_ranges  0x00000000       0x20 ./source/startup/hardware.o
 .debug_ranges  0x00000020       0x10 ./source/startup/main.o
 .debug_ranges  0x00000030       0x10 ./source/startup/semihost_hardfault.o
 .debug_ranges  0x00000040      0x320 ./source/startup/startup_mk64f12.o
 .debug_ranges  0x00000360       0x90 ./source/drivers/Led.o
 .debug_ranges  0x000003f0       0x60 ./source/drivers/MplxLed.o
 .debug_ranges  0x00000450       0x58 ./source/drivers/Timer.o
 .debug_ranges  0x000004a8       0x40 ./source/drivers/button.o
 .debug_ranges  0x000004e8       0x20 ./source/drivers/encoder.o
 .debug_ranges  0x00000508       0x48 ./source/drivers/lector.o
 .debug_ranges  0x00000550       0x90 ./source/drivers/seven_seg_display.o
 .debug_ranges  0x000005e0       0x90 ./source/database/data_base.o
 .debug_ranges  0x00000670       0x48 ./source/MCAL/SysTick.o
 .debug_ranges  0x000006b8       0x78 ./source/MCAL/gpio.o
 .debug_ranges  0x00000730       0x48 ./source/FSM/States/admin_state.o
 .debug_ranges  0x00000778       0x18 ./source/FSM/States/fail_state.o
 .debug_ranges  0x00000790       0x90 ./source/FSM/States/id_state.o
 .debug_ranges  0x00000820       0x30 ./source/FSM/States/main_menu_state.o
 .debug_ranges  0x00000850       0x18 ./source/FSM/States/open_state.o
 .debug_ranges  0x00000868       0x50 ./source/FSM/States/pin_state.o
 .debug_ranges  0x000008b8       0x38 ./source/FSM/States/user_input.o
 .debug_ranges  0x000008f0       0x48 ./source/FSM/States/usr_state.o
 .debug_ranges  0x00000938       0x10 ./source/FSM/fsm.o
 .debug_ranges  0x00000948       0x20 ./source/FSM/fsm_table.o
 .debug_ranges  0x00000968       0x28 ./source/App.o
 .debug_ranges  0x00000990       0x28 ./source/queue.o
 .debug_ranges  0x000009b8       0x20 ./CMSIS/system_MK64F12.o

.debug_macro    0x00000000    0x12c75
 .debug_macro   0x00000000       0xb4 ./source/startup/hardware.o
 .debug_macro   0x000000b4      0xa90 ./source/startup/hardware.o
 .debug_macro   0x00000b44       0x10 ./source/startup/hardware.o
 .debug_macro   0x00000b54      0x12d ./source/startup/hardware.o
 .debug_macro   0x00000c81      0x5b2 ./source/startup/hardware.o
 .debug_macro   0x00001233       0x22 ./source/startup/hardware.o
 .debug_macro   0x00001255       0x10 ./source/startup/hardware.o
 .debug_macro   0x00001265       0x5c ./source/startup/hardware.o
 .debug_macro   0x000012c1       0x1c ./source/startup/hardware.o
 .debug_macro   0x000012dd       0x22 ./source/startup/hardware.o
 .debug_macro   0x000012ff       0xdf ./source/startup/hardware.o
 .debug_macro   0x000013de      0xecf ./source/startup/hardware.o
 .debug_macro   0x000022ad       0x48 ./source/startup/hardware.o
 .debug_macro   0x000022f5     0xe07b ./source/startup/hardware.o
 .debug_macro   0x00010370     0x122b ./source/startup/hardware.o
 .debug_macro   0x0001159b       0x16 ./source/startup/hardware.o
 .debug_macro   0x000115b1       0xb4 ./source/startup/main.o
 .debug_macro   0x00011665       0x11 ./source/startup/semihost_hardfault.o
 .debug_macro   0x00011676       0x29 ./source/startup/startup_mk64f12.o
 .debug_macro   0x0001169f       0xb8 ./source/drivers/Led.o
 .debug_macro   0x00011757       0x3a ./source/drivers/Led.o
 .debug_macro   0x00011791       0xa6 ./source/drivers/Led.o
 .debug_macro   0x00011837       0x16 ./source/drivers/Led.o
 .debug_macro   0x0001184d       0x1c ./source/drivers/Led.o
 .debug_macro   0x00011869       0xd2 ./source/drivers/Led.o
 .debug_macro   0x0001193b       0x10 ./source/drivers/Led.o
 .debug_macro   0x0001194b       0x16 ./source/drivers/Led.o
 .debug_macro   0x00011961       0xc1 ./source/drivers/MplxLed.o
 .debug_macro   0x00011a22       0x1c ./source/drivers/MplxLed.o
 .debug_macro   0x00011a3e       0x7d ./source/drivers/Timer.o
 .debug_macro   0x00011abb       0x60 ./source/drivers/button.o
 .debug_macro   0x00011b1b       0x16 ./source/drivers/button.o
 .debug_macro   0x00011b31       0x40 ./source/drivers/button.o
 .debug_macro   0x00011b71       0x6a ./source/drivers/encoder.o
 .debug_macro   0x00011bdb       0xac ./source/drivers/encoder.o
 .debug_macro   0x00011c87       0x7e ./source/drivers/lector.o
 .debug_macro   0x00011d05       0x10 ./source/drivers/lector.o
 .debug_macro   0x00011d15       0x96 ./source/drivers/seven_seg_display.o
 .debug_macro   0x00011dab       0x94 ./source/drivers/seven_seg_display.o
 .debug_macro   0x00011e3f       0x16 ./source/drivers/seven_seg_display.o
 .debug_macro   0x00011e55       0x83 ./source/database/data_base.o
 .debug_macro   0x00011ed8       0x34 ./source/database/data_base.o
 .debug_macro   0x00011f0c       0xf6 ./source/MCAL/SysTick.o
 .debug_macro   0x00012002       0xd1 ./source/MCAL/gpio.o
 .debug_macro   0x000120d3       0xa3 ./source/FSM/States/admin_state.o
 .debug_macro   0x00012176       0xd8 ./source/FSM/States/admin_state.o
 .debug_macro   0x0001224e       0x22 ./source/FSM/States/admin_state.o
 .debug_macro   0x00012270       0x9a ./source/FSM/States/admin_state.o
 .debug_macro   0x0001230a       0xc4 ./source/FSM/States/fail_state.o
 .debug_macro   0x000123ce       0xd2 ./source/FSM/States/id_state.o
 .debug_macro   0x000124a0       0x16 ./source/FSM/States/id_state.o
 .debug_macro   0x000124b6       0x16 ./source/FSM/States/id_state.o
 .debug_macro   0x000124cc       0xc0 ./source/FSM/States/main_menu_state.o
 .debug_macro   0x0001258c       0x9e ./source/FSM/States/open_state.o
 .debug_macro   0x0001262a       0xc9 ./source/FSM/States/pin_state.o
 .debug_macro   0x000126f3       0x9c ./source/FSM/States/user_input.o
 .debug_macro   0x0001278f       0x10 ./source/FSM/States/user_input.o
 .debug_macro   0x0001279f       0x9a ./source/FSM/States/user_input.o
 .debug_macro   0x00012839       0xa3 ./source/FSM/States/usr_state.o
 .debug_macro   0x000128dc       0x5f ./source/FSM/fsm.o
 .debug_macro   0x0001293b       0xdb ./source/FSM/fsm_table.o
 .debug_macro   0x00012a16      0x12c ./source/App.o
 .debug_macro   0x00012b42       0x10 ./source/App.o
 .debug_macro   0x00012b52       0x10 ./source/App.o
 .debug_macro   0x00012b62       0x7b ./source/queue.o
 .debug_macro   0x00012bdd       0x98 ./CMSIS/system_MK64F12.o

.debug_line     0x00000000     0x4506
 .debug_line    0x00000000      0x221 ./source/startup/hardware.o
 .debug_line    0x00000221      0x1c2 ./source/startup/main.o
 .debug_line    0x000003e3       0x5c ./source/startup/semihost_hardfault.o
 .debug_line    0x0000043f      0x6db ./source/startup/startup_mk64f12.o
 .debug_line    0x00000b1a      0x36b ./source/drivers/Led.o
 .debug_line    0x00000e85      0x2ef ./source/drivers/MplxLed.o
 .debug_line    0x00001174      0x2dc ./source/drivers/Timer.o
 .debug_line    0x00001450      0x273 ./source/drivers/button.o
 .debug_line    0x000016c3      0x1d2 ./source/drivers/encoder.o
 .debug_line    0x00001895      0x2fe ./source/drivers/lector.o
 .debug_line    0x00001b93      0x408 ./source/drivers/seven_seg_display.o
 .debug_line    0x00001f9b      0x3ff ./source/database/data_base.o
 .debug_line    0x0000239a      0x33c ./source/MCAL/SysTick.o
 .debug_line    0x000026d6      0x322 ./source/MCAL/gpio.o
 .debug_line    0x000029f8      0x245 ./source/FSM/States/admin_state.o
 .debug_line    0x00002c3d      0x1de ./source/FSM/States/fail_state.o
 .debug_line    0x00002e1b      0x311 ./source/FSM/States/id_state.o
 .debug_line    0x0000312c      0x1f2 ./source/FSM/States/main_menu_state.o
 .debug_line    0x0000331e      0x191 ./source/FSM/States/open_state.o
 .debug_line    0x000034af      0x278 ./source/FSM/States/pin_state.o
 .debug_line    0x00003727      0x22a ./source/FSM/States/user_input.o
 .debug_line    0x00003951      0x23c ./source/FSM/States/usr_state.o
 .debug_line    0x00003b8d      0x117 ./source/FSM/fsm.o
 .debug_line    0x00003ca4      0x1ff ./source/FSM/fsm_table.o
 .debug_line    0x00003ea3      0x2b7 ./source/App.o
 .debug_line    0x0000415a      0x19b ./source/queue.o
 .debug_line    0x000042f5      0x211 ./CMSIS/system_MK64F12.o

.debug_str      0x00000000    0x7b625
 .debug_str     0x00000000    0x77e1c ./source/startup/hardware.o
                              0x77eaa (size before relaxing)
 .debug_str     0x00077e1c       0x1e ./source/startup/main.o
                              0x77c7e (size before relaxing)
 .debug_str     0x00077e3a       0x39 ./source/startup/semihost_hardfault.o
                               0x2da3 (size before relaxing)
 .debug_str     0x00077e73      0x83d ./source/startup/startup_mk64f12.o
                               0x3611 (size before relaxing)
 .debug_str     0x000786b0      0xc54 ./source/drivers/Led.o
                               0x524f (size before relaxing)
 .debug_str     0x00079304      0x288 ./source/drivers/MplxLed.o
                               0x4f96 (size before relaxing)
 .debug_str     0x0007958c      0x19d ./source/drivers/Timer.o
                               0x3a71 (size before relaxing)
 .debug_str     0x00079729      0x10a ./source/drivers/button.o
                               0x46da (size before relaxing)
 .debug_str     0x00079833       0x80 ./source/drivers/encoder.o
                               0x493c (size before relaxing)
 .debug_str     0x000798b3      0x261 ./source/drivers/lector.o
                               0x4ac0 (size before relaxing)
 .debug_str     0x00079b14      0x51a ./source/drivers/seven_seg_display.o
                               0x4e82 (size before relaxing)
 .debug_str     0x0007a02e      0x472 ./source/database/data_base.o
                               0x49a0 (size before relaxing)
 .debug_str     0x0007a4a0      0x126 ./source/MCAL/SysTick.o
                              0x78310 (size before relaxing)
 .debug_str     0x0007a5c6      0x666 ./source/MCAL/gpio.o
                              0x784ef (size before relaxing)
 .debug_str     0x0007ac2c      0x373 ./source/FSM/States/admin_state.o
                               0x4e23 (size before relaxing)
 .debug_str     0x0007af9f       0x68 ./source/FSM/States/fail_state.o
                               0x4dfb (size before relaxing)
 .debug_str     0x0007b007      0x142 ./source/FSM/States/id_state.o
                               0x4fb7 (size before relaxing)
 .debug_str     0x0007b149       0x59 ./source/FSM/States/main_menu_state.o
                               0x4e1d (size before relaxing)
 .debug_str     0x0007b1a2       0x57 ./source/FSM/States/open_state.o
                               0x4b89 (size before relaxing)
 .debug_str     0x0007b1f9       0x8e ./source/FSM/States/pin_state.o
                               0x4ea3 (size before relaxing)
 .debug_str     0x0007b287       0x96 ./source/FSM/States/user_input.o
                               0x4ddb (size before relaxing)
 .debug_str     0x0007b31d       0x8b ./source/FSM/States/usr_state.o
                               0x4ded (size before relaxing)
 .debug_str     0x0007b3a8       0x84 ./source/FSM/fsm.o
                               0x4864 (size before relaxing)
 .debug_str     0x0007b42c       0x89 ./source/FSM/fsm_table.o
                               0x4c12 (size before relaxing)
 .debug_str     0x0007b4b5       0x7e ./source/App.o
                               0x5321 (size before relaxing)
 .debug_str     0x0007b533       0x94 ./source/queue.o
                               0x4b69 (size before relaxing)
 .debug_str     0x0007b5c7       0x5e ./CMSIS/system_MK64F12.o
                              0x77db2 (size before relaxing)

.comment        0x00000000       0x7e
 .comment       0x00000000       0x7e ./source/startup/hardware.o
                                 0x7f (size before relaxing)
 .comment       0x0000007e       0x7f ./source/startup/main.o
 .comment       0x0000007e       0x7f ./source/startup/semihost_hardfault.o
 .comment       0x0000007e       0x7f ./source/startup/startup_mk64f12.o
 .comment       0x0000007e       0x7f ./source/drivers/Led.o
 .comment       0x0000007e       0x7f ./source/drivers/MplxLed.o
 .comment       0x0000007e       0x7f ./source/drivers/Timer.o
 .comment       0x0000007e       0x7f ./source/drivers/button.o
 .comment       0x0000007e       0x7f ./source/drivers/encoder.o
 .comment       0x0000007e       0x7f ./source/drivers/lector.o
 .comment       0x0000007e       0x7f ./source/drivers/seven_seg_display.o
 .comment       0x0000007e       0x7f ./source/database/data_base.o
 .comment       0x0000007e       0x7f ./source/MCAL/SysTick.o
 .comment       0x0000007e       0x7f ./source/MCAL/gpio.o
 .comment       0x0000007e       0x7f ./source/FSM/States/admin_state.o
 .comment       0x0000007e       0x7f ./source/FSM/States/fail_state.o
 .comment       0x0000007e       0x7f ./source/FSM/States/id_state.o
 .comment       0x0000007e       0x7f ./source/FSM/States/main_menu_state.o
 .comment       0x0000007e       0x7f ./source/FSM/States/open_state.o
 .comment       0x0000007e       0x7f ./source/FSM/States/pin_state.o
 .comment       0x0000007e       0x7f ./source/FSM/States/user_input.o
 .comment       0x0000007e       0x7f ./source/FSM/States/usr_state.o
 .comment       0x0000007e       0x7f ./source/FSM/fsm.o
 .comment       0x0000007e       0x7f ./source/FSM/fsm_table.o
 .comment       0x0000007e       0x7f ./source/App.o
 .comment       0x0000007e       0x7f ./source/queue.o
 .comment       0x0000007e       0x7f ./CMSIS/system_MK64F12.o
 .comment       0x0000007e       0x7f c:/nxp/mcuxpressoide_10.2.0_759/ide/tools/bin/../lib/gcc/arm-none-eabi/7.2.1/../../../../arm-none-eabi/lib/thumb/v7e-m/fpv4-sp/hard\libcr_semihost_nf.a(_cr__main.o)
 .comment       0x0000007e       0x7f c:/nxp/mcuxpressoide_10.2.0_759/ide/tools/bin/../lib/gcc/arm-none-eabi/7.2.1/../../../../arm-none-eabi/lib/thumb/v7e-m/fpv4-sp/hard\libcr_c.a(memcpy.o)
 .comment       0x0000007e       0x7f c:/nxp/mcuxpressoide_10.2.0_759/ide/tools/bin/../lib/gcc/arm-none-eabi/7.2.1/../../../../arm-none-eabi/lib/thumb/v7e-m/fpv4-sp/hard\libcr_c.a(memset.o)
 .comment       0x0000007e       0x7f c:/nxp/mcuxpressoide_10.2.0_759/ide/tools/bin/../lib/gcc/arm-none-eabi/7.2.1/../../../../arm-none-eabi/lib/thumb/v7e-m/fpv4-sp/hard\libcr_c.a(initio.o)
 .comment       0x0000007e       0x7f c:/nxp/mcuxpressoide_10.2.0_759/ide/tools/bin/../lib/gcc/arm-none-eabi/7.2.1/../../../../arm-none-eabi/lib/thumb/v7e-m/fpv4-sp/hard\libcr_c.a(setvbuf.o)
 .comment       0x0000007e       0x7f c:/nxp/mcuxpressoide_10.2.0_759/ide/tools/bin/../lib/gcc/arm-none-eabi/7.2.1/../../../../arm-none-eabi/lib/thumb/v7e-m/fpv4-sp/hard\libcr_c.a(_fdopen.o)
 .comment       0x0000007e       0x7f c:/nxp/mcuxpressoide_10.2.0_759/ide/tools/bin/../lib/gcc/arm-none-eabi/7.2.1/../../../../arm-none-eabi/lib/thumb/v7e-m/fpv4-sp/hard\libcr_c.a(fclose.o)
 .comment       0x0000007e       0x7f c:/nxp/mcuxpressoide_10.2.0_759/ide/tools/bin/../lib/gcc/arm-none-eabi/7.2.1/../../../../arm-none-eabi/lib/thumb/v7e-m/fpv4-sp/hard\libcr_c.a(fflush.o)
 .comment       0x0000007e       0x7f c:/nxp/mcuxpressoide_10.2.0_759/ide/tools/bin/../lib/gcc/arm-none-eabi/7.2.1/../../../../arm-none-eabi/lib/thumb/v7e-m/fpv4-sp/hard\libcr_c.a(fseek.o)
 .comment       0x0000007e       0x7f c:/nxp/mcuxpressoide_10.2.0_759/ide/tools/bin/../lib/gcc/arm-none-eabi/7.2.1/../../../../arm-none-eabi/lib/thumb/v7e-m/fpv4-sp/hard\libcr_c.a(ftell.o)
 .comment       0x0000007e       0x7f c:/nxp/mcuxpressoide_10.2.0_759/ide/tools/bin/../lib/gcc/arm-none-eabi/7.2.1/../../../../arm-none-eabi/lib/thumb/v7e-m/fpv4-sp/hard\libcr_c.a(remove.o)
 .comment       0x0000007e       0x7f c:/nxp/mcuxpressoide_10.2.0_759/ide/tools/bin/../lib/gcc/arm-none-eabi/7.2.1/../../../../arm-none-eabi/lib/thumb/v7e-m/fpv4-sp/hard\libcr_c.a(strlen.o)
 .comment       0x0000007e       0x7f c:/nxp/mcuxpressoide_10.2.0_759/ide/tools/bin/../lib/gcc/arm-none-eabi/7.2.1/../../../../arm-none-eabi/lib/thumb/v7e-m/fpv4-sp/hard\libcr_c.a(_do_fflush.o)
 .comment       0x0000007e       0x7f c:/nxp/mcuxpressoide_10.2.0_759/ide/tools/bin/../lib/gcc/arm-none-eabi/7.2.1/../../../../arm-none-eabi/lib/thumb/v7e-m/fpv4-sp/hard\libcr_c.a(_fflush.o)
 .comment       0x0000007e       0x7f c:/nxp/mcuxpressoide_10.2.0_759/ide/tools/bin/../lib/gcc/arm-none-eabi/7.2.1/../../../../arm-none-eabi/lib/thumb/v7e-m/fpv4-sp/hard\libcr_c.a(_writebuf.o)
 .comment       0x0000007e       0x7f c:/nxp/mcuxpressoide_10.2.0_759/ide/tools/bin/../lib/gcc/arm-none-eabi/7.2.1/../../../../arm-none-eabi/lib/thumb/v7e-m/fpv4-sp/hard\libcr_c.a(alloc.o)
 .comment       0x0000007e       0x7f c:/nxp/mcuxpressoide_10.2.0_759/ide/tools/bin/../lib/gcc/arm-none-eabi/7.2.1/../../../../arm-none-eabi/lib/thumb/v7e-m/fpv4-sp/hard\libcr_c.a(errno.o)
 .comment       0x0000007e       0x7f c:/nxp/mcuxpressoide_10.2.0_759/ide/tools/bin/../lib/gcc/arm-none-eabi/7.2.1/../../../../arm-none-eabi/lib/thumb/v7e-m/fpv4-sp/hard\libcr_c.a(_deferredlazyseek.o)
 .comment       0x0000007e       0x7f c:/nxp/mcuxpressoide_10.2.0_759/ide/tools/bin/../lib/gcc/arm-none-eabi/7.2.1/../../../../arm-none-eabi/lib/thumb/v7e-m/fpv4-sp/hard\libcr_semihost_nf.a(__ciob.o)

.ARM.attributes
                0x00000000       0x37
 .ARM.attributes
                0x00000000       0x39 ./source/startup/hardware.o
 .ARM.attributes
                0x00000039       0x39 ./source/startup/main.o
 .ARM.attributes
                0x00000072       0x39 ./source/startup/semihost_hardfault.o
 .ARM.attributes
                0x000000ab       0x39 ./source/startup/startup_mk64f12.o
 .ARM.attributes
                0x000000e4       0x39 ./source/drivers/Led.o
 .ARM.attributes
                0x0000011d       0x39 ./source/drivers/MplxLed.o
 .ARM.attributes
                0x00000156       0x39 ./source/drivers/Timer.o
 .ARM.attributes
                0x0000018f       0x39 ./source/drivers/button.o
 .ARM.attributes
                0x000001c8       0x39 ./source/drivers/encoder.o
 .ARM.attributes
                0x00000201       0x39 ./source/drivers/lector.o
 .ARM.attributes
                0x0000023a       0x39 ./source/drivers/seven_seg_display.o
 .ARM.attributes
                0x00000273       0x39 ./source/database/data_base.o
 .ARM.attributes
                0x000002ac       0x39 ./source/MCAL/SysTick.o
 .ARM.attributes
                0x000002e5       0x39 ./source/MCAL/gpio.o
 .ARM.attributes
                0x0000031e       0x39 ./source/FSM/States/admin_state.o
 .ARM.attributes
                0x00000357       0x39 ./source/FSM/States/fail_state.o
 .ARM.attributes
                0x00000390       0x39 ./source/FSM/States/id_state.o
 .ARM.attributes
                0x000003c9       0x39 ./source/FSM/States/main_menu_state.o
 .ARM.attributes
                0x00000402       0x39 ./source/FSM/States/open_state.o
 .ARM.attributes
                0x0000043b       0x39 ./source/FSM/States/pin_state.o
 .ARM.attributes
                0x00000474       0x39 ./source/FSM/States/user_input.o
 .ARM.attributes
                0x000004ad       0x39 ./source/FSM/States/usr_state.o
 .ARM.attributes
                0x000004e6       0x39 ./source/FSM/fsm.o
 .ARM.attributes
                0x0000051f       0x39 ./source/FSM/fsm_table.o
 .ARM.attributes
                0x00000558       0x39 ./source/App.o
 .ARM.attributes
                0x00000591       0x39 ./source/queue.o
 .ARM.attributes
                0x000005ca       0x39 ./CMSIS/system_MK64F12.o
 .ARM.attributes
                0x00000603       0x39 c:/nxp/mcuxpressoide_10.2.0_759/ide/tools/bin/../lib/gcc/arm-none-eabi/7.2.1/../../../../arm-none-eabi/lib/thumb/v7e-m/fpv4-sp/hard\libcr_semihost_nf.a(_cr__main.o)
 .ARM.attributes
                0x0000063c       0x39 c:/nxp/mcuxpressoide_10.2.0_759/ide/tools/bin/../lib/gcc/arm-none-eabi/7.2.1/../../../../arm-none-eabi/lib/thumb/v7e-m/fpv4-sp/hard\libcr_c.a(memcpy.o)
 .ARM.attributes
                0x00000675       0x39 c:/nxp/mcuxpressoide_10.2.0_759/ide/tools/bin/../lib/gcc/arm-none-eabi/7.2.1/../../../../arm-none-eabi/lib/thumb/v7e-m/fpv4-sp/hard\libcr_c.a(memset.o)
 .ARM.attributes
                0x000006ae       0x39 c:/nxp/mcuxpressoide_10.2.0_759/ide/tools/bin/../lib/gcc/arm-none-eabi/7.2.1/../../../../arm-none-eabi/lib/thumb/v7e-m/fpv4-sp/hard\libcr_c.a(initio.o)
 .ARM.attributes
                0x000006e7       0x39 c:/nxp/mcuxpressoide_10.2.0_759/ide/tools/bin/../lib/gcc/arm-none-eabi/7.2.1/../../../../arm-none-eabi/lib/thumb/v7e-m/fpv4-sp/hard\libcr_c.a(setvbuf.o)
 .ARM.attributes
                0x00000720       0x39 c:/nxp/mcuxpressoide_10.2.0_759/ide/tools/bin/../lib/gcc/arm-none-eabi/7.2.1/../../../../arm-none-eabi/lib/thumb/v7e-m/fpv4-sp/hard\libcr_c.a(_fdopen.o)
 .ARM.attributes
                0x00000759       0x39 c:/nxp/mcuxpressoide_10.2.0_759/ide/tools/bin/../lib/gcc/arm-none-eabi/7.2.1/../../../../arm-none-eabi/lib/thumb/v7e-m/fpv4-sp/hard\libcr_c.a(fclose.o)
 .ARM.attributes
                0x00000792       0x39 c:/nxp/mcuxpressoide_10.2.0_759/ide/tools/bin/../lib/gcc/arm-none-eabi/7.2.1/../../../../arm-none-eabi/lib/thumb/v7e-m/fpv4-sp/hard\libcr_c.a(fflush.o)
 .ARM.attributes
                0x000007cb       0x39 c:/nxp/mcuxpressoide_10.2.0_759/ide/tools/bin/../lib/gcc/arm-none-eabi/7.2.1/../../../../arm-none-eabi/lib/thumb/v7e-m/fpv4-sp/hard\libcr_c.a(fseek.o)
 .ARM.attributes
                0x00000804       0x39 c:/nxp/mcuxpressoide_10.2.0_759/ide/tools/bin/../lib/gcc/arm-none-eabi/7.2.1/../../../../arm-none-eabi/lib/thumb/v7e-m/fpv4-sp/hard\libcr_c.a(ftell.o)
 .ARM.attributes
                0x0000083d       0x39 c:/nxp/mcuxpressoide_10.2.0_759/ide/tools/bin/../lib/gcc/arm-none-eabi/7.2.1/../../../../arm-none-eabi/lib/thumb/v7e-m/fpv4-sp/hard\libcr_c.a(remove.o)
 .ARM.attributes
                0x00000876       0x39 c:/nxp/mcuxpressoide_10.2.0_759/ide/tools/bin/../lib/gcc/arm-none-eabi/7.2.1/../../../../arm-none-eabi/lib/thumb/v7e-m/fpv4-sp/hard\libcr_c.a(strlen.o)
 .ARM.attributes
                0x000008af       0x39 c:/nxp/mcuxpressoide_10.2.0_759/ide/tools/bin/../lib/gcc/arm-none-eabi/7.2.1/../../../../arm-none-eabi/lib/thumb/v7e-m/fpv4-sp/hard\libcr_c.a(_do_fflush.o)
 .ARM.attributes
                0x000008e8       0x39 c:/nxp/mcuxpressoide_10.2.0_759/ide/tools/bin/../lib/gcc/arm-none-eabi/7.2.1/../../../../arm-none-eabi/lib/thumb/v7e-m/fpv4-sp/hard\libcr_c.a(_fflush.o)
 .ARM.attributes
                0x00000921       0x39 c:/nxp/mcuxpressoide_10.2.0_759/ide/tools/bin/../lib/gcc/arm-none-eabi/7.2.1/../../../../arm-none-eabi/lib/thumb/v7e-m/fpv4-sp/hard\libcr_c.a(_writebuf.o)
 .ARM.attributes
                0x0000095a       0x39 c:/nxp/mcuxpressoide_10.2.0_759/ide/tools/bin/../lib/gcc/arm-none-eabi/7.2.1/../../../../arm-none-eabi/lib/thumb/v7e-m/fpv4-sp/hard\libcr_c.a(alloc.o)
 .ARM.attributes
                0x00000993       0x39 c:/nxp/mcuxpressoide_10.2.0_759/ide/tools/bin/../lib/gcc/arm-none-eabi/7.2.1/../../../../arm-none-eabi/lib/thumb/v7e-m/fpv4-sp/hard\libcr_c.a(errno.o)
 .ARM.attributes
                0x000009cc       0x39 c:/nxp/mcuxpressoide_10.2.0_759/ide/tools/bin/../lib/gcc/arm-none-eabi/7.2.1/../../../../arm-none-eabi/lib/thumb/v7e-m/fpv4-sp/hard\libcr_c.a(_deferredlazyseek.o)
 .ARM.attributes
                0x00000a05       0x25 c:/nxp/mcuxpressoide_10.2.0_759/ide/tools/bin/../lib/gcc/arm-none-eabi/7.2.1/thumb/v7e-m/fpv4-sp/hard\libcr_eabihelpers.a(memcpy.o)
 .ARM.attributes
                0x00000a2a       0x39 c:/nxp/mcuxpressoide_10.2.0_759/ide/tools/bin/../lib/gcc/arm-none-eabi/7.2.1/../../../../arm-none-eabi/lib/thumb/v7e-m/fpv4-sp/hard\libcr_semihost_nf.a(__ciob.o)
 .ARM.attributes
                0x00000a63       0x25 c:/nxp/mcuxpressoide_10.2.0_759/ide/tools/bin/../lib/gcc/arm-none-eabi/7.2.1/../../../../arm-none-eabi/lib/thumb/v7e-m/fpv4-sp/hard\libcr_semihost_nf.a(__sys_close.o)
 .ARM.attributes
                0x00000a88       0x25 c:/nxp/mcuxpressoide_10.2.0_759/ide/tools/bin/../lib/gcc/arm-none-eabi/7.2.1/../../../../arm-none-eabi/lib/thumb/v7e-m/fpv4-sp/hard\libcr_semihost_nf.a(__sys_flen.o)
 .ARM.attributes
                0x00000aad       0x25 c:/nxp/mcuxpressoide_10.2.0_759/ide/tools/bin/../lib/gcc/arm-none-eabi/7.2.1/../../../../arm-none-eabi/lib/thumb/v7e-m/fpv4-sp/hard\libcr_semihost_nf.a(__sys_istty.o)
 .ARM.attributes
                0x00000ad2       0x25 c:/nxp/mcuxpressoide_10.2.0_759/ide/tools/bin/../lib/gcc/arm-none-eabi/7.2.1/../../../../arm-none-eabi/lib/thumb/v7e-m/fpv4-sp/hard\libcr_semihost_nf.a(__sys_remove.o)
 .ARM.attributes
                0x00000af7       0x25 c:/nxp/mcuxpressoide_10.2.0_759/ide/tools/bin/../lib/gcc/arm-none-eabi/7.2.1/../../../../arm-none-eabi/lib/thumb/v7e-m/fpv4-sp/hard\libcr_semihost_nf.a(__sys_seek.o)
 .ARM.attributes
                0x00000b1c       0x25 c:/nxp/mcuxpressoide_10.2.0_759/ide/tools/bin/../lib/gcc/arm-none-eabi/7.2.1/../../../../arm-none-eabi/lib/thumb/v7e-m/fpv4-sp/hard\libcr_semihost_nf.a(__sys_tmpnam.o)
 .ARM.attributes