Archive member included to satisfy reference by file (symbol)

c:/nxp/mcuxpressoide_10.2.0_759/ide/tools/bin/../lib/gcc/arm-none-eabi/7.2.1/../../../../arm-none-eabi/lib/thumb/v7e-m/fpv4-sp/hard\libcr_semihost_nf.a(_cr__main.o)
                              ./source/startup/startup_mk64f12.o (__main)
c:/nxp/mcuxpressoide_10.2.0_759/ide/tools/bin/../lib/gcc/arm-none-eabi/7.2.1/../../../../arm-none-eabi/lib/thumb/v7e-m/fpv4-sp/hard\libcr_c.a(memcpy.o)
                              ./source/drivers/Led.o (memcpy)
c:/nxp/mcuxpressoide_10.2.0_759/ide/tools/bin/../lib/gcc/arm-none-eabi/7.2.1/../../../../arm-none-eabi/lib/thumb/v7e-m/fpv4-sp/hard\libcr_c.a(memset.o)
                              ./source/database/data_base.o (memset)
c:/nxp/mcuxpressoide_10.2.0_759/ide/tools/bin/../lib/gcc/arm-none-eabi/7.2.1/../../../../arm-none-eabi/lib/thumb/v7e-m/fpv4-sp/hard\libcr_c.a(initio.o)
                              c:/nxp/mcuxpressoide_10.2.0_759/ide/tools/bin/../lib/gcc/arm-none-eabi/7.2.1/../../../../arm-none-eabi/lib/thumb/v7e-m/fpv4-sp/hard\libcr_semihost_nf.a(_cr__main.o) (_initio)
c:/nxp/mcuxpressoide_10.2.0_759/ide/tools/bin/../lib/gcc/arm-none-eabi/7.2.1/../../../../arm-none-eabi/lib/thumb/v7e-m/fpv4-sp/hard\libcr_c.a(setvbuf.o)
                              c:/nxp/mcuxpressoide_10.2.0_759/ide/tools/bin/../lib/gcc/arm-none-eabi/7.2.1/../../../../arm-none-eabi/lib/thumb/v7e-m/fpv4-sp/hard\libcr_c.a(initio.o) (setvbuf)
c:/nxp/mcuxpressoide_10.2.0_759/ide/tools/bin/../lib/gcc/arm-none-eabi/7.2.1/../../../../arm-none-eabi/lib/thumb/v7e-m/fpv4-sp/hard\libcr_c.a(_fdopen.o)
                              c:/nxp/mcuxpressoide_10.2.0_759/ide/tools/bin/../lib/gcc/arm-none-eabi/7.2.1/../../../../arm-none-eabi/lib/thumb/v7e-m/fpv4-sp/hard\libcr_c.a(initio.o) (_fdopen)
c:/nxp/mcuxpressoide_10.2.0_759/ide/tools/bin/../lib/gcc/arm-none-eabi/7.2.1/../../../../arm-none-eabi/lib/thumb/v7e-m/fpv4-sp/hard\libcr_c.a(fclose.o)
                              c:/nxp/mcuxpressoide_10.2.0_759/ide/tools/bin/../lib/gcc/arm-none-eabi/7.2.1/../../../../arm-none-eabi/lib/thumb/v7e-m/fpv4-sp/hard\libcr_c.a(initio.o) (fclose)
c:/nxp/mcuxpressoide_10.2.0_759/ide/tools/bin/../lib/gcc/arm-none-eabi/7.2.1/../../../../arm-none-eabi/lib/thumb/v7e-m/fpv4-sp/hard\libcr_c.a(fflush.o)
                              c:/nxp/mcuxpressoide_10.2.0_759/ide/tools/bin/../lib/gcc/arm-none-eabi/7.2.1/../../../../arm-none-eabi/lib/thumb/v7e-m/fpv4-sp/hard\libcr_c.a(fclose.o) (fflush)
c:/nxp/mcuxpressoide_10.2.0_759/ide/tools/bin/../lib/gcc/arm-none-eabi/7.2.1/../../../../arm-none-eabi/lib/thumb/v7e-m/fpv4-sp/hard\libcr_c.a(fseek.o)
                              c:/nxp/mcuxpressoide_10.2.0_759/ide/tools/bin/../lib/gcc/arm-none-eabi/7.2.1/../../../../arm-none-eabi/lib/thumb/v7e-m/fpv4-sp/hard\libcr_c.a(_fdopen.o) (fseek)
c:/nxp/mcuxpressoide_10.2.0_759/ide/tools/bin/../lib/gcc/arm-none-eabi/7.2.1/../../../../arm-none-eabi/lib/thumb/v7e-m/fpv4-sp/hard\libcr_c.a(ftell.o)
                              c:/nxp/mcuxpressoide_10.2.0_759/ide/tools/bin/../lib/gcc/arm-none-eabi/7.2.1/../../../../arm-none-eabi/lib/thumb/v7e-m/fpv4-sp/hard\libcr_c.a(fseek.o) (ftell)
c:/nxp/mcuxpressoide_10.2.0_759/ide/tools/bin/../lib/gcc/arm-none-eabi/7.2.1/../../../../arm-none-eabi/lib/thumb/v7e-m/fpv4-sp/hard\libcr_c.a(remove.o)
                              c:/nxp/mcuxpressoide_10.2.0_759/ide/tools/bin/../lib/gcc/arm-none-eabi/7.2.1/../../../../arm-none-eabi/lib/thumb/v7e-m/fpv4-sp/hard\libcr_c.a(fclose.o) (remove)
c:/nxp/mcuxpressoide_10.2.0_759/ide/tools/bin/../lib/gcc/arm-none-eabi/7.2.1/../../../../arm-none-eabi/lib/thumb/v7e-m/fpv4-sp/hard\libcr_c.a(strlen.o)
                              c:/nxp/mcuxpressoide_10.2.0_759/ide/tools/bin/../lib/gcc/arm-none-eabi/7.2.1/../../../../arm-none-eabi/lib/thumb/v7e-m/fpv4-sp/hard\libcr_c.a(remove.o) (strlen)
c:/nxp/mcuxpressoide_10.2.0_759/ide/tools/bin/../lib/gcc/arm-none-eabi/7.2.1/../../../../arm-none-eabi/lib/thumb/v7e-m/fpv4-sp/hard\libcr_c.a(_do_fflush.o)
                              c:/nxp/mcuxpressoide_10.2.0_759/ide/tools/bin/../lib/gcc/arm-none-eabi/7.2.1/../../../../arm-none-eabi/lib/thumb/v7e-m/fpv4-sp/hard\libcr_c.a(fflush.o) (_do_fflush)
c:/nxp/mcuxpressoide_10.2.0_759/ide/tools/bin/../lib/gcc/arm-none-eabi/7.2.1/../../../../arm-none-eabi/lib/thumb/v7e-m/fpv4-sp/hard\libcr_c.a(_fflush.o)
                              c:/nxp/mcuxpressoide_10.2.0_759/ide/tools/bin/../lib/gcc/arm-none-eabi/7.2.1/../../../../arm-none-eabi/lib/thumb/v7e-m/fpv4-sp/hard\libcr_c.a(_do_fflush.o) (_fflush)
c:/nxp/mcuxpressoide_10.2.0_759/ide/tools/bin/../lib/gcc/arm-none-eabi/7.2.1/../../../../arm-none-eabi/lib/thumb/v7e-m/fpv4-sp/hard\libcr_c.a(_writebuf.o)
                              c:/nxp/mcuxpressoide_10.2.0_759/ide/tools/bin/../lib/gcc/arm-none-eabi/7.2.1/../../../../arm-none-eabi/lib/thumb/v7e-m/fpv4-sp/hard\libcr_c.a(_fflush.o) (_Cwritebuf)
[...]
Memory Configuration

Name             Origin             Length             Attributes
PROGRAM_FLASH    0x00000000         0x00100000         xr
SRAM_UPPER       0x20000000         0x00030000         xrw
SRAM_LOWER       0x1fff0000         0x00010000         xrw
FLEX_RAM         0x14000000         0x00001000         xrw
*default*        0x00000000         0xffffffff

Linker script and memory map

LOAD ./source/startup/hardware.o
LOAD ./source/startup/main.o
LOAD ./source/startup/semihost_hardfault.o
LOAD ./source/startup/startup_mk64f12.o
LOAD ./source/drivers/Led.o
LOAD ./source/drivers/MplxLed.o
LOAD ./source/drivers/Timer.o
LOAD ./source/drivers/button.o
LOAD ./source/drivers/encoder.o
LOAD ./source/drivers/lector.o
LOAD ./source/drivers/seven_seg_display.o
LOAD ./source/database/data_base.o
LOAD ./source/MCAL/SysTick.o
LOAD ./source/MCAL/gpio.o
LOAD ./source/FSM/States/add_user_state/substates/add_user_id_state.o
LOAD ./source/FSM/States/add_user_state/substates/add_user_main_state.o
LOAD ./source/FSM/States/add_user_state/substates/add_user_pin_state.o
LOAD ./source/FSM/States/add_user_state/add_user_fsm_table.o
LOAD ./source/FSM/States/add_user_state/add_user_state.o
LOAD ./source/FSM/States/config_device_state.o
LOAD ./source/FSM/States/config_me_state.o
LOAD ./source/FSM/States/delete_user_state.o
LOAD ./source/FSM/States/fail_state.o
LOAD ./source/FSM/States/id_state.o
LOAD ./source/FSM/States/menu_state.o
LOAD ./source/FSM/States/open_state.o
LOAD ./source/FSM/States/pin_state.o
LOAD ./source/FSM/States/user_input.o
LOAD ./source/FSM/States/welcome_state.o
LOAD ./source/FSM/fsm.o
LOAD ./source/FSM/fsm_table.o
LOAD ./source/App.o
LOAD ./source/queue.o
LOAD ./CMSIS/system_MK64F12.o
START GROUP
LOAD c:/nxp/mcuxpressoide_10.2.0_759/ide/tools/bin/../lib/gcc/arm-none-eabi/7.2.1/../../../../arm-none-eabi/lib/thumb/v7e-m/fpv4-sp/hard\libcr_semihost_nf.a
LOAD c:/nxp/mcuxpressoide_10.2.0_759/ide/tools/bin/../lib/gcc/arm-none-eabi/7.2.1/../../../../arm-none-eabi/lib/thumb/v7e-m/fpv4-sp/hard\libcr_c.a
LOAD c:/nxp/mcuxpressoide_10.2.0_759/ide/tools/bin/../lib/gcc/arm-none-eabi/7.2.1/thumb/v7e-m/fpv4-sp/hard\libcr_eabihelpers.a
END GROUP
                0x00000000                __base_PROGRAM_FLASH = 0x0
                0x00000000                __base_Flash = 0x0
                0x00100000                __top_PROGRAM_FLASH = 0x100000
                0x00100000                __top_Flash = 0x100000
                0x20000000                __base_SRAM_UPPER = 0x20000000
                0x20000000                __base_RAM = 0x20000000
                0x20030000                __top_SRAM_UPPER = 0x20030000
                0x20030000                __top_RAM = 0x20030000
                0x1fff0000                __base_SRAM_LOWER = 0x1fff0000
                0x1fff0000                __base_RAM2 = 0x1fff0000
                0x20000000                __top_SRAM_LOWER = 0x20000000
                0x20000000                __top_RAM2 = 0x20000000
                0x14000000                __base_FLEX_RAM = 0x14000000
                0x14000000                __base_RAM3 = 0x14000000
                0x14001000                __top_FLEX_RAM = 0x14001000
                0x14001000                __top_RAM3 = 0x14001000

.text           0x00000000     0x5978
 FILL mask 0xff
                0x00000000                __vectors_start__ = ABSOLUTE (.)
 *(SORT_BY_ALIGNMENT(.isr_vector))
 .isr_vector    0x00000000      0x198 ./source/startup/startup_mk64f12.o
                0x00000000                g_pfnVectors
                0x00000000                __Vectors
                0x00000198                . = ALIGN (0x4)
                0x00000198                __section_table_start = .
                0x00000198                __data_section_table = .
                0x00000198        0x4 LONG 0x5978 LOADADDR (.data)
                0x0000019c        0x4 LONG 0x20000000 ADDR (.data)
                0x000001a0        0x4 LONG 0x450 SIZEOF (.data)
                0x000001a4        0x4 LONG 0x5978 LOADADDR (.data_RAM2)
                0x000001a8        0x4 LONG 0x1fff0000 ADDR (.data_RAM2)
                0x000001ac        0x4 LONG 0x0 SIZEOF (.data_RAM2)
                0x000001b0        0x4 LONG 0x5978 LOADADDR (.data_RAM3)
                0x000001b4        0x4 LONG 0x14000000 ADDR (.data_RAM3)
                0x000001b8        0x4 LONG 0x0 SIZEOF (.data_RAM3)
                0x000001bc                __data_section_table_end = .
                0x000001bc                __bss_section_table = .
                0x000001bc        0x4 LONG 0x20000450 ADDR (.bss)
                0x000001c0        0x4 LONG 0x1350 SIZEOF (.bss)
                0x000001c4        0x4 LONG 0x1fff0000 ADDR (.bss_RAM2)
                0x000001c8        0x4 LONG 0x0 SIZEOF (.bss_RAM2)
                0x000001cc        0x4 LONG 0x14000000 ADDR (.bss_RAM3)
                0x000001d0        0x4 LONG 0x0 SIZEOF (.bss_RAM3)
                0x000001d4                __bss_section_table_end = .
                0x000001d4                __section_table_end = .
 *(SORT_BY_ALIGNMENT(.after_vectors*))
 .after_vectors.reset
                0x000001d4       0x4c ./source/startup/startup_mk64f12.o
                0x000001d4                ResetISR
 .after_vectors.init_data
                0x00000220       0x1e ./source/startup/startup_mk64f12.o
                0x00000220                data_init
 .after_vectors.init_bss
                0x0000023e       0x12 ./source/startup/startup_mk64f12.o
                0x0000023e                bss_init
 .after_vectors
                0x00000250       0x14 ./source/startup/startup_mk64f12.o
                0x00000250                NMI_Handler
                0x00000254                MemManage_Handler
                0x00000256                BusFault_Handler
                0x00000258                UsageFault_Handler
                0x0000025a                SVC_Handler
                0x0000025c                DebugMon_Handler
                0x0000025e                PendSV_Handler
                0x00000262                DMA_Error_DriverIRQHandler
                0x00000262                LPTMR0_DriverIRQHandler
                0x00000262                FTM1_DriverIRQHandler
                0x00000262                FTM2_DriverIRQHandler
                0x00000262                PIT2_DriverIRQHandler
                0x00000262                SDHC_DriverIRQHandler
                0x00000262                I2S0_Tx_DriverIRQHandler
                0x00000262                RTC_Seconds_DriverIRQHandler
                0x00000262                DMA6_DriverIRQHandler
                0x00000262                LLWU_DriverIRQHandler
                0x00000262                MCM_DriverIRQHandler
                0x00000262                MCG_DriverIRQHandler
                0x00000262                ENET_1588_Timer_DriverIRQHandler
                0x00000262                I2C2_DriverIRQHandler
                0x00000262                DAC1_DriverIRQHandler
                0x00000262                SPI1_DriverIRQHandler
                0x00000262                CMP1_DriverIRQHandler
                0x00000262                UART5_RX_TX_DriverIRQHandler
                0x00000262                FTM0_DriverIRQHandler
                0x00000262                IntDefaultHandler
                0x00000262                USB0_DriverIRQHandler
                0x00000262                UART5_ERR_DriverIRQHandler
                0x00000262                PORTC_DriverIRQHandler
                0x00000262                DMA11_DriverIRQHandler
                0x00000262                DAC0_DriverIRQHandler
                0x00000262                DMA10_DriverIRQHandler
                0x00000262                CMP2_DriverIRQHandler
                0x00000262                UART2_ERR_DriverIRQHandler
                0x00000262                SPI2_DriverIRQHandler
                0x00000262                LVD_LVW_DriverIRQHandler
                0x00000262                PIT0_DriverIRQHandler
                0x00000262                RNG_DriverIRQHandler
                0x00000262                DMA5_DriverIRQHandler
                0x00000262                DMA12_DriverIRQHandler
                0x00000262                UART2_RX_TX_DriverIRQHandler
                0x00000262                USBDCD_DriverIRQHandler
                0x00000262                UART3_ERR_DriverIRQHandler
                0x00000262                DMA3_DriverIRQHandler
                0x00000262                DMA8_DriverIRQHandler
                0x00000262                DMA9_DriverIRQHandler
                0x00000262                UART0_ERR_DriverIRQHandler
                0x00000262                CMT_DriverIRQHandler
                0x00000262                Reserved71_DriverIRQHandler
                0x00000262                ADC1_DriverIRQHandler
                0x00000262                PORTA_DriverIRQHandler
                0x00000262                DMA14_DriverIRQHandler
                0x00000262                PIT3_DriverIRQHandler
                0x00000262                PIT1_DriverIRQHandler
                0x00000262                WDOG_EWM_DriverIRQHandler
                0x00000262                PDB0_DriverIRQHandler
                0x00000262                RTC_DriverIRQHandler
                0x00000262                I2S0_Rx_DriverIRQHandler
                0x00000262                Read_Collision_DriverIRQHandler
                0x00000262                SWI_DriverIRQHandler
                0x00000262                UART4_RX_TX_DriverIRQHandler
                0x00000262                UART4_ERR_DriverIRQHandler
                0x00000262                PORTB_DriverIRQHandler
                0x00000262                UART0_LON_DriverIRQHandler
                0x00000262                DMA0_DriverIRQHandler
                0x00000262                DMA1_DriverIRQHandler
                0x00000262                I2C1_DriverIRQHandler
                0x00000262                UART3_RX_TX_DriverIRQHandler
                0x00000262                ENET_Receive_DriverIRQHandler
                0x00000262                DMA13_DriverIRQHandler
                0x00000262                ENET_Error_DriverIRQHandler
                0x00000262                DMA15_DriverIRQHandler
                0x00000262                UART0_RX_TX_DriverIRQHandler
                0x00000262                SPI0_DriverIRQHandler
                0x00000262                ADC0_DriverIRQHandler
                0x00000262                CMP0_DriverIRQHandler
                0x00000262                CAN0_DriverIRQHandler
                0x00000262                FTM3_DriverIRQHandler
                0x00000262                DMA4_DriverIRQHandler
                0x00000262                UART1_ERR_DriverIRQHandler
                0x00000262                DMA2_DriverIRQHandler
                0x00000262                ENET_Transmit_DriverIRQHandler
                0x00000262                PORTD_DriverIRQHandler
                0x00000262                PORTE_DriverIRQHandler
                0x00000262                FTFE_DriverIRQHandler
                0x00000262                I2C0_DriverIRQHandler
                0x00000262                DMA7_DriverIRQHandler
                0x00000262                UART1_RX_TX_DriverIRQHandler
                0x00000400                . = 0x400
 *fill*         0x00000264      0x19c ff
                0x00000400                PROVIDE (__FLASH_CONFIG_START__, .)
 *(SORT_BY_ALIGNMENT(.FlashConfig))
 .FlashConfig   0x00000400       0x10 ./source/startup/startup_mk64f12.o
                0x00000400                Flash_Config
                0x00000410                PROVIDE (__FLASH_CONFIG_END__, .)
                0x00000001                ASSERT (! ((__FLASH_CONFIG_START__ == __FLASH_CONFIG_END__)), Linker Flash Config Support Enabled, but no .FlashConfig section provided within application)
 *(SORT_BY_ALIGNMENT(.text*))
 .text.hw_Init  0x00000410      0x10c ./source/startup/hardware.o
                0x00000410                hw_Init
 .text.hw_EnableInterrupts
                0x0000051c       0x30 ./source/startup/hardware.o
                0x0000051c                hw_EnableInterrupts
 .text.hw_DisableInterrupts
                0x0000054c       0x20 ./source/startup/hardware.o
                0x0000054c                hw_DisableInterrupts
 .text.Led_Init
                0x0000056c      0x188 ./source/drivers/Led.o
                0x0000056c                Led_Init
 .text.Led_OnForDefinedTime
                0x000006f4       0xa4 ./source/drivers/Led.o
                0x000006f4                Led_OnForDefinedTime
 .text.Led_CustomBlink
                0x00000798       0xf0 ./source/drivers/Led.o
                0x00000798                Led_CustomBlink
 .text.findLedIndexByID
                0x00000888       0x4c ./source/drivers/Led.o
 .text.Led_PISR
                0x000008d4       0xcc ./source/drivers/Led.o
 .text.MplxLed_Init
                0x000009a0       0x9c ./source/drivers/MplxLed.o
                0x000009a0                MplxLed_Init
 .text.MplxLed_On
                0x00000a3c       0x58 ./source/drivers/MplxLed.o
                0x00000a3c                MplxLed_On
 .text.MplxLed_Off
                0x00000a94       0x58 ./source/drivers/MplxLed.o
                0x00000a94                MplxLed_Off
 .text.MplxLed_PISR
                0x00000aec      0x33c ./source/drivers/MplxLed.o
                0x00000aec                MplxLed_PISR
 .text.Timer_Init
                0x00000e28       0x2c ./source/drivers/Timer.o
                0x00000e28                Timer_Init
 .text.Timer_AddCallback
                0x00000e54       0x88 ./source/drivers/Timer.o
                0x00000e54                Timer_AddCallback
 .text.Timer_Delete
                0x00000edc      0x1b8 ./source/drivers/Timer.o
                0x00000edc                Timer_Delete
 .text.Timer_Reset
                0x00001094       0x80 ./source/drivers/Timer.o
                0x00001094                Timer_Reset
 .text.Timer_PISR
                0x00001114       0xec ./source/drivers/Timer.o
 .text.systick_callback
                0x00001200      0x278 ./source/drivers/button.o
 .text.buttonsInit
                0x00001478       0x14 ./source/drivers/button.o
                0x00001478                buttonsInit
 .text.wasTap   0x0000148c       0x74 ./source/drivers/button.o
                0x0000148c                wasTap
 .text.wasLkp   0x00001500       0x80 ./source/drivers/button.o
                0x00001500                wasLkp
 .text.buttonConfiguration
                0x00001580      0x120 ./source/drivers/button.o
                0x00001580                buttonConfiguration
 .text.Encoder_Init
                0x000016a0       0x60 ./source/drivers/encoder.o
                0x000016a0                Encoder_Init
 .text.Encoder_GetMove
                0x00001700       0x3c ./source/drivers/encoder.o
                0x00001700                Encoder_GetMove
 .text.lookForMoves
                0x0000173c       0xd0 ./source/drivers/encoder.o
                0x0000173c                lookForMoves
 .text.Lector_Init
                0x0000180c       0x3c ./source/drivers/lector.o
                0x0000180c                Lector_Init
 .text.Lector_Event
                0x00001848       0x18 ./source/drivers/lector.o
                0x00001848                Lector_Event
 .text.Lector_GetData
                0x00001860      0x328 ./source/drivers/lector.o
                0x00001860                Lector_GetData
 .text.EnableIRQcallback
                0x00001b88       0x48 ./source/drivers/lector.o
                0x00001b88                EnableIRQcallback
 .text.ClockIRQcallback
                0x00001bd0       0x4c ./source/drivers/lector.o
                0x00001bd0                ClockIRQcallback
 .text.find_ss_fs_es
                0x00001c1c       0xb8 ./source/drivers/lector.o
                0x00001c1c                find_ss_fs_es
 .text.find_fs  0x00001cd4       0x88 ./source/drivers/lector.o
                0x00001cd4                find_fs
 .text.find_es  0x00001d5c       0x88 ./source/drivers/lector.o
                0x00001d5c                find_es
 .text.SevenSegDisplay_Init
                0x00001de4       0xe4 ./source/drivers/seven_seg_display.o
                0x00001de4                SevenSegDisplay_Init
 .text.SevenSegDisplay_ChangeCharacter
                0x00001ec8       0x44 ./source/drivers/seven_seg_display.o
                0x00001ec8                SevenSegDisplay_ChangeCharacter
 .text.SevenSegDisplay_BlinkScreen
                0x00001f0c       0x54 ./source/drivers/seven_seg_display.o
                0x00001f0c                SevenSegDisplay_BlinkScreen
 .text.SevenSegDisplay_BlinkCharacter
                0x00001f60       0x8c ./source/drivers/seven_seg_display.o
                0x00001f60                SevenSegDisplay_BlinkCharacter
 .text.SevenSegDisplay_SetBright
                0x00001fec       0x20 ./source/drivers/seven_seg_display.o
                0x00001fec                SevenSegDisplay_SetBright
 .text.SevenSegDisplay_WriteBuffer
                0x0000200c       0x68 ./source/drivers/seven_seg_display.o
                0x0000200c                SevenSegDisplay_WriteBuffer
 .text.SevenSegDisplay_WriteBufferAndMove
                0x00002074       0x90 ./source/drivers/seven_seg_display.o
                0x00002074                SevenSegDisplay_WriteBufferAndMove
 .text.SevenSegDisplay_Swipe
                0x00002104       0x5c ./source/drivers/seven_seg_display.o
                0x00002104                SevenSegDisplay_Swipe
 .text.SevenSegDisplay_SetPos
                0x00002160       0x30 ./source/drivers/seven_seg_display.o
                0x00002160                SevenSegDisplay_SetPos
 .text.SevenSegDisplay_CursorOn
                0x00002190       0x3c ./source/drivers/seven_seg_display.o
                0x00002190                SevenSegDisplay_CursorOn
 .text.SevenSegDisplay_CursorOff
                0x000021cc       0x2c ./source/drivers/seven_seg_display.o
                0x000021cc                SevenSegDisplay_CursorOff
 .text.SevenSegDisplay_CursorInc
                0x000021f8       0x48 ./source/drivers/seven_seg_display.o
                0x000021f8                SevenSegDisplay_CursorInc
 .text.SevenSegDisplay_CursorDec
                0x00002240       0x48 ./source/drivers/seven_seg_display.o
                0x00002240                SevenSegDisplay_CursorDec
 .text.SevenSegDisplay_PrintCharacter
                0x00002288       0x50 ./source/drivers/seven_seg_display.o
                0x00002288                SevenSegDisplay_PrintCharacter
 .text.SevenSegDisplay_PISR
                0x000022d8      0x210 ./source/drivers/seven_seg_display.o
                0x000022d8                SevenSegDisplay_PISR
 .text.SevenSegDisplay_EraseScreen
                0x000024e8       0x3c ./source/drivers/seven_seg_display.o
                0x000024e8                SevenSegDisplay_EraseScreen
 .text.SevenSegDisplay_chat2sevseg
                0x00002524       0x7c ./source/drivers/seven_seg_display.o
                0x00002524                SevenSegDisplay_chat2sevseg
 .text.initializeDataBase
                0x000025a0      0x284 ./source/database/data_base.o
                0x000025a0                initializeDataBase
 .text.verifyID
                0x00002824       0xa8 ./source/database/data_base.o
                0x00002824                verifyID
 .text.verifyPIN
                0x000028cc       0xc4 ./source/database/data_base.o
                0x000028cc                verifyPIN
 .text.isCurrentUserBlocked
                0x00002990       0x38 ./source/database/data_base.o
                0x00002990                isCurrentUserBlocked
 .text.UnblockUser
                0x000029c8       0x64 ./source/database/data_base.o
                0x000029c8                UnblockUser
 .text.IsAdmin  0x00002a2c       0x38 ./source/database/data_base.o
                0x00002a2c                IsAdmin
 .text.checkAddUser
                0x00002a64      0x134 ./source/database/data_base.o
                0x00002a64                checkAddUser
 .text.validateAll
                0x00002b98       0x68 ./source/database/data_base.o
                0x00002b98                validateAll
 .text.changePin
                0x00002c00       0x6c ./source/database/data_base.o
                0x00002c00                changePin
 .text.verifyCardNumber
                0x00002c6c       0xd0 ./source/database/data_base.o
                0x00002c6c                verifyCardNumber
 .text.SysTick_Init
                0x00002d3c       0x3c ./source/MCAL/SysTick.o
                0x00002d3c                SysTick_Init
 .text.SysTick_AddCallback
                0x00002d78       0x88 ./source/MCAL/SysTick.o
                0x00002d78                SysTick_AddCallback
 .text.SysTick_Handler
                0x00002e00       0xcc ./source/MCAL/SysTick.o
                0x00002e00                SysTick_Handler
 .text.__NVIC_EnableIRQ
                0x00002ecc       0x3c ./source/MCAL/gpio.o
 .text.__NVIC_GetEnableIRQ
                0x00002f08       0x40 ./source/MCAL/gpio.o
 .text.gpioMode
                0x00002f48      0x17c ./source/MCAL/gpio.o
                0x00002f48                gpioMode
 .text.gpioToggle
                0x000030c4       0x48 ./source/MCAL/gpio.o
                0x000030c4                gpioToggle
 .text.gpioRead
                0x0000310c       0x48 ./source/MCAL/gpio.o
                0x0000310c                gpioRead
 .text.gpioWrite
                0x00003154       0x5c ./source/MCAL/gpio.o
                0x00003154                gpioWrite
 .text.gpioIRQ  0x000031b0       0x90 ./source/MCAL/gpio.o
                0x000031b0                gpioIRQ
 .text.interruptHandler
                0x00003240       0x90 ./source/MCAL/gpio.o
                0x00003240                interruptHandler
 .text.addUserId_initLogin
                0x000032d0       0x28 ./source/FSM/States/add_user_state/substates/add_user_id_state.o
                0x000032d0                addUserId_initLogin
 .text.addUserId_increaseCurrent
                0x000032f8       0x40 ./source/FSM/States/add_user_state/substates/add_user_id_state.o
                0x000032f8                addUserId_increaseCurrent
 .text.addUserId_decreaseCurrent
                0x00003338       0x40 ./source/FSM/States/add_user_state/substates/add_user_id_state.o
                0x00003338                addUserId_decreaseCurrent
 .text.addUserId_confirmID
                0x00003378       0x64 ./source/FSM/States/add_user_state/substates/add_user_id_state.o
                0x00003378                addUserId_confirmID
 .text.addUserId_acceptNumber
                0x000033dc       0x40 ./source/FSM/States/add_user_state/substates/add_user_id_state.o
                0x000033dc                addUserId_acceptNumber
 .text.showTitle
                0x0000341c       0x48 ./source/FSM/States/add_user_state/substates/add_user_id_state.o
 .text.stopShowingTitle
                0x00003464       0x30 ./source/FSM/States/add_user_state/substates/add_user_id_state.o
 .text.userInteractionStopsTitle
                0x00003494       0x28 ./source/FSM/States/add_user_state/substates/add_user_id_state.o
 .text.userInteractionStopErrorIndication
                0x000034bc       0x2c ./source/FSM/States/add_user_state/substates/add_user_id_state.o
 .text.idFail   0x000034e8       0x4c ./source/FSM/States/add_user_state/substates/add_user_id_state.o
 .text.idAlreadyExists
                0x00003534       0x4c ./source/FSM/States/add_user_state/substates/add_user_id_state.o
 .text.addUsr_initState
                0x00003580       0x28 ./source/FSM/States/add_user_state/substates/add_user_main_state.o
                0x00003580                addUsr_initState
 .text.addUserPin_initPinInput
                0x000035a8       0x28 ./source/FSM/States/add_user_state/substates/add_user_pin_state.o
                0x000035a8                addUserPin_initPinInput
 .text.addUserPin_confirmPin
                0x000035d0       0x50 ./source/FSM/States/add_user_state/substates/add_user_pin_state.o
                0x000035d0                addUserPin_confirmPin
 .text.addUserPin_acceptNumber
                0x00003620       0x5c ./source/FSM/States/add_user_state/substates/add_user_pin_state.o
                0x00003620                addUserPin_acceptNumber
 .text.addUserPin_increaseCurrent
                0x0000367c       0x40 ./source/FSM/States/add_user_state/substates/add_user_pin_state.o
                0x0000367c                addUserPin_increaseCurrent
 .text.addUserPin_decreaseCurrent
                0x000036bc       0x40 ./source/FSM/States/add_user_state/substates/add_user_pin_state.o
                0x000036bc                addUserPin_decreaseCurrent
 .text.showTitle
                0x000036fc       0x48 ./source/FSM/States/add_user_state/substates/add_user_pin_state.o
 .text.stopShowingTitle
                0x00003744       0x30 ./source/FSM/States/add_user_state/substates/add_user_pin_state.o
 .text.userInteractionStopsTitle
                0x00003774       0x28 ./source/FSM/States/add_user_state/substates/add_user_pin_state.o
 .text.userInteractionStopErrorIndication
                0x0000379c       0x2c ./source/FSM/States/add_user_state/substates/add_user_pin_state.o
 .text.pinFail  0x000037c8       0x4c ./source/FSM/States/add_user_state/substates/add_user_pin_state.o
 .text.subFSM_GetInitState
                0x00003814       0x14 ./source/FSM/States/add_user_state/add_user_fsm_table.o
                0x00003814                subFSM_GetInitState
 .text.addUser_initFSM
                0x00003828       0x18 ./source/FSM/States/add_user_state/add_user_state.o
                0x00003828                addUser_initFSM
 .text.addUser_onLKP
                0x00003840       0x20 ./source/FSM/States/add_user_state/add_user_state.o
                0x00003840                addUser_onLKP
 .text.addUser_onPress
                0x00003860       0x20 ./source/FSM/States/add_user_state/add_user_state.o
                0x00003860                addUser_onPress
 .text.addUser_onEncoderRight
                0x00003880       0x20 ./source/FSM/States/add_user_state/add_user_state.o
                0x00003880                addUser_onEncoderRight
 .text.addUser_onEncoderLeft
                0x000038a0       0x20 ./source/FSM/States/add_user_state/add_user_state.o
                0x000038a0                addUser_onEncoderLeft
 .text.addUser_onCardSwipe
                0x000038c0       0x20 ./source/FSM/States/add_user_state/add_user_state.o
                0x000038c0                addUser_onCardSwipe
 .text.addUser_onReturn
                0x000038e0       0x20 ./source/FSM/States/add_user_state/add_user_state.o
                0x000038e0                addUser_onReturn
 .text.initConfigDevice
                0x00003900       0x40 ./source/FSM/States/config_device_state.o
                0x00003900                initConfigDevice
 .text.configDev_nextOption
                0x00003940       0x2c ./source/FSM/States/config_device_state.o
                0x00003940                configDev_nextOption
 .text.configDev_previousOption
                0x0000396c       0x2c ./source/FSM/States/config_device_state.o
                0x0000396c                configDev_previousOption
 .text.showCurrentOption
                0x00003998       0x38 ./source/FSM/States/config_device_state.o
 .text.configMe_initState
                0x000039d0       0x28 ./source/FSM/States/config_me_state.o
                0x000039d0                configMe_initState
 .text.configMe_confirmPin
                0x000039f8       0x48 ./source/FSM/States/config_me_state.o
                0x000039f8                configMe_confirmPin
 .text.configMe_acceptNumber
                0x00003a40       0x40 ./source/FSM/States/config_me_state.o
                0x00003a40                configMe_acceptNumber
 .text.configMe_increaseCurrent
                0x00003a80       0x40 ./source/FSM/States/config_me_state.o
                0x00003a80                configMe_increaseCurrent
 .text.configMe_decreaseCurrent
                0x00003ac0       0x40 ./source/FSM/States/config_me_state.o
                0x00003ac0                configMe_decreaseCurrent
 .text.showTitle
                0x00003b00       0x4c ./source/FSM/States/config_me_state.o
 .text.stopShowingTitle
                0x00003b4c       0x30 ./source/FSM/States/config_me_state.o
 .text.userInteractionStopsTitle
                0x00003b7c       0x28 ./source/FSM/States/config_me_state.o
 .text.userInteractionStopErrorIndication
                0x00003ba4       0x2c ./source/FSM/States/config_me_state.o
 .text.pinFail  0x00003bd0       0x4c ./source/FSM/States/config_me_state.o
 .text.initFailState
                0x00003c1c       0x64 ./source/FSM/States/fail_state.o
                0x00003c1c                initFailState
 .text.finishFail
                0x00003c80       0x30 ./source/FSM/States/fail_state.o
                0x00003c80                finishFail
 .text.initLogin
                0x00003cb0       0x28 ./source/FSM/States/id_state.o
                0x00003cb0                initLogin
 .text.id_increaseCurrent
                0x00003cd8       0x40 ./source/FSM/States/id_state.o
                0x00003cd8                id_increaseCurrent
 .text.id_decreaseCurrent
                0x00003d18       0x40 ./source/FSM/States/id_state.o
                0x00003d18                id_decreaseCurrent
 .text.id_confirmID
                0x00003d58       0x50 ./source/FSM/States/id_state.o
                0x00003d58                id_confirmID
 .text.id_acceptNumber
                0x00003da8       0x40 ./source/FSM/States/id_state.o
                0x00003da8                id_acceptNumber
 .text.id_checkCardID
                0x00003de8       0xb0 ./source/FSM/States/id_state.o
                0x00003de8                id_checkCardID
 .text.showTitle
                0x00003e98       0x48 ./source/FSM/States/id_state.o
 .text.stopShowingTitle
                0x00003ee0       0x30 ./source/FSM/States/id_state.o
 .text.userInteractionStopsTitle
                0x00003f10       0x28 ./source/FSM/States/id_state.o
 .text.userInteractionStopErrorIndication
                0x00003f38       0x2c ./source/FSM/States/id_state.o
 .text.idFail   0x00003f64       0x4c ./source/FSM/States/id_state.o
 .text.idCardFail
                0x00003fb0       0x4c ./source/FSM/States/id_state.o
 .text.menu_initState
                0x00003ffc       0x30 ./source/FSM/States/menu_state.o
                0x00003ffc                menu_initState
 .text.menu_nextOption
                0x0000402c       0x60 ./source/FSM/States/menu_state.o
                0x0000402c                menu_nextOption
 .text.menu_previousOption
                0x0000408c       0x5c ./source/FSM/States/menu_state.o
                0x0000408c                menu_previousOption
 .text.menu_selectOption
                0x000040e8       0x80 ./source/FSM/States/menu_state.o
                0x000040e8                menu_selectOption
 .text.showTitle
                0x00004168       0x50 ./source/FSM/States/menu_state.o
 .text.showCurrentOption
                0x000041b8       0xa8 ./source/FSM/States/menu_state.o
 .text.stopShowingTitle
                0x00004260       0x1c ./source/FSM/States/menu_state.o
 .text.userInteractionStopsTitle
                0x0000427c       0x24 ./source/FSM/States/menu_state.o
 .text.openDoor
                0x000042a0       0x20 ./source/FSM/States/open_state.o
                0x000042a0                openDoor
 .text.initPinInput
                0x000042c0       0x20 ./source/FSM/States/pin_state.o
                0x000042c0                initPinInput
 .text.pin_confirmPin
                0x000042e0       0x40 ./source/FSM/States/pin_state.o
                0x000042e0                pin_confirmPin
 .text.pin_acceptNumber
                0x00004320       0x48 ./source/FSM/States/pin_state.o
                0x00004320                pin_acceptNumber
 .text.pin_increaseCurrent
                0x00004368       0x30 ./source/FSM/States/pin_state.o
                0x00004368                pin_increaseCurrent
 .text.pin_decreaseCurrent
                0x00004398       0x30 ./source/FSM/States/pin_state.o
                0x00004398                pin_decreaseCurrent
 .text.showTitle
                0x000043c8       0x48 ./source/FSM/States/pin_state.o
 .text.stopShowingTitle
                0x00004410       0x28 ./source/FSM/States/pin_state.o
 .text.userInteractionStopsTitle
                0x00004438       0x24 ./source/FSM/States/pin_state.o
 .text.showWelcomeAnimation
                0x0000445c       0x28 ./source/FSM/States/welcome_state.o
                0x0000445c                showWelcomeAnimation
 .text.FSM_GetInitState
                0x00004484       0x14 ./source/FSM/fsm_table.o
                0x00004484                FSM_GetInitState
 .text.App_Init
                0x00004498       0x64 ./source/App.o
                0x00004498                App_Init
 .text.App_Run  0x000044fc       0x38 ./source/App.o
                0x000044fc                App_Run
 .text.fillQueue
                0x00004534       0x94 ./source/App.o
 .text.initQueue
                0x000045c8       0x50 ./source/queue.o
                0x000045c8                initQueue
 .text.emitEvent
                0x00004618       0x70 ./source/queue.o
                0x00004618                emitEvent
 .text.getEvent
                0x00004688       0x3c ./source/queue.o
                0x00004688                getEvent
 .text.queueIsEmpty
                0x000046c4       0x34 ./source/queue.o
                0x000046c4                queueIsEmpty
 .text.SystemInit
                0x000046f8       0x3c ./CMSIS/system_MK64F12.o
                0x000046f8                SystemInit
 .text._initio  0x00004734       0x78 c:/nxp/mcuxpressoide_10.2.0_759/ide/tools/bin/../lib/gcc/arm-none-eabi/7.2.1/../../../../arm-none-eabi/lib/thumb/v7e-m/fpv4-sp/hard\libcr_c.a(initio.o)
                0x00004734                _initio
 .text.setvbuf  0x000047ac       0x40 c:/nxp/mcuxpressoide_10.2.0_759/ide/tools/bin/../lib/gcc/arm-none-eabi/7.2.1/../../../../arm-none-eabi/lib/thumb/v7e-m/fpv4-sp/hard\libcr_c.a(setvbuf.o)
                0x000047ac                setvbuf
 .text.fflush   0x000047ec       0x44 c:/nxp/mcuxpressoide_10.2.0_759/ide/tools/bin/../lib/gcc/arm-none-eabi/7.2.1/../../../../arm-none-eabi/lib/thumb/v7e-m/fpv4-sp/hard\libcr_c.a(fflush.o)
                0x000047ec                fflush
 .text.fseek    0x00004830      0x100 c:/nxp/mcuxpressoide_10.2.0_759/ide/tools/bin/../lib/gcc/arm-none-eabi/7.2.1/../../../../arm-none-eabi/lib/thumb/v7e-m/fpv4-sp/hard\libcr_c.a(fseek.o)
                0x00004830                fseek
 .text.ftell    0x00004930       0x44 c:/nxp/mcuxpressoide_10.2.0_759/ide/tools/bin/../lib/gcc/arm-none-eabi/7.2.1/../../../../arm-none-eabi/lib/thumb/v7e-m/fpv4-sp/hard\libcr_c.a(ftell.o)
                0x00004930                ftell
 .text._Cwritebuf
                0x00004974       0x6c c:/nxp/mcuxpressoide_10.2.0_759/ide/tools/bin/../lib/gcc/arm-none-eabi/7.2.1/../../../../arm-none-eabi/lib/thumb/v7e-m/fpv4-sp/hard\libcr_c.a(_writebuf.o)
                0x00004974                _Cwritebuf
 .text.main     0x000049e0       0x1a ./source/startup/main.o
                0x000049e0                main
 .text.HardFault_Handler
                0x000049fa       0x2c ./source/startup/semihost_hardfault.o
                0x000049fa                HardFault_Handler
 .text.DMA0_IRQHandler
                0x00004a26        0x8 ./source/startup/startup_mk64f12.o
                0x00004a26                DMA0_IRQHandler
 .text.DMA1_IRQHandler
                0x00004a2e        0x8 ./source/startup/startup_mk64f12.o
                0x00004a2e                DMA1_IRQHandler
 .text.DMA2_IRQHandler
                0x00004a36        0x8 ./source/startup/startup_mk64f12.o
                0x00004a36                DMA2_IRQHandler
 .text.DMA3_IRQHandler
                0x00004a3e        0x8 ./source/startup/startup_mk64f12.o
                0x00004a3e                DMA3_IRQHandler
 .text.DMA4_IRQHandler
                0x00004a46        0x8 ./source/startup/startup_mk64f12.o
                0x00004a46                DMA4_IRQHandler
 .text.DMA5_IRQHandler
                0x00004a4e        0x8 ./source/startup/startup_mk64f12.o
                0x00004a4e                DMA5_IRQHandler
 .text.DMA6_IRQHandler
                0x00004a56        0x8 ./source/startup/startup_mk64f12.o
                0x00004a56                DMA6_IRQHandler
 .text.DMA7_IRQHandler
                0x00004a5e        0x8 ./source/startup/startup_mk64f12.o
                0x00004a5e                DMA7_IRQHandler
 .text.DMA8_IRQHandler
                0x00004a66        0x8 ./source/startup/startup_mk64f12.o
                0x00004a66                DMA8_IRQHandler
 .text.DMA9_IRQHandler
                0x00004a6e        0x8 ./source/startup/startup_mk64f12.o
                0x00004a6e                DMA9_IRQHandler
 .text.DMA10_IRQHandler
                0x00004a76        0x8 ./source/startup/startup_mk64f12.o
                0x00004a76                DMA10_IRQHandler
 .text.DMA11_IRQHandler
                0x00004a7e        0x8 ./source/startup/startup_mk64f12.o
                0x00004a7e                DMA11_IRQHandler
 .text.DMA12_IRQHandler
                0x00004a86        0x8 ./source/startup/startup_mk64f12.o
                0x00004a86                DMA12_IRQHandler
 .text.DMA13_IRQHandler
                0x00004a8e        0x8 ./source/startup/startup_mk64f12.o
                0x00004a8e                DMA13_IRQHandler
 .text.DMA14_IRQHandler
                0x00004a96        0x8 ./source/startup/startup_mk64f12.o
                0x00004a96                DMA14_IRQHandler
 .text.DMA15_IRQHandler
                0x00004a9e        0x8 ./source/startup/startup_mk64f12.o
                0x00004a9e                DMA15_IRQHandler
 .text.DMA_Error_IRQHandler
                0x00004aa6        0x8 ./source/startup/startup_mk64f12.o
                0x00004aa6                DMA_Error_IRQHandler
 .text.MCM_IRQHandler
                0x00004aae        0x8 ./source/startup/startup_mk64f12.o
                0x00004aae                MCM_IRQHandler
 .text.FTFE_IRQHandler
                0x00004ab6        0x8 ./source/startup/startup_mk64f12.o
                0x00004ab6                FTFE_IRQHandler
 .text.Read_Collision_IRQHandler
                0x00004abe        0x8 ./source/startup/startup_mk64f12.o
                0x00004abe                Read_Collision_IRQHandler
 .text.LVD_LVW_IRQHandler
                0x00004ac6        0x8 ./source/startup/startup_mk64f12.o
                0x00004ac6                LVD_LVW_IRQHandler
 .text.LLWU_IRQHandler
                0x00004ace        0x8 ./source/startup/startup_mk64f12.o
                0x00004ace                LLWU_IRQHandler
 .text.WDOG_EWM_IRQHandler
                0x00004ad6        0x8 ./source/startup/startup_mk64f12.o
                0x00004ad6                WDOG_EWM_IRQHandler
 .text.RNG_IRQHandler
                0x00004ade        0x8 ./source/startup/startup_mk64f12.o
                0x00004ade                RNG_IRQHandler
 .text.I2C0_IRQHandler
                0x00004ae6        0x8 ./source/startup/startup_mk64f12.o
                0x00004ae6                I2C0_IRQHandler
 .text.I2C1_IRQHandler
                0x00004aee        0x8 ./source/startup/startup_mk64f12.o
                0x00004aee                I2C1_IRQHandler
 .text.SPI0_IRQHandler
                0x00004af6        0x8 ./source/startup/startup_mk64f12.o
                0x00004af6                SPI0_IRQHandler
 .text.SPI1_IRQHandler
                0x00004afe        0x8 ./source/startup/startup_mk64f12.o
                0x00004afe                SPI1_IRQHandler
 .text.I2S0_Tx_IRQHandler
                0x00004b06        0x8 ./source/startup/startup_mk64f12.o
                0x00004b06                I2S0_Tx_IRQHandler
 .text.I2S0_Rx_IRQHandler
                0x00004b0e        0x8 ./source/startup/startup_mk64f12.o
                0x00004b0e                I2S0_Rx_IRQHandler
 .text.UART0_LON_IRQHandler
                0x00004b16        0x8 ./source/startup/startup_mk64f12.o
                0x00004b16                UART0_LON_IRQHandler
 .text.UART0_RX_TX_IRQHandler
                0x00004b1e        0x8 ./source/startup/startup_mk64f12.o
                0x00004b1e                UART0_RX_TX_IRQHandler
 .text.UART0_ERR_IRQHandler
                0x00004b26        0x8 ./source/startup/startup_mk64f12.o
                0x00004b26                UART0_ERR_IRQHandler
 .text.UART1_RX_TX_IRQHandler
                0x00004b2e        0x8 ./source/startup/startup_mk64f12.o
                0x00004b2e                UART1_RX_TX_IRQHandler
 .text.UART1_ERR_IRQHandler
                0x00004b36        0x8 ./source/startup/startup_mk64f12.o
                0x00004b36                UART1_ERR_IRQHandler
 .text.UART2_RX_TX_IRQHandler
                0x00004b3e        0x8 ./source/startup/startup_mk64f12.o
                0x00004b3e                UART2_RX_TX_IRQHandler
 .text.UART2_ERR_IRQHandler
                0x00004b46        0x8 ./source/startup/startup_mk64f12.o
                0x00004b46                UART2_ERR_IRQHandler
 .text.UART3_RX_TX_IRQHandler
                0x00004b4e        0x8 ./source/startup/startup_mk64f12.o
                0x00004b4e                UART3_RX_TX_IRQHandler
 .text.UART3_ERR_IRQHandler
                0x00004b56        0x8 ./source/startup/startup_mk64f12.o
                0x00004b56                UART3_ERR_IRQHandler
 .text.ADC0_IRQHandler
                0x00004b5e        0x8 ./source/startup/startup_mk64f12.o
                0x00004b5e                ADC0_IRQHandler
 .text.CMP0_IRQHandler
                0x00004b66        0x8 ./source/startup/startup_mk64f12.o
                0x00004b66                CMP0_IRQHandler
 .text.CMP1_IRQHandler
                0x00004b6e        0x8 ./source/startup/startup_mk64f12.o
                0x00004b6e                CMP1_IRQHandler
 .text.FTM0_IRQHandler
                0x00004b76        0x8 ./source/startup/startup_mk64f12.o
                0x00004b76                FTM0_IRQHandler
 .text.FTM1_IRQHandler
                0x00004b7e        0x8 ./source/startup/startup_mk64f12.o
                0x00004b7e                FTM1_IRQHandler
 .text.FTM2_IRQHandler
                0x00004b86        0x8 ./source/startup/startup_mk64f12.o
                0x00004b86                FTM2_IRQHandler
 .text.CMT_IRQHandler
                0x00004b8e        0x8 ./source/startup/startup_mk64f12.o
                0x00004b8e                CMT_IRQHandler
 .text.RTC_IRQHandler
                0x00004b96        0x8 ./source/startup/startup_mk64f12.o
                0x00004b96                RTC_IRQHandler
 .text.RTC_Seconds_IRQHandler
                0x00004b9e        0x8 ./source/startup/startup_mk64f12.o
                0x00004b9e                RTC_Seconds_IRQHandler
 .text.PIT0_IRQHandler
                0x00004ba6        0x8 ./source/startup/startup_mk64f12.o
                0x00004ba6                PIT0_IRQHandler
 .text.PIT1_IRQHandler
                0x00004bae        0x8 ./source/startup/startup_mk64f12.o
                0x00004bae                PIT1_IRQHandler
 .text.PIT2_IRQHandler
                0x00004bb6        0x8 ./source/startup/startup_mk64f12.o
                0x00004bb6                PIT2_IRQHandler
 .text.PIT3_IRQHandler
                0x00004bbe        0x8 ./source/startup/startup_mk64f12.o
                0x00004bbe                PIT3_IRQHandler
 .text.PDB0_IRQHandler
                0x00004bc6        0x8 ./source/startup/startup_mk64f12.o
                0x00004bc6                PDB0_IRQHandler
 .text.USB0_IRQHandler
                0x00004bce        0x8 ./source/startup/startup_mk64f12.o
                0x00004bce                USB0_IRQHandler
 .text.USBDCD_IRQHandler
                0x00004bd6        0x8 ./source/startup/startup_mk64f12.o
                0x00004bd6                USBDCD_IRQHandler
 .text.Reserved71_IRQHandler
                0x00004bde        0x8 ./source/startup/startup_mk64f12.o
                0x00004bde                Reserved71_IRQHandler
 .text.DAC0_IRQHandler
                0x00004be6        0x8 ./source/startup/startup_mk64f12.o
                0x00004be6                DAC0_IRQHandler
 .text.MCG_IRQHandler
                0x00004bee        0x8 ./source/startup/startup_mk64f12.o
                0x00004bee                MCG_IRQHandler
 .text.LPTMR0_IRQHandler
                0x00004bf6        0x8 ./source/startup/startup_mk64f12.o
                0x00004bf6                LPTMR0_IRQHandler
 .text.SWI_IRQHandler
                0x00004bfe        0x8 ./source/startup/startup_mk64f12.o
                0x00004bfe                SWI_IRQHandler
 .text.SPI2_IRQHandler
                0x00004c06        0x8 ./source/startup/startup_mk64f12.o
                0x00004c06                SPI2_IRQHandler
 .text.UART4_RX_TX_IRQHandler
                0x00004c0e        0x8 ./source/startup/startup_mk64f12.o
                0x00004c0e                UART4_RX_TX_IRQHandler
 .text.UART4_ERR_IRQHandler
                0x00004c16        0x8 ./source/startup/startup_mk64f12.o
                0x00004c16                UART4_ERR_IRQHandler
 .text.UART5_RX_TX_IRQHandler
                0x00004c1e        0x8 ./source/startup/startup_mk64f12.o
                0x00004c1e                UART5_RX_TX_IRQHandler
 .text.UART5_ERR_IRQHandler
                0x00004c26        0x8 ./source/startup/startup_mk64f12.o
                0x00004c26                UART5_ERR_IRQHandler
 .text.CMP2_IRQHandler
                0x00004c2e        0x8 ./source/startup/startup_mk64f12.o
                0x00004c2e                CMP2_IRQHandler
 .text.FTM3_IRQHandler
                0x00004c36        0x8 ./source/startup/startup_mk64f12.o
                0x00004c36                FTM3_IRQHandler
 .text.DAC1_IRQHandler
                0x00004c3e        0x8 ./source/startup/startup_mk64f12.o
                0x00004c3e                DAC1_IRQHandler
 .text.ADC1_IRQHandler
                0x00004c46        0x8 ./source/startup/startup_mk64f12.o
                0x00004c46                ADC1_IRQHandler
 .text.I2C2_IRQHandler
                0x00004c4e        0x8 ./source/startup/startup_mk64f12.o
                0x00004c4e                I2C2_IRQHandler
 .text.CAN0_ORed_Message_buffer_IRQHandler
                0x00004c56        0x8 ./source/startup/startup_mk64f12.o
                0x00004c56                CAN0_ORed_Message_buffer_IRQHandler
 .text.CAN0_Bus_Off_IRQHandler
                0x00004c5e        0x8 ./source/startup/startup_mk64f12.o
                0x00004c5e                CAN0_Bus_Off_IRQHandler
 .text.CAN0_Error_IRQHandler
                0x00004c66        0x8 ./source/startup/startup_mk64f12.o
                0x00004c66                CAN0_Error_IRQHandler
 .text.CAN0_Tx_Warning_IRQHandler
                0x00004c6e        0x8 ./source/startup/startup_mk64f12.o
                0x00004c6e                CAN0_Tx_Warning_IRQHandler
 .text.CAN0_Rx_Warning_IRQHandler
                0x00004c76        0x8 ./source/startup/startup_mk64f12.o
                0x00004c76                CAN0_Rx_Warning_IRQHandler
 .text.CAN0_Wake_Up_IRQHandler
                0x00004c7e        0x8 ./source/startup/startup_mk64f12.o
                0x00004c7e                CAN0_Wake_Up_IRQHandler
 .text.SDHC_IRQHandler
                0x00004c86        0x8 ./source/startup/startup_mk64f12.o
                0x00004c86                SDHC_IRQHandler
 .text.ENET_1588_Timer_IRQHandler
                0x00004c8e        0x8 ./source/startup/startup_mk64f12.o
                0x00004c8e                ENET_1588_Timer_IRQHandler
 .text.ENET_Transmit_IRQHandler
                0x00004c96        0x8 ./source/startup/startup_mk64f12.o
                0x00004c96                ENET_Transmit_IRQHandler
 .text.ENET_Receive_IRQHandler
                0x00004c9e        0x8 ./source/startup/startup_mk64f12.o
                0x00004c9e                ENET_Receive_IRQHandler
 .text.ENET_Error_IRQHandler
                0x00004ca6        0x8 ./source/startup/startup_mk64f12.o
                0x00004ca6                ENET_Error_IRQHandler
 .text.Led_On   0x00004cae       0x1c ./source/drivers/Led.o
                0x00004cae                Led_On
 .text.Led_Off  0x00004cca       0x1c ./source/drivers/Led.o
                0x00004cca                Led_Off
 .text.Led_Toggle
                0x00004ce6       0x1a ./source/drivers/Led.o
                0x00004ce6                Led_Toggle
 .text.OnForDefinedTimeCalledFromPISR
                0x00004d00       0x4e ./source/drivers/Led.o
 .text.BlinkCalledFromPISR
                0x00004d4e       0x74 ./source/drivers/Led.o
 .text.RepetitionBlinkCalledFromPISR
                0x00004dc2       0x7c ./source/drivers/Led.o
 .text.InfiniteBlinkCalledFromPISR
                0x00004e3e       0x4a ./source/drivers/Led.o
 .text.getArrayEffectiveLength
                0x00004e88       0x54 ./source/drivers/Timer.o
 .text.validateNewId
                0x00004edc       0x38 ./source/database/data_base.o
                0x00004edc                validateNewId
 .text.checkPinArrayFormat
                0x00004f14       0x2c ./source/database/data_base.o
 .text.checkIdArrayFormat
                0x00004f40       0x26 ./source/database/data_base.o
 .text.getEffectiveArrayLength
                0x00004f66       0x48 ./source/database/data_base.o
 .text.getArrayEffectiveLength
                0x00004fae       0x54 ./source/MCAL/SysTick.o
 .text.PORTA_IRQHandler
                0x00005002       0x1e ./source/MCAL/gpio.o
                0x00005002                PORTA_IRQHandler
 .text.PORTB_IRQHandler
                0x00005020       0x1e ./source/MCAL/gpio.o
                0x00005020                PORTB_IRQHandler
 .text.PORTC_IRQHandler
                0x0000503e       0x1e ./source/MCAL/gpio.o
                0x0000503e                PORTC_IRQHandler
 .text.PORTD_IRQHandler
                0x0000505c       0x1e ./source/MCAL/gpio.o
                0x0000505c                PORTD_IRQHandler
 .text.PORTE_IRQHandler
                0x0000507a       0x1e ./source/MCAL/gpio.o
                0x0000507a                PORTE_IRQHandler
 .text.userInteractionStopErrorIndicationAndRestart
                0x00005098       0x10 ./source/FSM/States/add_user_state/substates/add_user_id_state.o
 .text.addUsr_cardSwipe
                0x000050a8       0x92 ./source/FSM/States/add_user_state/substates/add_user_main_state.o
                0x000050a8                addUsr_cardSwipe
 .text.userInteractionStopErrorIndicationAndRestart
                0x0000513a       0x10 ./source/FSM/States/add_user_state/substates/add_user_pin_state.o
 .text.do_nothing
                0x0000514a        0xe ./source/FSM/States/add_user_state/add_user_fsm_table.o
 .text.return_to_last
                0x00005158        0xe ./source/FSM/States/add_user_state/add_user_fsm_table.o
 .text.configDev_selectOption
                0x00005166       0x12 ./source/FSM/States/config_device_state.o
                0x00005166                configDev_selectOption
 .text.userInteractionStopErrorIndicationAndRestart
                0x00005178       0x10 ./source/FSM/States/config_me_state.o
 .text.userInteractionStopErrorIndicationAndRestart
                0x00005188       0x10 ./source/FSM/States/id_state.o
 .text.accessTimeOut
                0x00005198       0x14 ./source/FSM/States/open_state.o
                0x00005198                accessTimeOut
 .text.inputIncreaseCurrent
                0x000051ac       0x8a ./source/FSM/States/user_input.o
                0x000051ac                inputIncreaseCurrent
 .text.inputDecreaseCurrent
                0x00005236       0x8c ./source/FSM/States/user_input.o
                0x00005236                inputDecreaseCurrent
 .text.inputResetArray
                0x000052c2       0x3c ./source/FSM/States/user_input.o
                0x000052c2                inputResetArray
 .text.inputAcceptNumber
                0x000052fe       0xa8 ./source/FSM/States/user_input.o
                0x000052fe                inputAcceptNumber
 .text.getEffectiveArrayLength
                0x000053a6       0x60 ./source/FSM/States/user_input.o
 .text.deleteLastChar
                0x00005406       0x52 ./source/FSM/States/user_input.o
 .text.cardSwipe
                0x00005458       0x92 ./source/FSM/States/welcome_state.o
                0x00005458                cardSwipe
 .text.fsm      0x000054ea       0x3c ./source/FSM/fsm.o
                0x000054ea                fsm
 .text.FSM_StartInitState
                0x00005526        0xc ./source/FSM/fsm_table.o
                0x00005526                FSM_StartInitState
 .text.do_nothing
                0x00005532        0xe ./source/FSM/fsm_table.o
 .text.timeOutCallback
                0x00005540        0xe ./source/App.o
 .text.SystemInitHook
                0x0000554e        0xe ./CMSIS/system_MK64F12.o
                0x0000554e                SystemInitHook
 .text.__main   0x0000555c        0xe c:/nxp/mcuxpressoide_10.2.0_759/ide/tools/bin/../lib/gcc/arm-none-eabi/7.2.1/../../../../arm-none-eabi/lib/thumb/v7e-m/fpv4-sp/hard\libcr_semihost_nf.a(_cr__main.o)
                0x0000555c                __CR_SEMIHOST
                0x0000555c                __main
 .text.memcpy   0x0000556a        0x4 c:/nxp/mcuxpressoide_10.2.0_759/ide/tools/bin/../lib/gcc/arm-none-eabi/7.2.1/../../../../arm-none-eabi/lib/thumb/v7e-m/fpv4-sp/hard\libcr_c.a(memcpy.o)
                0x0000556a                memcpy
 .text.memset   0x0000556e        0x4 c:/nxp/mcuxpressoide_10.2.0_759/ide/tools/bin/../lib/gcc/arm-none-eabi/7.2.1/../../../../arm-none-eabi/lib/thumb/v7e-m/fpv4-sp/hard\libcr_c.a(memset.o)
                0x0000556e                memset
 .text._fdopen  0x00005572       0x68 c:/nxp/mcuxpressoide_10.2.0_759/ide/tools/bin/../lib/gcc/arm-none-eabi/7.2.1/../../../../arm-none-eabi/lib/thumb/v7e-m/fpv4-sp/hard\libcr_c.a(_fdopen.o)
                0x00005572                _fdopen
 .text.fclose   0x000055da       0x58 c:/nxp/mcuxpressoide_10.2.0_759/ide/tools/bin/../lib/gcc/arm-none-eabi/7.2.1/../../../../arm-none-eabi/lib/thumb/v7e-m/fpv4-sp/hard\libcr_c.a(fclose.o)
                0x000055da                fclose
 .text.remove   0x00005632       0x14 c:/nxp/mcuxpressoide_10.2.0_759/ide/tools/bin/../lib/gcc/arm-none-eabi/7.2.1/../../../../arm-none-eabi/lib/thumb/v7e-m/fpv4-sp/hard\libcr_c.a(remove.o)
                0x00005632                remove
 .text.strlen   0x00005646       0x4a c:/nxp/mcuxpressoide_10.2.0_759/ide/tools/bin/../lib/gcc/arm-none-eabi/7.2.1/../../../../arm-none-eabi/lib/thumb/v7e-m/fpv4-sp/hard\libcr_c.a(strlen.o)
                0x00005646                strlen
 .text._do_fflush
                0x00005690       0x40 c:/nxp/mcuxpressoide_10.2.0_759/ide/tools/bin/../lib/gcc/arm-none-eabi/7.2.1/../../../../arm-none-eabi/lib/thumb/v7e-m/fpv4-sp/hard\libcr_c.a(_do_fflush.o)
                0x00005690                _do_fflush
 .text._fflush  0x000056d0       0x52 c:/nxp/mcuxpressoide_10.2.0_759/ide/tools/bin/../lib/gcc/arm-none-eabi/7.2.1/../../../../arm-none-eabi/lib/thumb/v7e-m/fpv4-sp/hard\libcr_c.a(_fflush.o)
                0x000056d0                _fflush
 .text.free     0x00005722       0x30 c:/nxp/mcuxpressoide_10.2.0_759/ide/tools/bin/../lib/gcc/arm-none-eabi/7.2.1/../../../../arm-none-eabi/lib/thumb/v7e-m/fpv4-sp/hard\libcr_c.a(alloc.o)
                0x00005722                free
 .text._deferredlazyseek
                0x00005752       0x40 c:/nxp/mcuxpressoide_10.2.0_759/ide/tools/bin/../lib/gcc/arm-none-eabi/7.2.1/../../../../arm-none-eabi/lib/thumb/v7e-m/fpv4-sp/hard\libcr_c.a(_deferredlazyseek.o)
                0x00005752                _deferredlazyseek
 .text.__aeabi_memcpy
                0x00005792       0x34 c:/nxp/mcuxpressoide_10.2.0_759/ide/tools/bin/../lib/gcc/arm-none-eabi/7.2.1/thumb/v7e-m/fpv4-sp/hard\libcr_eabihelpers.a(memcpy.o)
                0x00005792                __aeabi_memcpy
                0x0000579c                __aeabi_memcpy8
                0x0000579c                __aeabi_memcpy4
 .text.__aeabi_memset_lowlevel
                0x000057c6       0x32 c:/nxp/mcuxpressoide_10.2.0_759/ide/tools/bin/../lib/gcc/arm-none-eabi/7.2.1/thumb/v7e-m/fpv4-sp/hard\libcr_eabihelpers.a(memcpy.o)
                0x000057c6                __aeabi_lowlevel_memset
 .text.__sys_close
                0x000057f8        0xc c:/nxp/mcuxpressoide_10.2.0_759/ide/tools/bin/../lib/gcc/arm-none-eabi/7.2.1/../../../../arm-none-eabi/lib/thumb/v7e-m/fpv4-sp/hard\libcr_semihost_nf.a(__sys_close.o)
                0x000057f8                __sys_close
 .text.__sys_flen
                0x00005804        0xc c:/nxp/mcuxpressoide_10.2.0_759/ide/tools/bin/../lib/gcc/arm-none-eabi/7.2.1/../../../../arm-none-eabi/lib/thumb/v7e-m/fpv4-sp/hard\libcr_semihost_nf.a(__sys_flen.o)
                0x00005804                __sys_flen
 .text.__sys_istty
                0x00005810        0xc c:/nxp/mcuxpressoide_10.2.0_759/ide/tools/bin/../lib/gcc/arm-none-eabi/7.2.1/../../../../arm-none-eabi/lib/thumb/v7e-m/fpv4-sp/hard\libcr_semihost_nf.a(__sys_istty.o)
                0x00005810                __sys_istty
 .text.__sys_remove
                0x0000581c        0xc c:/nxp/mcuxpressoide_10.2.0_759/ide/tools/bin/../lib/gcc/arm-none-eabi/7.2.1/../../../../arm-none-eabi/lib/thumb/v7e-m/fpv4-sp/hard\libcr_semihost_nf.a(__sys_remove.o)
                0x0000581c                __sys_remove
 .text.__sys_seek
                0x00005828        0xc c:/nxp/mcuxpressoide_10.2.0_759/ide/tools/bin/../lib/gcc/arm-none-eabi/7.2.1/../../../../arm-none-eabi/lib/thumb/v7e-m/fpv4-sp/hard\libcr_semihost_nf.a(__sys_seek.o)
                0x00005828                __sys_seek
 .text.__sys_tmpnam
                0x00005834        0xc c:/nxp/mcuxpressoide_10.2.0_759/ide/tools/bin/../lib/gcc/arm-none-eabi/7.2.1/../../../../arm-none-eabi/lib/thumb/v7e-m/fpv4-sp/hard\libcr_semihost_nf.a(__sys_tmpnam.o)
                0x00005834                __sys_tmpnam
 .text.__sys_write
                0x00005840        0xc c:/nxp/mcuxpressoide_10.2.0_759/ide/tools/bin/../lib/gcc/arm-none-eabi/7.2.1/../../../../arm-none-eabi/lib/thumb/v7e-m/fpv4-sp/hard\libcr_semihost_nf.a(__sys_write.o)
                0x00005840                __sys_write
 *(SORT_BY_ALIGNMENT(.rodata) SORT_BY_ALIGNMENT(.rodata.*) SORT_BY_ALIGNMENT(.constdata) SORT_BY_ALIGNMENT(.constdata.*))
 .rodata.numbers
                0x0000584c        0xa ./source/drivers/seven_seg_display.o
 *fill*         0x00005856        0x2 ff
 .rodata.letters
                0x00005858       0x1a ./source/drivers/seven_seg_display.o
 *fill*         0x00005872        0x2 ff
 .rodata.extras
                0x00005874        0x4 ./source/drivers/seven_seg_display.o
 .rodata        0x00005878       0x2b ./source/FSM/States/add_user_state/substates/add_user_id_state.o
 *fill*         0x000058a3        0x1 ff
 .rodata        0x000058a4        0xb ./source/FSM/States/add_user_state/substates/add_user_main_state.o
 *fill*         0x000058af        0x1 ff
 .rodata        0x000058b0       0x13 ./source/FSM/States/add_user_state/substates/add_user_pin_state.o
 *fill*         0x000058c3        0x1 ff
 .rodata        0x000058c4       0x12 ./source/FSM/States/config_me_state.o
 *fill*         0x000058d6        0x2 ff
 .rodata        0x000058d8       0x1b ./source/FSM/States/fail_state.o
 *fill*         0x000058f3        0x1 ff
 .rodata        0x000058f4       0x20 ./source/FSM/States/id_state.o
 .rodata        0x00005914       0x4c ./source/FSM/States/menu_state.o
 .rodata        0x00005960        0x5 ./source/FSM/States/pin_state.o
 *fill*         0x00005965        0x3 ff
 .rodata        0x00005968        0x6 ./source/FSM/States/welcome_state.o
 *fill*         0x0000596e        0x2 ff
 .rodata.__num_Ciob_streams
                0x00005970        0x4 c:/nxp/mcuxpressoide_10.2.0_759/ide/tools/bin/../lib/gcc/arm-none-eabi/7.2.1/../../../../arm-none-eabi/lib/thumb/v7e-m/fpv4-sp/hard\libcr_semihost_nf.a(__ciob.o)
                0x00005970                __num_Ciob_streams
 .rodata._initio.str1.1
                0x00005974        0x4 c:/nxp/mcuxpressoide_10.2.0_759/ide/tools/bin/../lib/gcc/arm-none-eabi/7.2.1/../../../../arm-none-eabi/lib/thumb/v7e-m/fpv4-sp/hard\libcr_c.a(initio.o)
                0x00005978                . = ALIGN (0x8)

.glue_7         0x00005978        0x0
 .glue_7        0x00005978        0x0 linker stubs

.glue_7t        0x00005978        0x0
 .glue_7t       0x00005978        0x0 linker stubs

.vfp11_veneer   0x00005978        0x0
 .vfp11_veneer  0x00005978        0x0 linker stubs

.v4_bx          0x00005978        0x0
 .v4_bx         0x00005978        0x0 linker stubs

.iplt           0x00005978        0x0
 .iplt          0x00005978        0x0 ./source/startup/hardware.o

.rel.dyn        0x00005978        0x0
 .rel.iplt      0x00005978        0x0 ./source/startup/hardware.o

.ARM.extab
 *(SORT_BY_ALIGNMENT(.ARM.extab*) SORT_BY_ALIGNMENT(.gnu.linkonce.armextab.*))
                0x00005978                __exidx_start = .

.ARM.exidx
 *(SORT_BY_ALIGNMENT(.ARM.exidx*) SORT_BY_ALIGNMENT(.gnu.linkonce.armexidx.*))
                0x00005978                __exidx_end = .
                0x00005978                _etext = .

.m_usb_data
 *(SORT_BY_ALIGNMENT(m_usb_bdt))

.data_RAM2      0x1fff0000        0x0 load address 0x00005978
 FILL mask 0xff
                [!provide]                PROVIDE (__start_data_RAM2, .)
 *(SORT_BY_ALIGNMENT(.ramfunc.$RAM2))
 *(SORT_BY_ALIGNMENT(.ramfunc.$SRAM_LOWER))
 *(SORT_BY_ALIGNMENT(.data.$RAM2*))
 *(SORT_BY_ALIGNMENT(.data.$SRAM_LOWER*))
                0x1fff0000                . = ALIGN (0x8)
                [!provide]                PROVIDE (__end_data_RAM2, .)

.data_RAM3      0x14000000        0x0 load address 0x00005978
 FILL mask 0xff
                [!provide]                PROVIDE (__start_data_RAM3, .)
 *(SORT_BY_ALIGNMENT(.ramfunc.$RAM3))
 *(SORT_BY_ALIGNMENT(.ramfunc.$FLEX_RAM))
 *(SORT_BY_ALIGNMENT(.data.$RAM3*))
 *(SORT_BY_ALIGNMENT(.data.$FLEX_RAM*))
                0x14000000                . = ALIGN (0x8)
                [!provide]                PROVIDE (__end_data_RAM3, .)

.uninit_RESERVED
                0x20000000        0x0
 *(SORT_BY_ALIGNMENT(.bss.$RESERVED*))
                0x20000000                . = ALIGN (0x4)
                0x20000000                _end_uninit_RESERVED = .

.data           0x20000000      0x450 load address 0x00005978
 FILL mask 0xff
                0x20000000                _data = .
 *(SORT_BY_ALIGNMENT(vtable))
 *(SORT_BY_ALIGNMENT(.ramfunc*))
 *(SORT_BY_ALIGNMENT(.data*))
 .data.displayPins
                0x20000000        0x8 ./source/drivers/seven_seg_display.o
 .data.selectPins
                0x20000008        0x2 ./source/drivers/seven_seg_display.o
 *fill*         0x2000000a        0x2 ff
 .data.ports    0x2000000c       0x14 ./source/MCAL/gpio.o
 .data.gpioPorts
                0x20000020       0x14 ./source/MCAL/gpio.o
 .data.titleTimerID
                0x20000034        0x4 ./source/FSM/States/add_user_state/substates/add_user_id_state.o
 .data.errorIndicationTimerID
                0x20000038        0x4 ./source/FSM/States/add_user_state/substates/add_user_id_state.o
 .data.titleTimerID
                0x2000003c        0x4 ./source/FSM/States/add_user_state/substates/add_user_pin_state.o
 .data.errorIndicationTimerID
                0x20000040        0x4 ./source/FSM/States/add_user_state/substates/add_user_pin_state.o
 .data.addUser_card
                0x20000044       0x48 ./source/FSM/States/add_user_state/add_user_fsm_table.o
                0x20000044                addUser_card
 .data.addUser_id
                0x2000008c       0x54 ./source/FSM/States/add_user_state/add_user_fsm_table.o
                0x2000008c                addUser_id
 .data.addUser_pin
                0x200000e0       0x48 ./source/FSM/States/add_user_state/add_user_fsm_table.o
                0x200000e0                addUser_pin
 .data.titleTimerID
                0x20000128        0x4 ./source/FSM/States/config_me_state.o
 .data.errorIndicationTimerID
                0x2000012c        0x4 ./source/FSM/States/config_me_state.o
 .data.titleTimerID
                0x20000130        0x4 ./source/FSM/States/id_state.o
 .data.errorIndicationTimerID
                0x20000134        0x4 ./source/FSM/States/id_state.o
 .data.titleTimerID
                0x20000138        0x4 ./source/FSM/States/menu_state.o
 .data.titleTimerID
                0x2000013c        0x4 ./source/FSM/States/pin_state.o
 .data.welcome  0x20000140       0x48 ./source/FSM/fsm_table.o
                0x20000140                welcome
 .data.id       0x20000188       0x6c ./source/FSM/fsm_table.o
                0x20000188                id
 .data.pin      0x200001f4       0x6c ./source/FSM/fsm_table.o
                0x200001f4                pin
 .data.fail     0x20000260       0x54 ./source/FSM/fsm_table.o
                0x20000260                fail
 .data.menu     0x200002b4       0x78 ./source/FSM/fsm_table.o
                0x200002b4                menu
 .data.open     0x2000032c       0x18 ./source/FSM/fsm_table.o
                0x2000032c                open
 .data.cfg_me   0x20000344       0x54 ./source/FSM/fsm_table.o
                0x20000344                cfg_me
 .data.add_user
                0x20000398       0x6c ./source/FSM/fsm_table.o
                0x20000398                add_user
 .data.cfg_device
                0x20000404       0x48 ./source/FSM/fsm_table.o
                0x20000404                cfg_device
 .data.brightness
                0x2000044c        0x1 ./source/drivers/seven_seg_display.o
 .data.currBright.5327
                0x2000044d        0x1 ./source/drivers/seven_seg_display.o
 .data.window.5328
                0x2000044e        0x1 ./source/drivers/seven_seg_display.o
 .data.currentIdIndex
                0x2000044f        0x1 ./source/database/data_base.o
                0x20000450                . = ALIGN (0x8)
                0x20000450                _edata = .

.igot.plt       0x20000450        0x0 load address 0x00005dc8
 .igot.plt      0x20000450        0x0 ./source/startup/hardware.o

.bss_RAM2       0x1fff0000        0x0
                [!provide]                PROVIDE (__start_bss_RAM2, .)
 *(SORT_BY_ALIGNMENT(.bss.$RAM2*))
 *(SORT_BY_ALIGNMENT(.bss.$SRAM_LOWER*))
                0x1fff0000                . = ALIGN ((. != 0x0)?0x8:0x1)
                [!provide]                PROVIDE (__end_bss_RAM2, .)

.bss_RAM3       0x14000000        0x0
                [!provide]                PROVIDE (__start_bss_RAM3, .)
 *(SORT_BY_ALIGNMENT(.bss.$RAM3*))
 *(SORT_BY_ALIGNMENT(.bss.$FLEX_RAM*))
                0x14000000                . = ALIGN ((. != 0x0)?0x8:0x1)
                [!provide]                PROVIDE (__end_bss_RAM3, .)

.bss            0x20000450     0x1350
                0x20000450                _bss = .
 *(SORT_BY_ALIGNMENT(.bss*))
 .bss.__LDM_interruptDisableCount
                0x20000450        0x4 ./source/startup/hardware.o
 .bss.ledElements
                0x20000454       0xd8 ./source/drivers/Led.o
 .bss.defaultOnForDefinedTimeProperties
                0x2000052c        0xc ./source/drivers/Led.o
 .bss.defaultBlinkProperties
                0x20000538       0x14 ./source/drivers/Led.o
 .bss.defaultInfiniteBlinkProperties
                0x2000054c        0xc ./source/drivers/Led.o
 .bss.defaultRepetitionBlinkProperties
                0x20000558       0x14 ./source/drivers/Led.o
 .bss.leds      0x2000056c       0x1e ./source/drivers/MplxLed.o
                0x2000056c                leds
 *fill*         0x2000058a        0x2 
 .bss.timerElements
                0x2000058c      0x190 ./source/drivers/Timer.o
 .bss.idCounter
                0x2000071c        0x4 ./source/drivers/Timer.o
 .bss.buttons   0x20000720       0x14 ./source/drivers/button.o
 .bss.moves     0x20000734        0x4 ./source/drivers/encoder.o
 .bss.message   0x20000738      0x190 ./source/drivers/lector.o
 .bss.screen    0x200008c8       0xf0 ./source/drivers/seven_seg_display.o
 .bss.dataBase  0x200009b8      0x2a9 ./source/database/data_base.o
 *fill*         0x20000c61        0x3 
 .bss.database  0x20000c64      0x2a9 ./source/database/data_base.o
 *fill*         0x20000f0d        0x3 
 .bss.validNumberArray
                0x20000f10       0x13 ./source/database/data_base.o
 *fill*         0x20000f23        0x1 
 .bss.blockedUsersIndexes
                0x20000f24       0x1e ./source/database/data_base.o
 *fill*         0x20000f42        0x2 
 .bss.sysTickElements
                0x20000f44      0x190 ./source/MCAL/SysTick.o
 .bss.idCounter
                0x200010d4        0x4 ./source/MCAL/SysTick.o
 .bss.callbacks
                0x200010d8      0x280 ./source/MCAL/gpio.o
 .bss.id        0x20001358        0x8 ./source/FSM/States/add_user_state/substates/add_user_id_state.o
 .bss.pin       0x20001360        0x5 ./source/FSM/States/add_user_state/substates/add_user_pin_state.o
 *fill*         0x20001365        0x3 
 .bss.currentState
                0x20001368        0x4 ./source/FSM/States/add_user_state/add_user_state.o
 .bss.newPin    0x2000136c        0x5 ./source/FSM/States/config_me_state.o
 *fill*         0x20001371        0x3 
 .bss.errorIndicationTimerID
                0x20001374        0x4 ./source/FSM/States/fail_state.o
 .bss.id        0x20001378        0x8 ./source/FSM/States/id_state.o
 .bss.pin       0x20001380        0x5 ./source/FSM/States/pin_state.o
 *fill*         0x20001385        0x3 
 .bss.currentState
                0x20001388        0x4 ./source/App.o
 .bss.userTimeOutTimerID
                0x2000138c        0x4 ./source/App.o
 .bss.eventQueue
                0x20001390        0xc ./source/queue.o
                0x20001390                eventQueue
 .bss.queue     0x2000139c      0x320 ./source/queue.o
                0x2000139c                queue
 .bss.errno     0x200016bc        0x4 c:/nxp/mcuxpressoide_10.2.0_759/ide/tools/bin/../lib/gcc/arm-none-eabi/7.2.1/../../../../arm-none-eabi/lib/thumb/v7e-m/fpv4-sp/hard\libcr_c.a(errno.o)
                0x200016bc                errno
 .bss.__Ciob    0x200016c0       0xb4 c:/nxp/mcuxpressoide_10.2.0_759/ide/tools/bin/../lib/gcc/arm-none-eabi/7.2.1/../../../../arm-none-eabi/lib/thumb/v7e-m/fpv4-sp/hard\libcr_semihost_nf.a(__ciob.o)
                0x200016c0                __Ciob
 .bss.bit       0x20001774        0x2 ./source/drivers/lector.o
 .bss.moving_counter
                0x20001776        0x2 ./source/drivers/seven_seg_display.o
 .bss.isInit.5478
                0x20001778        0x1 ./source/drivers/MplxLed.o
 .bss.displayCounter.5537
                0x20001779        0x1 ./source/drivers/MplxLed.o
 .bss.var       0x2000177a        0x1 ./source/drivers/button.o
                0x2000177a                var
 .bss.existingEvent
                0x2000177b        0x1 ./source/drivers/encoder.o
 .bss.statusA   0x2000177c        0x1 ./source/drivers/encoder.o
 .bss.statusB   0x2000177d        0x1 ./source/drivers/encoder.o
 .bss.init.5150
                0x2000177e        0x1 ./source/drivers/encoder.o
 .bss.enable    0x2000177f        0x1 ./source/drivers/lector.o
 .bss.event     0x20001780        0x1 ./source/drivers/lector.o
 .bss.pos       0x20001781        0x1 ./source/drivers/seven_seg_display.o
 .bss.moves_remainig
                0x20001782        0x1 ./source/drivers/seven_seg_display.o
 .bss.bouncing  0x20001783        0x1 ./source/drivers/seven_seg_display.o
 .bss.move_b    0x20001784        0x1 ./source/drivers/seven_seg_display.o
 .bss.cursor_pos
                0x20001785        0x1 ./source/drivers/seven_seg_display.o
 .bss.cursor    0x20001786        0x1 ./source/drivers/seven_seg_display.o
 .bss.isInit.5245
                0x20001787        0x1 ./source/drivers/seven_seg_display.o
 .bss.displayCounter.5326
                0x20001788        0x1 ./source/drivers/seven_seg_display.o
 .bss.currentPos
                0x20001789        0x1 ./source/FSM/States/add_user_state/substates/add_user_id_state.o
 .bss.showingTitle
                0x2000178a        0x1 ./source/FSM/States/add_user_state/substates/add_user_id_state.o
 .bss.showingErrorIndication
                0x2000178b        0x1 ./source/FSM/States/add_user_state/substates/add_user_id_state.o
 .bss.currentPos
                0x2000178c        0x1 ./source/FSM/States/add_user_state/substates/add_user_pin_state.o
 .bss.showingTitle
                0x2000178d        0x1 ./source/FSM/States/add_user_state/substates/add_user_pin_state.o
 .bss.showingErrorIndication
                0x2000178e        0x1 ./source/FSM/States/add_user_state/substates/add_user_pin_state.o
 .bss.currentOptionIndex
                0x2000178f        0x1 ./source/FSM/States/config_device_state.o
 .bss.currentPos
                0x20001790        0x1 ./source/FSM/States/config_me_state.o
 .bss.showingTitle
                0x20001791        0x1 ./source/FSM/States/config_me_state.o
 .bss.showingErrorIndication
                0x20001792        0x1 ./source/FSM/States/config_me_state.o
 .bss.currentPos
                0x20001793        0x1 ./source/FSM/States/id_state.o
 .bss.showingTitle
                0x20001794        0x1 ./source/FSM/States/id_state.o
 .bss.showingErrorIndication
                0x20001795        0x1 ./source/FSM/States/id_state.o
 .bss.currentOptionIndex
                0x20001796        0x1 ./source/FSM/States/menu_state.o
 .bss.showingTitle
                0x20001797        0x1 ./source/FSM/States/menu_state.o
 .bss.admin     0x20001798        0x1 ./source/FSM/States/menu_state.o
 .bss.currentPos
                0x20001799        0x1 ./source/FSM/States/pin_state.o
 .bss.showingTitle
                0x2000179a        0x1 ./source/FSM/States/pin_state.o
 *(SORT_BY_ALIGNMENT(COMMON))
                0x200017a0                . = ALIGN (0x8)
 *fill*         0x2000179b        0x5 
                0x200017a0                _ebss = .
                [!provide]                PROVIDE (end, .)

.noinit_RAM2    0x1fff0000        0x0
 *(SORT_BY_ALIGNMENT(.noinit.$RAM2*))
 *(SORT_BY_ALIGNMENT(.noinit.$SRAM_LOWER*))
                0x1fff0000                . = ALIGN (0x8)

.noinit_RAM3    0x14000000        0x0
 *(SORT_BY_ALIGNMENT(.noinit.$RAM3*))
 *(SORT_BY_ALIGNMENT(.noinit.$FLEX_RAM*))
                0x14000000                . = ALIGN (0x8)

.noinit         0x200017a0        0x0
                0x200017a0                _noinit = .
 *(SORT_BY_ALIGNMENT(.noinit*))
                0x200017a0                . = ALIGN (0x8)
                0x200017a0                _end_noinit = .
                0x00001000                _HeapSize = 0x1000

.heap           0x200017a0     0x1000
                0x200017a0                _pvHeapStart = .
                0x200027a0                . = (. + _HeapSize)
 *fill*         0x200017a0     0x1000 
                0x200027a0                . = ALIGN (0x8)
                0x200027a0                _pvHeapLimit = .
                0x00001000                _StackSize = 0x1000

.heap2stackfill
                0x200027a0     0x1000
                0x200037a0                . = (. + _StackSize)
 *fill*         0x200027a0     0x1000 

.stack          0x2002f000        0x0
                0x2002f000                _vStackBase = .
                0x2002f000                . = ALIGN (0x8)
                0x20030000                _vStackTop = (. + _StackSize)
                0x00000000                _image_start = LOADADDR (.text)
                0x00005dc8                _image_end = (LOADADDR (.data) + SIZEOF (.data))
                0x00005dc8                _image_size = (_image_end - _image_start)
OUTPUT(ControlDeAcceso.axf elf32-littlearm)

.debug_info     0x00000000     0x9125
 .debug_info    0x00000000      0x6aa ./source/startup/hardware.o
 .debug_info    0x000006aa       0xec ./source/startup/main.o
 .debug_info    0x00000796       0x3b ./source/startup/semihost_hardfault.o
 .debug_info    0x000007d1      0x8b0 ./source/startup/startup_mk64f12.o
 .debug_info    0x00001081      0x88f ./source/drivers/Led.o
 .debug_info    0x00001910      0x5ae ./source/drivers/MplxLed.o
 .debug_info    0x00001ebe      0x53a ./source/drivers/Timer.o
 .debug_info    0x000023f8      0x37f ./source/drivers/button.o
 .debug_info    0x00002777      0x1b3 ./source/drivers/encoder.o
 .debug_info    0x0000292a      0x441 ./source/drivers/lector.o
 .debug_info    0x00002d6b      0x659 ./source/drivers/seven_seg_display.o
 .debug_info    0x000033c4      0x6f7 ./source/database/data_base.o
 .debug_info    0x00003abb      0x52b ./source/MCAL/SysTick.o
 .debug_info    0x00003fe6      0xa99 ./source/MCAL/gpio.o
 .debug_info    0x00004a7f      0x4ab ./source/FSM/States/add_user_state/substates/add_user_id_state.o
 .debug_info    0x00004f2a      0x355 ./source/FSM/States/add_user_state/substates/add_user_main_state.o
 .debug_info    0x0000527f      0x43d ./source/FSM/States/add_user_state/substates/add_user_pin_state.o
 .debug_info    0x000056bc      0x345 ./source/FSM/States/add_user_state/add_user_fsm_table.o
 .debug_info    0x00005a01      0x3b2 ./source/FSM/States/add_user_state/add_user_state.o
 .debug_info    0x00005db3      0x306 ./source/FSM/States/config_device_state.o
 .debug_info    0x000060b9      0x424 ./source/FSM/States/config_me_state.o
 .debug_info    0x000064dd      0x2a8 ./source/FSM/States/fail_state.o
 .debug_info    0x00006785      0x4d2 ./source/FSM/States/id_state.o
 .debug_info    0x00006c57      0x3b8 ./source/FSM/States/menu_state.o
 .debug_info    0x0000700f      0x297 ./source/FSM/States/open_state.o
 .debug_info    0x000072a6      0x3b6 ./source/FSM/States/pin_state.o
 .debug_info    0x0000765c      0x40d ./source/FSM/States/user_input.o
 .debug_info    0x00007a69      0x355 ./source/FSM/States/welcome_state.o
 .debug_info    0x00007dbe      0x22e ./source/FSM/fsm.o
 .debug_info    0x00007fec      0x3c8 ./source/FSM/fsm_table.o
 .debug_info    0x000083b4      0x38f ./source/App.o
 .debug_info    0x00008743      0x3b1 ./source/queue.o
 .debug_info    0x00008af4      0x631 ./CMSIS/system_MK64F12.o

.debug_abbrev   0x00000000     0x2b2c
 .debug_abbrev  0x00000000      0x14d ./source/startup/hardware.o
 .debug_abbrev  0x0000014d       0x9b ./source/startup/main.o
 .debug_abbrev  0x000001e8       0x2f ./source/startup/semihost_hardfault.o
 .debug_abbrev  0x00000217      0x15c ./source/startup/startup_mk64f12.o
 .debug_abbrev  0x00000373      0x1f9 ./source/drivers/Led.o
 .debug_abbrev  0x0000056c      0x166 ./source/drivers/MplxLed.o
 .debug_abbrev  0x000006d2      0x164 ./source/drivers/Timer.o
 .debug_abbrev  0x00000836      0x180 ./source/drivers/button.o
 .debug_abbrev  0x000009b6      0x109 ./source/drivers/encoder.o
 .debug_abbrev  0x00000abf      0x1b7 ./source/drivers/lector.o
 .debug_abbrev  0x00000c76      0x21a ./source/drivers/seven_seg_display.o
 .debug_abbrev  0x00000e90      0x215 ./source/database/data_base.o
 .debug_abbrev  0x000010a5      0x1bb ./source/MCAL/SysTick.o
 .debug_abbrev  0x00001260      0x221 ./source/MCAL/gpio.o
 .debug_abbrev  0x00001481      0x181 ./source/FSM/States/add_user_state/substates/add_user_id_state.o
 .debug_abbrev  0x00001602      0x11f ./source/FSM/States/add_user_state/substates/add_user_main_state.o
 .debug_abbrev  0x00001721      0x183 ./source/FSM/States/add_user_state/substates/add_user_pin_state.o
 .debug_abbrev  0x000018a4      0x122 ./source/FSM/States/add_user_state/add_user_fsm_table.o
 .debug_abbrev  0x000019c6      0x137 ./source/FSM/States/add_user_state/add_user_state.o
 .debug_abbrev  0x00001afd      0x101 ./source/FSM/States/config_device_state.o
 .debug_abbrev  0x00001bfe      0x126 ./source/FSM/States/config_me_state.o
 .debug_abbrev  0x00001d24       0xe2 ./source/FSM/States/fail_state.o
 .debug_abbrev  0x00001e06      0x160 ./source/FSM/States/id_state.o
 .debug_abbrev  0x00001f66      0x12a ./source/FSM/States/menu_state.o
 .debug_abbrev  0x00002090       0xd3 ./source/FSM/States/open_state.o
 .debug_abbrev  0x00002163      0x155 ./source/FSM/States/pin_state.o
 .debug_abbrev  0x000022b8      0x155 ./source/FSM/States/user_input.o
 .debug_abbrev  0x0000240d      0x11f ./source/FSM/States/welcome_state.o
 .debug_abbrev  0x0000252c       0xca ./source/FSM/fsm.o
 .debug_abbrev  0x000025f6      0x11d ./source/FSM/fsm_table.o
 .debug_abbrev  0x00002713      0x146 ./source/App.o
 .debug_abbrev  0x00002859      0x17f ./source/queue.o
 .debug_abbrev  0x000029d8      0x154 ./CMSIS/system_MK64F12.o

.debug_aranges  0x00000000      0xd68
 .debug_aranges
                0x00000000       0x30 ./source/startup/hardware.o
 .debug_aranges
                0x00000030       0x20 ./source/startup/main.o
 .debug_aranges
                0x00000050       0x20 ./source/startup/semihost_hardfault.o
 .debug_aranges
                0x00000070      0x330 ./source/startup/startup_mk64f12.o
 .debug_aranges
                0x000003a0       0xa0 ./source/drivers/Led.o
 .debug_aranges
                0x00000440       0x70 ./source/drivers/MplxLed.o
 .debug_aranges
                0x000004b0       0x68 ./source/drivers/Timer.o
 .debug_aranges
                0x00000518       0x50 ./source/drivers/button.o
 .debug_aranges
                0x00000568       0x30 ./source/drivers/encoder.o
 .debug_aranges
                0x00000598       0x58 ./source/drivers/lector.o
 .debug_aranges
                0x000005f0       0xa0 ./source/drivers/seven_seg_display.o
 .debug_aranges
                0x00000690       0xa0 ./source/database/data_base.o
 .debug_aranges
                0x00000730       0x58 ./source/MCAL/SysTick.o
 .debug_aranges
                0x00000788       0x88 ./source/MCAL/gpio.o
 .debug_aranges
                0x00000810       0x88 ./source/FSM/States/add_user_state/substates/add_user_id_state.o
 .debug_aranges
                0x00000898       0x28 ./source/FSM/States/add_user_state/substates/add_user_main_state.o
 .debug_aranges
                0x000008c0       0x78 ./source/FSM/States/add_user_state/substates/add_user_pin_state.o
 .debug_aranges
                0x00000938       0x38 ./source/FSM/States/add_user_state/add_user_fsm_table.o
 .debug_aranges
                0x00000970       0x58 ./source/FSM/States/add_user_state/add_user_state.o
 .debug_aranges
                0x000009c8       0x40 ./source/FSM/States/config_device_state.o
 .debug_aranges
                0x00000a08       0x70 ./source/FSM/States/config_me_state.o
 .debug_aranges
                0x00000a78       0x28 ./source/FSM/States/fail_state.o
 .debug_aranges
                0x00000aa0       0x88 ./source/FSM/States/id_state.o
 .debug_aranges
                0x00000b28       0x58 ./source/FSM/States/menu_state.o
 .debug_aranges
                0x00000b80       0x28 ./source/FSM/States/open_state.o
 .debug_aranges
                0x00000ba8       0x60 ./source/FSM/States/pin_state.o
 .debug_aranges
                0x00000c08       0x48 ./source/FSM/States/user_input.o
 .debug_aranges
                0x00000c50       0x28 ./source/FSM/States/welcome_state.o
 .debug_aranges
                0x00000c78       0x20 ./source/FSM/fsm.o
 .debug_aranges
                0x00000c98       0x30 ./source/FSM/fsm_table.o
 .debug_aranges
                0x00000cc8       0x38 ./source/App.o
 .debug_aranges
                0x00000d00       0x38 ./source/queue.o
 .debug_aranges
                0x00000d38       0x30 ./CMSIS/system_MK64F12.o

.debug_ranges   0x00000000      0xbc0
 .debug_ranges  0x00000000       0x20 ./source/startup/hardware.o
 .debug_ranges  0x00000020       0x10 ./source/startup/main.o
 .debug_ranges  0x00000030       0x10 ./source/startup/semihost_hardfault.o
 .debug_ranges  0x00000040      0x320 ./source/startup/startup_mk64f12.o
 .debug_ranges  0x00000360       0x90 ./source/drivers/Led.o
 .debug_ranges  0x000003f0       0x60 ./source/drivers/MplxLed.o
 .debug_ranges  0x00000450       0x58 ./source/drivers/Timer.o
 .debug_ranges  0x000004a8       0x40 ./source/drivers/button.o
 .debug_ranges  0x000004e8       0x20 ./source/drivers/encoder.o
 .debug_ranges  0x00000508       0x48 ./source/drivers/lector.o
 .debug_ranges  0x00000550       0x90 ./source/drivers/seven_seg_display.o
 .debug_ranges  0x000005e0       0x90 ./source/database/data_base.o
 .debug_ranges  0x00000670       0x48 ./source/MCAL/SysTick.o
 .debug_ranges  0x000006b8       0x78 ./source/MCAL/gpio.o
 .debug_ranges  0x00000730       0x98 ./source/FSM/States/add_user_state/substates/add_user_id_state.o
 .debug_ranges  0x000007c8       0x30 ./source/FSM/States/add_user_state/substates/add_user_main_state.o
 .debug_ranges  0x000007f8       0x68 ./source/FSM/States/add_user_state/substates/add_user_pin_state.o
 .debug_ranges  0x00000860       0x28 ./source/FSM/States/add_user_state/add_user_fsm_table.o
 .debug_ranges  0x00000888       0x48 ./source/FSM/States/add_user_state/add_user_state.o
 .debug_ranges  0x000008d0       0x30 ./source/FSM/States/config_device_state.o
 .debug_ranges  0x00000900       0x60 ./source/FSM/States/config_me_state.o
 .debug_ranges  0x00000960       0x18 ./source/FSM/States/fail_state.o
 .debug_ranges  0x00000978       0x90 ./source/FSM/States/id_state.o
 .debug_ranges  0x00000a08       0x48 ./source/FSM/States/menu_state.o
 .debug_ranges  0x00000a50       0x18 ./source/FSM/States/open_state.o
 .debug_ranges  0x00000a68       0x50 ./source/FSM/States/pin_state.o
 .debug_ranges  0x00000ab8       0x38 ./source/FSM/States/user_input.o
 .debug_ranges  0x00000af0       0x30 ./source/FSM/States/welcome_state.o
 .debug_ranges  0x00000b20       0x10 ./source/FSM/fsm.o
 .debug_ranges  0x00000b30       0x20 ./source/FSM/fsm_table.o
 .debug_ranges  0x00000b50       0x28 ./source/App.o
 .debug_ranges  0x00000b78       0x28 ./source/queue.o
 .debug_ranges  0x00000ba0       0x20 ./CMSIS/system_MK64F12.o

.debug_macro    0x00000000    0x13146
 .debug_macro   0x00000000       0xb4 ./source/startup/hardware.o
 .debug_macro   0x000000b4      0xa90 ./source/startup/hardware.o
 .debug_macro   0x00000b44       0x10 ./source/startup/hardware.o
 .debug_macro   0x00000b54      0x12d ./source/startup/hardware.o
 .debug_macro   0x00000c81      0x5b2 ./source/startup/hardware.o
 .debug_macro   0x00001233       0x22 ./source/startup/hardware.o
 .debug_macro   0x00001255       0x10 ./source/startup/hardware.o
 .debug_macro   0x00001265       0x5c ./source/startup/hardware.o
 .debug_macro   0x000012c1       0x1c ./source/startup/hardware.o
 .debug_macro   0x000012dd       0x22 ./source/startup/hardware.o
 .debug_macro   0x000012ff       0xdf ./source/startup/hardware.o
 .debug_macro   0x000013de      0xecf ./source/startup/hardware.o
 .debug_macro   0x000022ad       0x48 ./source/startup/hardware.o
 .debug_macro   0x000022f5     0xe07b ./source/startup/hardware.o
 .debug_macro   0x00010370     0x122b ./source/startup/hardware.o
 .debug_macro   0x0001159b       0x16 ./source/startup/hardware.o
 .debug_macro   0x000115b1       0xb4 ./source/startup/main.o
 .debug_macro   0x00011665       0x11 ./source/startup/semihost_hardfault.o
 .debug_macro   0x00011676       0x29 ./source/startup/startup_mk64f12.o
 .debug_macro   0x0001169f       0xb8 ./source/drivers/Led.o
 .debug_macro   0x00011757       0x3a ./source/drivers/Led.o
 .debug_macro   0x00011791       0xa6 ./source/drivers/Led.o
 .debug_macro   0x00011837       0x16 ./source/drivers/Led.o
 .debug_macro   0x0001184d       0x1c ./source/drivers/Led.o
 .debug_macro   0x00011869       0xd2 ./source/drivers/Led.o
 .debug_macro   0x0001193b       0x10 ./source/drivers/Led.o
 .debug_macro   0x0001194b       0x16 ./source/drivers/Led.o
 .debug_macro   0x00011961       0xc1 ./source/drivers/MplxLed.o
 .debug_macro   0x00011a22       0x1c ./source/drivers/MplxLed.o
 .debug_macro   0x00011a3e       0x7d ./source/drivers/Timer.o
 .debug_macro   0x00011abb       0x60 ./source/drivers/button.o
 .debug_macro   0x00011b1b       0x16 ./source/drivers/button.o
 .debug_macro   0x00011b31       0x40 ./source/drivers/button.o
 .debug_macro   0x00011b71       0x6a ./source/drivers/encoder.o
 .debug_macro   0x00011bdb       0xac ./source/drivers/encoder.o
 .debug_macro   0x00011c87       0x7e ./source/drivers/lector.o
 .debug_macro   0x00011d05       0x10 ./source/drivers/lector.o
 .debug_macro   0x00011d15       0x96 ./source/drivers/seven_seg_display.o
 .debug_macro   0x00011dab       0x94 ./source/drivers/seven_seg_display.o
 .debug_macro   0x00011e3f       0x16 ./source/drivers/seven_seg_display.o
 .debug_macro   0x00011e55       0x83 ./source/database/data_base.o
 .debug_macro   0x00011ed8       0x34 ./source/database/data_base.o
 .debug_macro   0x00011f0c       0xf6 ./source/MCAL/SysTick.o
 .debug_macro   0x00012002       0xd1 ./source/MCAL/gpio.o
 .debug_macro   0x000120d3       0xd2 ./source/FSM/States/add_user_state/substates/add_user_id_state.o
 .debug_macro   0x000121a5       0x1c ./source/FSM/States/add_user_state/substates/add_user_id_state.o
 .debug_macro   0x000121c1       0x16 ./source/FSM/States/add_user_state/substates/add_user_id_state.o
 .debug_macro   0x000121d7       0x9a ./source/FSM/States/add_user_state/substates/add_user_id_state.o
 .debug_macro   0x00012271       0x22 ./source/FSM/States/add_user_state/substates/add_user_id_state.o
 .debug_macro   0x00012293       0xc0 ./source/FSM/States/add_user_state/substates/add_user_main_state.o
 .debug_macro   0x00012353       0xc9 ./source/FSM/States/add_user_state/substates/add_user_pin_state.o
 .debug_macro   0x0001241c       0xb7 ./source/FSM/States/add_user_state/add_user_fsm_table.o
 .debug_macro   0x000124d3       0xd8 ./source/FSM/States/add_user_state/add_user_fsm_table.o
 .debug_macro   0x000125ab       0xc1 ./source/FSM/States/add_user_state/add_user_state.o
 .debug_macro   0x0001266c       0x94 ./source/FSM/States/config_device_state.o
 .debug_macro   0x00012700       0xc9 ./source/FSM/States/config_me_state.o
 .debug_macro   0x000127c9       0xc4 ./source/FSM/States/fail_state.o
 .debug_macro   0x0001288d       0xd2 ./source/FSM/States/id_state.o
 .debug_macro   0x0001295f       0xc6 ./source/FSM/States/menu_state.o
 .debug_macro   0x00012a25       0x9e ./source/FSM/States/open_state.o
 .debug_macro   0x00012ac3       0xc9 ./source/FSM/States/pin_state.o
 .debug_macro   0x00012b8c       0x9c ./source/FSM/States/user_input.o
 .debug_macro   0x00012c28       0x16 ./source/FSM/States/user_input.o
 .debug_macro   0x00012c3e       0x9a ./source/FSM/States/user_input.o
 .debug_macro   0x00012cd8       0xc0 ./source/FSM/States/welcome_state.o
 .debug_macro   0x00012d98       0x5f ./source/FSM/fsm.o
 .debug_macro   0x00012df7       0xec ./source/FSM/fsm_table.o
 .debug_macro   0x00012ee3       0x10 ./source/FSM/fsm_table.o
 .debug_macro   0x00012ef3      0x130 ./source/App.o
 .debug_macro   0x00013023       0x10 ./source/App.o
 .debug_macro   0x00013033       0x7b ./source/queue.o
 .debug_macro   0x000130ae       0x98 ./CMSIS/system_MK64F12.o

.debug_line     0x00000000     0x55d0
 .debug_line    0x00000000      0x221 ./source/startup/hardware.o
 .debug_line    0x00000221      0x1c2 ./source/startup/main.o
 .debug_line    0x000003e3       0x5c ./source/startup/semihost_hardfault.o
 .debug_line    0x0000043f      0x6db ./source/startup/startup_mk64f12.o
 .debug_line    0x00000b1a      0x36b ./source/drivers/Led.o
 .debug_line    0x00000e85      0x2ef ./source/drivers/MplxLed.o
 .debug_line    0x00001174      0x2dc ./source/drivers/Timer.o
 .debug_line    0x00001450      0x273 ./source/drivers/button.o
 .debug_line    0x000016c3      0x1d2 ./source/drivers/encoder.o
 .debug_line    0x00001895      0x2fe ./source/drivers/lector.o
 .debug_line    0x00001b93      0x408 ./source/drivers/seven_seg_display.o
 .debug_line    0x00001f9b      0x3f9 ./source/database/data_base.o
 .debug_line    0x00002394      0x33c ./source/MCAL/SysTick.o
 .debug_line    0x000026d0      0x322 ./source/MCAL/gpio.o
 .debug_line    0x000029f2      0x344 ./source/FSM/States/add_user_state/substates/add_user_id_state.o
 .debug_line    0x00002d36      0x214 ./source/FSM/States/add_user_state/substates/add_user_main_state.o
 .debug_line    0x00002f4a      0x30d ./source/FSM/States/add_user_state/substates/add_user_pin_state.o
 .debug_line    0x00003257      0x281 ./source/FSM/States/add_user_state/add_user_fsm_table.o
 .debug_line    0x000034d8      0x278 ./source/FSM/States/add_user_state/add_user_state.o
 .debug_line    0x00003750      0x1ef ./source/FSM/States/config_device_state.o
 .debug_line    0x0000393f      0x2bf ./source/FSM/States/config_me_state.o
 .debug_line    0x00003bfe      0x1e0 ./source/FSM/States/fail_state.o
 .debug_line    0x00003dde      0x31a ./source/FSM/States/id_state.o
 .debug_line    0x000040f8      0x2a7 ./source/FSM/States/menu_state.o
 .debug_line    0x0000439f      0x191 ./source/FSM/States/open_state.o
 .debug_line    0x00004530      0x275 ./source/FSM/States/pin_state.o
 .debug_line    0x000047a5      0x23e ./source/FSM/States/user_input.o
 .debug_line    0x000049e3      0x1ef ./source/FSM/States/welcome_state.o
 .debug_line    0x00004bd2      0x117 ./source/FSM/fsm.o
 .debug_line    0x00004ce9      0x284 ./source/FSM/fsm_table.o
 .debug_line    0x00004f6d      0x2b7 ./source/App.o
 .debug_line    0x00005224      0x19b ./source/queue.o
 .debug_line    0x000053bf      0x211 ./CMSIS/system_MK64F12.o

.debug_str      0x00000000    0x7ba71
 .debug_str     0x00000000    0x77e1c ./source/startup/hardware.o
                              0x77eaa (size before relaxing)
 .debug_str     0x00077e1c       0x1e ./source/startup/main.o
                              0x77c7e (size before relaxing)
 .debug_str     0x00077e3a       0x39 ./source/startup/semihost_hardfault.o
                               0x2da3 (size before relaxing)
 .debug_str     0x00077e73      0x83d ./source/startup/startup_mk64f12.o