Archive member included to satisfy reference by file (symbol)

c:/nxp/mcuxpressoide_10.2.0_759/ide/tools/bin/../lib/gcc/arm-none-eabi/7.2.1/../../../../arm-none-eabi/lib/thumb/v7e-m/fpv4-sp/hard\libcr_semihost_nf.a(_cr__main.o)
                              ./source/startup/startup_mk64f12.o (__main)
c:/nxp/mcuxpressoide_10.2.0_759/ide/tools/bin/../lib/gcc/arm-none-eabi/7.2.1/../../../../arm-none-eabi/lib/thumb/v7e-m/fpv4-sp/hard\libcr_c.a(memcpy.o)
                              ./source/drivers/Led.o (memcpy)
c:/nxp/mcuxpressoide_10.2.0_759/ide/tools/bin/../lib/gcc/arm-none-eabi/7.2.1/../../../../arm-none-eabi/lib/thumb/v7e-m/fpv4-sp/hard\libcr_c.a(memset.o)
                              ./source/database/data_base.o (memset)
c:/nxp/mcuxpressoide_10.2.0_759/ide/tools/bin/../lib/gcc/arm-none-eabi/7.2.1/../../../../arm-none-eabi/lib/thumb/v7e-m/fpv4-sp/hard\libcr_c.a(initio.o)
                              c:/nxp/mcuxpressoide_10.2.0_759/ide/tools/bin/../lib/gcc/arm-none-eabi/7.2.1/../../../../arm-none-eabi/lib/thumb/v7e-m/fpv4-sp/hard\libcr_semihost_nf.a(_cr__main.o) (_initio)
c:/nxp/mcuxpressoide_10.2.0_759/ide/tools/bin/../lib/gcc/arm-none-eabi/7.2.1/../../../../arm-none-eabi/lib/thumb/v7e-m/fpv4-sp/hard\libcr_c.a(setvbuf.o)
                              c:/nxp/mcuxpressoide_10.2.0_759/ide/tools/bin/../lib/gcc/arm-none-eabi/7.2.1/../../../../arm-none-eabi/lib/thumb/v7e-m/fpv4-sp/hard\libcr_c.a(initio.o) (setvbuf)
c:/nxp/mcuxpressoide_10.2.0_759/ide/tools/bin/../lib/gcc/arm-none-eabi/7.2.1/../../../../arm-none-eabi/lib/thumb/v7e-m/fpv4-sp/hard\libcr_c.a(_fdopen.o)
                              c:/nxp/mcuxpressoide_10.2.0_759/ide/tools/bin/../lib/gcc/arm-none-eabi/7.2.1/../../../../arm-none-eabi/lib/thumb/v7e-m/fpv4-sp/hard\libcr_c.a(initio.o) (_fdopen)
c:/nxp/mcuxpressoide_10.2.0_759/ide/tools/bin/../lib/gcc/arm-none-eabi/7.2.1/../../../../arm-none-eabi/lib/thumb/v7e-m/fpv4-sp/hard\libcr_c.a(fclose.o)
                              c:/nxp/mcuxpressoide_10.2.0_759/ide/tools/bin/../lib/gcc/arm-none-eabi/7.2.1/../../../../arm-none-eabi/lib/thumb/v7e-m/fpv4-sp/hard\libcr_c.a(initio.o) (fclose)
c:/nxp/mcuxpressoide_10.2.0_759/ide/tools/bin/../lib/gcc/arm-none-eabi/7.2.1/../../../../arm-none-eabi/lib/thumb/v7e-m/fpv4-sp/hard\libcr_c.a(fflush.o)
                              c:/nxp/mcuxpressoide_10.2.0_759/ide/tools/bin/../lib/gcc/arm-none-eabi/7.2.1/../../../../arm-none-eabi/lib/thumb/v7e-m/fpv4-sp/hard\libcr_c.a(fclose.o) (fflush)
c:/nxp/mcuxpressoide_10.2.0_759/ide/tools/bin/../lib/gcc/arm-none-eabi/7.2.1/../../../../arm-none-eabi/lib/thumb/v7e-m/fpv4-sp/hard\libcr_c.a(fseek.o)
                              c:/nxp/mcuxpressoide_10.2.0_759/ide/tools/bin/../lib/gcc/arm-none-eabi/7.2.1/../../../../arm-none-eabi/lib/thumb/v7e-m/fpv4-sp/hard\libcr_c.a(_fdopen.o) (fseek)
c:/nxp/mcuxpressoide_10.2.0_759/ide/tools/bin/../lib/gcc/arm-none-eabi/7.2.1/../../../../arm-none-eabi/lib/thumb/v7e-m/fpv4-sp/hard\libcr_c.a(ftell.o)
                              c:/nxp/mcuxpressoide_10.2.0_759/ide/tools/bin/../lib/gcc/arm-none-eabi/7.2.1/../../../../arm-none-eabi/lib/thumb/v7e-m/fpv4-sp/hard\libcr_c.a(fseek.o) (ftell)
c:/nxp/mcuxpressoide_10.2.0_759/ide/tools/bin/../lib/gcc/arm-none-eabi/7.2.1/../../../../arm-none-eabi/lib/thumb/v7e-m/fpv4-sp/hard\libcr_c.a(remove.o)
                              c:/nxp/mcuxpressoide_10.2.0_759/ide/tools/bin/../lib/gcc/arm-none-eabi/7.2.1/../../../../arm-none-eabi/lib/thumb/v7e-m/fpv4-sp/hard\libcr_c.a(fclose.o) (remove)
c:/nxp/mcuxpressoide_10.2.0_759/ide/tools/bin/../lib/gcc/arm-none-eabi/7.2.1/../../../../arm-none-eabi/lib/thumb/v7e-m/fpv4-sp/hard\libcr_c.a(strlen.o)
                              c:/nxp/mcuxpressoide_10.2.0_759/ide/tools/bin/../lib/gcc/arm-none-eabi/7.2.1/../../../../arm-none-eabi/lib/thumb/v7e-m/fpv4-sp/hard\libcr_c.a(remove.o) (strlen)
c:/nxp/mcuxpressoide_10.2.0_759/ide/tools/bin/../lib/gcc/arm-none-eabi/7.2.1/../../../../arm-none-eabi/lib/thumb/v7e-m/fpv4-sp/hard\libcr_c.a(_do_fflush.o)
                              c:/nxp/mcuxpressoide_10.2.0_759/ide/tools/bin/../lib/gcc/arm-none-eabi/7.2.1/../../../../arm-none-eabi/lib/thumb/v7e-m/fpv4-sp/hard\libcr_c.a(fflush.o) (_do_fflush)
c:/nxp/mcuxpressoide_10.2.0_759/ide/tools/bin/../lib/gcc/arm-none-eabi/7.2.1/../../../../arm-none-eabi/lib/thumb/v7e-m/fpv4-sp/hard\libcr_c.a(_fflush.o)
                              c:/nxp/mcuxpressoide_10.2.0_759/ide/tools/bin/../lib/gcc/arm-none-eabi/7.2.1/../../../../arm-none-eabi/lib/thumb/v7e-m/fpv4-sp/hard\libcr_c.a(_do_fflush.o) (_fflush)
c:/nxp/mcuxpressoide_10.2.0_759/ide/tools/bin/../lib/gcc/arm-none-eabi/7.2.1/../../../../arm-none-eabi/lib/thumb/v7e-m/fpv4-sp/hard\libcr_c.a(_writebuf.o)
                              c:/nxp/mcuxpressoide_10.2.0_759/ide/tools/bin/../lib/gcc/arm-none-eabi/7.2.1/../../../../arm-none-eabi/lib/thumb/v7e-m/fpv4-sp/hard\libcr_c.a(_fflush.o) (_Cwritebuf)
[...]
Memory Configuration

Name             Origin             Length             Attributes
PROGRAM_FLASH    0x00000000         0x00100000         xr
SRAM_UPPER       0x20000000         0x00030000         xrw
SRAM_LOWER       0x1fff0000         0x00010000         xrw
FLEX_RAM         0x14000000         0x00001000         xrw
*default*        0x00000000         0xffffffff

Linker script and memory map

LOAD ./source/startup/hardware.o
LOAD ./source/startup/main.o
LOAD ./source/startup/semihost_hardfault.o
LOAD ./source/startup/startup_mk64f12.o
LOAD ./source/drivers/Led.o
LOAD ./source/drivers/MplxLed.o
LOAD ./source/drivers/Timer.o
LOAD ./source/drivers/button.o
LOAD ./source/drivers/encoder.o
LOAD ./source/drivers/lector.o
LOAD ./source/drivers/seven_seg_display.o
LOAD ./source/database/data_base.o
LOAD ./source/MCAL/SysTick.o
LOAD ./source/MCAL/gpio.o
LOAD ./source/FSM/States/add_user_state/add_user_fsm_table.o
LOAD ./source/FSM/States/add_user_state/add_user_state.o
LOAD ./source/FSM/States/admin_state.o
LOAD ./source/FSM/States/config_device_state.o
LOAD ./source/FSM/States/config_me_state.o
LOAD ./source/FSM/States/delete_user_state.o
LOAD ./source/FSM/States/fail_state.o
LOAD ./source/FSM/States/id_state.o
LOAD ./source/FSM/States/main_menu_state.o
LOAD ./source/FSM/States/open_state.o
LOAD ./source/FSM/States/pin_state.o
LOAD ./source/FSM/States/user_input.o
LOAD ./source/FSM/States/usr_state.o
LOAD ./source/FSM/fsm.o
LOAD ./source/FSM/fsm_table.o
LOAD ./source/App.o
LOAD ./source/queue.o
LOAD ./CMSIS/system_MK64F12.o
START GROUP
LOAD c:/nxp/mcuxpressoide_10.2.0_759/ide/tools/bin/../lib/gcc/arm-none-eabi/7.2.1/../../../../arm-none-eabi/lib/thumb/v7e-m/fpv4-sp/hard\libcr_semihost_nf.a
LOAD c:/nxp/mcuxpressoide_10.2.0_759/ide/tools/bin/../lib/gcc/arm-none-eabi/7.2.1/../../../../arm-none-eabi/lib/thumb/v7e-m/fpv4-sp/hard\libcr_c.a
LOAD c:/nxp/mcuxpressoide_10.2.0_759/ide/tools/bin/../lib/gcc/arm-none-eabi/7.2.1/thumb/v7e-m/fpv4-sp/hard\libcr_eabihelpers.a
END GROUP
                0x00000000                __base_PROGRAM_FLASH = 0x0
                0x00000000                __base_Flash = 0x0
                0x00100000                __top_PROGRAM_FLASH = 0x100000
                0x00100000                __top_Flash = 0x100000
                0x20000000                __base_SRAM_UPPER = 0x20000000
                0x20000000                __base_RAM = 0x20000000
                0x20030000                __top_SRAM_UPPER = 0x20030000
                0x20030000                __top_RAM = 0x20030000
                0x1fff0000                __base_SRAM_LOWER = 0x1fff0000
                0x1fff0000                __base_RAM2 = 0x1fff0000
                0x20000000                __top_SRAM_LOWER = 0x20000000
                0x20000000                __top_RAM2 = 0x20000000
                0x14000000                __base_FLEX_RAM = 0x14000000
                0x14000000                __base_RAM3 = 0x14000000
                0x14001000                __top_FLEX_RAM = 0x14001000
                0x14001000                __top_RAM3 = 0x14001000

.text           0x00000000     0x5208
 FILL mask 0xff
                0x00000000                __vectors_start__ = ABSOLUTE (.)
 *(SORT_BY_ALIGNMENT(.isr_vector))
 .isr_vector    0x00000000      0x198 ./source/startup/startup_mk64f12.o
                0x00000000                g_pfnVectors
                0x00000000                __Vectors
                0x00000198                . = ALIGN (0x4)
                0x00000198                __section_table_start = .
                0x00000198                __data_section_table = .
                0x00000198        0x4 LONG 0x5208 LOADADDR (.data)
                0x0000019c        0x4 LONG 0x20000000 ADDR (.data)
                0x000001a0        0x4 LONG 0x318 SIZEOF (.data)
                0x000001a4        0x4 LONG 0x5208 LOADADDR (.data_RAM2)
                0x000001a8        0x4 LONG 0x1fff0000 ADDR (.data_RAM2)
                0x000001ac        0x4 LONG 0x0 SIZEOF (.data_RAM2)
                0x000001b0        0x4 LONG 0x5208 LOADADDR (.data_RAM3)
                0x000001b4        0x4 LONG 0x14000000 ADDR (.data_RAM3)
                0x000001b8        0x4 LONG 0x0 SIZEOF (.data_RAM3)
                0x000001bc                __data_section_table_end = .
                0x000001bc                __bss_section_table = .
                0x000001bc        0x4 LONG 0x20000318 ADDR (.bss)
                0x000001c0        0x4 LONG 0x1338 SIZEOF (.bss)
                0x000001c4        0x4 LONG 0x1fff0000 ADDR (.bss_RAM2)
                0x000001c8        0x4 LONG 0x0 SIZEOF (.bss_RAM2)
                0x000001cc        0x4 LONG 0x14000000 ADDR (.bss_RAM3)
                0x000001d0        0x4 LONG 0x0 SIZEOF (.bss_RAM3)
                0x000001d4                __bss_section_table_end = .
                0x000001d4                __section_table_end = .
 *(SORT_BY_ALIGNMENT(.after_vectors*))
 .after_vectors.reset
                0x000001d4       0x4c ./source/startup/startup_mk64f12.o
                0x000001d4                ResetISR
 .after_vectors.init_data
                0x00000220       0x1e ./source/startup/startup_mk64f12.o
                0x00000220                data_init
 .after_vectors.init_bss
                0x0000023e       0x12 ./source/startup/startup_mk64f12.o
                0x0000023e                bss_init
 .after_vectors
                0x00000250       0x14 ./source/startup/startup_mk64f12.o
                0x00000250                NMI_Handler
                0x00000254                MemManage_Handler
                0x00000256                BusFault_Handler
                0x00000258                UsageFault_Handler
                0x0000025a                SVC_Handler
                0x0000025c                DebugMon_Handler
                0x0000025e                PendSV_Handler
                0x00000262                DMA_Error_DriverIRQHandler
                0x00000262                LPTMR0_DriverIRQHandler
                0x00000262                FTM1_DriverIRQHandler
                0x00000262                FTM2_DriverIRQHandler
                0x00000262                PIT2_DriverIRQHandler
                0x00000262                SDHC_DriverIRQHandler
                0x00000262                I2S0_Tx_DriverIRQHandler
                0x00000262                RTC_Seconds_DriverIRQHandler
                0x00000262                DMA6_DriverIRQHandler
                0x00000262                LLWU_DriverIRQHandler
                0x00000262                MCM_DriverIRQHandler
                0x00000262                MCG_DriverIRQHandler
                0x00000262                ENET_1588_Timer_DriverIRQHandler
                0x00000262                I2C2_DriverIRQHandler
                0x00000262                DAC1_DriverIRQHandler
                0x00000262                SPI1_DriverIRQHandler
                0x00000262                CMP1_DriverIRQHandler
                0x00000262                UART5_RX_TX_DriverIRQHandler
                0x00000262                FTM0_DriverIRQHandler
                0x00000262                IntDefaultHandler
                0x00000262                USB0_DriverIRQHandler
                0x00000262                UART5_ERR_DriverIRQHandler
                0x00000262                PORTC_DriverIRQHandler
                0x00000262                DMA11_DriverIRQHandler
                0x00000262                DAC0_DriverIRQHandler
                0x00000262                DMA10_DriverIRQHandler
                0x00000262                CMP2_DriverIRQHandler
                0x00000262                UART2_ERR_DriverIRQHandler
                0x00000262                SPI2_DriverIRQHandler
                0x00000262                LVD_LVW_DriverIRQHandler
                0x00000262                PIT0_DriverIRQHandler
                0x00000262                RNG_DriverIRQHandler
                0x00000262                DMA5_DriverIRQHandler
                0x00000262                DMA12_DriverIRQHandler
                0x00000262                UART2_RX_TX_DriverIRQHandler
                0x00000262                USBDCD_DriverIRQHandler
                0x00000262                UART3_ERR_DriverIRQHandler
                0x00000262                DMA3_DriverIRQHandler
                0x00000262                DMA8_DriverIRQHandler
                0x00000262                DMA9_DriverIRQHandler
                0x00000262                UART0_ERR_DriverIRQHandler
                0x00000262                CMT_DriverIRQHandler
                0x00000262                Reserved71_DriverIRQHandler
                0x00000262                ADC1_DriverIRQHandler
                0x00000262                PORTA_DriverIRQHandler
                0x00000262                DMA14_DriverIRQHandler
                0x00000262                PIT3_DriverIRQHandler
                0x00000262                PIT1_DriverIRQHandler
                0x00000262                WDOG_EWM_DriverIRQHandler
                0x00000262                PDB0_DriverIRQHandler
                0x00000262                RTC_DriverIRQHandler
                0x00000262                I2S0_Rx_DriverIRQHandler
                0x00000262                Read_Collision_DriverIRQHandler
                0x00000262                SWI_DriverIRQHandler
                0x00000262                UART4_RX_TX_DriverIRQHandler
                0x00000262                UART4_ERR_DriverIRQHandler
                0x00000262                PORTB_DriverIRQHandler
                0x00000262                UART0_LON_DriverIRQHandler
                0x00000262                DMA0_DriverIRQHandler
                0x00000262                DMA1_DriverIRQHandler
                0x00000262                I2C1_DriverIRQHandler
                0x00000262                UART3_RX_TX_DriverIRQHandler
                0x00000262                ENET_Receive_DriverIRQHandler
                0x00000262                DMA13_DriverIRQHandler
                0x00000262                ENET_Error_DriverIRQHandler
                0x00000262                DMA15_DriverIRQHandler
                0x00000262                UART0_RX_TX_DriverIRQHandler
                0x00000262                SPI0_DriverIRQHandler
                0x00000262                ADC0_DriverIRQHandler
                0x00000262                CMP0_DriverIRQHandler
                0x00000262                CAN0_DriverIRQHandler
                0x00000262                FTM3_DriverIRQHandler
                0x00000262                DMA4_DriverIRQHandler
                0x00000262                UART1_ERR_DriverIRQHandler
                0x00000262                DMA2_DriverIRQHandler
                0x00000262                ENET_Transmit_DriverIRQHandler
                0x00000262                PORTD_DriverIRQHandler
                0x00000262                PORTE_DriverIRQHandler
                0x00000262                FTFE_DriverIRQHandler
                0x00000262                I2C0_DriverIRQHandler
                0x00000262                DMA7_DriverIRQHandler
                0x00000262                UART1_RX_TX_DriverIRQHandler
                0x00000400                . = 0x400
 *fill*         0x00000264      0x19c ff
                0x00000400                PROVIDE (__FLASH_CONFIG_START__, .)
 *(SORT_BY_ALIGNMENT(.FlashConfig))
 .FlashConfig   0x00000400       0x10 ./source/startup/startup_mk64f12.o
                0x00000400                Flash_Config
                0x00000410                PROVIDE (__FLASH_CONFIG_END__, .)
                0x00000001                ASSERT (! ((__FLASH_CONFIG_START__ == __FLASH_CONFIG_END__)), Linker Flash Config Support Enabled, but no .FlashConfig section provided within application)
 *(SORT_BY_ALIGNMENT(.text*))
 .text.hw_Init  0x00000410      0x10c ./source/startup/hardware.o
                0x00000410                hw_Init
 .text.hw_EnableInterrupts
                0x0000051c       0x30 ./source/startup/hardware.o
                0x0000051c                hw_EnableInterrupts
 .text.hw_DisableInterrupts
                0x0000054c       0x20 ./source/startup/hardware.o
                0x0000054c                hw_DisableInterrupts
 .text.Led_Init
                0x0000056c      0x188 ./source/drivers/Led.o
                0x0000056c                Led_Init
 .text.Led_OnForDefinedTime
                0x000006f4       0xa4 ./source/drivers/Led.o
                0x000006f4                Led_OnForDefinedTime
 .text.Led_CustomBlink
                0x00000798       0xf0 ./source/drivers/Led.o
                0x00000798                Led_CustomBlink
 .text.findLedIndexByID
                0x00000888       0x4c ./source/drivers/Led.o
 .text.Led_PISR
                0x000008d4       0xcc ./source/drivers/Led.o
 .text.MplxLed_Init
                0x000009a0       0x9c ./source/drivers/MplxLed.o
                0x000009a0                MplxLed_Init
 .text.MplxLed_On
                0x00000a3c       0x58 ./source/drivers/MplxLed.o
                0x00000a3c                MplxLed_On
 .text.MplxLed_Off
                0x00000a94       0x58 ./source/drivers/MplxLed.o
                0x00000a94                MplxLed_Off
 .text.MplxLed_PISR
                0x00000aec      0x33c ./source/drivers/MplxLed.o
                0x00000aec                MplxLed_PISR
 .text.Timer_Init
                0x00000e28       0x2c ./source/drivers/Timer.o
                0x00000e28                Timer_Init
 .text.Timer_AddCallback
                0x00000e54       0x88 ./source/drivers/Timer.o
                0x00000e54                Timer_AddCallback
 .text.Timer_Delete
                0x00000edc      0x1b8 ./source/drivers/Timer.o
                0x00000edc                Timer_Delete
 .text.Timer_Reset
                0x00001094       0x80 ./source/drivers/Timer.o
                0x00001094                Timer_Reset
 .text.Timer_PISR
                0x00001114       0xec ./source/drivers/Timer.o
 .text.systick_callback
                0x00001200      0x278 ./source/drivers/button.o
 .text.buttonsInit
                0x00001478       0x14 ./source/drivers/button.o
                0x00001478                buttonsInit
 .text.wasTap   0x0000148c       0x74 ./source/drivers/button.o
                0x0000148c                wasTap
 .text.wasLkp   0x00001500       0x80 ./source/drivers/button.o
                0x00001500                wasLkp
 .text.buttonConfiguration
                0x00001580      0x120 ./source/drivers/button.o
                0x00001580                buttonConfiguration
 .text.Encoder_Init
                0x000016a0       0x60 ./source/drivers/encoder.o
                0x000016a0                Encoder_Init
 .text.Encoder_GetMove
                0x00001700       0x3c ./source/drivers/encoder.o
                0x00001700                Encoder_GetMove
 .text.lookForMoves
                0x0000173c       0xd0 ./source/drivers/encoder.o
                0x0000173c                lookForMoves
 .text.Lector_Init
                0x0000180c       0x3c ./source/drivers/lector.o
                0x0000180c                Lector_Init
 .text.Lector_Event
                0x00001848       0x18 ./source/drivers/lector.o
                0x00001848                Lector_Event
 .text.Lector_GetData
                0x00001860      0x328 ./source/drivers/lector.o
                0x00001860                Lector_GetData
 .text.EnableIRQcallback
                0x00001b88       0x48 ./source/drivers/lector.o
                0x00001b88                EnableIRQcallback
 .text.ClockIRQcallback
                0x00001bd0       0x4c ./source/drivers/lector.o
                0x00001bd0                ClockIRQcallback
 .text.find_ss_fs_es
                0x00001c1c       0xb8 ./source/drivers/lector.o
                0x00001c1c                find_ss_fs_es
 .text.find_fs  0x00001cd4       0x88 ./source/drivers/lector.o
                0x00001cd4                find_fs
 .text.find_es  0x00001d5c       0x88 ./source/drivers/lector.o
                0x00001d5c                find_es
 .text.SevenSegDisplay_Init
                0x00001de4       0xe4 ./source/drivers/seven_seg_display.o
                0x00001de4                SevenSegDisplay_Init
 .text.SevenSegDisplay_ChangeCharacter
                0x00001ec8       0x44 ./source/drivers/seven_seg_display.o
                0x00001ec8                SevenSegDisplay_ChangeCharacter
 .text.SevenSegDisplay_BlinkScreen
                0x00001f0c       0x54 ./source/drivers/seven_seg_display.o
                0x00001f0c                SevenSegDisplay_BlinkScreen
 .text.SevenSegDisplay_BlinkCharacter
                0x00001f60       0x8c ./source/drivers/seven_seg_display.o
                0x00001f60                SevenSegDisplay_BlinkCharacter
 .text.SevenSegDisplay_SetBright
                0x00001fec       0x20 ./source/drivers/seven_seg_display.o
                0x00001fec                SevenSegDisplay_SetBright
 .text.SevenSegDisplay_WriteBuffer
                0x0000200c       0x68 ./source/drivers/seven_seg_display.o
                0x0000200c                SevenSegDisplay_WriteBuffer
 .text.SevenSegDisplay_WriteBufferAndMove
                0x00002074       0x90 ./source/drivers/seven_seg_display.o
                0x00002074                SevenSegDisplay_WriteBufferAndMove
 .text.SevenSegDisplay_Swipe
                0x00002104       0x5c ./source/drivers/seven_seg_display.o
                0x00002104                SevenSegDisplay_Swipe
 .text.SevenSegDisplay_SetPos
                0x00002160       0x30 ./source/drivers/seven_seg_display.o
                0x00002160                SevenSegDisplay_SetPos
 .text.SevenSegDisplay_CursorOn
                0x00002190       0x3c ./source/drivers/seven_seg_display.o
                0x00002190                SevenSegDisplay_CursorOn
 .text.SevenSegDisplay_CursorOff
                0x000021cc       0x2c ./source/drivers/seven_seg_display.o
                0x000021cc                SevenSegDisplay_CursorOff
 .text.SevenSegDisplay_CursorInc
                0x000021f8       0x48 ./source/drivers/seven_seg_display.o
                0x000021f8                SevenSegDisplay_CursorInc
 .text.SevenSegDisplay_CursorDec
                0x00002240       0x48 ./source/drivers/seven_seg_display.o
                0x00002240                SevenSegDisplay_CursorDec
 .text.SevenSegDisplay_PrintCharacter
                0x00002288       0x50 ./source/drivers/seven_seg_display.o
                0x00002288                SevenSegDisplay_PrintCharacter
 .text.SevenSegDisplay_PISR
                0x000022d8      0x210 ./source/drivers/seven_seg_display.o
                0x000022d8                SevenSegDisplay_PISR
 .text.SevenSegDisplay_EraseScreen
                0x000024e8       0x3c ./source/drivers/seven_seg_display.o
                0x000024e8                SevenSegDisplay_EraseScreen
 .text.SevenSegDisplay_chat2sevseg
                0x00002524       0x7c ./source/drivers/seven_seg_display.o
                0x00002524                SevenSegDisplay_chat2sevseg
 .text.initializeDataBase
                0x000025a0      0x284 ./source/database/data_base.o
                0x000025a0                initializeDataBase
 .text.verifyID
                0x00002824       0xa4 ./source/database/data_base.o
                0x00002824                verifyID
 .text.verifyPIN
                0x000028c8       0xc4 ./source/database/data_base.o
                0x000028c8                verifyPIN
 .text.isCurrentUserBlocked
                0x0000298c       0x38 ./source/database/data_base.o
                0x0000298c                isCurrentUserBlocked
 .text.UnblockUser
                0x000029c4       0x64 ./source/database/data_base.o
                0x000029c4                UnblockUser
 .text.IsAdmin  0x00002a28       0x38 ./source/database/data_base.o
                0x00002a28                IsAdmin
 .text.checkAddUser
                0x00002a60      0x134 ./source/database/data_base.o
                0x00002a60                checkAddUser
 .text.validateAll
                0x00002b94       0x7c ./source/database/data_base.o
                0x00002b94                validateAll
 .text.changePin
                0x00002c10       0x6c ./source/database/data_base.o
                0x00002c10                changePin
 .text.verifyCardNumber
                0x00002c7c       0xd0 ./source/database/data_base.o
                0x00002c7c                verifyCardNumber
 .text.SysTick_Init
                0x00002d4c       0x3c ./source/MCAL/SysTick.o
                0x00002d4c                SysTick_Init
 .text.SysTick_AddCallback
                0x00002d88       0x88 ./source/MCAL/SysTick.o
                0x00002d88                SysTick_AddCallback
 .text.SysTick_Handler
                0x00002e10       0xcc ./source/MCAL/SysTick.o
                0x00002e10                SysTick_Handler
 .text.__NVIC_EnableIRQ
                0x00002edc       0x3c ./source/MCAL/gpio.o
 .text.__NVIC_GetEnableIRQ
                0x00002f18       0x40 ./source/MCAL/gpio.o
 .text.gpioMode
                0x00002f58      0x17c ./source/MCAL/gpio.o
                0x00002f58                gpioMode
 .text.gpioToggle
                0x000030d4       0x48 ./source/MCAL/gpio.o
                0x000030d4                gpioToggle
 .text.gpioRead
                0x0000311c       0x48 ./source/MCAL/gpio.o
                0x0000311c                gpioRead
 .text.gpioWrite
                0x00003164       0x5c ./source/MCAL/gpio.o
                0x00003164                gpioWrite
 .text.gpioIRQ  0x000031c0       0x90 ./source/MCAL/gpio.o
                0x000031c0                gpioIRQ
 .text.interruptHandler
                0x00003250       0x90 ./source/MCAL/gpio.o
                0x00003250                interruptHandler
 .text.admin_initAdminMenu
                0x000032e0       0x30 ./source/FSM/States/admin_state.o
                0x000032e0                admin_initAdminMenu
 .text.admin_nextOption
                0x00003310       0x60 ./source/FSM/States/admin_state.o
                0x00003310                admin_nextOption
 .text.admin_previousOption
                0x00003370       0x5c ./source/FSM/States/admin_state.o
                0x00003370                admin_previousOption
 .text.admin_selectOption
                0x000033cc       0x80 ./source/FSM/States/admin_state.o
                0x000033cc                admin_selectOption
 .text.showTitle
                0x0000344c       0x50 ./source/FSM/States/admin_state.o
 .text.showCurrentOption
                0x0000349c       0xa8 ./source/FSM/States/admin_state.o
 .text.stopShowingTitle
                0x00003544       0x1c ./source/FSM/States/admin_state.o
 .text.userInteractionStopsTitle
                0x00003560       0x24 ./source/FSM/States/admin_state.o
 .text.initConfigDevice
                0x00003584       0x40 ./source/FSM/States/config_device_state.o
                0x00003584                initConfigDevice
 .text.configDev_nextOption
                0x000035c4       0x2c ./source/FSM/States/config_device_state.o
                0x000035c4                configDev_nextOption
 .text.configDev_previousOption
                0x000035f0       0x2c ./source/FSM/States/config_device_state.o
                0x000035f0                configDev_previousOption
 .text.showCurrentOption
                0x0000361c       0x38 ./source/FSM/States/config_device_state.o
 .text.configMe_initState
                0x00003654       0x28 ./source/FSM/States/config_me_state.o
                0x00003654                configMe_initState
 .text.configMe_confirmPin
                0x0000367c       0x48 ./source/FSM/States/config_me_state.o
                0x0000367c                configMe_confirmPin
 .text.configMe_acceptNumber
                0x000036c4       0x40 ./source/FSM/States/config_me_state.o
                0x000036c4                configMe_acceptNumber
 .text.configMe_increaseCurrent
                0x00003704       0x40 ./source/FSM/States/config_me_state.o
                0x00003704                configMe_increaseCurrent
 .text.configMe_decreaseCurrent
                0x00003744       0x40 ./source/FSM/States/config_me_state.o
                0x00003744                configMe_decreaseCurrent
 .text.showTitle
                0x00003784       0x4c ./source/FSM/States/config_me_state.o
 .text.stopShowingTitle
                0x000037d0       0x30 ./source/FSM/States/config_me_state.o
 .text.userInteractionStopsTitle
                0x00003800       0x28 ./source/FSM/States/config_me_state.o
 .text.userInteractionStopErrorIndication
                0x00003828       0x2c ./source/FSM/States/config_me_state.o
 .text.pinFail  0x00003854       0x4c ./source/FSM/States/config_me_state.o
 .text.initFailState
                0x000038a0       0x64 ./source/FSM/States/fail_state.o
                0x000038a0                initFailState
 .text.finishFail
                0x00003904       0x30 ./source/FSM/States/fail_state.o
                0x00003904                finishFail
 .text.initLogin
                0x00003934       0x28 ./source/FSM/States/id_state.o
                0x00003934                initLogin
 .text.id_increaseCurrent
                0x0000395c       0x40 ./source/FSM/States/id_state.o
                0x0000395c                id_increaseCurrent
 .text.id_decreaseCurrent
                0x0000399c       0x40 ./source/FSM/States/id_state.o
                0x0000399c                id_decreaseCurrent
 .text.id_confirmID
                0x000039dc       0x50 ./source/FSM/States/id_state.o
                0x000039dc                id_confirmID
 .text.id_acceptNumber
                0x00003a2c       0x40 ./source/FSM/States/id_state.o
                0x00003a2c                id_acceptNumber
 .text.id_checkCardID
                0x00003a6c       0xb0 ./source/FSM/States/id_state.o
                0x00003a6c                id_checkCardID
 .text.showTitle
                0x00003b1c       0x48 ./source/FSM/States/id_state.o
 .text.stopShowingTitle
                0x00003b64       0x30 ./source/FSM/States/id_state.o
 .text.userInteractionStopsTitle
                0x00003b94       0x28 ./source/FSM/States/id_state.o
 .text.userInteractionStopErrorIndication
                0x00003bbc       0x2c ./source/FSM/States/id_state.o
 .text.id_fail  0x00003be8       0x4c ./source/FSM/States/id_state.o
 .text.id_cardFail
                0x00003c34       0x4c ./source/FSM/States/id_state.o
 .text.showWelcomeAnimation
                0x00003c80       0x28 ./source/FSM/States/main_menu_state.o
                0x00003c80                showWelcomeAnimation
 .text.openDoor
                0x00003ca8       0x20 ./source/FSM/States/open_state.o
                0x00003ca8                openDoor
 .text.initPinInput
                0x00003cc8       0x20 ./source/FSM/States/pin_state.o
                0x00003cc8                initPinInput
 .text.pin_confirmPin
                0x00003ce8       0x40 ./source/FSM/States/pin_state.o
                0x00003ce8                pin_confirmPin
 .text.pin_acceptNumber
                0x00003d28       0x48 ./source/FSM/States/pin_state.o
                0x00003d28                pin_acceptNumber
 .text.pin_increaseCurrent
                0x00003d70       0x30 ./source/FSM/States/pin_state.o
                0x00003d70                pin_increaseCurrent
 .text.pin_decreaseCurrent
                0x00003da0       0x30 ./source/FSM/States/pin_state.o
                0x00003da0                pin_decreaseCurrent
 .text.showTitle
                0x00003dd0       0x48 ./source/FSM/States/pin_state.o
 .text.stopShowingTitle
                0x00003e18       0x28 ./source/FSM/States/pin_state.o
 .text.userInteractionStopsTitle
                0x00003e40       0x24 ./source/FSM/States/pin_state.o
 .text.FSM_GetInitState
                0x00003e64       0x14 ./source/FSM/fsm_table.o
                0x00003e64                FSM_GetInitState
 .text.App_Init
                0x00003e78       0x64 ./source/App.o
                0x00003e78                App_Init
 .text.App_Run  0x00003edc       0x38 ./source/App.o
                0x00003edc                App_Run
 .text.fillQueue
                0x00003f14       0x94 ./source/App.o
 .text.initQueue
                0x00003fa8       0x50 ./source/queue.o
                0x00003fa8                initQueue
 .text.emitEvent
                0x00003ff8       0x70 ./source/queue.o
                0x00003ff8                emitEvent
 .text.getEvent
                0x00004068       0x3c ./source/queue.o
                0x00004068                getEvent
 .text.queueIsEmpty
                0x000040a4       0x34 ./source/queue.o
                0x000040a4                queueIsEmpty
 .text.SystemInit
                0x000040d8       0x3c ./CMSIS/system_MK64F12.o
                0x000040d8                SystemInit
 .text._initio  0x00004114       0x78 c:/nxp/mcuxpressoide_10.2.0_759/ide/tools/bin/../lib/gcc/arm-none-eabi/7.2.1/../../../../arm-none-eabi/lib/thumb/v7e-m/fpv4-sp/hard\libcr_c.a(initio.o)
                0x00004114                _initio
 .text.setvbuf  0x0000418c       0x40 c:/nxp/mcuxpressoide_10.2.0_759/ide/tools/bin/../lib/gcc/arm-none-eabi/7.2.1/../../../../arm-none-eabi/lib/thumb/v7e-m/fpv4-sp/hard\libcr_c.a(setvbuf.o)
                0x0000418c                setvbuf
 .text.fflush   0x000041cc       0x44 c:/nxp/mcuxpressoide_10.2.0_759/ide/tools/bin/../lib/gcc/arm-none-eabi/7.2.1/../../../../arm-none-eabi/lib/thumb/v7e-m/fpv4-sp/hard\libcr_c.a(fflush.o)
                0x000041cc                fflush
 .text.fseek    0x00004210      0x100 c:/nxp/mcuxpressoide_10.2.0_759/ide/tools/bin/../lib/gcc/arm-none-eabi/7.2.1/../../../../arm-none-eabi/lib/thumb/v7e-m/fpv4-sp/hard\libcr_c.a(fseek.o)
                0x00004210                fseek
 .text.ftell    0x00004310       0x44 c:/nxp/mcuxpressoide_10.2.0_759/ide/tools/bin/../lib/gcc/arm-none-eabi/7.2.1/../../../../arm-none-eabi/lib/thumb/v7e-m/fpv4-sp/hard\libcr_c.a(ftell.o)
                0x00004310                ftell
 .text._Cwritebuf
                0x00004354       0x6c c:/nxp/mcuxpressoide_10.2.0_759/ide/tools/bin/../lib/gcc/arm-none-eabi/7.2.1/../../../../arm-none-eabi/lib/thumb/v7e-m/fpv4-sp/hard\libcr_c.a(_writebuf.o)
                0x00004354                _Cwritebuf
 .text.main     0x000043c0       0x1a ./source/startup/main.o
                0x000043c0                main
 .text.HardFault_Handler
                0x000043da       0x2c ./source/startup/semihost_hardfault.o
                0x000043da                HardFault_Handler
 .text.DMA0_IRQHandler
                0x00004406        0x8 ./source/startup/startup_mk64f12.o
                0x00004406                DMA0_IRQHandler
 .text.DMA1_IRQHandler
                0x0000440e        0x8 ./source/startup/startup_mk64f12.o
                0x0000440e                DMA1_IRQHandler
 .text.DMA2_IRQHandler
                0x00004416        0x8 ./source/startup/startup_mk64f12.o
                0x00004416                DMA2_IRQHandler
 .text.DMA3_IRQHandler
                0x0000441e        0x8 ./source/startup/startup_mk64f12.o
                0x0000441e                DMA3_IRQHandler
 .text.DMA4_IRQHandler
                0x00004426        0x8 ./source/startup/startup_mk64f12.o
                0x00004426                DMA4_IRQHandler
 .text.DMA5_IRQHandler
                0x0000442e        0x8 ./source/startup/startup_mk64f12.o
                0x0000442e                DMA5_IRQHandler
 .text.DMA6_IRQHandler
                0x00004436        0x8 ./source/startup/startup_mk64f12.o
                0x00004436                DMA6_IRQHandler
 .text.DMA7_IRQHandler
                0x0000443e        0x8 ./source/startup/startup_mk64f12.o
                0x0000443e                DMA7_IRQHandler
 .text.DMA8_IRQHandler
                0x00004446        0x8 ./source/startup/startup_mk64f12.o
                0x00004446                DMA8_IRQHandler
 .text.DMA9_IRQHandler
                0x0000444e        0x8 ./source/startup/startup_mk64f12.o
                0x0000444e                DMA9_IRQHandler
 .text.DMA10_IRQHandler
                0x00004456        0x8 ./source/startup/startup_mk64f12.o
                0x00004456                DMA10_IRQHandler
 .text.DMA11_IRQHandler
                0x0000445e        0x8 ./source/startup/startup_mk64f12.o
                0x0000445e                DMA11_IRQHandler
 .text.DMA12_IRQHandler
                0x00004466        0x8 ./source/startup/startup_mk64f12.o
                0x00004466                DMA12_IRQHandler
 .text.DMA13_IRQHandler
                0x0000446e        0x8 ./source/startup/startup_mk64f12.o
                0x0000446e                DMA13_IRQHandler
 .text.DMA14_IRQHandler
                0x00004476        0x8 ./source/startup/startup_mk64f12.o
                0x00004476                DMA14_IRQHandler
 .text.DMA15_IRQHandler
                0x0000447e        0x8 ./source/startup/startup_mk64f12.o
                0x0000447e                DMA15_IRQHandler
 .text.DMA_Error_IRQHandler
                0x00004486        0x8 ./source/startup/startup_mk64f12.o
                0x00004486                DMA_Error_IRQHandler
 .text.MCM_IRQHandler
                0x0000448e        0x8 ./source/startup/startup_mk64f12.o
                0x0000448e                MCM_IRQHandler
 .text.FTFE_IRQHandler
                0x00004496        0x8 ./source/startup/startup_mk64f12.o
                0x00004496                FTFE_IRQHandler
 .text.Read_Collision_IRQHandler
                0x0000449e        0x8 ./source/startup/startup_mk64f12.o
                0x0000449e                Read_Collision_IRQHandler
 .text.LVD_LVW_IRQHandler
                0x000044a6        0x8 ./source/startup/startup_mk64f12.o
                0x000044a6                LVD_LVW_IRQHandler
 .text.LLWU_IRQHandler
                0x000044ae        0x8 ./source/startup/startup_mk64f12.o
                0x000044ae                LLWU_IRQHandler
 .text.WDOG_EWM_IRQHandler
                0x000044b6        0x8 ./source/startup/startup_mk64f12.o
                0x000044b6                WDOG_EWM_IRQHandler
 .text.RNG_IRQHandler
                0x000044be        0x8 ./source/startup/startup_mk64f12.o
                0x000044be                RNG_IRQHandler
 .text.I2C0_IRQHandler
                0x000044c6        0x8 ./source/startup/startup_mk64f12.o
                0x000044c6                I2C0_IRQHandler
 .text.I2C1_IRQHandler
                0x000044ce        0x8 ./source/startup/startup_mk64f12.o
                0x000044ce                I2C1_IRQHandler
 .text.SPI0_IRQHandler
                0x000044d6        0x8 ./source/startup/startup_mk64f12.o
                0x000044d6                SPI0_IRQHandler
 .text.SPI1_IRQHandler
                0x000044de        0x8 ./source/startup/startup_mk64f12.o
                0x000044de                SPI1_IRQHandler
 .text.I2S0_Tx_IRQHandler
                0x000044e6        0x8 ./source/startup/startup_mk64f12.o
                0x000044e6                I2S0_Tx_IRQHandler
 .text.I2S0_Rx_IRQHandler
                0x000044ee        0x8 ./source/startup/startup_mk64f12.o
                0x000044ee                I2S0_Rx_IRQHandler
 .text.UART0_LON_IRQHandler
                0x000044f6        0x8 ./source/startup/startup_mk64f12.o
                0x000044f6                UART0_LON_IRQHandler
 .text.UART0_RX_TX_IRQHandler
                0x000044fe        0x8 ./source/startup/startup_mk64f12.o
                0x000044fe                UART0_RX_TX_IRQHandler
 .text.UART0_ERR_IRQHandler
                0x00004506        0x8 ./source/startup/startup_mk64f12.o
                0x00004506                UART0_ERR_IRQHandler
 .text.UART1_RX_TX_IRQHandler
                0x0000450e        0x8 ./source/startup/startup_mk64f12.o
                0x0000450e                UART1_RX_TX_IRQHandler
 .text.UART1_ERR_IRQHandler
                0x00004516        0x8 ./source/startup/startup_mk64f12.o
                0x00004516                UART1_ERR_IRQHandler
 .text.UART2_RX_TX_IRQHandler
                0x0000451e        0x8 ./source/startup/startup_mk64f12.o
                0x0000451e                UART2_RX_TX_IRQHandler
 .text.UART2_ERR_IRQHandler
                0x00004526        0x8 ./source/startup/startup_mk64f12.o
                0x00004526                UART2_ERR_IRQHandler
 .text.UART3_RX_TX_IRQHandler
                0x0000452e        0x8 ./source/startup/startup_mk64f12.o
                0x0000452e                UART3_RX_TX_IRQHandler
 .text.UART3_ERR_IRQHandler
                0x00004536        0x8 ./source/startup/startup_mk64f12.o
                0x00004536                UART3_ERR_IRQHandler
 .text.ADC0_IRQHandler
                0x0000453e        0x8 ./source/startup/startup_mk64f12.o
                0x0000453e                ADC0_IRQHandler
 .text.CMP0_IRQHandler
                0x00004546        0x8 ./source/startup/startup_mk64f12.o
                0x00004546                CMP0_IRQHandler
 .text.CMP1_IRQHandler
                0x0000454e        0x8 ./source/startup/startup_mk64f12.o
                0x0000454e                CMP1_IRQHandler
 .text.FTM0_IRQHandler
                0x00004556        0x8 ./source/startup/startup_mk64f12.o
                0x00004556                FTM0_IRQHandler
 .text.FTM1_IRQHandler
                0x0000455e        0x8 ./source/startup/startup_mk64f12.o
                0x0000455e                FTM1_IRQHandler
 .text.FTM2_IRQHandler
                0x00004566        0x8 ./source/startup/startup_mk64f12.o
                0x00004566                FTM2_IRQHandler
 .text.CMT_IRQHandler
                0x0000456e        0x8 ./source/startup/startup_mk64f12.o
                0x0000456e                CMT_IRQHandler
 .text.RTC_IRQHandler
                0x00004576        0x8 ./source/startup/startup_mk64f12.o
                0x00004576                RTC_IRQHandler
 .text.RTC_Seconds_IRQHandler
                0x0000457e        0x8 ./source/startup/startup_mk64f12.o
                0x0000457e                RTC_Seconds_IRQHandler
 .text.PIT0_IRQHandler
                0x00004586        0x8 ./source/startup/startup_mk64f12.o
                0x00004586                PIT0_IRQHandler
 .text.PIT1_IRQHandler
                0x0000458e        0x8 ./source/startup/startup_mk64f12.o
                0x0000458e                PIT1_IRQHandler
 .text.PIT2_IRQHandler
                0x00004596        0x8 ./source/startup/startup_mk64f12.o
                0x00004596                PIT2_IRQHandler
 .text.PIT3_IRQHandler
                0x0000459e        0x8 ./source/startup/startup_mk64f12.o
                0x0000459e                PIT3_IRQHandler
 .text.PDB0_IRQHandler
                0x000045a6        0x8 ./source/startup/startup_mk64f12.o
                0x000045a6                PDB0_IRQHandler
 .text.USB0_IRQHandler
                0x000045ae        0x8 ./source/startup/startup_mk64f12.o
                0x000045ae                USB0_IRQHandler
 .text.USBDCD_IRQHandler
                0x000045b6        0x8 ./source/startup/startup_mk64f12.o
                0x000045b6                USBDCD_IRQHandler
 .text.Reserved71_IRQHandler
                0x000045be        0x8 ./source/startup/startup_mk64f12.o
                0x000045be                Reserved71_IRQHandler
 .text.DAC0_IRQHandler
                0x000045c6        0x8 ./source/startup/startup_mk64f12.o
                0x000045c6                DAC0_IRQHandler
 .text.MCG_IRQHandler
                0x000045ce        0x8 ./source/startup/startup_mk64f12.o
                0x000045ce                MCG_IRQHandler
 .text.LPTMR0_IRQHandler
                0x000045d6        0x8 ./source/startup/startup_mk64f12.o
                0x000045d6                LPTMR0_IRQHandler
 .text.SWI_IRQHandler
                0x000045de        0x8 ./source/startup/startup_mk64f12.o
                0x000045de                SWI_IRQHandler
 .text.SPI2_IRQHandler
                0x000045e6        0x8 ./source/startup/startup_mk64f12.o
                0x000045e6                SPI2_IRQHandler
 .text.UART4_RX_TX_IRQHandler
                0x000045ee        0x8 ./source/startup/startup_mk64f12.o
                0x000045ee                UART4_RX_TX_IRQHandler
 .text.UART4_ERR_IRQHandler
                0x000045f6        0x8 ./source/startup/startup_mk64f12.o
                0x000045f6                UART4_ERR_IRQHandler
 .text.UART5_RX_TX_IRQHandler
                0x000045fe        0x8 ./source/startup/startup_mk64f12.o
                0x000045fe                UART5_RX_TX_IRQHandler
 .text.UART5_ERR_IRQHandler
                0x00004606        0x8 ./source/startup/startup_mk64f12.o
                0x00004606                UART5_ERR_IRQHandler
 .text.CMP2_IRQHandler
                0x0000460e        0x8 ./source/startup/startup_mk64f12.o
                0x0000460e                CMP2_IRQHandler
 .text.FTM3_IRQHandler
                0x00004616        0x8 ./source/startup/startup_mk64f12.o
                0x00004616                FTM3_IRQHandler
 .text.DAC1_IRQHandler
                0x0000461e        0x8 ./source/startup/startup_mk64f12.o
                0x0000461e                DAC1_IRQHandler
 .text.ADC1_IRQHandler
                0x00004626        0x8 ./source/startup/startup_mk64f12.o
                0x00004626                ADC1_IRQHandler
 .text.I2C2_IRQHandler
                0x0000462e        0x8 ./source/startup/startup_mk64f12.o
                0x0000462e                I2C2_IRQHandler
 .text.CAN0_ORed_Message_buffer_IRQHandler
                0x00004636        0x8 ./source/startup/startup_mk64f12.o
                0x00004636                CAN0_ORed_Message_buffer_IRQHandler
 .text.CAN0_Bus_Off_IRQHandler
                0x0000463e        0x8 ./source/startup/startup_mk64f12.o
                0x0000463e                CAN0_Bus_Off_IRQHandler
 .text.CAN0_Error_IRQHandler
                0x00004646        0x8 ./source/startup/startup_mk64f12.o
                0x00004646                CAN0_Error_IRQHandler
 .text.CAN0_Tx_Warning_IRQHandler
                0x0000464e        0x8 ./source/startup/startup_mk64f12.o
                0x0000464e                CAN0_Tx_Warning_IRQHandler
 .text.CAN0_Rx_Warning_IRQHandler
                0x00004656        0x8 ./source/startup/startup_mk64f12.o
                0x00004656                CAN0_Rx_Warning_IRQHandler
 .text.CAN0_Wake_Up_IRQHandler
                0x0000465e        0x8 ./source/startup/startup_mk64f12.o
                0x0000465e                CAN0_Wake_Up_IRQHandler
 .text.SDHC_IRQHandler
                0x00004666        0x8 ./source/startup/startup_mk64f12.o
                0x00004666                SDHC_IRQHandler
 .text.ENET_1588_Timer_IRQHandler
                0x0000466e        0x8 ./source/startup/startup_mk64f12.o
                0x0000466e                ENET_1588_Timer_IRQHandler
 .text.ENET_Transmit_IRQHandler
                0x00004676        0x8 ./source/startup/startup_mk64f12.o
                0x00004676                ENET_Transmit_IRQHandler
 .text.ENET_Receive_IRQHandler
                0x0000467e        0x8 ./source/startup/startup_mk64f12.o
                0x0000467e                ENET_Receive_IRQHandler
 .text.ENET_Error_IRQHandler
                0x00004686        0x8 ./source/startup/startup_mk64f12.o
                0x00004686                ENET_Error_IRQHandler
 .text.Led_On   0x0000468e       0x1c ./source/drivers/Led.o
                0x0000468e                Led_On
 .text.Led_Off  0x000046aa       0x1c ./source/drivers/Led.o
                0x000046aa                Led_Off
 .text.Led_Toggle
                0x000046c6       0x1a ./source/drivers/Led.o
                0x000046c6                Led_Toggle
 .text.OnForDefinedTimeCalledFromPISR
                0x000046e0       0x4e ./source/drivers/Led.o
 .text.BlinkCalledFromPISR
                0x0000472e       0x74 ./source/drivers/Led.o
 .text.RepetitionBlinkCalledFromPISR
                0x000047a2       0x7c ./source/drivers/Led.o
 .text.InfiniteBlinkCalledFromPISR
                0x0000481e       0x4a ./source/drivers/Led.o
 .text.getArrayEffectiveLength
                0x00004868       0x54 ./source/drivers/Timer.o
 .text.checkIdArrayFormat
                0x000048bc       0x26 ./source/database/data_base.o
 .text.checkPinArrayFormat
                0x000048e2       0x2c ./source/database/data_base.o
 .text.getEffectiveArrayLength
                0x0000490e       0x46 ./source/database/data_base.o
 .text.getArrayEffectiveLength
                0x00004954       0x54 ./source/MCAL/SysTick.o
 .text.PORTA_IRQHandler
                0x000049a8       0x1e ./source/MCAL/gpio.o
                0x000049a8                PORTA_IRQHandler
 .text.PORTB_IRQHandler
                0x000049c6       0x1e ./source/MCAL/gpio.o
                0x000049c6                PORTB_IRQHandler
 .text.PORTC_IRQHandler
                0x000049e4       0x1e ./source/MCAL/gpio.o
                0x000049e4                PORTC_IRQHandler
 .text.PORTD_IRQHandler
                0x00004a02       0x1e ./source/MCAL/gpio.o
                0x00004a02                PORTD_IRQHandler
 .text.PORTE_IRQHandler
                0x00004a20       0x1e ./source/MCAL/gpio.o
                0x00004a20                PORTE_IRQHandler
 .text.configDev_selectOption
                0x00004a3e       0x12 ./source/FSM/States/config_device_state.o
                0x00004a3e                configDev_selectOption
 .text.userInteractionStopErrorIndicationAndRestart
                0x00004a50       0x10 ./source/FSM/States/config_me_state.o
 .text.userInteractionStopErrorIndicationAndRestart
                0x00004a60       0x10 ./source/FSM/States/id_state.o
 .text.cardSwipe
                0x00004a70       0x92 ./source/FSM/States/main_menu_state.o
                0x00004a70                cardSwipe
 .text.accessTimeOut
                0x00004b02       0x14 ./source/FSM/States/open_state.o
                0x00004b02                accessTimeOut
 .text.inputIncreaseCurrent
                0x00004b16       0x8a ./source/FSM/States/user_input.o
                0x00004b16                inputIncreaseCurrent
 .text.inputDecreaseCurrent
                0x00004ba0       0x8c ./source/FSM/States/user_input.o
                0x00004ba0                inputDecreaseCurrent
 .text.inputResetArray
                0x00004c2c       0x3c ./source/FSM/States/user_input.o
                0x00004c2c                inputResetArray
 .text.inputAcceptNumber
                0x00004c68       0xa8 ./source/FSM/States/user_input.o
                0x00004c68                inputAcceptNumber
 .text.getEffectiveArrayLength
                0x00004d10       0x60 ./source/FSM/States/user_input.o
 .text.deleteLastChar
                0x00004d70       0x52 ./source/FSM/States/user_input.o
 .text.fsm      0x00004dc2       0x3c ./source/FSM/fsm.o
                0x00004dc2                fsm
 .text.FMS_StartInitState
                0x00004dfe        0xc ./source/FSM/fsm_table.o
                0x00004dfe                FMS_StartInitState
 .text.do_nothing
                0x00004e0a        0xe ./source/FSM/fsm_table.o
 .text.timeOutCallback
                0x00004e18        0xe ./source/App.o
 .text.SystemInitHook
                0x00004e26        0xe ./CMSIS/system_MK64F12.o
                0x00004e26                SystemInitHook
 .text.__main   0x00004e34        0xe c:/nxp/mcuxpressoide_10.2.0_759/ide/tools/bin/../lib/gcc/arm-none-eabi/7.2.1/../../../../arm-none-eabi/lib/thumb/v7e-m/fpv4-sp/hard\libcr_semihost_nf.a(_cr__main.o)
                0x00004e34                __CR_SEMIHOST
                0x00004e34                __main
 .text.memcpy   0x00004e42        0x4 c:/nxp/mcuxpressoide_10.2.0_759/ide/tools/bin/../lib/gcc/arm-none-eabi/7.2.1/../../../../arm-none-eabi/lib/thumb/v7e-m/fpv4-sp/hard\libcr_c.a(memcpy.o)
                0x00004e42                memcpy
 .text.memset   0x00004e46        0x4 c:/nxp/mcuxpressoide_10.2.0_759/ide/tools/bin/../lib/gcc/arm-none-eabi/7.2.1/../../../../arm-none-eabi/lib/thumb/v7e-m/fpv4-sp/hard\libcr_c.a(memset.o)
                0x00004e46                memset
 .text._fdopen  0x00004e4a       0x68 c:/nxp/mcuxpressoide_10.2.0_759/ide/tools/bin/../lib/gcc/arm-none-eabi/7.2.1/../../../../arm-none-eabi/lib/thumb/v7e-m/fpv4-sp/hard\libcr_c.a(_fdopen.o)
                0x00004e4a                _fdopen
 .text.fclose   0x00004eb2       0x58 c:/nxp/mcuxpressoide_10.2.0_759/ide/tools/bin/../lib/gcc/arm-none-eabi/7.2.1/../../../../arm-none-eabi/lib/thumb/v7e-m/fpv4-sp/hard\libcr_c.a(fclose.o)
                0x00004eb2                fclose
 .text.remove   0x00004f0a       0x14 c:/nxp/mcuxpressoide_10.2.0_759/ide/tools/bin/../lib/gcc/arm-none-eabi/7.2.1/../../../../arm-none-eabi/lib/thumb/v7e-m/fpv4-sp/hard\libcr_c.a(remove.o)
                0x00004f0a                remove
 .text.strlen   0x00004f1e       0x4a c:/nxp/mcuxpressoide_10.2.0_759/ide/tools/bin/../lib/gcc/arm-none-eabi/7.2.1/../../../../arm-none-eabi/lib/thumb/v7e-m/fpv4-sp/hard\libcr_c.a(strlen.o)
                0x00004f1e                strlen
 .text._do_fflush
                0x00004f68       0x40 c:/nxp/mcuxpressoide_10.2.0_759/ide/tools/bin/../lib/gcc/arm-none-eabi/7.2.1/../../../../arm-none-eabi/lib/thumb/v7e-m/fpv4-sp/hard\libcr_c.a(_do_fflush.o)
                0x00004f68                _do_fflush
 .text._fflush  0x00004fa8       0x52 c:/nxp/mcuxpressoide_10.2.0_759/ide/tools/bin/../lib/gcc/arm-none-eabi/7.2.1/../../../../arm-none-eabi/lib/thumb/v7e-m/fpv4-sp/hard\libcr_c.a(_fflush.o)
                0x00004fa8                _fflush
 .text.free     0x00004ffa       0x30 c:/nxp/mcuxpressoide_10.2.0_759/ide/tools/bin/../lib/gcc/arm-none-eabi/7.2.1/../../../../arm-none-eabi/lib/thumb/v7e-m/fpv4-sp/hard\libcr_c.a(alloc.o)
                0x00004ffa                free
 .text._deferredlazyseek
                0x0000502a       0x40 c:/nxp/mcuxpressoide_10.2.0_759/ide/tools/bin/../lib/gcc/arm-none-eabi/7.2.1/../../../../arm-none-eabi/lib/thumb/v7e-m/fpv4-sp/hard\libcr_c.a(_deferredlazyseek.o)
                0x0000502a                _deferredlazyseek
 .text.__aeabi_memcpy
                0x0000506a       0x34 c:/nxp/mcuxpressoide_10.2.0_759/ide/tools/bin/../lib/gcc/arm-none-eabi/7.2.1/thumb/v7e-m/fpv4-sp/hard\libcr_eabihelpers.a(memcpy.o)
                0x0000506a                __aeabi_memcpy
                0x00005074                __aeabi_memcpy8
                0x00005074                __aeabi_memcpy4
 .text.__aeabi_memset_lowlevel
                0x0000509e       0x32 c:/nxp/mcuxpressoide_10.2.0_759/ide/tools/bin/../lib/gcc/arm-none-eabi/7.2.1/thumb/v7e-m/fpv4-sp/hard\libcr_eabihelpers.a(memcpy.o)
                0x0000509e                __aeabi_lowlevel_memset
 .text.__sys_close
                0x000050d0        0xc c:/nxp/mcuxpressoide_10.2.0_759/ide/tools/bin/../lib/gcc/arm-none-eabi/7.2.1/../../../../arm-none-eabi/lib/thumb/v7e-m/fpv4-sp/hard\libcr_semihost_nf.a(__sys_close.o)
                0x000050d0                __sys_close
 .text.__sys_flen
                0x000050dc        0xc c:/nxp/mcuxpressoide_10.2.0_759/ide/tools/bin/../lib/gcc/arm-none-eabi/7.2.1/../../../../arm-none-eabi/lib/thumb/v7e-m/fpv4-sp/hard\libcr_semihost_nf.a(__sys_flen.o)
                0x000050dc                __sys_flen
 .text.__sys_istty
                0x000050e8        0xc c:/nxp/mcuxpressoide_10.2.0_759/ide/tools/bin/../lib/gcc/arm-none-eabi/7.2.1/../../../../arm-none-eabi/lib/thumb/v7e-m/fpv4-sp/hard\libcr_semihost_nf.a(__sys_istty.o)
                0x000050e8                __sys_istty
 .text.__sys_remove
                0x000050f4        0xc c:/nxp/mcuxpressoide_10.2.0_759/ide/tools/bin/../lib/gcc/arm-none-eabi/7.2.1/../../../../arm-none-eabi/lib/thumb/v7e-m/fpv4-sp/hard\libcr_semihost_nf.a(__sys_remove.o)
                0x000050f4                __sys_remove
 .text.__sys_seek
                0x00005100        0xc c:/nxp/mcuxpressoide_10.2.0_759/ide/tools/bin/../lib/gcc/arm-none-eabi/7.2.1/../../../../arm-none-eabi/lib/thumb/v7e-m/fpv4-sp/hard\libcr_semihost_nf.a(__sys_seek.o)
                0x00005100                __sys_seek
 .text.__sys_tmpnam
                0x0000510c        0xc c:/nxp/mcuxpressoide_10.2.0_759/ide/tools/bin/../lib/gcc/arm-none-eabi/7.2.1/../../../../arm-none-eabi/lib/thumb/v7e-m/fpv4-sp/hard\libcr_semihost_nf.a(__sys_tmpnam.o)
                0x0000510c                __sys_tmpnam
 .text.__sys_write
                0x00005118        0xc c:/nxp/mcuxpressoide_10.2.0_759/ide/tools/bin/../lib/gcc/arm-none-eabi/7.2.1/../../../../arm-none-eabi/lib/thumb/v7e-m/fpv4-sp/hard\libcr_semihost_nf.a(__sys_write.o)
                0x00005118                __sys_write
 *(SORT_BY_ALIGNMENT(.rodata) SORT_BY_ALIGNMENT(.rodata.*) SORT_BY_ALIGNMENT(.constdata) SORT_BY_ALIGNMENT(.constdata.*))
 .rodata.numbers
                0x00005124        0xa ./source/drivers/seven_seg_display.o
 *fill*         0x0000512e        0x2 ff
 .rodata.letters
                0x00005130       0x1a ./source/drivers/seven_seg_display.o
 *fill*         0x0000514a        0x2 ff
 .rodata.extras
                0x0000514c        0x4 ./source/drivers/seven_seg_display.o
 .rodata        0x00005150       0x4c ./source/FSM/States/admin_state.o
 .rodata        0x0000519c       0x12 ./source/FSM/States/config_me_state.o
 *fill*         0x000051ae        0x2 ff
 .rodata        0x000051b0       0x1b ./source/FSM/States/fail_state.o
 *fill*         0x000051cb        0x1 ff
 .rodata        0x000051cc       0x20 ./source/FSM/States/id_state.o
 .rodata        0x000051ec        0x6 ./source/FSM/States/main_menu_state.o
 *fill*         0x000051f2        0x2 ff
 .rodata        0x000051f4        0x5 ./source/FSM/States/pin_state.o
 *fill*         0x000051f9        0x3 ff
 .rodata.__num_Ciob_streams
                0x000051fc        0x4 c:/nxp/mcuxpressoide_10.2.0_759/ide/tools/bin/../lib/gcc/arm-none-eabi/7.2.1/../../../../arm-none-eabi/lib/thumb/v7e-m/fpv4-sp/hard\libcr_semihost_nf.a(__ciob.o)
                0x000051fc                __num_Ciob_streams
 .rodata._initio.str1.1
                0x00005200        0x4 c:/nxp/mcuxpressoide_10.2.0_759/ide/tools/bin/../lib/gcc/arm-none-eabi/7.2.1/../../../../arm-none-eabi/lib/thumb/v7e-m/fpv4-sp/hard\libcr_c.a(initio.o)
                0x00005208                . = ALIGN (0x8)
 *fill*         0x00005204        0x4 ff

.glue_7         0x00005208        0x0
 .glue_7        0x00005208        0x0 linker stubs

.glue_7t        0x00005208        0x0
 .glue_7t       0x00005208        0x0 linker stubs

.vfp11_veneer   0x00005208        0x0
 .vfp11_veneer  0x00005208        0x0 linker stubs

.v4_bx          0x00005208        0x0
 .v4_bx         0x00005208        0x0 linker stubs

.iplt           0x00005208        0x0
 .iplt          0x00005208        0x0 ./source/startup/hardware.o

.rel.dyn        0x00005208        0x0
 .rel.iplt      0x00005208        0x0 ./source/startup/hardware.o

.ARM.extab
 *(SORT_BY_ALIGNMENT(.ARM.extab*) SORT_BY_ALIGNMENT(.gnu.linkonce.armextab.*))
                0x00005208                __exidx_start = .

.ARM.exidx
 *(SORT_BY_ALIGNMENT(.ARM.exidx*) SORT_BY_ALIGNMENT(.gnu.linkonce.armexidx.*))
                0x00005208                __exidx_end = .
                0x00005208                _etext = .

.m_usb_data
 *(SORT_BY_ALIGNMENT(m_usb_bdt))

.data_RAM2      0x1fff0000        0x0 load address 0x00005208
 FILL mask 0xff
                [!provide]                PROVIDE (__start_data_RAM2, .)
 *(SORT_BY_ALIGNMENT(.ramfunc.$RAM2))
 *(SORT_BY_ALIGNMENT(.ramfunc.$SRAM_LOWER))
 *(SORT_BY_ALIGNMENT(.data.$RAM2*))
 *(SORT_BY_ALIGNMENT(.data.$SRAM_LOWER*))
                0x1fff0000                . = ALIGN (0x8)
                [!provide]                PROVIDE (__end_data_RAM2, .)

.data_RAM3      0x14000000        0x0 load address 0x00005208
 FILL mask 0xff
                [!provide]                PROVIDE (__start_data_RAM3, .)
 *(SORT_BY_ALIGNMENT(.ramfunc.$RAM3))
 *(SORT_BY_ALIGNMENT(.ramfunc.$FLEX_RAM))
 *(SORT_BY_ALIGNMENT(.data.$RAM3*))
 *(SORT_BY_ALIGNMENT(.data.$FLEX_RAM*))
                0x14000000                . = ALIGN (0x8)
                [!provide]                PROVIDE (__end_data_RAM3, .)

.uninit_RESERVED
                0x20000000        0x0
 *(SORT_BY_ALIGNMENT(.bss.$RESERVED*))
                0x20000000                . = ALIGN (0x4)
                0x20000000                _end_uninit_RESERVED = .

.data           0x20000000      0x318 load address 0x00005208
 FILL mask 0xff
                0x20000000                _data = .
 *(SORT_BY_ALIGNMENT(vtable))
 *(SORT_BY_ALIGNMENT(.ramfunc*))
 *(SORT_BY_ALIGNMENT(.data*))
 .data.displayPins
                0x20000000        0x8 ./source/drivers/seven_seg_display.o
 .data.selectPins
                0x20000008        0x2 ./source/drivers/seven_seg_display.o
 *fill*         0x2000000a        0x2 ff
 .data.ports    0x2000000c       0x14 ./source/MCAL/gpio.o
 .data.gpioPorts
                0x20000020       0x14 ./source/MCAL/gpio.o
 .data.titleTimerID
                0x20000034        0x4 ./source/FSM/States/admin_state.o
 .data.titleTimerID
                0x20000038        0x4 ./source/FSM/States/config_me_state.o
 .data.errorIndicationTimerID
                0x2000003c        0x4 ./source/FSM/States/config_me_state.o
 .data.titleTimerID
                0x20000040        0x4 ./source/FSM/States/id_state.o
 .data.errorIndicationTimerID
                0x20000044        0x4 ./source/FSM/States/id_state.o
 .data.titleTimerID
                0x20000048        0x4 ./source/FSM/States/pin_state.o
 .data.menu     0x2000004c       0x48 ./source/FSM/fsm_table.o
                0x2000004c                menu
 .data.id       0x20000094       0x6c ./source/FSM/fsm_table.o
                0x20000094                id
 .data.pin      0x20000100       0x6c ./source/FSM/fsm_table.o
                0x20000100                pin
 .data.fail     0x2000016c       0x54 ./source/FSM/fsm_table.o
                0x2000016c                fail
 .data.admin    0x200001c0       0x78 ./source/FSM/fsm_table.o
                0x200001c0                admin
 .data.open     0x20000238       0x18 ./source/FSM/fsm_table.o
                0x20000238                open
 .data.cfg_me   0x20000250       0x54 ./source/FSM/fsm_table.o
                0x20000250                cfg_me
 .data.cfg_usr  0x200002a4       0x24 ./source/FSM/fsm_table.o
                0x200002a4                cfg_usr
 .data.cfg_device
                0x200002c8       0x48 ./source/FSM/fsm_table.o
                0x200002c8                cfg_device
 .data.brightness
                0x20000310        0x1 ./source/drivers/seven_seg_display.o
 .data.currBright.5327
                0x20000311        0x1 ./source/drivers/seven_seg_display.o
 .data.window.5328
                0x20000312        0x1 ./source/drivers/seven_seg_display.o
 .data.currentIdIndex
                0x20000313        0x1 ./source/database/data_base.o
                0x20000318                . = ALIGN (0x8)
 *fill*         0x20000314        0x4 ff
                0x20000318                _edata = .

.igot.plt       0x20000318        0x0 load address 0x00005520
 .igot.plt      0x20000318        0x0 ./source/startup/hardware.o

.bss_RAM2       0x1fff0000        0x0
                [!provide]                PROVIDE (__start_bss_RAM2, .)
 *(SORT_BY_ALIGNMENT(.bss.$RAM2*))
 *(SORT_BY_ALIGNMENT(.bss.$SRAM_LOWER*))
                0x1fff0000                . = ALIGN ((. != 0x0)?0x8:0x1)
                [!provide]                PROVIDE (__end_bss_RAM2, .)

.bss_RAM3       0x14000000        0x0
                [!provide]                PROVIDE (__start_bss_RAM3, .)
 *(SORT_BY_ALIGNMENT(.bss.$RAM3*))
 *(SORT_BY_ALIGNMENT(.bss.$FLEX_RAM*))
                0x14000000                . = ALIGN ((. != 0x0)?0x8:0x1)
                [!provide]                PROVIDE (__end_bss_RAM3, .)

.bss            0x20000318     0x1338
                0x20000318                _bss = .
 *(SORT_BY_ALIGNMENT(.bss*))
 .bss.__LDM_interruptDisableCount
                0x20000318        0x4 ./source/startup/hardware.o
 .bss.ledElements
                0x2000031c       0xd8 ./source/drivers/Led.o
 .bss.defaultOnForDefinedTimeProperties
                0x200003f4        0xc ./source/drivers/Led.o
 .bss.defaultBlinkProperties
                0x20000400       0x14 ./source/drivers/Led.o
 .bss.defaultInfiniteBlinkProperties
                0x20000414        0xc ./source/drivers/Led.o
 .bss.defaultRepetitionBlinkProperties
                0x20000420       0x14 ./source/drivers/Led.o
 .bss.leds      0x20000434       0x1e ./source/drivers/MplxLed.o
                0x20000434                leds
 *fill*         0x20000452        0x2 
 .bss.timerElements
                0x20000454      0x190 ./source/drivers/Timer.o
 .bss.idCounter
                0x200005e4        0x4 ./source/drivers/Timer.o
 .bss.buttons   0x200005e8       0x14 ./source/drivers/button.o
 .bss.moves     0x200005fc        0x4 ./source/drivers/encoder.o
 .bss.message   0x20000600      0x190 ./source/drivers/lector.o
 .bss.screen    0x20000790       0xf0 ./source/drivers/seven_seg_display.o
 .bss.dataBase  0x20000880      0x2a9 ./source/database/data_base.o
 *fill*         0x20000b29        0x3 
 .bss.database  0x20000b2c      0x2a9 ./source/database/data_base.o
 *fill*         0x20000dd5        0x3 
 .bss.validNumberArray
                0x20000dd8       0x13 ./source/database/data_base.o
 *fill*         0x20000deb        0x1 
 .bss.blockedUsersIndexes
                0x20000dec       0x1e ./source/database/data_base.o
 *fill*         0x20000e0a        0x2 
 .bss.sysTickElements
                0x20000e0c      0x190 ./source/MCAL/SysTick.o
 .bss.idCounter
                0x20000f9c        0x4 ./source/MCAL/SysTick.o
 .bss.callbacks
                0x20000fa0      0x280 ./source/MCAL/gpio.o
 .bss.newPin    0x20001220        0x5 ./source/FSM/States/config_me_state.o
 *fill*         0x20001225        0x3 
 .bss.errorIndicationTimerID
                0x20001228        0x4 ./source/FSM/States/fail_state.o
 .bss.id        0x2000122c        0x8 ./source/FSM/States/id_state.o
 .bss.pin       0x20001234        0x5 ./source/FSM/States/pin_state.o
 *fill*         0x20001239        0x3 
 .bss.currentState
                0x2000123c        0x4 ./source/App.o
 .bss.userTimeOutTimerID
                0x20001240        0x4 ./source/App.o
 .bss.eventQueue
                0x20001244        0xc ./source/queue.o
                0x20001244                eventQueue
 .bss.queue     0x20001250      0x320 ./source/queue.o
                0x20001250                queue
 .bss.errno     0x20001570        0x4 c:/nxp/mcuxpressoide_10.2.0_759/ide/tools/bin/../lib/gcc/arm-none-eabi/7.2.1/../../../../arm-none-eabi/lib/thumb/v7e-m/fpv4-sp/hard\libcr_c.a(errno.o)
                0x20001570                errno
 .bss.__Ciob    0x20001574       0xb4 c:/nxp/mcuxpressoide_10.2.0_759/ide/tools/bin/../lib/gcc/arm-none-eabi/7.2.1/../../../../arm-none-eabi/lib/thumb/v7e-m/fpv4-sp/hard\libcr_semihost_nf.a(__ciob.o)
                0x20001574                __Ciob
 .bss.bit       0x20001628        0x2 ./source/drivers/lector.o
 .bss.moving_counter
                0x2000162a        0x2 ./source/drivers/seven_seg_display.o
 .bss.isInit.5478
                0x2000162c        0x1 ./source/drivers/MplxLed.o
 .bss.displayCounter.5537
                0x2000162d        0x1 ./source/drivers/MplxLed.o
 .bss.var       0x2000162e        0x1 ./source/drivers/button.o
                0x2000162e                var
 .bss.existingEvent
                0x2000162f        0x1 ./source/drivers/encoder.o
 .bss.statusA   0x20001630        0x1 ./source/drivers/encoder.o
 .bss.statusB   0x20001631        0x1 ./source/drivers/encoder.o
 .bss.init.5150
                0x20001632        0x1 ./source/drivers/encoder.o
 .bss.enable    0x20001633        0x1 ./source/drivers/lector.o
 .bss.event     0x20001634        0x1 ./source/drivers/lector.o
 .bss.pos       0x20001635        0x1 ./source/drivers/seven_seg_display.o
 .bss.moves_remainig
                0x20001636        0x1 ./source/drivers/seven_seg_display.o
 .bss.bouncing  0x20001637        0x1 ./source/drivers/seven_seg_display.o
 .bss.move_b    0x20001638        0x1 ./source/drivers/seven_seg_display.o
 .bss.cursor_pos
                0x20001639        0x1 ./source/drivers/seven_seg_display.o
 .bss.cursor    0x2000163a        0x1 ./source/drivers/seven_seg_display.o
 .bss.isInit.5245
                0x2000163b        0x1 ./source/drivers/seven_seg_display.o
 .bss.displayCounter.5326
                0x2000163c        0x1 ./source/drivers/seven_seg_display.o
 .bss.currentOptionIndex
                0x2000163d        0x1 ./source/FSM/States/admin_state.o
 .bss.showingTitle
                0x2000163e        0x1 ./source/FSM/States/admin_state.o
 .bss.admin     0x2000163f        0x1 ./source/FSM/States/admin_state.o
 .bss.currentOptionIndex
                0x20001640        0x1 ./source/FSM/States/config_device_state.o
 .bss.currentPos
                0x20001641        0x1 ./source/FSM/States/config_me_state.o
 .bss.showingTitle
                0x20001642        0x1 ./source/FSM/States/config_me_state.o
 .bss.showingErrorIndication
                0x20001643        0x1 ./source/FSM/States/config_me_state.o
 .bss.currentPos
                0x20001644        0x1 ./source/FSM/States/id_state.o
 .bss.showingTitle
                0x20001645        0x1 ./source/FSM/States/id_state.o
 .bss.showingErrorIndication
                0x20001646        0x1 ./source/FSM/States/id_state.o
 .bss.currentPos
                0x20001647        0x1 ./source/FSM/States/pin_state.o
 .bss.showingTitle
                0x20001648        0x1 ./source/FSM/States/pin_state.o
 *(SORT_BY_ALIGNMENT(COMMON))
                0x20001650                . = ALIGN (0x8)
 *fill*         0x20001649        0x7 
                0x20001650                _ebss = .
                [!provide]                PROVIDE (end, .)

.noinit_RAM2    0x1fff0000        0x0
 *(SORT_BY_ALIGNMENT(.noinit.$RAM2*))
 *(SORT_BY_ALIGNMENT(.noinit.$SRAM_LOWER*))
                0x1fff0000                . = ALIGN (0x8)

.noinit_RAM3    0x14000000        0x0
 *(SORT_BY_ALIGNMENT(.noinit.$RAM3*))
 *(SORT_BY_ALIGNMENT(.noinit.$FLEX_RAM*))
                0x14000000                . = ALIGN (0x8)

.noinit         0x20001650        0x0
                0x20001650                _noinit = .
 *(SORT_BY_ALIGNMENT(.noinit*))
                0x20001650                . = ALIGN (0x8)
                0x20001650                _end_noinit = .
                0x00001000                _HeapSize = 0x1000

.heap           0x20001650     0x1000
                0x20001650                _pvHeapStart = .
                0x20002650                . = (. + _HeapSize)
 *fill*         0x20001650     0x1000 
                0x20002650                . = ALIGN (0x8)
                0x20002650                _pvHeapLimit = .
                0x00001000                _StackSize = 0x1000

.heap2stackfill
                0x20002650     0x1000
                0x20003650                . = (. + _StackSize)
 *fill*         0x20002650     0x1000 

.stack          0x2002f000        0x0
                0x2002f000                _vStackBase = .
                0x2002f000                . = ALIGN (0x8)
                0x20030000                _vStackTop = (. + _StackSize)
                0x00000000                _image_start = LOADADDR (.text)
                0x00005520                _image_end = (LOADADDR (.data) + SIZEOF (.data))
                0x00005520                _image_size = (_image_end - _image_start)
OUTPUT(ControlDeAcceso.axf elf32-littlearm)

.debug_info     0x00000000     0x7dcc
 .debug_info    0x00000000      0x6aa ./source/startup/hardware.o
 .debug_info    0x000006aa       0xec ./source/startup/main.o
 .debug_info    0x00000796       0x3b ./source/startup/semihost_hardfault.o
 .debug_info    0x000007d1      0x8b0 ./source/startup/startup_mk64f12.o
 .debug_info    0x00001081      0x88f ./source/drivers/Led.o
 .debug_info    0x00001910      0x5ae ./source/drivers/MplxLed.o
 .debug_info    0x00001ebe      0x53a ./source/drivers/Timer.o
 .debug_info    0x000023f8      0x37f ./source/drivers/button.o
 .debug_info    0x00002777      0x1b3 ./source/drivers/encoder.o
 .debug_info    0x0000292a      0x441 ./source/drivers/lector.o
 .debug_info    0x00002d6b      0x659 ./source/drivers/seven_seg_display.o
 .debug_info    0x000033c4      0x6c7 ./source/database/data_base.o
 .debug_info    0x00003a8b      0x52b ./source/MCAL/SysTick.o
 .debug_info    0x00003fb6      0xa99 ./source/MCAL/gpio.o
 .debug_info    0x00004a4f      0x3b8 ./source/FSM/States/admin_state.o
 .debug_info    0x00004e07      0x306 ./source/FSM/States/config_device_state.o
 .debug_info    0x0000510d      0x424 ./source/FSM/States/config_me_state.o
 .debug_info    0x00005531      0x2a8 ./source/FSM/States/fail_state.o
 .debug_info    0x000057d9      0x4d2 ./source/FSM/States/id_state.o
 .debug_info    0x00005cab      0x355 ./source/FSM/States/main_menu_state.o
 .debug_info    0x00006000      0x297 ./source/FSM/States/open_state.o
 .debug_info    0x00006297      0x3b6 ./source/FSM/States/pin_state.o
 .debug_info    0x0000664d      0x40d ./source/FSM/States/user_input.o
 .debug_info    0x00006a5a      0x22e ./source/FSM/fsm.o
 .debug_info    0x00006c88      0x3d3 ./source/FSM/fsm_table.o
 .debug_info    0x0000705b      0x38f ./source/App.o
 .debug_info    0x000073ea      0x3b1 ./source/queue.o
 .debug_info    0x0000779b      0x631 ./CMSIS/system_MK64F12.o

.debug_abbrev   0x00000000     0x24b0
 .debug_abbrev  0x00000000      0x14d ./source/startup/hardware.o
 .debug_abbrev  0x0000014d       0x9b ./source/startup/main.o
 .debug_abbrev  0x000001e8       0x2f ./source/startup/semihost_hardfault.o
 .debug_abbrev  0x00000217      0x15c ./source/startup/startup_mk64f12.o
 .debug_abbrev  0x00000373      0x1f9 ./source/drivers/Led.o
 .debug_abbrev  0x0000056c      0x166 ./source/drivers/MplxLed.o
 .debug_abbrev  0x000006d2      0x164 ./source/drivers/Timer.o
 .debug_abbrev  0x00000836      0x180 ./source/drivers/button.o
 .debug_abbrev  0x000009b6      0x109 ./source/drivers/encoder.o
 .debug_abbrev  0x00000abf      0x1b7 ./source/drivers/lector.o
 .debug_abbrev  0x00000c76      0x21a ./source/drivers/seven_seg_display.o
 .debug_abbrev  0x00000e90      0x215 ./source/database/data_base.o
 .debug_abbrev  0x000010a5      0x1bb ./source/MCAL/SysTick.o
 .debug_abbrev  0x00001260      0x221 ./source/MCAL/gpio.o
 .debug_abbrev  0x00001481      0x12a ./source/FSM/States/admin_state.o
 .debug_abbrev  0x000015ab      0x101 ./source/FSM/States/config_device_state.o
 .debug_abbrev  0x000016ac      0x126 ./source/FSM/States/config_me_state.o
 .debug_abbrev  0x000017d2       0xe2 ./source/FSM/States/fail_state.o
 .debug_abbrev  0x000018b4      0x160 ./source/FSM/States/id_state.o
 .debug_abbrev  0x00001a14      0x11f ./source/FSM/States/main_menu_state.o
 .debug_abbrev  0x00001b33       0xd3 ./source/FSM/States/open_state.o
 .debug_abbrev  0x00001c06      0x155 ./source/FSM/States/pin_state.o
 .debug_abbrev  0x00001d5b      0x155 ./source/FSM/States/user_input.o
 .debug_abbrev  0x00001eb0       0xca ./source/FSM/fsm.o
 .debug_abbrev  0x00001f7a      0x11d ./source/FSM/fsm_table.o
 .debug_abbrev  0x00002097      0x146 ./source/App.o
 .debug_abbrev  0x000021dd      0x17f ./source/queue.o
 .debug_abbrev  0x0000235c      0x154 ./CMSIS/system_MK64F12.o

.debug_aranges  0x00000000      0xba8
 .debug_aranges
                0x00000000       0x30 ./source/startup/hardware.o
 .debug_aranges
                0x00000030       0x20 ./source/startup/main.o
 .debug_aranges
                0x00000050       0x20 ./source/startup/semihost_hardfault.o
 .debug_aranges
                0x00000070      0x330 ./source/startup/startup_mk64f12.o
 .debug_aranges
                0x000003a0       0xa0 ./source/drivers/Led.o
 .debug_aranges
                0x00000440       0x70 ./source/drivers/MplxLed.o
 .debug_aranges
                0x000004b0       0x68 ./source/drivers/Timer.o
 .debug_aranges
                0x00000518       0x50 ./source/drivers/button.o
 .debug_aranges
                0x00000568       0x30 ./source/drivers/encoder.o
 .debug_aranges
                0x00000598       0x58 ./source/drivers/lector.o
 .debug_aranges
                0x000005f0       0xa0 ./source/drivers/seven_seg_display.o
 .debug_aranges
                0x00000690       0x98 ./source/database/data_base.o
 .debug_aranges
                0x00000728       0x58 ./source/MCAL/SysTick.o
 .debug_aranges
                0x00000780       0x88 ./source/MCAL/gpio.o
 .debug_aranges
                0x00000808       0x58 ./source/FSM/States/admin_state.o
 .debug_aranges
                0x00000860       0x40 ./source/FSM/States/config_device_state.o
 .debug_aranges
                0x000008a0       0x70 ./source/FSM/States/config_me_state.o
 .debug_aranges
                0x00000910       0x28 ./source/FSM/States/fail_state.o
 .debug_aranges
                0x00000938       0x88 ./source/FSM/States/id_state.o
 .debug_aranges
                0x000009c0       0x28 ./source/FSM/States/main_menu_state.o
 .debug_aranges
                0x000009e8       0x28 ./source/FSM/States/open_state.o
 .debug_aranges
                0x00000a10       0x60 ./source/FSM/States/pin_state.o
 .debug_aranges
                0x00000a70       0x48 ./source/FSM/States/user_input.o
 .debug_aranges
                0x00000ab8       0x20 ./source/FSM/fsm.o
 .debug_aranges
                0x00000ad8       0x30 ./source/FSM/fsm_table.o
 .debug_aranges
                0x00000b08       0x38 ./source/App.o
 .debug_aranges
                0x00000b40       0x38 ./source/queue.o
 .debug_aranges
                0x00000b78       0x30 ./CMSIS/system_MK64F12.o

.debug_ranges   0x00000000      0xa18
 .debug_ranges  0x00000000       0x20 ./source/startup/hardware.o
 .debug_ranges  0x00000020       0x10 ./source/startup/main.o
 .debug_ranges  0x00000030       0x10 ./source/startup/semihost_hardfault.o
 .debug_ranges  0x00000040      0x320 ./source/startup/startup_mk64f12.o
 .debug_ranges  0x00000360       0x90 ./source/drivers/Led.o
 .debug_ranges  0x000003f0       0x60 ./source/drivers/MplxLed.o
 .debug_ranges  0x00000450       0x58 ./source/drivers/Timer.o
 .debug_ranges  0x000004a8       0x40 ./source/drivers/button.o
 .debug_ranges  0x000004e8       0x20 ./source/drivers/encoder.o
 .debug_ranges  0x00000508       0x48 ./source/drivers/lector.o
 .debug_ranges  0x00000550       0x90 ./source/drivers/seven_seg_display.o
 .debug_ranges  0x000005e0       0x88 ./source/database/data_base.o
 .debug_ranges  0x00000668       0x48 ./source/MCAL/SysTick.o
 .debug_ranges  0x000006b0       0x78 ./source/MCAL/gpio.o
 .debug_ranges  0x00000728       0x48 ./source/FSM/States/admin_state.o
 .debug_ranges  0x00000770       0x30 ./source/FSM/States/config_device_state.o
 .debug_ranges  0x000007a0       0x60 ./source/FSM/States/config_me_state.o
 .debug_ranges  0x00000800       0x18 ./source/FSM/States/fail_state.o
 .debug_ranges  0x00000818       0x90 ./source/FSM/States/id_state.o
 .debug_ranges  0x000008a8       0x30 ./source/FSM/States/main_menu_state.o
 .debug_ranges  0x000008d8       0x18 ./source/FSM/States/open_state.o
 .debug_ranges  0x000008f0       0x50 ./source/FSM/States/pin_state.o
 .debug_ranges  0x00000940       0x38 ./source/FSM/States/user_input.o
 .debug_ranges  0x00000978       0x10 ./source/FSM/fsm.o
 .debug_ranges  0x00000988       0x20 ./source/FSM/fsm_table.o
 .debug_ranges  0x000009a8       0x28 ./source/App.o
 .debug_ranges  0x000009d0       0x28 ./source/queue.o
 .debug_ranges  0x000009f8       0x20 ./CMSIS/system_MK64F12.o

.debug_macro    0x00000000    0x12c56
 .debug_macro   0x00000000       0xb4 ./source/startup/hardware.o
 .debug_macro   0x000000b4      0xa90 ./source/startup/hardware.o
 .debug_macro   0x00000b44       0x10 ./source/startup/hardware.o
 .debug_macro   0x00000b54      0x12d ./source/startup/hardware.o
 .debug_macro   0x00000c81      0x5b2 ./source/startup/hardware.o
 .debug_macro   0x00001233       0x22 ./source/startup/hardware.o
 .debug_macro   0x00001255       0x10 ./source/startup/hardware.o
 .debug_macro   0x00001265       0x5c ./source/startup/hardware.o
 .debug_macro   0x000012c1       0x1c ./source/startup/hardware.o
 .debug_macro   0x000012dd       0x22 ./source/startup/hardware.o
 .debug_macro   0x000012ff       0xdf ./source/startup/hardware.o
 .debug_macro   0x000013de      0xecf ./source/startup/hardware.o
 .debug_macro   0x000022ad       0x48 ./source/startup/hardware.o
 .debug_macro   0x000022f5     0xe07b ./source/startup/hardware.o
 .debug_macro   0x00010370     0x122b ./source/startup/hardware.o
 .debug_macro   0x0001159b       0x16 ./source/startup/hardware.o
 .debug_macro   0x000115b1       0xb4 ./source/startup/main.o
 .debug_macro   0x00011665       0x11 ./source/startup/semihost_hardfault.o
 .debug_macro   0x00011676       0x29 ./source/startup/startup_mk64f12.o
 .debug_macro   0x0001169f       0xb8 ./source/drivers/Led.o
 .debug_macro   0x00011757       0x3a ./source/drivers/Led.o
 .debug_macro   0x00011791       0xa6 ./source/drivers/Led.o
 .debug_macro   0x00011837       0x16 ./source/drivers/Led.o
 .debug_macro   0x0001184d       0x1c ./source/drivers/Led.o
 .debug_macro   0x00011869       0xd2 ./source/drivers/Led.o
 .debug_macro   0x0001193b       0x10 ./source/drivers/Led.o
 .debug_macro   0x0001194b       0x16 ./source/drivers/Led.o
 .debug_macro   0x00011961       0xc1 ./source/drivers/MplxLed.o
 .debug_macro   0x00011a22       0x1c ./source/drivers/MplxLed.o
 .debug_macro   0x00011a3e       0x7d ./source/drivers/Timer.o
 .debug_macro   0x00011abb       0x60 ./source/drivers/button.o
 .debug_macro   0x00011b1b       0x16 ./source/drivers/button.o
 .debug_macro   0x00011b31       0x40 ./source/drivers/button.o
 .debug_macro   0x00011b71       0x6a ./source/drivers/encoder.o
 .debug_macro   0x00011bdb       0xac ./source/drivers/encoder.o
 .debug_macro   0x00011c87       0x7e ./source/drivers/lector.o
 .debug_macro   0x00011d05       0x10 ./source/drivers/lector.o
 .debug_macro   0x00011d15       0x96 ./source/drivers/seven_seg_display.o
 .debug_macro   0x00011dab       0x94 ./source/drivers/seven_seg_display.o
 .debug_macro   0x00011e3f       0x16 ./source/drivers/seven_seg_display.o
 .debug_macro   0x00011e55       0x83 ./source/database/data_base.o
 .debug_macro   0x00011ed8       0x34 ./source/database/data_base.o
 .debug_macro   0x00011f0c       0xf6 ./source/MCAL/SysTick.o
 .debug_macro   0x00012002       0xd1 ./source/MCAL/gpio.o
 .debug_macro   0x000120d3       0xc6 ./source/FSM/States/admin_state.o
 .debug_macro   0x00012199       0x9a ./source/FSM/States/admin_state.o
 .debug_macro   0x00012233       0x94 ./source/FSM/States/config_device_state.o
 .debug_macro   0x000122c7       0xc9 ./source/FSM/States/config_me_state.o
 .debug_macro   0x00012390       0xc4 ./source/FSM/States/fail_state.o
 .debug_macro   0x00012454       0xd2 ./source/FSM/States/id_state.o
 .debug_macro   0x00012526       0x16 ./source/FSM/States/id_state.o
 .debug_macro   0x0001253c       0xc0 ./source/FSM/States/main_menu_state.o
 .debug_macro   0x000125fc       0x9e ./source/FSM/States/open_state.o
 .debug_macro   0x0001269a       0xc9 ./source/FSM/States/pin_state.o
 .debug_macro   0x00012763       0x9c ./source/FSM/States/user_input.o
 .debug_macro   0x000127ff       0x16 ./source/FSM/States/user_input.o
 .debug_macro   0x00012815       0x9a ./source/FSM/States/user_input.o
 .debug_macro   0x000128af       0x5f ./source/FSM/fsm.o
 .debug_macro   0x0001290e       0xe5 ./source/FSM/fsm_table.o
 .debug_macro   0x000129f3      0x130 ./source/App.o
 .debug_macro   0x00012b23       0x10 ./source/App.o
 .debug_macro   0x00012b33       0x10 ./source/App.o
 .debug_macro   0x00012b43       0x7b ./source/queue.o
 .debug_macro   0x00012bbe       0x98 ./CMSIS/system_MK64F12.o

.debug_line     0x00000000     0x47fd
 .debug_line    0x00000000      0x221 ./source/startup/hardware.o
 .debug_line    0x00000221      0x1c2 ./source/startup/main.o
 .debug_line    0x000003e3       0x5c ./source/startup/semihost_hardfault.o
 .debug_line    0x0000043f      0x6db ./source/startup/startup_mk64f12.o
 .debug_line    0x00000b1a      0x36b ./source/drivers/Led.o
 .debug_line    0x00000e85      0x2ef ./source/drivers/MplxLed.o
 .debug_line    0x00001174      0x2dc ./source/drivers/Timer.o
 .debug_line    0x00001450      0x273 ./source/drivers/button.o
 .debug_line    0x000016c3      0x1d2 ./source/drivers/encoder.o
 .debug_line    0x00001895      0x2fe ./source/drivers/lector.o
 .debug_line    0x00001b93      0x408 ./source/drivers/seven_seg_display.o
 .debug_line    0x00001f9b      0x3e4 ./source/database/data_base.o
 .debug_line    0x0000237f      0x33c ./source/MCAL/SysTick.o
 .debug_line    0x000026bb      0x322 ./source/MCAL/gpio.o
 .debug_line    0x000029dd      0x2a9 ./source/FSM/States/admin_state.o
 .debug_line    0x00002c86      0x1ef ./source/FSM/States/config_device_state.o
 .debug_line    0x00002e75      0x2bf ./source/FSM/States/config_me_state.o
 .debug_line    0x00003134      0x1e0 ./source/FSM/States/fail_state.o
 .debug_line    0x00003314      0x31a ./source/FSM/States/id_state.o
 .debug_line    0x0000362e      0x1f3 ./source/FSM/States/main_menu_state.o
 .debug_line    0x00003821      0x191 ./source/FSM/States/open_state.o
 .debug_line    0x000039b2      0x275 ./source/FSM/States/pin_state.o
 .debug_line    0x00003c27      0x23e ./source/FSM/States/user_input.o
 .debug_line    0x00003e65      0x117 ./source/FSM/fsm.o
 .debug_line    0x00003f7c      0x21e ./source/FSM/fsm_table.o
 .debug_line    0x0000419a      0x2b7 ./source/App.o
 .debug_line    0x00004451      0x19b ./source/queue.o
 .debug_line    0x000045ec      0x211 ./CMSIS/system_MK64F12.o

.debug_str      0x00000000    0x7b6c7
 .debug_str     0x00000000    0x77e1c ./source/startup/hardware.o
                              0x77eaa (size before relaxing)
 .debug_str     0x00077e1c       0x1e ./source/startup/main.o
                              0x77c7e (size before relaxing)
 .debug_str     0x00077e3a       0x39 ./source/startup/semihost_hardfault.o
                               0x2da3 (size before relaxing)
 .debug_str     0x00077e73      0x83d ./source/startup/startup_mk64f12.o
                               0x3611 (size before relaxing)
 .debug_str     0x000786b0      0xc54 ./source/drivers/Led.o
                               0x524f (size before relaxing)
 .debug_str     0x00079304      0x288 ./source/drivers/MplxLed.o
                               0x4f96 (size before relaxing)
 .debug_str     0x0007958c      0x19d ./source/drivers/Timer.o
                               0x3a71 (size before relaxing)
 .debug_str     0x00079729      0x10a ./source/drivers/button.o
                               0x46da (size before relaxing)
 .debug_str     0x00079833       0x80 ./source/drivers/encoder.o
                               0x493c (size before relaxing)
 .debug_str     0x000798b3      0x261 ./source/drivers/lector.o
                               0x4ac0 (size before relaxing)
 .debug_str     0x00079b14      0x519 ./source/drivers/seven_seg_display.o
                               0x4e81 (size before relaxing)
 .debug_str     0x0007a02d      0x44a ./source/database/data_base.o
                               0x497f (size before relaxing)
 .debug_str     0x0007a477      0x126 ./source/MCAL/SysTick.o
                              0x78310 (size before relaxing)
 .debug_str     0x0007a59d      0x666 ./source/MCAL/gpio.o
                              0x784ef (size before relaxing)
 .debug_str     0x0007ac03      0x322 ./source/FSM/States/admin_state.o
                               0x4e84 (size before relaxing)
 .debug_str     0x0007af25       0xb9 ./source/FSM/States/config_device_state.o
                               0x4cf0 (size before relaxing)
 .debug_str     0x0007afde      0x196 ./source/FSM/States/config_me_state.o
                               0x4feb (size before relaxing)
 .debug_str     0x0007b174       0x51 ./source/FSM/States/fail_state.o
                               0x4d7c (size before relaxing)
 .debug_str     0x0007b1c5       0xb7 ./source/FSM/States/id_state.o
                               0x4f98 (size before relaxing)
 .debug_str     0x0007b27c       0x59 ./source/FSM/States/main_menu_state.o
                               0x4d9e (size before relaxing)
 .debug_str     0x0007b2d5       0x57 ./source/FSM/States/open_state.o
                               0x4b0a (size before relaxing)
 .debug_str     0x0007b32c       0x8e ./source/FSM/States/pin_state.o
                               0x4e6d (size before relaxing)
 .debug_str     0x0007b3ba       0x96 ./source/FSM/States/user_input.o
                               0x4d87 (size before relaxing)
 .debug_str     0x0007b450       0x84 ./source/FSM/fsm.o
                               0x4864 (size before relaxing)
 .debug_str     0x0007b4d4       0x83 ./source/FSM/fsm_table.o
                               0x4ba9 (size before relaxing)
 .debug_str     0x0007b557       0x7e ./source/App.o
                               0x52a2 (size before relaxing)
 .debug_str     0x0007b5d5       0x94 ./source/queue.o
                               0x4aea (size before relaxing)
 .debug_str     0x0007b669       0x5e ./CMSIS/system_MK64F12.o
                              0x77db2 (size before relaxing)

.comment        0x00000000       0x7e
 .comment       0x00000000       0x7e ./source/startup/hardware.o
                                 0x7f (size before relaxing)
 .comment       0x0000007e       0x7f ./source/startup/main.o
 .comment       0x0000007e       0x7f ./source/startup/semihost_hardfault.o
 .comment       0x0000007e       0x7f ./source/startup/startup_mk64f12.o
 .comment       0x0000007e       0x7f ./source/drivers/Led.o
 .comment       0x0000007e       0x7f ./source/drivers/MplxLed.o
 .comment       0x0000007e       0x7f ./source/drivers/Timer.o
 .comment       0x0000007e       0x7f ./source/drivers/button.o
 .comment       0x0000007e       0x7f ./source/drivers/encoder.o
 .comment       0x0000007e       0x7f ./source/drivers/lector.o
 .comment       0x0000007e       0x7f ./source/drivers/seven_seg_display.o
 .comment       0x0000007e       0x7f ./source/database/data_base.o
 .comment       0x0000007e       0x7f ./source/MCAL/SysTick.o
 .comment       0x0000007e       0x7f ./source/MCAL/gpio.o
 .comment       0x0000007e       0x7f ./source/FSM/States/admin_state.o
 .comment       0x0000007e       0x7f ./source/FSM/States/config_device_state.o
 .comment       0x0000007e       0x7f ./source/FSM/States/config_me_state.o
 .comment       0x0000007e       0x7f ./source/FSM/States/fail_state.o
 .comment       0x0000007e       0x7f ./source/FSM/States/id_state.o
 .comment       0x0000007e       0x7f ./source/FSM/States/main_menu_state.o
 .comment       0x0000007e       0x7f ./source/FSM/States/open_state.o
 .comment       0x0000007e       0x7f ./source/FSM/States/pin_state.o
 .comment       0x0000007e       0x7f ./source/FSM/States/user_input.o
 .comment       0x0000007e       0x7f ./source/FSM/fsm.o
 .comment       0x0000007e       0x7f ./source/FSM/fsm_table.o
 .comment       0x0000007e       0x7f ./source/App.o
 .comment       0x0000007e       0x7f ./source/queue.o
 .comment       0x0000007e       0x7f ./CMSIS/system_MK64F12.o
 .comment       0x0000007e       0x7f c:/nxp/mcuxpressoide_10.2.0_759/ide/tools/bin/../lib/gcc/arm-none-eabi/7.2.1/../../../../arm-none-eabi/lib/thumb/v7e-m/fpv4-sp/hard\libcr_semihost_nf.a(_cr__main.o)
 .comment       0x0000007e       0x7f c:/nxp/mcuxpressoide_10.2.0_759/ide/tools/bin/../lib/gcc/arm-none-eabi/7.2.1/../../../../arm-none-eabi/lib/thumb/v7e-m/fpv4-sp/hard\libcr_c.a(memcpy.o)
 .comment       0x0000007e       0x7f c:/nxp/mcuxpressoide_10.2.0_759/ide/tools/bin/../lib/gcc/arm-none-eabi/7.2.1/../../../../arm-none-eabi/lib/thumb/v7e-m/fpv4-sp/hard\libcr_c.a(memset.o)
 .comment       0x0000007e       0x7f c:/nxp/mcuxpressoide_10.2.0_759/ide/tools/bin/../lib/gcc/arm-none-eabi/7.2.1/../../../../arm-none-eabi/lib/thumb/v7e-m/fpv4-sp/hard\libcr_c.a(initio.o)
 .comment       0x0000007e       0x7f c:/nxp/mcuxpressoide_10.2.0_759/ide/tools/bin/../lib/gcc/arm-none-eabi/7.2.1/../../../../arm-none-eabi/lib/thumb/v7e-m/fpv4-sp/hard\libcr_c.a(setvbuf.o)
 .comment       0x0000007e       0x7f c:/nxp/mcuxpressoide_10.2.0_759/ide/tools/bin/../lib/gcc/arm-none-eabi/7.2.1/../../../../arm-none-eabi/lib/thumb/v7e-m/fpv4-sp/hard\libcr_c.a(_fdopen.o)
 .comment       0x0000007e       0x7f c:/nxp/mcuxpressoide_10.2.0_759/ide/tools/bin/../lib/gcc/arm-none-eabi/7.2.1/../../../../arm-none-eabi/lib/thumb/v7e-m/fpv4-sp/hard\libcr_c.a(fclose.o)
 .comment       0x0000007e       0x7f c:/nxp/mcuxpressoide_10.2.0_759/ide/tools/bin/../lib/gcc/arm-none-eabi/7.2.1/../../../../arm-none-eabi/lib/thumb/v7e-m/fpv4-sp/hard\libcr_c.a(fflush.o)
 .comment       0x0000007e       0x7f c:/nxp/mcuxpressoide_10.2.0_759/ide/tools/bin/../lib/gcc/arm-none-eabi/7.2.1/../../../../arm-none-eabi/lib/thumb/v7e-m/fpv4-sp/hard\libcr_c.a(fseek.o)
 .comment       0x0000007e       0x7f c:/nxp/mcuxpressoide_10.2.0_759/ide/tools/bin/../lib/gcc/arm-none-eabi/7.2.1/../../../../arm-none-eabi/lib/thumb/v7e-m/fpv4-sp/hard\libcr_c.a(ftell.o)
 .comment       0x0000007e       0x7f c:/nxp/mcuxpressoide_10.2.0_759/ide/tools/bin/../lib/gcc/arm-none-eabi/7.2.1/../../../../arm-none-eabi/lib/thumb/v7e-m/fpv4-sp/hard\libcr_c.a(remove.o)
 .comment       0x0000007e       0x7f c:/nxp/mcuxpressoide_10.2.0_759/ide/tools/bin/../lib/gcc/arm-none-eabi/7.2.1/../../../../arm-none-eabi/lib/thumb/v7e-m/fpv4-sp/hard\libcr_c.a(strlen.o)
 .comment       0x0000007e       0x7f c:/nxp/mcuxpressoide_10.2.0_759/ide/tools/bin/../lib/gcc/arm-none-eabi/7.2.1/../../../../arm-none-eabi/lib/thumb/v7e-m/fpv4-sp/hard\libcr_c.a(_do_fflush.o)
 .comment       0x0000007e       0x7f c:/nxp/mcuxpressoide_10.2.0_759/ide/tools/bin/../lib/gcc/arm-none-eabi/7.2.1/../../../../arm-none-eabi/lib/thumb/v7e-m/fpv4-sp/hard\libcr_c.a(_fflush.o)
 .comment       0x0000007e       0x7f c:/nxp/mcuxpressoide_10.2.0_759/ide/tools/bin/../lib/gcc/arm-none-eabi/7.2.1/../../../../arm-none-eabi/lib/thumb/v7e-m/fpv4-sp/hard\libcr_c.a(_writebuf.o)
 .comment       0x0000007e       0x7f c:/nxp/mcuxpressoide_10.2.0_759/ide/tools/bin/../lib/gcc/arm-none-eabi/7.2.1/../../../../arm-none-eabi/lib/thumb/v7e-m/fpv4-sp/hard\libcr_c.a(alloc.o)
 .comment       0x0000007e       0x7f c:/nxp/mcuxpressoide_10.2.0_759/ide/tools/bin/../lib/gcc/arm-none-eabi/7.2.1/../../../../arm-none-eabi/lib/thumb/v7e-m/fpv4-sp/hard\libcr_c.a(errno.o)
 .comment       0x0000007e       0x7f c:/nxp/mcuxpressoide_10.2.0_759/ide/tools/bin/../lib/gcc/arm-none-eabi/7.2.1/../../../../arm-none-eabi/lib/thumb/v7e-m/fpv4-sp/hard\libcr_c.a(_deferredlazyseek.o)
 .comment       0x0000007e       0x7f c:/nxp/mcuxpressoide_10.2.0_759/ide/tools/bin/../lib/gcc/arm-none-eabi/7.2.1/../../../../arm-none-eabi/lib/thumb/v7e-m/fpv4-sp/hard\libcr_semihost_nf.a(__ciob.o)

.ARM.attributes
                0x00000000       0x37
 .ARM.attributes
                0x00000000       0x39 ./source/startup/hardware.o
 .ARM.attributes
                0x00000039       0x39 ./source/startup/main.o
 .ARM.attributes
                0x00000072       0x39 ./source/startup/semihost_hardfault.o
 .ARM.attributes
                0x000000ab       0x39 ./source/startup/startup_mk64f12.o
 .ARM.attributes
                0x000000e4       0x39 ./source/drivers/Led.o
 .ARM.attributes
                0x0000011d       0x39 ./source/drivers/MplxLed.o
 .ARM.attributes
                0x00000156       0x39 ./source/drivers/Timer.o
 .ARM.attributes
                0x0000018f       0x39 ./source/drivers/button.o
 .ARM.attributes
                0x000001c8       0x39 ./source/drivers/encoder.o
 .ARM.attributes
                0x00000201       0x39 ./source/drivers/lector.o
 .ARM.attributes
                0x0000023a       0x39 ./source/drivers/seven_seg_display.o
 .ARM.attributes
                0x00000273       0x39 ./source/database/data_base.o
 .ARM.attributes
                0x000002ac       0x39 ./source/MCAL/SysTick.o
 .ARM.attributes
                0x000002e5       0x39 ./source/MCAL/gpio.o
 .ARM.attributes
                0x0000031e       0x39 ./source/FSM/States/admin_state.o
 .ARM.attributes
                0x00000357       0x39 ./source/FSM/States/config_device_state.o
 .ARM.attributes
                0x00000390       0x39 ./source/FSM/States/config_me_state.o
 .ARM.attributes
                0x000003c9       0x39 ./source/FSM/States/fail_state.o
 .ARM.attributes
                0x00000402       0x39 ./source/FSM/States/id_state.o
 .ARM.attributes
                0x0000043b       0x39 ./source/FSM/States/main_menu_state.o
 .ARM.attributes
                0x00000474       0x39 ./source/FSM/States/open_state.o
 .ARM.attributes
                0x000004ad       0x39 ./source/FSM/States/pin_state.o
 .ARM.attributes
                0x000004e6       0x39 ./source/FSM/States/user_input.o
 .ARM.attributes
                0x0000051f       0x39 ./source/FSM/fsm.o
 .ARM.attributes
                0x00000558       0x39 ./source/FSM/fsm_table.o
 .ARM.attributes
                0x00000591       0x39 ./source/App.o
 .ARM.attributes
                0x000005ca       0x39 ./source/queue.o
 .ARM.attributes
                0x00000603       0x39 ./CMSIS/system_MK64F12.o
 .ARM.attributes
                0x0000063c       0x39 c:/nxp/mcuxpressoide_10.2.0_759/ide/tools/bin/../lib/gcc/arm-none-eabi/7.2.1/../../../../arm-none-eabi/lib/thumb/v7e-m/fpv4-sp/hard\libcr_semihost_nf.a(_cr__main.o)
 .ARM.attributes
                0x00000675       0x39 c:/nxp/mcuxpressoide_10.2.0_759/ide/tools/bin/../lib/gcc/arm-none-eabi/7.2.1/../../../../arm-none-eabi/lib/thumb/v7e-m/fpv4-sp/hard\libcr_c.a(memcpy.o)
 .ARM.attributes
                0x000006ae       0x39 c:/nxp/mcuxpressoide_10.2.0_759/ide/tools/bin/../lib/gcc/arm-none-eabi/7.2.1/../../../../arm-none-eabi/lib/thumb/v7e-m/fpv4-sp/hard\libcr_c.a(memset.o)
 .ARM.attributes